Java HotSpot(TM) 64-Bit Server VM (25.111-b14) for linux-amd64 JRE (1.8.0_111-b14), built on Sep 22 2016 16:14:03 by "java_re" with gcc 4.3.0 20080428 (Red Hat 4.3.0-8)
Memory: 4k page, physical 2044400k(207632k free), swap 1324028k(1321392k free)
CommandLine flags: -XX:CMSInitiatingOccupancyFraction=50 -XX:CMSMaxAbortablePrecleanTime=6000 -XX:+CMSParallelRemarkEnabled -XX:+CMSScavengeBeforeRemark -XX:ConcGCThreads=4 -XX:InitialHeapSize=536870912 -XX:MaxHeapSize=536870912 -XX:MaxTenuringThreshold=8 -XX:NewRatio=3 -XX:OldPLABSize=16 -XX:OnOutOfMemoryError=/root/solr/solr-5.5.3/bin/oom_solr.sh 8983 /root/solr/solr-5.5.3/server/logs -XX:ParallelGCThreads=4 -XX:+ParallelRefProcEnabled -XX:PretenureSizeThreshold=67108864 -XX:+PrintGC -XX:+PrintGCApplicationStoppedTime -XX:+PrintGCDateStamps -XX:+PrintGCDetails -XX:+PrintGCTimeStamps -XX:+PrintHeapAtGC -XX:+PrintTenuringDistribution -XX:SurvivorRatio=4 -XX:TargetSurvivorRatio=90 -XX:ThreadStackSize=256 -XX:+UseCMSInitiatingOccupancyOnly -XX:+UseCompressedClassPointers -XX:+UseCompressedOops -XX:+UseConcMarkSweepGC -XX:+UseParNewGC 
2016-10-26T23:29:32.879-0400: 0.259: Total time for which application threads were stopped: 0.0002405 seconds, Stopping threads took: 0.0000850 seconds
2016-10-26T23:29:32.954-0400: 0.334: Total time for which application threads were stopped: 0.0002490 seconds, Stopping threads took: 0.0000935 seconds
2016-10-26T23:29:33.031-0400: 0.411: Total time for which application threads were stopped: 0.0001734 seconds, Stopping threads took: 0.0000413 seconds
2016-10-26T23:29:33.074-0400: 0.453: Total time for which application threads were stopped: 0.0002332 seconds, Stopping threads took: 0.0000556 seconds
2016-10-26T23:29:33.086-0400: 0.465: Total time for which application threads were stopped: 0.0011435 seconds, Stopping threads took: 0.0008006 seconds
2016-10-26T23:29:33.095-0400: 0.474: Total time for which application threads were stopped: 0.0002696 seconds, Stopping threads took: 0.0001079 seconds
{Heap before GC invocations=0 (full 0):
 par new generation   total 109248K, used 87424K [0x00000000e0000000, 0x00000000e8000000, 0x00000000e8000000)
  eden space 87424K, 100% used [0x00000000e0000000, 0x00000000e5560000, 0x00000000e5560000)
  from space 21824K,   0% used [0x00000000e5560000, 0x00000000e5560000, 0x00000000e6ab0000)
  to   space 21824K,   0% used [0x00000000e6ab0000, 0x00000000e6ab0000, 0x00000000e8000000)
 concurrent mark-sweep generation total 393216K, used 0K [0x00000000e8000000, 0x0000000100000000, 0x0000000100000000)
 Metaspace       used 10096K, capacity 10268K, committed 10496K, reserved 1058816K
  class space    used 1161K, capacity 1208K, committed 1280K, reserved 1048576K
2016-10-26T23:29:33.305-0400: 0.684: [GC (Allocation Failure) 2016-10-26T23:29:33.305-0400: 0.684: [ParNew
Desired survivor size 20112992 bytes, new threshold 8 (max 8)
- age   1:    5545568 bytes,    5545568 total
: 87424K->5474K(109248K), 0.0128919 secs] 87424K->5474K(502464K), 0.0129843 secs] [Times: user=0.00 sys=0.02, real=0.01 secs] 
Heap after GC invocations=1 (full 0):
 par new generation   total 109248K, used 5474K [0x00000000e0000000, 0x00000000e8000000, 0x00000000e8000000)
  eden space 87424K,   0% used [0x00000000e0000000, 0x00000000e0000000, 0x00000000e5560000)
  from space 21824K,  25% used [0x00000000e6ab0000, 0x00000000e7008840, 0x00000000e8000000)
  to   space 21824K,   0% used [0x00000000e5560000, 0x00000000e5560000, 0x00000000e6ab0000)
 concurrent mark-sweep generation total 393216K, used 0K [0x00000000e8000000, 0x0000000100000000, 0x0000000100000000)
 Metaspace       used 10096K, capacity 10268K, committed 10496K, reserved 1058816K
  class space    used 1161K, capacity 1208K, committed 1280K, reserved 1048576K
}
2016-10-26T23:29:33.318-0400: 0.697: Total time for which application threads were stopped: 0.0132464 seconds, Stopping threads took: 0.0000754 seconds
2016-10-26T23:29:33.390-0400: 0.770: Total time for which application threads were stopped: 0.0002708 seconds, Stopping threads took: 0.0001220 seconds
2016-10-26T23:29:33.426-0400: 0.805: Total time for which application threads were stopped: 0.0003008 seconds, Stopping threads took: 0.0001439 seconds
2016-10-26T23:29:33.525-0400: 0.904: Total time for which application threads were stopped: 0.0002828 seconds, Stopping threads took: 0.0000960 seconds
2016-10-26T23:29:33.527-0400: 0.906: Total time for which application threads were stopped: 0.0007730 seconds, Stopping threads took: 0.0004737 seconds
2016-10-26T23:29:33.530-0400: 0.910: Total time for which application threads were stopped: 0.0002902 seconds, Stopping threads took: 0.0001626 seconds
2016-10-26T23:29:33.706-0400: 1.086: Total time for which application threads were stopped: 0.0002960 seconds, Stopping threads took: 0.0001080 seconds
2016-10-26T23:29:33.967-0400: 1.347: Total time for which application threads were stopped: 0.0004137 seconds, Stopping threads took: 0.0001394 seconds
{Heap before GC invocations=1 (full 0):
 par new generation   total 109248K, used 92898K [0x00000000e0000000, 0x00000000e8000000, 0x00000000e8000000)
  eden space 87424K, 100% used [0x00000000e0000000, 0x00000000e5560000, 0x00000000e5560000)
  from space 21824K,  25% used [0x00000000e6ab0000, 0x00000000e7008840, 0x00000000e8000000)
  to   space 21824K,   0% used [0x00000000e5560000, 0x00000000e5560000, 0x00000000e6ab0000)
 concurrent mark-sweep generation total 393216K, used 0K [0x00000000e8000000, 0x0000000100000000, 0x0000000100000000)
 Metaspace       used 18951K, capacity 19166K, committed 19328K, reserved 1067008K
  class space    used 2244K, capacity 2316K, committed 2432K, reserved 1048576K
2016-10-26T23:29:33.979-0400: 1.358: [GC (Allocation Failure) 2016-10-26T23:29:33.979-0400: 1.358: [ParNew
Desired survivor size 20112992 bytes, new threshold 8 (max 8)
- age   1:    8312888 bytes,    8312888 total
- age   2:    2474920 bytes,   10787808 total
: 92898K->12395K(109248K), 0.0309354 secs] 92898K->12395K(502464K), 0.0310211 secs] [Times: user=0.03 sys=0.04, real=0.03 secs] 
Heap after GC invocations=2 (full 0):
 par new generation   total 109248K, used 12395K [0x00000000e0000000, 0x00000000e8000000, 0x00000000e8000000)
  eden space 87424K,   0% used [0x00000000e0000000, 0x00000000e0000000, 0x00000000e5560000)
  from space 21824K,  56% used [0x00000000e5560000, 0x00000000e617ae50, 0x00000000e6ab0000)
  to   space 21824K,   0% used [0x00000000e6ab0000, 0x00000000e6ab0000, 0x00000000e8000000)
 concurrent mark-sweep generation total 393216K, used 0K [0x00000000e8000000, 0x0000000100000000, 0x0000000100000000)
 Metaspace       used 18951K, capacity 19166K, committed 19328K, reserved 1067008K
  class space    used 2244K, capacity 2316K, committed 2432K, reserved 1048576K
}
2016-10-26T23:29:34.010-0400: 1.390: Total time for which application threads were stopped: 0.0314132 seconds, Stopping threads took: 0.0001389 seconds
2016-10-26T23:29:34.029-0400: 1.408: Total time for which application threads were stopped: 0.0004652 seconds, Stopping threads took: 0.0001632 seconds
2016-10-26T23:29:34.057-0400: 1.437: Total time for which application threads were stopped: 0.0004044 seconds, Stopping threads took: 0.0001121 seconds
{Heap before GC invocations=2 (full 0):
 par new generation   total 109248K, used 99819K [0x00000000e0000000, 0x00000000e8000000, 0x00000000e8000000)
  eden space 87424K, 100% used [0x00000000e0000000, 0x00000000e5560000, 0x00000000e5560000)
  from space 21824K,  56% used [0x00000000e5560000, 0x00000000e617ae50, 0x00000000e6ab0000)
  to   space 21824K,   0% used [0x00000000e6ab0000, 0x00000000e6ab0000, 0x00000000e8000000)
 concurrent mark-sweep generation total 393216K, used 0K [0x00000000e8000000, 0x0000000100000000, 0x0000000100000000)
 Metaspace       used 20549K, capacity 20842K, committed 20992K, reserved 1067008K
  class space    used 2440K, capacity 2510K, committed 2560K, reserved 1048576K
2016-10-26T23:29:34.285-0400: 1.664: [GC (Allocation Failure) 2016-10-26T23:29:34.285-0400: 1.664: [ParNew
Desired survivor size 20112992 bytes, new threshold 8 (max 8)
- age   1:    2214592 bytes,    2214592 total
- age   2:    2905472 bytes,    5120064 total
- age   3:    2471384 bytes,    7591448 total
: 99819K->10983K(109248K), 0.0203381 secs] 99819K->10983K(502464K), 0.0204086 secs] [Times: user=0.04 sys=0.00, real=0.02 secs] 
Heap after GC invocations=3 (full 0):
 par new generation   total 109248K, used 10983K [0x00000000e0000000, 0x00000000e8000000, 0x00000000e8000000)
  eden space 87424K,   0% used [0x00000000e0000000, 0x00000000e0000000, 0x00000000e5560000)
  from space 21824K,  50% used [0x00000000e6ab0000, 0x00000000e7569c58, 0x00000000e8000000)
  to   space 21824K,   0% used [0x00000000e5560000, 0x00000000e5560000, 0x00000000e6ab0000)
 concurrent mark-sweep generation total 393216K, used 0K [0x00000000e8000000, 0x0000000100000000, 0x0000000100000000)
 Metaspace       used 20549K, capacity 20842K, committed 20992K, reserved 1067008K
  class space    used 2440K, capacity 2510K, committed 2560K, reserved 1048576K
}
2016-10-26T23:29:34.305-0400: 1.685: Total time for which application threads were stopped: 0.0211142 seconds, Stopping threads took: 0.0004191 seconds
2016-10-26T23:29:34.380-0400: 1.759: Total time for which application threads were stopped: 0.0001994 seconds, Stopping threads took: 0.0001242 seconds
2016-10-26T23:29:34.425-0400: 1.805: Total time for which application threads were stopped: 0.0001673 seconds, Stopping threads took: 0.0001062 seconds
2016-10-26T23:29:34.450-0400: 1.829: Total time for which application threads were stopped: 0.0002713 seconds, Stopping threads took: 0.0001421 seconds
2016-10-26T23:29:34.454-0400: 1.833: Total time for which application threads were stopped: 0.0003486 seconds, Stopping threads took: 0.0000903 seconds
2016-10-26T23:29:34.470-0400: 1.850: Total time for which application threads were stopped: 0.0002621 seconds, Stopping threads took: 0.0001102 seconds
2016-10-26T23:29:34.508-0400: 1.887: Total time for which application threads were stopped: 0.0014702 seconds, Stopping threads took: 0.0013228 seconds
2016-10-26T23:29:34.509-0400: 1.888: Total time for which application threads were stopped: 0.0007220 seconds, Stopping threads took: 0.0002729 seconds
2016-10-26T23:29:34.552-0400: 1.932: Total time for which application threads were stopped: 0.0002056 seconds, Stopping threads took: 0.0001065 seconds
2016-10-26T23:29:34.591-0400: 1.971: Total time for which application threads were stopped: 0.0002707 seconds, Stopping threads took: 0.0001705 seconds
2016-10-26T23:29:34.611-0400: 1.990: Total time for which application threads were stopped: 0.0004583 seconds, Stopping threads took: 0.0001435 seconds
2016-10-26T23:29:34.621-0400: 2.001: Total time for which application threads were stopped: 0.0001853 seconds, Stopping threads took: 0.0001166 seconds
{Heap before GC invocations=3 (full 0):
 par new generation   total 109248K, used 98407K [0x00000000e0000000, 0x00000000e8000000, 0x00000000e8000000)
  eden space 87424K, 100% used [0x00000000e0000000, 0x00000000e5560000, 0x00000000e5560000)
  from space 21824K,  50% used [0x00000000e6ab0000, 0x00000000e7569c58, 0x00000000e8000000)
  to   space 21824K,   0% used [0x00000000e5560000, 0x00000000e5560000, 0x00000000e6ab0000)
 concurrent mark-sweep generation total 393216K, used 0K [0x00000000e8000000, 0x0000000100000000, 0x0000000100000000)
 Metaspace       used 23228K, capacity 23612K, committed 23876K, reserved 1071104K
  class space    used 2753K, capacity 2835K, committed 2836K, reserved 1048576K
2016-10-26T23:29:34.622-0400: 2.002: [GC (Allocation Failure) 2016-10-26T23:29:34.622-0400: 2.002: [ParNew
Desired survivor size 20112992 bytes, new threshold 8 (max 8)
- age   1:    2589144 bytes,    2589144 total
- age   2:     275184 bytes,    2864328 total
- age   3:    2888104 bytes,    5752432 total
- age   4:    2470984 bytes,    8223416 total
: 98407K->11197K(109248K), 0.0194441 secs] 98407K->11197K(502464K), 0.0195019 secs] [Times: user=0.03 sys=0.01, real=0.02 secs] 
Heap after GC invocations=4 (full 0):
 par new generation   total 109248K, used 11197K [0x00000000e0000000, 0x00000000e8000000, 0x00000000e8000000)
  eden space 87424K,   0% used [0x00000000e0000000, 0x00000000e0000000, 0x00000000e5560000)
  from space 21824K,  51% used [0x00000000e5560000, 0x00000000e604f558, 0x00000000e6ab0000)
  to   space 21824K,   0% used [0x00000000e6ab0000, 0x00000000e6ab0000, 0x00000000e8000000)
 concurrent mark-sweep generation total 393216K, used 0K [0x00000000e8000000, 0x0000000100000000, 0x0000000100000000)
 Metaspace       used 23228K, capacity 23612K, committed 23876K, reserved 1071104K
  class space    used 2753K, capacity 2835K, committed 2836K, reserved 1048576K
}
2016-10-26T23:29:34.642-0400: 2.021: Total time for which application threads were stopped: 0.0197963 seconds, Stopping threads took: 0.0000950 seconds
2016-10-26T23:29:34.642-0400: 2.022: [GC (CMS Initial Mark) [1 CMS-initial-mark: 0K(393216K)] 12481K(502464K), 0.0026937 secs] [Times: user=0.01 sys=0.00, real=0.01 secs] 
2016-10-26T23:29:34.645-0400: 2.025: Total time for which application threads were stopped: 0.0030915 seconds, Stopping threads took: 0.0002845 seconds
2016-10-26T23:29:34.645-0400: 2.025: [CMS-concurrent-mark-start]
2016-10-26T23:29:34.645-0400: 2.025: [CMS-concurrent-mark: 0.000/0.000 secs] [Times: user=0.00 sys=0.00, real=0.00 secs] 
2016-10-26T23:29:34.645-0400: 2.025: [CMS-concurrent-preclean-start]
2016-10-26T23:29:34.646-0400: 2.026: [CMS-concurrent-preclean: 0.001/0.001 secs] [Times: user=0.00 sys=0.00, real=0.00 secs] 
2016-10-26T23:29:34.647-0400: 2.026: Total time for which application threads were stopped: 0.0004425 seconds, Stopping threads took: 0.0001190 seconds
2016-10-26T23:29:34.648-0400: 2.027: [GC (CMS Final Remark) [YG occupancy: 12481 K (109248 K)]{Heap before GC invocations=4 (full 1):
 par new generation   total 109248K, used 12481K [0x00000000e0000000, 0x00000000e8000000, 0x00000000e8000000)
  eden space 87424K,   1% used [0x00000000e0000000, 0x00000000e0140f50, 0x00000000e5560000)
  from space 21824K,  51% used [0x00000000e5560000, 0x00000000e604f558, 0x00000000e6ab0000)
  to   space 21824K,   0% used [0x00000000e6ab0000, 0x00000000e6ab0000, 0x00000000e8000000)
 concurrent mark-sweep generation total 393216K, used 0K [0x00000000e8000000, 0x0000000100000000, 0x0000000100000000)
 Metaspace       used 23243K, capacity 23644K, committed 23952K, reserved 1071104K
  class space    used 2755K, capacity 2867K, committed 2912K, reserved 1048576K
2016-10-26T23:29:34.648-0400: 2.027: [GC (CMS Final Remark) 2016-10-26T23:29:34.648-0400: 2.027: [ParNew
Desired survivor size 20112992 bytes, new threshold 8 (max 8)
- age   1:       2056 bytes,       2056 total
- age   2:    1130456 bytes,    1132512 total
- age   3:     275184 bytes,    1407696 total
- age   4:    2888104 bytes,    4295800 total
- age   5:    2470984 bytes,    6766784 total
: 12481K->7447K(109248K), 0.0118935 secs] 12481K->7447K(502464K), 0.0119513 secs] [Times: user=0.01 sys=0.01, real=0.01 secs] 
Heap after GC invocations=5 (full 1):
 par new generation   total 109248K, used 7447K [0x00000000e0000000, 0x00000000e8000000, 0x00000000e8000000)
  eden space 87424K,   0% used [0x00000000e0000000, 0x00000000e0000000, 0x00000000e5560000)
  from space 21824K,  34% used [0x00000000e6ab0000, 0x00000000e71f5d98, 0x00000000e8000000)
  to   space 21824K,   0% used [0x00000000e5560000, 0x00000000e5560000, 0x00000000e6ab0000)
 concurrent mark-sweep generation total 393216K, used 0K [0x00000000e8000000, 0x0000000100000000, 0x0000000100000000)
 Metaspace       used 23243K, capacity 23644K, committed 23952K, reserved 1071104K
  class space    used 2755K, capacity 2867K, committed 2912K, reserved 1048576K
}
2016-10-26T23:29:34.660-0400: 2.039: [Rescan (parallel) , 0.0030344 secs]2016-10-26T23:29:34.663-0400: 2.042: [weak refs processing, 0.0062370 secs]2016-10-26T23:29:34.669-0400: 2.049: [class unloading, 0.0028802 secs]2016-10-26T23:29:34.672-0400: 2.052: [scrub symbol table, 0.0015206 secs]2016-10-26T23:29:34.674-0400: 2.053: [scrub string table, 0.0003296 secs][1 CMS-remark: 0K(393216K)] 7447K(502464K), 0.0273581 secs] [Times: user=0.03 sys=0.02, real=0.03 secs] 
2016-10-26T23:29:34.675-0400: 2.055: Total time for which application threads were stopped: 0.0282221 seconds, Stopping threads took: 0.0007139 seconds
2016-10-26T23:29:34.676-0400: 2.055: [CMS-concurrent-sweep-start]
2016-10-26T23:29:34.676-0400: 2.055: [CMS-concurrent-sweep: 0.000/0.000 secs] [Times: user=0.00 sys=0.00, real=0.00 secs] 
2016-10-26T23:29:34.676-0400: 2.055: [CMS-concurrent-reset-start]
2016-10-26T23:29:34.680-0400: 2.059: [CMS-concurrent-reset: 0.004/0.004 secs] [Times: user=0.00 sys=0.00, real=0.00 secs] 
2016-10-26T23:29:35.677-0400: 3.056: Total time for which application threads were stopped: 0.0002226 seconds, Stopping threads took: 0.0000758 seconds
2016-10-26T23:29:36.704-0400: 4.083: Total time for which application threads were stopped: 0.0009018 seconds, Stopping threads took: 0.0001021 seconds
2016-10-26T23:29:46.259-0400: 13.639: Total time for which application threads were stopped: 0.0001550 seconds, Stopping threads took: 0.0001102 seconds
2016-10-26T23:29:46.262-0400: 13.641: Total time for which application threads were stopped: 0.0000679 seconds, Stopping threads took: 0.0000363 seconds
2016-10-26T23:29:46.282-0400: 13.661: Total time for which application threads were stopped: 0.0011213 seconds, Stopping threads took: 0.0001633 seconds
2016-10-26T23:29:46.311-0400: 13.690: Total time for which application threads were stopped: 0.0005127 seconds, Stopping threads took: 0.0004114 seconds
2016-10-26T23:29:46.418-0400: 13.797: Total time for which application threads were stopped: 0.0015069 seconds, Stopping threads took: 0.0005101 seconds
{Heap before GC invocations=5 (full 1):
 par new generation   total 109248K, used 94871K [0x00000000e0000000, 0x00000000e8000000, 0x00000000e8000000)
  eden space 87424K, 100% used [0x00000000e0000000, 0x00000000e5560000, 0x00000000e5560000)
  from space 21824K,  34% used [0x00000000e6ab0000, 0x00000000e71f5d98, 0x00000000e8000000)
  to   space 21824K,   0% used [0x00000000e5560000, 0x00000000e5560000, 0x00000000e6ab0000)
 concurrent mark-sweep generation total 393216K, used 0K [0x00000000e8000000, 0x0000000100000000, 0x0000000100000000)
 Metaspace       used 31113K, capacity 31552K, committed 31684K, reserved 1077248K
  class space    used 3699K, capacity 3797K, committed 3808K, reserved 1048576K
2016-10-26T23:29:46.777-0400: 14.157: [GC (Allocation Failure) 2016-10-26T23:29:46.777-0400: 14.157: [ParNew
Desired survivor size 20112992 bytes, new threshold 5 (max 8)
- age   1:   16268192 bytes,   16268192 total
- age   2:        232 bytes,   16268424 total
- age   3:    1105016 bytes,   17373440 total
- age   4:     266376 bytes,   17639816 total
- age   5:    2745496 bytes,   20385312 total
- age   6:    1949880 bytes,   22335192 total
: 94871K->21824K(109248K), 0.1188059 secs] 94871K->31140K(502464K), 0.1188766 secs] [Times: user=0.13 sys=0.16, real=0.12 secs] 
Heap after GC invocations=6 (full 1):
 par new generation   total 109248K, used 21824K [0x00000000e0000000, 0x00000000e8000000, 0x00000000e8000000)
  eden space 87424K,   0% used [0x00000000e0000000, 0x00000000e0000000, 0x00000000e5560000)
  from space 21824K, 100% used [0x00000000e5560000, 0x00000000e6ab0000, 0x00000000e6ab0000)
  to   space 21824K,   0% used [0x00000000e6ab0000, 0x00000000e6ab0000, 0x00000000e8000000)
 concurrent mark-sweep generation total 393216K, used 9316K [0x00000000e8000000, 0x0000000100000000, 0x0000000100000000)
 Metaspace       used 31113K, capacity 31552K, committed 31684K, reserved 1077248K
  class space    used 3699K, capacity 3797K, committed 3808K, reserved 1048576K
}
2016-10-26T23:29:46.896-0400: 14.276: Total time for which application threads were stopped: 0.1192736 seconds, Stopping threads took: 0.0001685 seconds
2016-10-26T23:29:46.901-0400: 14.280: Total time for which application threads were stopped: 0.0004075 seconds, Stopping threads took: 0.0003093 seconds
2016-10-26T23:29:46.905-0400: 14.285: Total time for which application threads were stopped: 0.0019733 seconds, Stopping threads took: 0.0017682 seconds
2016-10-26T23:29:47.260-0400: 14.639: Total time for which application threads were stopped: 0.0001923 seconds, Stopping threads took: 0.0001326 seconds
2016-10-26T23:29:47.260-0400: 14.640: Total time for which application threads were stopped: 0.0000966 seconds, Stopping threads took: 0.0000746 seconds
2016-10-26T23:29:47.261-0400: 14.641: Total time for which application threads were stopped: 0.0001321 seconds, Stopping threads took: 0.0001038 seconds
2016-10-26T23:29:47.262-0400: 14.641: Total time for which application threads were stopped: 0.0001056 seconds, Stopping threads took: 0.0000790 seconds
2016-10-26T23:29:49.264-0400: 16.643: Total time for which application threads were stopped: 0.0002706 seconds, Stopping threads took: 0.0001928 seconds
2016-10-26T23:29:55.972-0400: 23.352: Total time for which application threads were stopped: 0.0000960 seconds, Stopping threads took: 0.0000470 seconds
2016-10-26T23:29:55.973-0400: 23.352: Total time for which application threads were stopped: 0.0001215 seconds, Stopping threads took: 0.0000627 seconds
2016-10-26T23:29:55.973-0400: 23.353: Total time for which application threads were stopped: 0.0001978 seconds, Stopping threads took: 0.0001374 seconds
2016-10-26T23:29:57.500-0400: 24.880: Total time for which application threads were stopped: 0.0001693 seconds, Stopping threads took: 0.0001046 seconds
2016-10-26T23:29:57.501-0400: 24.880: Total time for which application threads were stopped: 0.0003387 seconds, Stopping threads took: 0.0002437 seconds
2016-10-26T23:29:57.502-0400: 24.881: Total time for which application threads were stopped: 0.0001661 seconds, Stopping threads took: 0.0000791 seconds
2016-10-26T23:29:58.503-0400: 25.882: Total time for which application threads were stopped: 0.0002036 seconds, Stopping threads took: 0.0001242 seconds
2016-10-26T23:30:02.506-0400: 29.886: Total time for which application threads were stopped: 0.0001124 seconds, Stopping threads took: 0.0000614 seconds
2016-10-26T23:30:14.514-0400: 41.894: Total time for which application threads were stopped: 0.0002425 seconds, Stopping threads took: 0.0000959 seconds
2016-10-26T23:30:19.517-0400: 46.897: Total time for which application threads were stopped: 0.0001285 seconds, Stopping threads took: 0.0000812 seconds
2016-10-26T23:30:36.263-0400: 63.643: Total time for which application threads were stopped: 0.0001994 seconds, Stopping threads took: 0.0001187 seconds
2016-10-26T23:30:36.264-0400: 63.643: Total time for which application threads were stopped: 0.0002450 seconds, Stopping threads took: 0.0001829 seconds
2016-10-26T23:30:47.505-0400: 74.884: Total time for which application threads were stopped: 0.0001372 seconds, Stopping threads took: 0.0000900 seconds
2016-10-26T23:30:47.516-0400: 74.895: Total time for which application threads were stopped: 0.0001437 seconds, Stopping threads took: 0.0001002 seconds
2016-10-26T23:30:57.313-0400: 84.693: Total time for which application threads were stopped: 0.0002907 seconds, Stopping threads took: 0.0001326 seconds
2016-10-26T23:30:57.314-0400: 84.693: Total time for which application threads were stopped: 0.0001308 seconds, Stopping threads took: 0.0000753 seconds
2016-10-26T23:30:57.315-0400: 84.694: Total time for which application threads were stopped: 0.0003141 seconds, Stopping threads took: 0.0001856 seconds
2016-10-26T23:30:57.317-0400: 84.696: Total time for which application threads were stopped: 0.0000958 seconds, Stopping threads took: 0.0000580 seconds
2016-10-26T23:30:58.317-0400: 85.697: Total time for which application threads were stopped: 0.0002195 seconds, Stopping threads took: 0.0001489 seconds
2016-10-26T23:31:01.950-0400: 89.329: Total time for which application threads were stopped: 0.0001575 seconds, Stopping threads took: 0.0001025 seconds
2016-10-26T23:31:51.954-0400: 139.333: Total time for which application threads were stopped: 0.0004459 seconds, Stopping threads took: 0.0003203 seconds
2016-10-26T23:31:51.955-0400: 139.334: Total time for which application threads were stopped: 0.0002836 seconds, Stopping threads took: 0.0001741 seconds
2016-10-26T23:32:31.986-0400: 179.365: Total time for which application threads were stopped: 0.0004106 seconds, Stopping threads took: 0.0002806 seconds
2016-10-26T23:46:23.215-0400: 1007.351: Total time for which application threads were stopped: 0.0002331 seconds, Stopping threads took: 0.0001135 seconds
2016-10-26T23:46:23.215-0400: 1007.352: Total time for which application threads were stopped: 0.0001862 seconds, Stopping threads took: 0.0000275 seconds
2016-10-26T23:46:23.216-0400: 1007.353: Total time for which application threads were stopped: 0.0001669 seconds, Stopping threads took: 0.0001206 seconds
2016-10-26T23:46:23.217-0400: 1007.353: Total time for which application threads were stopped: 0.0001401 seconds, Stopping threads took: 0.0000613 seconds
2016-10-26T23:46:23.225-0400: 1007.362: Total time for which application threads were stopped: 0.0010869 seconds, Stopping threads took: 0.0001644 seconds
2016-10-26T23:46:23.262-0400: 1007.398: Total time for which application threads were stopped: 0.0001740 seconds, Stopping threads took: 0.0001086 seconds
2016-10-26T23:46:23.263-0400: 1007.399: Total time for which application threads were stopped: 0.0005943 seconds, Stopping threads took: 0.0004579 seconds
2016-10-26T23:46:23.265-0400: 1007.402: Total time for which application threads were stopped: 0.0001646 seconds, Stopping threads took: 0.0001180 seconds
2016-10-26T23:46:23.363-0400: 1007.500: Total time for which application threads were stopped: 0.0009006 seconds, Stopping threads took: 0.0005032 seconds
2016-10-26T23:46:23.365-0400: 1007.501: Total time for which application threads were stopped: 0.0005129 seconds, Stopping threads took: 0.0002505 seconds
2016-10-26T23:46:23.366-0400: 1007.502: Total time for which application threads were stopped: 0.0011235 seconds, Stopping threads took: 0.0006880 seconds
2016-10-26T23:46:23.368-0400: 1007.504: Total time for which application threads were stopped: 0.0007262 seconds, Stopping threads took: 0.0005382 seconds
2016-10-26T23:46:23.369-0400: 1007.505: Total time for which application threads were stopped: 0.0006782 seconds, Stopping threads took: 0.0005124 seconds
2016-10-26T23:46:23.370-0400: 1007.507: Total time for which application threads were stopped: 0.0005831 seconds, Stopping threads took: 0.0004804 seconds
2016-10-26T23:46:23.371-0400: 1007.507: Total time for which application threads were stopped: 0.0003368 seconds, Stopping threads took: 0.0001923 seconds
2016-10-26T23:46:23.372-0400: 1007.508: Total time for which application threads were stopped: 0.0005414 seconds, Stopping threads took: 0.0002453 seconds
2016-10-26T23:46:23.374-0400: 1007.510: Total time for which application threads were stopped: 0.0002356 seconds, Stopping threads took: 0.0001436 seconds
2016-10-26T23:46:23.374-0400: 1007.511: Total time for which application threads were stopped: 0.0003648 seconds, Stopping threads took: 0.0002310 seconds
2016-10-26T23:46:23.375-0400: 1007.511: Total time for which application threads were stopped: 0.0005296 seconds, Stopping threads took: 0.0002727 seconds
2016-10-26T23:46:23.377-0400: 1007.514: Total time for which application threads were stopped: 0.0007079 seconds, Stopping threads took: 0.0005375 seconds
2016-10-26T23:46:23.378-0400: 1007.514: Total time for which application threads were stopped: 0.0001516 seconds, Stopping threads took: 0.0000272 seconds
2016-10-26T23:46:23.379-0400: 1007.515: Total time for which application threads were stopped: 0.0002825 seconds, Stopping threads took: 0.0001881 seconds
2016-10-26T23:46:23.381-0400: 1007.517: Total time for which application threads were stopped: 0.0008212 seconds, Stopping threads took: 0.0004367 seconds
2016-10-26T23:46:23.382-0400: 1007.519: Total time for which application threads were stopped: 0.0010202 seconds, Stopping threads took: 0.0008556 seconds
2016-10-26T23:46:23.383-0400: 1007.519: Total time for which application threads were stopped: 0.0001983 seconds, Stopping threads took: 0.0000687 seconds
2016-10-26T23:46:23.383-0400: 1007.519: Total time for which application threads were stopped: 0.0000949 seconds, Stopping threads took: 0.0000667 seconds
2016-10-26T23:46:24.384-0400: 1008.520: Total time for which application threads were stopped: 0.0000795 seconds, Stopping threads took: 0.0000268 seconds
2016-10-26T23:46:27.386-0400: 1011.522: Total time for which application threads were stopped: 0.0000887 seconds, Stopping threads took: 0.0000401 seconds
2016-10-26T23:47:13.378-0400: 1057.514: Total time for which application threads were stopped: 0.0007557 seconds, Stopping threads took: 0.0005086 seconds
2016-10-26T23:47:13.383-0400: 1057.519: Total time for which application threads were stopped: 0.0040367 seconds, Stopping threads took: 0.0038650 seconds
2016-10-26T23:47:13.386-0400: 1057.523: Total time for which application threads were stopped: 0.0023240 seconds, Stopping threads took: 0.0018466 seconds
2016-10-26T23:47:13.388-0400: 1057.524: Total time for which application threads were stopped: 0.0012782 seconds, Stopping threads took: 0.0011220 seconds
2016-10-26T23:47:13.388-0400: 1057.525: Total time for which application threads were stopped: 0.0001191 seconds, Stopping threads took: 0.0000565 seconds
2016-10-26T23:47:13.389-0400: 1057.526: Total time for which application threads were stopped: 0.0001713 seconds, Stopping threads took: 0.0001067 seconds
2016-10-26T23:47:13.390-0400: 1057.526: Total time for which application threads were stopped: 0.0004623 seconds, Stopping threads took: 0.0003147 seconds
2016-10-26T23:51:41.588-0400: 1325.725: Total time for which application threads were stopped: 0.0002831 seconds, Stopping threads took: 0.0001742 seconds
2016-10-26T23:58:51.054-0400: 1755.191: Total time for which application threads were stopped: 0.0006573 seconds, Stopping threads took: 0.0003328 seconds
2016-10-27T00:05:59.397-0400: 2183.533: Total time for which application threads were stopped: 0.0002572 seconds, Stopping threads took: 0.0001564 seconds
2016-10-27T00:06:02.399-0400: 2186.535: Total time for which application threads were stopped: 0.0003205 seconds, Stopping threads took: 0.0001952 seconds
2016-10-27T00:08:07.487-0400: 2311.624: Total time for which application threads were stopped: 0.0004382 seconds, Stopping threads took: 0.0002180 seconds
2016-10-27T00:21:07.055-0400: 3091.191: Total time for which application threads were stopped: 0.0010080 seconds, Stopping threads took: 0.0007561 seconds
2016-10-27T00:22:53.132-0400: 3197.268: Total time for which application threads were stopped: 0.0001737 seconds, Stopping threads took: 0.0001119 seconds
2016-10-27T00:24:37.205-0400: 3301.341: Total time for which application threads were stopped: 0.0002017 seconds, Stopping threads took: 0.0001090 seconds
2016-10-27T00:27:09.916-0400: 3454.053: Total time for which application threads were stopped: 0.0003393 seconds, Stopping threads took: 0.0001549 seconds
2016-10-27T00:27:09.917-0400: 3454.053: Total time for which application threads were stopped: 0.0001306 seconds, Stopping threads took: 0.0000355 seconds
2016-10-27T00:27:09.917-0400: 3454.054: Total time for which application threads were stopped: 0.0000941 seconds, Stopping threads took: 0.0000481 seconds
2016-10-27T00:27:09.922-0400: 3454.058: Total time for which application threads were stopped: 0.0001605 seconds, Stopping threads took: 0.0000961 seconds
2016-10-27T00:27:09.977-0400: 3454.113: Total time for which application threads were stopped: 0.0003272 seconds, Stopping threads took: 0.0002603 seconds
2016-10-27T00:27:09.978-0400: 3454.114: Total time for which application threads were stopped: 0.0005726 seconds, Stopping threads took: 0.0003787 seconds
2016-10-27T00:27:09.979-0400: 3454.115: Total time for which application threads were stopped: 0.0004711 seconds, Stopping threads took: 0.0002740 seconds
2016-10-27T00:27:09.981-0400: 3454.118: Total time for which application threads were stopped: 0.0001668 seconds, Stopping threads took: 0.0001174 seconds
2016-10-27T00:27:10.039-0400: 3454.176: Total time for which application threads were stopped: 0.0025099 seconds, Stopping threads took: 0.0023959 seconds
2016-10-27T00:27:10.040-0400: 3454.176: Total time for which application threads were stopped: 0.0006322 seconds, Stopping threads took: 0.0004714 seconds
2016-10-27T00:27:10.041-0400: 3454.178: Total time for which application threads were stopped: 0.0006801 seconds, Stopping threads took: 0.0005292 seconds
2016-10-27T00:27:11.042-0400: 3455.179: Total time for which application threads were stopped: 0.0001578 seconds, Stopping threads took: 0.0000992 seconds
2016-10-27T00:27:15.128-0400: 3459.265: Total time for which application threads were stopped: 0.0004618 seconds, Stopping threads took: 0.0003107 seconds
2016-10-27T00:27:15.140-0400: 3459.276: Total time for which application threads were stopped: 0.0003674 seconds, Stopping threads took: 0.0002624 seconds
2016-10-27T00:27:15.146-0400: 3459.283: Total time for which application threads were stopped: 0.0002286 seconds, Stopping threads took: 0.0001225 seconds
2016-10-27T00:27:15.149-0400: 3459.286: Total time for which application threads were stopped: 0.0004405 seconds, Stopping threads took: 0.0003123 seconds
2016-10-27T00:27:15.162-0400: 3459.299: Total time for which application threads were stopped: 0.0002233 seconds, Stopping threads took: 0.0001206 seconds
2016-10-27T00:27:15.163-0400: 3459.299: Total time for which application threads were stopped: 0.0001142 seconds, Stopping threads took: 0.0000320 seconds
2016-10-27T00:27:15.168-0400: 3459.304: Total time for which application threads were stopped: 0.0001349 seconds, Stopping threads took: 0.0000844 seconds
2016-10-27T00:27:15.179-0400: 3459.316: Total time for which application threads were stopped: 0.0007304 seconds, Stopping threads took: 0.0005452 seconds
2016-10-27T00:27:15.180-0400: 3459.317: Total time for which application threads were stopped: 0.0004522 seconds, Stopping threads took: 0.0003964 seconds
2016-10-27T00:27:15.185-0400: 3459.321: Total time for which application threads were stopped: 0.0008751 seconds, Stopping threads took: 0.0007186 seconds
2016-10-27T00:27:15.192-0400: 3459.328: Total time for which application threads were stopped: 0.0003457 seconds, Stopping threads took: 0.0002670 seconds
2016-10-27T00:27:15.193-0400: 3459.329: Total time for which application threads were stopped: 0.0005182 seconds, Stopping threads took: 0.0004139 seconds
{Heap before GC invocations=6 (full 1):
 par new generation   total 109248K, used 109248K [0x00000000e0000000, 0x00000000e8000000, 0x00000000e8000000)
  eden space 87424K, 100% used [0x00000000e0000000, 0x00000000e5560000, 0x00000000e5560000)
  from space 21824K, 100% used [0x00000000e5560000, 0x00000000e6ab0000, 0x00000000e6ab0000)
  to   space 21824K,   0% used [0x00000000e6ab0000, 0x00000000e6ab0000, 0x00000000e8000000)
 concurrent mark-sweep generation total 393216K, used 9316K [0x00000000e8000000, 0x0000000100000000, 0x0000000100000000)
 Metaspace       used 32999K, capacity 33440K, committed 33732K, reserved 1079296K
  class space    used 3892K, capacity 4021K, committed 4064K, reserved 1048576K
2016-10-27T00:27:15.377-0400: 3459.513: [GC (Allocation Failure) 2016-10-27T00:27:15.377-0400: 3459.513: [ParNew
Desired survivor size 20112992 bytes, new threshold 2 (max 8)
- age   1:   11504488 bytes,   11504488 total
- age   2:    9477840 bytes,   20982328 total
- age   3:        232 bytes,   20982560 total
- age   4:    1094456 bytes,   22077016 total
- age   5:     266216 bytes,   22343232 total
: 109248K->21824K(109248K), 0.2002938 secs] 118564K->52348K(502464K), 0.2003584 secs] [Times: user=0.26 sys=0.20, real=0.20 secs] 
Heap after GC invocations=7 (full 1):
 par new generation   total 109248K, used 21824K [0x00000000e0000000, 0x00000000e8000000, 0x00000000e8000000)
  eden space 87424K,   0% used [0x00000000e0000000, 0x00000000e0000000, 0x00000000e5560000)
  from space 21824K, 100% used [0x00000000e6ab0000, 0x00000000e8000000, 0x00000000e8000000)
  to   space 21824K,   0% used [0x00000000e5560000, 0x00000000e5560000, 0x00000000e6ab0000)
 concurrent mark-sweep generation total 393216K, used 30524K [0x00000000e8000000, 0x0000000100000000, 0x0000000100000000)
 Metaspace       used 32999K, capacity 33440K, committed 33732K, reserved 1079296K
  class space    used 3892K, capacity 4021K, committed 4064K, reserved 1048576K
}
2016-10-27T00:27:15.577-0400: 3459.713: Total time for which application threads were stopped: 0.2008821 seconds, Stopping threads took: 0.0001285 seconds
2016-10-27T00:27:15.578-0400: 3459.714: Total time for which application threads were stopped: 0.0001753 seconds, Stopping threads took: 0.0000978 seconds
2016-10-27T00:27:15.739-0400: 3459.875: Total time for which application threads were stopped: 0.0003421 seconds, Stopping threads took: 0.0001959 seconds
{Heap before GC invocations=7 (full 1):
 par new generation   total 109248K, used 109248K [0x00000000e0000000, 0x00000000e8000000, 0x00000000e8000000)
  eden space 87424K, 100% used [0x00000000e0000000, 0x00000000e5560000, 0x00000000e5560000)
  from space 21824K, 100% used [0x00000000e6ab0000, 0x00000000e8000000, 0x00000000e8000000)
  to   space 21824K,   0% used [0x00000000e5560000, 0x00000000e5560000, 0x00000000e6ab0000)
 concurrent mark-sweep generation total 393216K, used 30524K [0x00000000e8000000, 0x0000000100000000, 0x0000000100000000)
 Metaspace       used 33250K, capacity 33696K, committed 33988K, reserved 1079296K
  class space    used 3892K, capacity 4021K, committed 4064K, reserved 1048576K
2016-10-27T00:27:15.779-0400: 3459.916: [GC (Allocation Failure) 2016-10-27T00:27:15.779-0400: 3459.916: [ParNew
Desired survivor size 20112992 bytes, new threshold 8 (max 8)
- age   1:     774728 bytes,     774728 total
- age   2:   11326072 bytes,   12100800 total
: 109248K->20422K(109248K), 0.0435749 secs] 139772K->61609K(502464K), 0.0436483 secs] [Times: user=0.07 sys=0.03, real=0.04 secs] 
Heap after GC invocations=8 (full 1):
 par new generation   total 109248K, used 20422K [0x00000000e0000000, 0x00000000e8000000, 0x00000000e8000000)
  eden space 87424K,   0% used [0x00000000e0000000, 0x00000000e0000000, 0x00000000e5560000)
  from space 21824K,  93% used [0x00000000e5560000, 0x00000000e6951a60, 0x00000000e6ab0000)
  to   space 21824K,   0% used [0x00000000e6ab0000, 0x00000000e6ab0000, 0x00000000e8000000)
 concurrent mark-sweep generation total 393216K, used 41187K [0x00000000e8000000, 0x0000000100000000, 0x0000000100000000)
 Metaspace       used 33250K, capacity 33696K, committed 33988K, reserved 1079296K
  class space    used 3892K, capacity 4021K, committed 4064K, reserved 1048576K
}
2016-10-27T00:27:15.823-0400: 3459.959: Total time for which application threads were stopped: 0.0442026 seconds, Stopping threads took: 0.0003104 seconds
{Heap before GC invocations=8 (full 1):
 par new generation   total 109248K, used 107846K [0x00000000e0000000, 0x00000000e8000000, 0x00000000e8000000)
  eden space 87424K, 100% used [0x00000000e0000000, 0x00000000e5560000, 0x00000000e5560000)
  from space 21824K,  93% used [0x00000000e5560000, 0x00000000e6951a60, 0x00000000e6ab0000)
  to   space 21824K,   0% used [0x00000000e6ab0000, 0x00000000e6ab0000, 0x00000000e8000000)
 concurrent mark-sweep generation total 393216K, used 41187K [0x00000000e8000000, 0x0000000100000000, 0x0000000100000000)
 Metaspace       used 33327K, capacity 33760K, committed 33988K, reserved 1079296K
  class space    used 3892K, capacity 4021K, committed 4064K, reserved 1048576K
2016-10-27T00:27:15.918-0400: 3460.054: [GC (Allocation Failure) 2016-10-27T00:27:15.918-0400: 3460.054: [ParNew
Desired survivor size 20112992 bytes, new threshold 8 (max 8)
- age   1:     884160 bytes,     884160 total
- age   2:     507608 bytes,    1391768 total
- age   3:   11326072 bytes,   12717840 total
: 107846K->16119K(109248K), 0.0240360 secs] 149033K->57306K(502464K), 0.0241093 secs] [Times: user=0.06 sys=0.00, real=0.02 secs] 
Heap after GC invocations=9 (full 1):
 par new generation   total 109248K, used 16119K [0x00000000e0000000, 0x00000000e8000000, 0x00000000e8000000)
  eden space 87424K,   0% used [0x00000000e0000000, 0x00000000e0000000, 0x00000000e5560000)
  from space 21824K,  73% used [0x00000000e6ab0000, 0x00000000e7a6df80, 0x00000000e8000000)
  to   space 21824K,   0% used [0x00000000e5560000, 0x00000000e5560000, 0x00000000e6ab0000)
 concurrent mark-sweep generation total 393216K, used 41187K [0x00000000e8000000, 0x0000000100000000, 0x0000000100000000)
 Metaspace       used 33327K, capacity 33760K, committed 33988K, reserved 1079296K
  class space    used 3892K, capacity 4021K, committed 4064K, reserved 1048576K
}
2016-10-27T00:27:15.942-0400: 3460.078: Total time for which application threads were stopped: 0.0245252 seconds, Stopping threads took: 0.0001986 seconds
{Heap before GC invocations=9 (full 1):
 par new generation   total 109248K, used 103543K [0x00000000e0000000, 0x00000000e8000000, 0x00000000e8000000)
  eden space 87424K, 100% used [0x00000000e0000000, 0x00000000e5560000, 0x00000000e5560000)
  from space 21824K,  73% used [0x00000000e6ab0000, 0x00000000e7a6df80, 0x00000000e8000000)
  to   space 21824K,   0% used [0x00000000e5560000, 0x00000000e5560000, 0x00000000e6ab0000)
 concurrent mark-sweep generation total 393216K, used 41187K [0x00000000e8000000, 0x0000000100000000, 0x0000000100000000)
 Metaspace       used 33331K, capacity 33760K, committed 33988K, reserved 1079296K
  class space    used 3892K, capacity 4021K, committed 4064K, reserved 1048576K
2016-10-27T00:27:16.010-0400: 3460.146: [GC (Allocation Failure) 2016-10-27T00:27:16.010-0400: 3460.146: [ParNew
Desired survivor size 20112992 bytes, new threshold 8 (max 8)
- age   1:    1025960 bytes,    1025960 total
- age   2:     528000 bytes,    1553960 total
- age   3:     442040 bytes,    1996000 total
- age   4:   11326016 bytes,   13322016 total
: 103543K->16681K(109248K), 0.0161341 secs] 144730K->57868K(502464K), 0.0162501 secs] [Times: user=0.04 sys=0.00, real=0.01 secs] 
Heap after GC invocations=10 (full 1):
 par new generation   total 109248K, used 16681K [0x00000000e0000000, 0x00000000e8000000, 0x00000000e8000000)
  eden space 87424K,   0% used [0x00000000e0000000, 0x00000000e0000000, 0x00000000e5560000)
  from space 21824K,  76% used [0x00000000e5560000, 0x00000000e65aa410, 0x00000000e6ab0000)
  to   space 21824K,   0% used [0x00000000e6ab0000, 0x00000000e6ab0000, 0x00000000e8000000)
 concurrent mark-sweep generation total 393216K, used 41187K [0x00000000e8000000, 0x0000000100000000, 0x0000000100000000)
 Metaspace       used 33331K, capacity 33760K, committed 33988K, reserved 1079296K
  class space    used 3892K, capacity 4021K, committed 4064K, reserved 1048576K
}
2016-10-27T00:27:16.026-0400: 3460.162: Total time for which application threads were stopped: 0.0167210 seconds, Stopping threads took: 0.0001727 seconds
{Heap before GC invocations=10 (full 1):
 par new generation   total 109248K, used 104105K [0x00000000e0000000, 0x00000000e8000000, 0x00000000e8000000)
  eden space 87424K, 100% used [0x00000000e0000000, 0x00000000e5560000, 0x00000000e5560000)
  from space 21824K,  76% used [0x00000000e5560000, 0x00000000e65aa410, 0x00000000e6ab0000)
  to   space 21824K,   0% used [0x00000000e6ab0000, 0x00000000e6ab0000, 0x00000000e8000000)
 concurrent mark-sweep generation total 393216K, used 41187K [0x00000000e8000000, 0x0000000100000000, 0x0000000100000000)
 Metaspace       used 33331K, capacity 33760K, committed 33988K, reserved 1079296K
  class space    used 3892K, capacity 4021K, committed 4064K, reserved 1048576K
2016-10-27T00:27:16.077-0400: 3460.214: [GC (Allocation Failure) 2016-10-27T00:27:16.077-0400: 3460.214: [ParNew
Desired survivor size 20112992 bytes, new threshold 8 (max 8)
- age   1:    1022112 bytes,    1022112 total
- age   2:     578376 bytes,    1600488 total
- age   3:     480192 bytes,    2080680 total
- age   4:     443384 bytes,    2524064 total
- age   5:   11326312 bytes,   13850376 total
: 104105K->19994K(109248K), 0.0128697 secs] 145292K->61181K(502464K), 0.0129369 secs] [Times: user=0.04 sys=0.00, real=0.01 secs] 
Heap after GC invocations=11 (full 1):
 par new generation   total 109248K, used 19994K [0x00000000e0000000, 0x00000000e8000000, 0x00000000e8000000)
  eden space 87424K,   0% used [0x00000000e0000000, 0x00000000e0000000, 0x00000000e5560000)
  from space 21824K,  91% used [0x00000000e6ab0000, 0x00000000e7e36a48, 0x00000000e8000000)
  to   space 21824K,   0% used [0x00000000e5560000, 0x00000000e5560000, 0x00000000e6ab0000)
 concurrent mark-sweep generation total 393216K, used 41187K [0x00000000e8000000, 0x0000000100000000, 0x0000000100000000)
 Metaspace       used 33331K, capacity 33760K, committed 33988K, reserved 1079296K
  class space    used 3892K, capacity 4021K, committed 4064K, reserved 1048576K
}
2016-10-27T00:27:16.090-0400: 3460.227: Total time for which application threads were stopped: 0.0133841 seconds, Stopping threads took: 0.0001337 seconds
{Heap before GC invocations=11 (full 1):
 par new generation   total 109248K, used 107418K [0x00000000e0000000, 0x00000000e8000000, 0x00000000e8000000)
  eden space 87424K, 100% used [0x00000000e0000000, 0x00000000e5560000, 0x00000000e5560000)
  from space 21824K,  91% used [0x00000000e6ab0000, 0x00000000e7e36a48, 0x00000000e8000000)
  to   space 21824K,   0% used [0x00000000e5560000, 0x00000000e5560000, 0x00000000e6ab0000)
 concurrent mark-sweep generation total 393216K, used 41187K [0x00000000e8000000, 0x0000000100000000, 0x0000000100000000)
 Metaspace       used 33332K, capacity 33760K, committed 33988K, reserved 1079296K
  class space    used 3892K, capacity 4021K, committed 4064K, reserved 1048576K
2016-10-27T00:27:16.148-0400: 3460.284: [GC (Allocation Failure) 2016-10-27T00:27:16.148-0400: 3460.284: [ParNew
Desired survivor size 20112992 bytes, new threshold 8 (max 8)
- age   1:    1310576 bytes,    1310576 total
- age   2:     455896 bytes,    1766472 total
- age   3:     511104 bytes,    2277576 total
- age   4:     440784 bytes,    2718360 total
- age   5:     442040 bytes,    3160400 total
- age   6:   11325736 bytes,   14486136 total
: 107418K->19812K(109248K), 0.0142836 secs] 148605K->60999K(502464K), 0.0143728 secs] [Times: user=0.04 sys=0.00, real=0.01 secs] 
Heap after GC invocations=12 (full 1):
 par new generation   total 109248K, used 19812K [0x00000000e0000000, 0x00000000e8000000, 0x00000000e8000000)
  eden space 87424K,   0% used [0x00000000e0000000, 0x00000000e0000000, 0x00000000e5560000)
  from space 21824K,  90% used [0x00000000e5560000, 0x00000000e68b9160, 0x00000000e6ab0000)
  to   space 21824K,   0% used [0x00000000e6ab0000, 0x00000000e6ab0000, 0x00000000e8000000)
 concurrent mark-sweep generation total 393216K, used 41187K [0x00000000e8000000, 0x0000000100000000, 0x0000000100000000)
 Metaspace       used 33332K, capacity 33760K, committed 33988K, reserved 1079296K
  class space    used 3892K, capacity 4021K, committed 4064K, reserved 1048576K
}
2016-10-27T00:27:16.162-0400: 3460.299: Total time for which application threads were stopped: 0.0148263 seconds, Stopping threads took: 0.0002165 seconds
{Heap before GC invocations=12 (full 1):
 par new generation   total 109248K, used 107236K [0x00000000e0000000, 0x00000000e8000000, 0x00000000e8000000)
  eden space 87424K, 100% used [0x00000000e0000000, 0x00000000e5560000, 0x00000000e5560000)
  from space 21824K,  90% used [0x00000000e5560000, 0x00000000e68b9160, 0x00000000e6ab0000)
  to   space 21824K,   0% used [0x00000000e6ab0000, 0x00000000e6ab0000, 0x00000000e8000000)
 concurrent mark-sweep generation total 393216K, used 41187K [0x00000000e8000000, 0x0000000100000000, 0x0000000100000000)
 Metaspace       used 33338K, capacity 33760K, committed 33988K, reserved 1079296K
  class space    used 3892K, capacity 4021K, committed 4064K, reserved 1048576K
2016-10-27T00:27:16.222-0400: 3460.358: [GC (Allocation Failure) 2016-10-27T00:27:16.222-0400: 3460.358: [ParNew
Desired survivor size 20112992 bytes, new threshold 8 (max 8)
- age   1:    1571456 bytes,    1571456 total
- age   2:     553136 bytes,    2124592 total
- age   3:     455896 bytes,    2580488 total
- age   4:     380000 bytes,    2960488 total
- age   5:     424384 bytes,    3384872 total
- age   6:     442040 bytes,    3826912 total
- age   7:   11325736 bytes,   15152648 total
: 107236K->18215K(109248K), 0.0326563 secs] 148423K->59402K(502464K), 0.0327254 secs] [Times: user=0.07 sys=0.00, real=0.04 secs] 
Heap after GC invocations=13 (full 1):
 par new generation   total 109248K, used 18215K [0x00000000e0000000, 0x00000000e8000000, 0x00000000e8000000)
  eden space 87424K,   0% used [0x00000000e0000000, 0x00000000e0000000, 0x00000000e5560000)
  from space 21824K,  83% used [0x00000000e6ab0000, 0x00000000e7c79e30, 0x00000000e8000000)
  to   space 21824K,   0% used [0x00000000e5560000, 0x00000000e5560000, 0x00000000e6ab0000)
 concurrent mark-sweep generation total 393216K, used 41187K [0x00000000e8000000, 0x0000000100000000, 0x0000000100000000)
 Metaspace       used 33338K, capacity 33760K, committed 33988K, reserved 1079296K
  class space    used 3892K, capacity 4021K, committed 4064K, reserved 1048576K
}
2016-10-27T00:27:16.255-0400: 3460.391: Total time for which application threads were stopped: 0.0330759 seconds, Stopping threads took: 0.0001090 seconds
{Heap before GC invocations=13 (full 1):
 par new generation   total 109248K, used 105639K [0x00000000e0000000, 0x00000000e8000000, 0x00000000e8000000)
  eden space 87424K, 100% used [0x00000000e0000000, 0x00000000e5560000, 0x00000000e5560000)
  from space 21824K,  83% used [0x00000000e6ab0000, 0x00000000e7c79e30, 0x00000000e8000000)
  to   space 21824K,   0% used [0x00000000e5560000, 0x00000000e5560000, 0x00000000e6ab0000)
 concurrent mark-sweep generation total 393216K, used 41187K [0x00000000e8000000, 0x0000000100000000, 0x0000000100000000)
 Metaspace       used 33339K, capacity 33760K, committed 33988K, reserved 1079296K
  class space    used 3892K, capacity 4021K, committed 4064K, reserved 1048576K
2016-10-27T00:27:16.294-0400: 3460.431: [GC (Allocation Failure) 2016-10-27T00:27:16.294-0400: 3460.431: [ParNew
Desired survivor size 20112992 bytes, new threshold 8 (max 8)
- age   1:    1511536 bytes,    1511536 total
- age   2:     681640 bytes,    2193176 total
- age   3:     552680 bytes,    2745856 total
- age   4:     455896 bytes,    3201752 total
- age   5:     380000 bytes,    3581752 total
- age   6:     424384 bytes,    4006136 total
- age   7:     442040 bytes,    4448176 total
- age   8:   11325736 bytes,   15773912 total
: 105639K->21824K(109248K), 0.0164888 secs] 146826K->63011K(502464K), 0.0165692 secs] [Times: user=0.05 sys=0.00, real=0.02 secs] 
Heap after GC invocations=14 (full 1):
 par new generation   total 109248K, used 21824K [0x00000000e0000000, 0x00000000e8000000, 0x00000000e8000000)
  eden space 87424K,   0% used [0x00000000e0000000, 0x00000000e0000000, 0x00000000e5560000)
  from space 21824K, 100% used [0x00000000e5560000, 0x00000000e6ab0000, 0x00000000e6ab0000)
  to   space 21824K,   0% used [0x00000000e6ab0000, 0x00000000e6ab0000, 0x00000000e8000000)
 concurrent mark-sweep generation total 393216K, used 41187K [0x00000000e8000000, 0x0000000100000000, 0x0000000100000000)
 Metaspace       used 33339K, capacity 33760K, committed 33988K, reserved 1079296K
  class space    used 3892K, capacity 4021K, committed 4064K, reserved 1048576K
}
2016-10-27T00:27:16.311-0400: 3460.447: Total time for which application threads were stopped: 0.0168590 seconds, Stopping threads took: 0.0001147 seconds
{Heap before GC invocations=14 (full 1):
 par new generation   total 109248K, used 109248K [0x00000000e0000000, 0x00000000e8000000, 0x00000000e8000000)
  eden space 87424K, 100% used [0x00000000e0000000, 0x00000000e5560000, 0x00000000e5560000)
  from space 21824K, 100% used [0x00000000e5560000, 0x00000000e6ab0000, 0x00000000e6ab0000)
  to   space 21824K,   0% used [0x00000000e6ab0000, 0x00000000e6ab0000, 0x00000000e8000000)
 concurrent mark-sweep generation total 393216K, used 41187K [0x00000000e8000000, 0x0000000100000000, 0x0000000100000000)
 Metaspace       used 33342K, capacity 33760K, committed 33988K, reserved 1079296K
  class space    used 3892K, capacity 4021K, committed 4064K, reserved 1048576K
2016-10-27T00:27:16.352-0400: 3460.489: [GC (Allocation Failure) 2016-10-27T00:27:16.352-0400: 3460.489: [ParNew
Desired survivor size 20112992 bytes, new threshold 8 (max 8)
- age   1:    1885416 bytes,    1885416 total
- age   2:     423848 bytes,    2309264 total
- age   3:     681640 bytes,    2990904 total
- age   4:     552680 bytes,    3543584 total
- age   5:     357544 bytes,    3901128 total
- age   6:     380000 bytes,    4281128 total
- age   7:     424384 bytes,    4705512 total
- age   8:     442040 bytes,    5147552 total
: 109248K->11258K(109248K), 0.0478657 secs] 150435K->63655K(502464K), 0.0480174 secs] [Times: user=0.09 sys=0.02, real=0.05 secs] 
Heap after GC invocations=15 (full 1):
 par new generation   total 109248K, used 11258K [0x00000000e0000000, 0x00000000e8000000, 0x00000000e8000000)
  eden space 87424K,   0% used [0x00000000e0000000, 0x00000000e0000000, 0x00000000e5560000)
  from space 21824K,  51% used [0x00000000e6ab0000, 0x00000000e75ae880, 0x00000000e8000000)
  to   space 21824K,   0% used [0x00000000e5560000, 0x00000000e5560000, 0x00000000e6ab0000)
 concurrent mark-sweep generation total 393216K, used 52397K [0x00000000e8000000, 0x0000000100000000, 0x0000000100000000)
 Metaspace       used 33342K, capacity 33760K, committed 33988K, reserved 1079296K
  class space    used 3892K, capacity 4021K, committed 4064K, reserved 1048576K
}
2016-10-27T00:27:16.400-0400: 3460.537: Total time for which application threads were stopped: 0.0485025 seconds, Stopping threads took: 0.0002012 seconds
{Heap before GC invocations=15 (full 1):
 par new generation   total 109248K, used 98682K [0x00000000e0000000, 0x00000000e8000000, 0x00000000e8000000)
  eden space 87424K, 100% used [0x00000000e0000000, 0x00000000e5560000, 0x00000000e5560000)
  from space 21824K,  51% used [0x00000000e6ab0000, 0x00000000e75ae880, 0x00000000e8000000)
  to   space 21824K,   0% used [0x00000000e5560000, 0x00000000e5560000, 0x00000000e6ab0000)
 concurrent mark-sweep generation total 393216K, used 52397K [0x00000000e8000000, 0x0000000100000000, 0x0000000100000000)
 Metaspace       used 33342K, capacity 33760K, committed 33988K, reserved 1079296K
  class space    used 3892K, capacity 4021K, committed 4064K, reserved 1048576K
2016-10-27T00:27:16.442-0400: 3460.578: [GC (Allocation Failure) 2016-10-27T00:27:16.442-0400: 3460.578: [ParNew
Desired survivor size 20112992 bytes, new threshold 8 (max 8)
- age   1:    1874408 bytes,    1874408 total
- age   2:     651280 bytes,    2525688 total
- age   3:     423176 bytes,    2948864 total
- age   4:     648856 bytes,    3597720 total
- age   5:     552680 bytes,    4150400 total
- age   6:     357544 bytes,    4507944 total
- age   7:     380000 bytes,    4887944 total
- age   8:     424384 bytes,    5312328 total
: 98682K->6388K(109248K), 0.0125473 secs] 151079K->59230K(502464K), 0.0126290 secs] [Times: user=0.04 sys=0.00, real=0.02 secs] 
Heap after GC invocations=16 (full 1):
 par new generation   total 109248K, used 6388K [0x00000000e0000000, 0x00000000e8000000, 0x00000000e8000000)
  eden space 87424K,   0% used [0x00000000e0000000, 0x00000000e0000000, 0x00000000e5560000)
  from space 21824K,  29% used [0x00000000e5560000, 0x00000000e5b9d140, 0x00000000e6ab0000)
  to   space 21824K,   0% used [0x00000000e6ab0000, 0x00000000e6ab0000, 0x00000000e8000000)
 concurrent mark-sweep generation total 393216K, used 52841K [0x00000000e8000000, 0x0000000100000000, 0x0000000100000000)
 Metaspace       used 33342K, capacity 33760K, committed 33988K, reserved 1079296K
  class space    used 3892K, capacity 4021K, committed 4064K, reserved 1048576K
}
2016-10-27T00:27:16.455-0400: 3460.591: Total time for which application threads were stopped: 0.0129745 seconds, Stopping threads took: 0.0001367 seconds
{Heap before GC invocations=16 (full 1):
 par new generation   total 109248K, used 93812K [0x00000000e0000000, 0x00000000e8000000, 0x00000000e8000000)
  eden space 87424K, 100% used [0x00000000e0000000, 0x00000000e5560000, 0x00000000e5560000)
  from space 21824K,  29% used [0x00000000e5560000, 0x00000000e5b9d140, 0x00000000e6ab0000)
  to   space 21824K,   0% used [0x00000000e6ab0000, 0x00000000e6ab0000, 0x00000000e8000000)
 concurrent mark-sweep generation total 393216K, used 52841K [0x00000000e8000000, 0x0000000100000000, 0x0000000100000000)
 Metaspace       used 33342K, capacity 33760K, committed 33988K, reserved 1079296K
  class space    used 3892K, capacity 4021K, committed 4064K, reserved 1048576K
2016-10-27T00:27:16.505-0400: 3460.642: [GC (Allocation Failure) 2016-10-27T00:27:16.506-0400: 3460.642: [ParNew
Desired survivor size 20112992 bytes, new threshold 8 (max 8)
- age   1:    2732288 bytes,    2732288 total
- age   2:     489248 bytes,    3221536 total
- age   3:     651280 bytes,    3872816 total
- age   4:     423176 bytes,    4295992 total
- age   5:     386680 bytes,    4682672 total
- age   6:     421576 bytes,    5104248 total
- age   7:     357544 bytes,    5461792 total
- age   8:     380000 bytes,    5841792 total
: 93812K->7418K(109248K), 0.0200689 secs] 146654K->60687K(502464K), 0.0201867 secs] [Times: user=0.05 sys=0.00, real=0.02 secs] 
Heap after GC invocations=17 (full 1):
 par new generation   total 109248K, used 7418K [0x00000000e0000000, 0x00000000e8000000, 0x00000000e8000000)
  eden space 87424K,   0% used [0x00000000e0000000, 0x00000000e0000000, 0x00000000e5560000)
  from space 21824K,  33% used [0x00000000e6ab0000, 0x00000000e71ee8c0, 0x00000000e8000000)
  to   space 21824K,   0% used [0x00000000e5560000, 0x00000000e5560000, 0x00000000e6ab0000)
 concurrent mark-sweep generation total 393216K, used 53268K [0x00000000e8000000, 0x0000000100000000, 0x0000000100000000)
 Metaspace       used 33342K, capacity 33760K, committed 33988K, reserved 1079296K
  class space    used 3892K, capacity 4021K, committed 4064K, reserved 1048576K
}
2016-10-27T00:27:16.526-0400: 3460.662: Total time for which application threads were stopped: 0.0205412 seconds, Stopping threads took: 0.0001275 seconds
{Heap before GC invocations=17 (full 1):
 par new generation   total 109248K, used 94842K [0x00000000e0000000, 0x00000000e8000000, 0x00000000e8000000)
  eden space 87424K, 100% used [0x00000000e0000000, 0x00000000e5560000, 0x00000000e5560000)
  from space 21824K,  33% used [0x00000000e6ab0000, 0x00000000e71ee8c0, 0x00000000e8000000)
  to   space 21824K,   0% used [0x00000000e5560000, 0x00000000e5560000, 0x00000000e6ab0000)
 concurrent mark-sweep generation total 393216K, used 53268K [0x00000000e8000000, 0x0000000100000000, 0x0000000100000000)
 Metaspace       used 33343K, capacity 33760K, committed 33988K, reserved 1079296K
  class space    used 3892K, capacity 4021K, committed 4064K, reserved 1048576K
2016-10-27T00:27:16.566-0400: 3460.702: [GC (Allocation Failure) 2016-10-27T00:27:16.566-0400: 3460.702: [ParNew
Desired survivor size 20112992 bytes, new threshold 8 (max 8)
- age   1:    1027832 bytes,    1027832 total
- age   2:    2192272 bytes,    3220104 total
- age   3:     489248 bytes,    3709352 total
- age   4:     651280 bytes,    4360632 total
- age   5:     423176 bytes,    4783808 total
- age   6:     386680 bytes,    5170488 total
- age   7:     421576 bytes,    5592064 total
- age   8:     357544 bytes,    5949608 total
: 94842K->7127K(109248K), 0.0112570 secs] 148111K->60780K(502464K), 0.0113394 secs] [Times: user=0.03 sys=0.00, real=0.02 secs] 
Heap after GC invocations=18 (full 1):
 par new generation   total 109248K, used 7127K [0x00000000e0000000, 0x00000000e8000000, 0x00000000e8000000)
  eden space 87424K,   0% used [0x00000000e0000000, 0x00000000e0000000, 0x00000000e5560000)
  from space 21824K,  32% used [0x00000000e5560000, 0x00000000e5c55d30, 0x00000000e6ab0000)
  to   space 21824K,   0% used [0x00000000e6ab0000, 0x00000000e6ab0000, 0x00000000e8000000)
 concurrent mark-sweep generation total 393216K, used 53652K [0x00000000e8000000, 0x0000000100000000, 0x0000000100000000)
 Metaspace       used 33343K, capacity 33760K, committed 33988K, reserved 1079296K
  class space    used 3892K, capacity 4021K, committed 4064K, reserved 1048576K
}
2016-10-27T00:27:16.577-0400: 3460.713: Total time for which application threads were stopped: 0.0117552 seconds, Stopping threads took: 0.0001978 seconds
{Heap before GC invocations=18 (full 1):
 par new generation   total 109248K, used 94551K [0x00000000e0000000, 0x00000000e8000000, 0x00000000e8000000)
  eden space 87424K, 100% used [0x00000000e0000000, 0x00000000e5560000, 0x00000000e5560000)
  from space 21824K,  32% used [0x00000000e5560000, 0x00000000e5c55d30, 0x00000000e6ab0000)
  to   space 21824K,   0% used [0x00000000e6ab0000, 0x00000000e6ab0000, 0x00000000e8000000)
 concurrent mark-sweep generation total 393216K, used 53652K [0x00000000e8000000, 0x0000000100000000, 0x0000000100000000)
 Metaspace       used 33344K, capacity 33760K, committed 33988K, reserved 1079296K
  class space    used 3892K, capacity 4021K, committed 4064K, reserved 1048576K
2016-10-27T00:27:16.612-0400: 3460.748: [GC (Allocation Failure) 2016-10-27T00:27:16.612-0400: 3460.748: [ParNew
Desired survivor size 20112992 bytes, new threshold 8 (max 8)
- age   1:    1792448 bytes,    1792448 total
- age   2:     825808 bytes,    2618256 total
- age   3:    1177392 bytes,    3795648 total
- age   4:     489248 bytes,    4284896 total
- age   5:     651280 bytes,    4936176 total
- age   6:     423176 bytes,    5359352 total
- age   7:     386680 bytes,    5746032 total
- age   8:     421576 bytes,    6167608 total
: 94551K->7724K(109248K), 0.0216727 secs] 148204K->61738K(502464K), 0.0217717 secs] [Times: user=0.04 sys=0.00, real=0.02 secs] 
Heap after GC invocations=19 (full 1):
 par new generation   total 109248K, used 7724K [0x00000000e0000000, 0x00000000e8000000, 0x00000000e8000000)
  eden space 87424K,   0% used [0x00000000e0000000, 0x00000000e0000000, 0x00000000e5560000)
  from space 21824K,  35% used [0x00000000e6ab0000, 0x00000000e723b160, 0x00000000e8000000)
  to   space 21824K,   0% used [0x00000000e5560000, 0x00000000e5560000, 0x00000000e6ab0000)
 concurrent mark-sweep generation total 393216K, used 54014K [0x00000000e8000000, 0x0000000100000000, 0x0000000100000000)
 Metaspace       used 33344K, capacity 33760K, committed 33988K, reserved 1079296K
  class space    used 3892K, capacity 4021K, committed 4064K, reserved 1048576K
}
2016-10-27T00:27:16.634-0400: 3460.770: Total time for which application threads were stopped: 0.0221455 seconds, Stopping threads took: 0.0001604 seconds
{Heap before GC invocations=19 (full 1):
 par new generation   total 109248K, used 95148K [0x00000000e0000000, 0x00000000e8000000, 0x00000000e8000000)
  eden space 87424K, 100% used [0x00000000e0000000, 0x00000000e5560000, 0x00000000e5560000)
  from space 21824K,  35% used [0x00000000e6ab0000, 0x00000000e723b160, 0x00000000e8000000)
  to   space 21824K,   0% used [0x00000000e5560000, 0x00000000e5560000, 0x00000000e6ab0000)
 concurrent mark-sweep generation total 393216K, used 54014K [0x00000000e8000000, 0x0000000100000000, 0x0000000100000000)
 Metaspace       used 33346K, capacity 33760K, committed 33988K, reserved 1079296K
  class space    used 3892K, capacity 4021K, committed 4064K, reserved 1048576K
2016-10-27T00:27:16.673-0400: 3460.810: [GC (Allocation Failure) 2016-10-27T00:27:16.673-0400: 3460.810: [ParNew
Desired survivor size 20112992 bytes, new threshold 8 (max 8)
- age   1:    2409744 bytes,    2409744 total
- age   2:     426680 bytes,    2836424 total
- age   3:     423552 bytes,    3259976 total
- age   4:    1177392 bytes,    4437368 total
- age   5:     488256 bytes,    4925624 total
- age   6:     651280 bytes,    5576904 total
- age   7:     423176 bytes,    6000080 total
- age   8:     386680 bytes,    6386760 total
: 95148K->8707K(109248K), 0.0137914 secs] 149162K->63146K(502464K), 0.0138558 secs] [Times: user=0.03 sys=0.00, real=0.02 secs] 
Heap after GC invocations=20 (full 1):
 par new generation   total 109248K, used 8707K [0x00000000e0000000, 0x00000000e8000000, 0x00000000e8000000)
  eden space 87424K,   0% used [0x00000000e0000000, 0x00000000e0000000, 0x00000000e5560000)
  from space 21824K,  39% used [0x00000000e5560000, 0x00000000e5de0c20, 0x00000000e6ab0000)
  to   space 21824K,   0% used [0x00000000e6ab0000, 0x00000000e6ab0000, 0x00000000e8000000)
 concurrent mark-sweep generation total 393216K, used 54439K [0x00000000e8000000, 0x0000000100000000, 0x0000000100000000)
 Metaspace       used 33346K, capacity 33760K, committed 33988K, reserved 1079296K
  class space    used 3892K, capacity 4021K, committed 4064K, reserved 1048576K
}
2016-10-27T00:27:16.687-0400: 3460.824: Total time for which application threads were stopped: 0.0142092 seconds, Stopping threads took: 0.0001060 seconds
{Heap before GC invocations=20 (full 1):
 par new generation   total 109248K, used 96131K [0x00000000e0000000, 0x00000000e8000000, 0x00000000e8000000)
  eden space 87424K, 100% used [0x00000000e0000000, 0x00000000e5560000, 0x00000000e5560000)
  from space 21824K,  39% used [0x00000000e5560000, 0x00000000e5de0c20, 0x00000000e6ab0000)
  to   space 21824K,   0% used [0x00000000e6ab0000, 0x00000000e6ab0000, 0x00000000e8000000)
 concurrent mark-sweep generation total 393216K, used 54439K [0x00000000e8000000, 0x0000000100000000, 0x0000000100000000)
 Metaspace       used 33346K, capacity 33760K, committed 33988K, reserved 1079296K
  class space    used 3892K, capacity 4021K, committed 4064K, reserved 1048576K
2016-10-27T00:27:16.718-0400: 3460.855: [GC (Allocation Failure) 2016-10-27T00:27:16.718-0400: 3460.855: [ParNew
Desired survivor size 20112992 bytes, new threshold 8 (max 8)
- age   1:    2780416 bytes,    2780416 total
- age   2:     424232 bytes,    3204648 total
- age   3:     426680 bytes,    3631328 total
- age   4:     423552 bytes,    4054880 total
- age   5:    1177392 bytes,    5232272 total
- age   6:     422624 bytes,    5654896 total
- age   7:     651280 bytes,    6306176 total
- age   8:     423176 bytes,    6729352 total
: 96131K->7136K(109248K), 0.0224949 secs] 150570K->61965K(502464K), 0.0225866 secs] [Times: user=0.06 sys=0.00, real=0.02 secs] 
Heap after GC invocations=21 (full 1):
 par new generation   total 109248K, used 7136K [0x00000000e0000000, 0x00000000e8000000, 0x00000000e8000000)
  eden space 87424K,   0% used [0x00000000e0000000, 0x00000000e0000000, 0x00000000e5560000)
  from space 21824K,  32% used [0x00000000e6ab0000, 0x00000000e71a8220, 0x00000000e8000000)
  to   space 21824K,   0% used [0x00000000e5560000, 0x00000000e5560000, 0x00000000e6ab0000)
 concurrent mark-sweep generation total 393216K, used 54829K [0x00000000e8000000, 0x0000000100000000, 0x0000000100000000)
 Metaspace       used 33346K, capacity 33760K, committed 33988K, reserved 1079296K
  class space    used 3892K, capacity 4021K, committed 4064K, reserved 1048576K
}
2016-10-27T00:27:16.741-0400: 3460.877: Total time for which application threads were stopped: 0.0230259 seconds, Stopping threads took: 0.0001721 seconds
{Heap before GC invocations=21 (full 1):
 par new generation   total 109248K, used 94560K [0x00000000e0000000, 0x00000000e8000000, 0x00000000e8000000)
  eden space 87424K, 100% used [0x00000000e0000000, 0x00000000e5560000, 0x00000000e5560000)
  from space 21824K,  32% used [0x00000000e6ab0000, 0x00000000e71a8220, 0x00000000e8000000)
  to   space 21824K,   0% used [0x00000000e5560000, 0x00000000e5560000, 0x00000000e6ab0000)
 concurrent mark-sweep generation total 393216K, used 54829K [0x00000000e8000000, 0x0000000100000000, 0x0000000100000000)
 Metaspace       used 33346K, capacity 33760K, committed 33988K, reserved 1079296K
  class space    used 3892K, capacity 4021K, committed 4064K, reserved 1048576K
2016-10-27T00:27:16.775-0400: 3460.911: [GC (Allocation Failure) 2016-10-27T00:27:16.775-0400: 3460.911: [ParNew
Desired survivor size 20112992 bytes, new threshold 8 (max 8)
- age   1:     850936 bytes,     850936 total
- age   2:    2755544 bytes,    3606480 total
- age   3:     425376 bytes,    4031856 total
- age   4:     427976 bytes,    4459832 total
- age   5:     425160 bytes,    4884992 total
- age   6:    1178952 bytes,    6063944 total
- age   7:     424208 bytes,    6488152 total
- age   8:     455752 bytes,    6943904 total
: 94560K->9622K(109248K), 0.0118641 secs] 149389K->64877K(502464K), 0.0119808 secs] [Times: user=0.01 sys=0.02, real=0.01 secs] 
Heap after GC invocations=22 (full 1):
 par new generation   total 109248K, used 9622K [0x00000000e0000000, 0x00000000e8000000, 0x00000000e8000000)
  eden space 87424K,   0% used [0x00000000e0000000, 0x00000000e0000000, 0x00000000e5560000)
  from space 21824K,  44% used [0x00000000e5560000, 0x00000000e5ec58a0, 0x00000000e6ab0000)
  to   space 21824K,   0% used [0x00000000e6ab0000, 0x00000000e6ab0000, 0x00000000e8000000)
 concurrent mark-sweep generation total 393216K, used 55255K [0x00000000e8000000, 0x0000000100000000, 0x0000000100000000)
 Metaspace       used 33346K, capacity 33760K, committed 33988K, reserved 1079296K
  class space    used 3892K, capacity 4021K, committed 4064K, reserved 1048576K
}
2016-10-27T00:27:16.787-0400: 3460.923: Total time for which application threads were stopped: 0.0124523 seconds, Stopping threads took: 0.0001545 seconds
{Heap before GC invocations=22 (full 1):
 par new generation   total 109248K, used 97046K [0x00000000e0000000, 0x00000000e8000000, 0x00000000e8000000)
  eden space 87424K, 100% used [0x00000000e0000000, 0x00000000e5560000, 0x00000000e5560000)
  from space 21824K,  44% used [0x00000000e5560000, 0x00000000e5ec58a0, 0x00000000e6ab0000)
  to   space 21824K,   0% used [0x00000000e6ab0000, 0x00000000e6ab0000, 0x00000000e8000000)
 concurrent mark-sweep generation total 393216K, used 55255K [0x00000000e8000000, 0x0000000100000000, 0x0000000100000000)
 Metaspace       used 33349K, capacity 33760K, committed 33988K, reserved 1079296K
  class space    used 3893K, capacity 4021K, committed 4064K, reserved 1048576K
2016-10-27T00:27:16.818-0400: 3460.954: [GC (Allocation Failure) 2016-10-27T00:27:16.818-0400: 3460.954: [ParNew
Desired survivor size 20112992 bytes, new threshold 8 (max 8)
- age   1:    2948336 bytes,    2948336 total
- age   2:     819672 bytes,    3768008 total
- age   3:     550080 bytes,    4318088 total
- age   4:     424008 bytes,    4742096 total
- age   5:     426680 bytes,    5168776 total
- age   6:     423552 bytes,    5592328 total
- age   7:    1177392 bytes,    6769720 total
- age   8:     422624 bytes,    7192344 total
: 97046K->8093K(109248K), 0.0161456 secs] 152301K->63805K(502464K), 0.0162543 secs] [Times: user=0.03 sys=0.01, real=0.01 secs] 
Heap after GC invocations=23 (full 1):
 par new generation   total 109248K, used 8093K [0x00000000e0000000, 0x00000000e8000000, 0x00000000e8000000)
  eden space 87424K,   0% used [0x00000000e0000000, 0x00000000e0000000, 0x00000000e5560000)
  from space 21824K,  37% used [0x00000000e6ab0000, 0x00000000e72974f0, 0x00000000e8000000)
  to   space 21824K,   0% used [0x00000000e5560000, 0x00000000e5560000, 0x00000000e6ab0000)
 concurrent mark-sweep generation total 393216K, used 55712K [0x00000000e8000000, 0x0000000100000000, 0x0000000100000000)
 Metaspace       used 33349K, capacity 33760K, committed 33988K, reserved 1079296K
  class space    used 3893K, capacity 4021K, committed 4064K, reserved 1048576K
}
2016-10-27T00:27:16.834-0400: 3460.970: Total time for which application threads were stopped: 0.0166978 seconds, Stopping threads took: 0.0001808 seconds
{Heap before GC invocations=23 (full 1):
 par new generation   total 109248K, used 95517K [0x00000000e0000000, 0x00000000e8000000, 0x00000000e8000000)
  eden space 87424K, 100% used [0x00000000e0000000, 0x00000000e5560000, 0x00000000e5560000)
  from space 21824K,  37% used [0x00000000e6ab0000, 0x00000000e72974f0, 0x00000000e8000000)
  to   space 21824K,   0% used [0x00000000e5560000, 0x00000000e5560000, 0x00000000e6ab0000)
 concurrent mark-sweep generation total 393216K, used 55712K [0x00000000e8000000, 0x0000000100000000, 0x0000000100000000)
 Metaspace       used 33349K, capacity 33760K, committed 33988K, reserved 1079296K
  class space    used 3893K, capacity 4021K, committed 4064K, reserved 1048576K
2016-10-27T00:27:16.861-0400: 3460.998: [GC (Allocation Failure) 2016-10-27T00:27:16.862-0400: 3460.998: [ParNew
Desired survivor size 20112992 bytes, new threshold 8 (max 8)
- age   1:     740824 bytes,     740824 total
- age   2:    2639096 bytes,    3379920 total
- age   3:     820304 bytes,    4200224 total
- age   4:     551256 bytes,    4751480 total
- age   5:     425112 bytes,    5176592 total
- age   6:     427640 bytes,    5604232 total
- age   7:     424896 bytes,    6029128 total
- age   8:    1178856 bytes,    7207984 total
: 95517K->9293K(109248K), 0.0148295 secs] 151229K->65430K(502464K), 0.0149249 secs] [Times: user=0.03 sys=0.00, real=0.02 secs] 
Heap after GC invocations=24 (full 1):
 par new generation   total 109248K, used 9293K [0x00000000e0000000, 0x00000000e8000000, 0x00000000e8000000)
  eden space 87424K,   0% used [0x00000000e0000000, 0x00000000e0000000, 0x00000000e5560000)
  from space 21824K,  42% used [0x00000000e5560000, 0x00000000e5e735b8, 0x00000000e6ab0000)
  to   space 21824K,   0% used [0x00000000e6ab0000, 0x00000000e6ab0000, 0x00000000e8000000)
 concurrent mark-sweep generation total 393216K, used 56137K [0x00000000e8000000, 0x0000000100000000, 0x0000000100000000)
 Metaspace       used 33349K, capacity 33760K, committed 33988K, reserved 1079296K
  class space    used 3893K, capacity 4021K, committed 4064K, reserved 1048576K
}
2016-10-27T00:27:16.877-0400: 3461.013: Total time for which application threads were stopped: 0.0154039 seconds, Stopping threads took: 0.0001530 seconds
{Heap before GC invocations=24 (full 1):
 par new generation   total 109248K, used 96717K [0x00000000e0000000, 0x00000000e8000000, 0x00000000e8000000)
  eden space 87424K, 100% used [0x00000000e0000000, 0x00000000e5560000, 0x00000000e5560000)
  from space 21824K,  42% used [0x00000000e5560000, 0x00000000e5e735b8, 0x00000000e6ab0000)
  to   space 21824K,   0% used [0x00000000e6ab0000, 0x00000000e6ab0000, 0x00000000e8000000)
 concurrent mark-sweep generation total 393216K, used 56137K [0x00000000e8000000, 0x0000000100000000, 0x0000000100000000)
 Metaspace       used 33349K, capacity 33760K, committed 33988K, reserved 1079296K
  class space    used 3893K, capacity 4021K, committed 4064K, reserved 1048576K
2016-10-27T00:27:16.905-0400: 3461.042: [GC (Allocation Failure) 2016-10-27T00:27:16.905-0400: 3461.042: [ParNew
Desired survivor size 20112992 bytes, new threshold 8 (max 8)
- age   1:    2926472 bytes,    2926472 total
- age   2:     710184 bytes,    3636656 total
- age   3:     439624 bytes,    4076280 total
- age   4:     819416 bytes,    4895696 total
- age   5:     550080 bytes,    5445776 total
- age   6:     422528 bytes,    5868304 total
- age   7:     426680 bytes,    6294984 total
- age   8:     423552 bytes,    6718536 total
: 96717K->8210K(109248K), 0.0147667 secs] 152854K->65510K(502464K), 0.0148491 secs] [Times: user=0.03 sys=0.00, real=0.02 secs] 
Heap after GC invocations=25 (full 1):
 par new generation   total 109248K, used 8210K [0x00000000e0000000, 0x00000000e8000000, 0x00000000e8000000)
  eden space 87424K,   0% used [0x00000000e0000000, 0x00000000e0000000, 0x00000000e5560000)
  from space 21824K,  37% used [0x00000000e6ab0000, 0x00000000e72b4878, 0x00000000e8000000)
  to   space 21824K,   0% used [0x00000000e5560000, 0x00000000e5560000, 0x00000000e6ab0000)
 concurrent mark-sweep generation total 393216K, used 57299K [0x00000000e8000000, 0x0000000100000000, 0x0000000100000000)
 Metaspace       used 33349K, capacity 33760K, committed 33988K, reserved 1079296K
  class space    used 3893K, capacity 4021K, committed 4064K, reserved 1048576K
}
2016-10-27T00:27:16.920-0400: 3461.057: Total time for which application threads were stopped: 0.0153738 seconds, Stopping threads took: 0.0003205 seconds
{Heap before GC invocations=25 (full 1):
 par new generation   total 109248K, used 95631K [0x00000000e0000000, 0x00000000e8000000, 0x00000000e8000000)
  eden space 87424K,  99% used [0x00000000e0000000, 0x00000000e555f3c0, 0x00000000e5560000)
  from space 21824K,  37% used [0x00000000e6ab0000, 0x00000000e72b4878, 0x00000000e8000000)
  to   space 21824K,   0% used [0x00000000e5560000, 0x00000000e5560000, 0x00000000e6ab0000)
 concurrent mark-sweep generation total 393216K, used 57299K [0x00000000e8000000, 0x0000000100000000, 0x0000000100000000)
 Metaspace       used 33349K, capacity 33760K, committed 33988K, reserved 1079296K
  class space    used 3893K, capacity 4021K, committed 4064K, reserved 1048576K
2016-10-27T00:27:16.946-0400: 3461.082: [GC (Allocation Failure) 2016-10-27T00:27:16.946-0400: 3461.082: [ParNew
Desired survivor size 20112992 bytes, new threshold 8 (max 8)
- age   1:     807272 bytes,     807272 total
- age   2:    2900232 bytes,    3707504 total
- age   3:     393168 bytes,    4100672 total
- age   4:     439624 bytes,    4540296 total
- age   5:     819416 bytes,    5359712 total
- age   6:     550080 bytes,    5909792 total
- age   7:     422528 bytes,    6332320 total
- age   8:     426680 bytes,    6759000 total
: 95631K->8324K(109248K), 0.0166450 secs] 152930K->66051K(502464K), 0.0167338 secs] [Times: user=0.04 sys=0.00, real=0.02 secs] 
Heap after GC invocations=26 (full 1):
 par new generation   total 109248K, used 8324K [0x00000000e0000000, 0x00000000e8000000, 0x00000000e8000000)
  eden space 87424K,   0% used [0x00000000e0000000, 0x00000000e0000000, 0x00000000e5560000)
  from space 21824K,  38% used [0x00000000e5560000, 0x00000000e5d812d0, 0x00000000e6ab0000)
  to   space 21824K,   0% used [0x00000000e6ab0000, 0x00000000e6ab0000, 0x00000000e8000000)
 concurrent mark-sweep generation total 393216K, used 57726K [0x00000000e8000000, 0x0000000100000000, 0x0000000100000000)
 Metaspace       used 33349K, capacity 33760K, committed 33988K, reserved 1079296K
  class space    used 3893K, capacity 4021K, committed 4064K, reserved 1048576K
}
2016-10-27T00:27:16.963-0400: 3461.099: Total time for which application threads were stopped: 0.0170480 seconds, Stopping threads took: 0.0001286 seconds
{Heap before GC invocations=26 (full 1):
 par new generation   total 109248K, used 95748K [0x00000000e0000000, 0x00000000e8000000, 0x00000000e8000000)
  eden space 87424K, 100% used [0x00000000e0000000, 0x00000000e5560000, 0x00000000e5560000)
  from space 21824K,  38% used [0x00000000e5560000, 0x00000000e5d812d0, 0x00000000e6ab0000)
  to   space 21824K,   0% used [0x00000000e6ab0000, 0x00000000e6ab0000, 0x00000000e8000000)
 concurrent mark-sweep generation total 393216K, used 57726K [0x00000000e8000000, 0x0000000100000000, 0x0000000100000000)
 Metaspace       used 33349K, capacity 33760K, committed 33988K, reserved 1079296K
  class space    used 3893K, capacity 4021K, committed 4064K, reserved 1048576K
2016-10-27T00:27:17.003-0400: 3461.139: [GC (Allocation Failure) 2016-10-27T00:27:17.003-0400: 3461.139: [ParNew
Desired survivor size 20112992 bytes, new threshold 8 (max 8)
- age   1:    4801920 bytes,    4801920 total
- age   2:     781008 bytes,    5582928 total
- age   3:     427288 bytes,    6010216 total
- age   4:     393168 bytes,    6403384 total
- age   5:     439624 bytes,    6843008 total
- age   6:     819416 bytes,    7662424 total
- age   7:     549976 bytes,    8212400 total
- age   8:     422528 bytes,    8634928 total
: 95748K->9365K(109248K), 0.0201255 secs] 153475K->67521K(502464K), 0.0201909 secs] [Times: user=0.03 sys=0.00, real=0.02 secs] 
Heap after GC invocations=27 (full 1):
 par new generation   total 109248K, used 9365K [0x00000000e0000000, 0x00000000e8000000, 0x00000000e8000000)
  eden space 87424K,   0% used [0x00000000e0000000, 0x00000000e0000000, 0x00000000e5560000)
  from space 21824K,  42% used [0x00000000e6ab0000, 0x00000000e73d55f8, 0x00000000e8000000)
  to   space 21824K,   0% used [0x00000000e5560000, 0x00000000e5560000, 0x00000000e6ab0000)
 concurrent mark-sweep generation total 393216K, used 58155K [0x00000000e8000000, 0x0000000100000000, 0x0000000100000000)
 Metaspace       used 33349K, capacity 33760K, committed 33988K, reserved 1079296K
  class space    used 3893K, capacity 4021K, committed 4064K, reserved 1048576K
}
2016-10-27T00:27:17.023-0400: 3461.160: Total time for which application threads were stopped: 0.0205876 seconds, Stopping threads took: 0.0001424 seconds
{Heap before GC invocations=27 (full 1):
 par new generation   total 109248K, used 96789K [0x00000000e0000000, 0x00000000e8000000, 0x00000000e8000000)
  eden space 87424K, 100% used [0x00000000e0000000, 0x00000000e5560000, 0x00000000e5560000)
  from space 21824K,  42% used [0x00000000e6ab0000, 0x00000000e73d55f8, 0x00000000e8000000)
  to   space 21824K,   0% used [0x00000000e5560000, 0x00000000e5560000, 0x00000000e6ab0000)
 concurrent mark-sweep generation total 393216K, used 58155K [0x00000000e8000000, 0x0000000100000000, 0x0000000100000000)
 Metaspace       used 33349K, capacity 33760K, committed 33988K, reserved 1079296K
  class space    used 3893K, capacity 4021K, committed 4064K, reserved 1048576K
2016-10-27T00:27:17.049-0400: 3461.186: [GC (Allocation Failure) 2016-10-27T00:27:17.049-0400: 3461.186: [ParNew
Desired survivor size 20112992 bytes, new threshold 8 (max 8)
- age   1:     857504 bytes,     857504 total
- age   2:    4775680 bytes,    5633184 total
- age   3:     424688 bytes,    6057872 total
- age   4:     427288 bytes,    6485160 total
- age   5:     393168 bytes,    6878328 total
- age   6:     439624 bytes,    7317952 total
- age   7:     819416 bytes,    8137368 total
- age   8:     549976 bytes,    8687344 total
: 96789K->11670K(109248K), 0.0146252 secs] 154945K->70252K(502464K), 0.0148044 secs] [Times: user=0.02 sys=0.02, real=0.01 secs] 
Heap after GC invocations=28 (full 1):
 par new generation   total 109248K, used 11670K [0x00000000e0000000, 0x00000000e8000000, 0x00000000e8000000)
  eden space 87424K,   0% used [0x00000000e0000000, 0x00000000e0000000, 0x00000000e5560000)
  from space 21824K,  53% used [0x00000000e5560000, 0x00000000e60c5b80, 0x00000000e6ab0000)
  to   space 21824K,   0% used [0x00000000e6ab0000, 0x00000000e6ab0000, 0x00000000e8000000)
 concurrent mark-sweep generation total 393216K, used 58581K [0x00000000e8000000, 0x0000000100000000, 0x0000000100000000)
 Metaspace       used 33349K, capacity 33760K, committed 33988K, reserved 1079296K
  class space    used 3893K, capacity 4021K, committed 4064K, reserved 1048576K
}
2016-10-27T00:27:17.064-0400: 3461.201: Total time for which application threads were stopped: 0.0152154 seconds, Stopping threads took: 0.0001609 seconds
2016-10-27T00:27:17.068-0400: 3461.205: Total time for which application threads were stopped: 0.0002962 seconds, Stopping threads took: 0.0001382 seconds
2016-10-27T00:27:17.070-0400: 3461.206: Total time for which application threads were stopped: 0.0001756 seconds, Stopping threads took: 0.0001029 seconds
{Heap before GC invocations=28 (full 1):
 par new generation   total 109248K, used 99094K [0x00000000e0000000, 0x00000000e8000000, 0x00000000e8000000)
  eden space 87424K, 100% used [0x00000000e0000000, 0x00000000e5560000, 0x00000000e5560000)
  from space 21824K,  53% used [0x00000000e5560000, 0x00000000e60c5b80, 0x00000000e6ab0000)
  to   space 21824K,   0% used [0x00000000e6ab0000, 0x00000000e6ab0000, 0x00000000e8000000)
 concurrent mark-sweep generation total 393216K, used 58581K [0x00000000e8000000, 0x0000000100000000, 0x0000000100000000)
 Metaspace       used 33564K, capacity 33952K, committed 34244K, reserved 1079296K
  class space    used 3896K, capacity 4021K, committed 4064K, reserved 1048576K
2016-10-27T00:27:17.487-0400: 3461.624: [GC (Allocation Failure) 2016-10-27T00:27:17.487-0400: 3461.624: [ParNew
Desired survivor size 20112992 bytes, new threshold 8 (max 8)
- age   1:     273032 bytes,     273032 total
- age   2:     859400 bytes,    1132432 total
- age   3:    4748416 bytes,    5880848 total
- age   4:     396944 bytes,    6277792 total
- age   5:     399400 bytes,    6677192 total
- age   6:     364368 bytes,    7041560 total
- age   7:     411688 bytes,    7453248 total
- age   8:     789512 bytes,    8242760 total
: 99094K->9619K(109248K), 0.0167662 secs] 157676K->68718K(502464K), 0.0168481 secs] [Times: user=0.05 sys=0.00, real=0.01 secs] 
Heap after GC invocations=29 (full 1):
 par new generation   total 109248K, used 9619K [0x00000000e0000000, 0x00000000e8000000, 0x00000000e8000000)
  eden space 87424K,   0% used [0x00000000e0000000, 0x00000000e0000000, 0x00000000e5560000)
  from space 21824K,  44% used [0x00000000e6ab0000, 0x00000000e7414ee0, 0x00000000e8000000)
  to   space 21824K,   0% used [0x00000000e5560000, 0x00000000e5560000, 0x00000000e6ab0000)
 concurrent mark-sweep generation total 393216K, used 59098K [0x00000000e8000000, 0x0000000100000000, 0x0000000100000000)
 Metaspace       used 33564K, capacity 33952K, committed 34244K, reserved 1079296K
  class space    used 3896K, capacity 4021K, committed 4064K, reserved 1048576K
}
2016-10-27T00:27:17.504-0400: 3461.641: Total time for which application threads were stopped: 0.0174254 seconds, Stopping threads took: 0.0002073 seconds
2016-10-27T00:27:17.730-0400: 3461.867: Total time for which application threads were stopped: 0.0003230 seconds, Stopping threads took: 0.0001894 seconds
2016-10-27T00:27:17.731-0400: 3461.868: Total time for which application threads were stopped: 0.0002843 seconds, Stopping threads took: 0.0002137 seconds
2016-10-27T00:27:17.732-0400: 3461.868: Total time for which application threads were stopped: 0.0003375 seconds, Stopping threads took: 0.0002375 seconds
2016-10-27T00:27:17.732-0400: 3461.869: Total time for which application threads were stopped: 0.0002494 seconds, Stopping threads took: 0.0001571 seconds
2016-10-27T00:27:17.733-0400: 3461.869: Total time for which application threads were stopped: 0.0001430 seconds, Stopping threads took: 0.0000854 seconds
2016-10-27T00:27:17.733-0400: 3461.870: Total time for which application threads were stopped: 0.0002465 seconds, Stopping threads took: 0.0001891 seconds
2016-10-27T00:27:17.734-0400: 3461.870: Total time for which application threads were stopped: 0.0001448 seconds, Stopping threads took: 0.0000926 seconds
2016-10-27T00:27:17.734-0400: 3461.870: Total time for which application threads were stopped: 0.0001830 seconds, Stopping threads took: 0.0001000 seconds
2016-10-27T00:27:17.734-0400: 3461.871: Total time for which application threads were stopped: 0.0003654 seconds, Stopping threads took: 0.0002924 seconds
2016-10-27T00:27:17.735-0400: 3461.871: Total time for which application threads were stopped: 0.0004057 seconds, Stopping threads took: 0.0003199 seconds
2016-10-27T00:27:17.735-0400: 3461.871: Total time for which application threads were stopped: 0.0001837 seconds, Stopping threads took: 0.0001147 seconds
2016-10-27T00:27:17.737-0400: 3461.873: Total time for which application threads were stopped: 0.0003085 seconds, Stopping threads took: 0.0002128 seconds
2016-10-27T00:27:17.739-0400: 3461.876: Total time for which application threads were stopped: 0.0002568 seconds, Stopping threads took: 0.0001768 seconds
2016-10-27T00:27:18.742-0400: 3462.878: Total time for which application threads were stopped: 0.0003422 seconds, Stopping threads took: 0.0001028 seconds
2016-10-27T00:27:20.745-0400: 3464.881: Total time for which application threads were stopped: 0.0001735 seconds, Stopping threads took: 0.0001146 seconds
2016-10-27T00:27:50.770-0400: 3494.906: Total time for which application threads were stopped: 0.0001904 seconds, Stopping threads took: 0.0001283 seconds
2016-10-27T00:27:52.771-0400: 3496.908: Total time for which application threads were stopped: 0.0003339 seconds, Stopping threads took: 0.0002164 seconds
2016-10-27T00:28:00.053-0400: 3504.190: Total time for which application threads were stopped: 0.0003844 seconds, Stopping threads took: 0.0003274 seconds
2016-10-27T00:28:00.053-0400: 3504.190: Total time for which application threads were stopped: 0.0000952 seconds, Stopping threads took: 0.0000559 seconds
2016-10-27T00:28:05.145-0400: 3509.282: Total time for which application threads were stopped: 0.0006145 seconds, Stopping threads took: 0.0004922 seconds
2016-10-27T00:31:10.636-0400: 3694.773: Total time for which application threads were stopped: 0.0003990 seconds, Stopping threads took: 0.0001288 seconds
2016-10-27T00:31:10.637-0400: 3694.773: Total time for which application threads were stopped: 0.0001155 seconds, Stopping threads took: 0.0000821 seconds
2016-10-27T00:31:10.638-0400: 3694.774: Total time for which application threads were stopped: 0.0003280 seconds, Stopping threads took: 0.0002404 seconds
2016-10-27T00:31:10.674-0400: 3694.811: Total time for which application threads were stopped: 0.0001463 seconds, Stopping threads took: 0.0000672 seconds
2016-10-27T00:31:10.676-0400: 3694.812: Total time for which application threads were stopped: 0.0001812 seconds, Stopping threads took: 0.0000925 seconds
2016-10-27T00:31:10.678-0400: 3694.814: Total time for which application threads were stopped: 0.0001266 seconds, Stopping threads took: 0.0000406 seconds
2016-10-27T00:31:10.678-0400: 3694.814: Total time for which application threads were stopped: 0.0002220 seconds, Stopping threads took: 0.0001319 seconds
2016-10-27T00:31:10.679-0400: 3694.816: Total time for which application threads were stopped: 0.0002822 seconds, Stopping threads took: 0.0001386 seconds
2016-10-27T00:31:10.687-0400: 3694.824: Total time for which application threads were stopped: 0.0003436 seconds, Stopping threads took: 0.0002560 seconds
2016-10-27T00:31:11.688-0400: 3695.824: Total time for which application threads were stopped: 0.0001800 seconds, Stopping threads took: 0.0001143 seconds
2016-10-27T00:31:13.690-0400: 3697.826: Total time for which application threads were stopped: 0.0004392 seconds, Stopping threads took: 0.0002242 seconds
2016-10-27T00:31:22.697-0400: 3706.834: Total time for which application threads were stopped: 0.0011490 seconds, Stopping threads took: 0.0007470 seconds
2016-10-27T00:31:35.032-0400: 3719.169: Total time for which application threads were stopped: 0.0002277 seconds, Stopping threads took: 0.0001608 seconds
2016-10-27T00:31:35.036-0400: 3719.172: Total time for which application threads were stopped: 0.0004369 seconds, Stopping threads took: 0.0003265 seconds
2016-10-27T00:31:35.037-0400: 3719.173: Total time for which application threads were stopped: 0.0003567 seconds, Stopping threads took: 0.0002686 seconds
2016-10-27T00:31:36.038-0400: 3720.175: Total time for which application threads were stopped: 0.0002072 seconds, Stopping threads took: 0.0001210 seconds
2016-10-27T00:31:40.252-0400: 3724.389: Total time for which application threads were stopped: 0.0001635 seconds, Stopping threads took: 0.0001017 seconds
2016-10-27T00:31:40.253-0400: 3724.389: Total time for which application threads were stopped: 0.0000654 seconds, Stopping threads took: 0.0000348 seconds
2016-10-27T00:31:40.253-0400: 3724.389: Total time for which application threads were stopped: 0.0000750 seconds, Stopping threads took: 0.0000081 seconds
2016-10-27T00:31:40.264-0400: 3724.400: Total time for which application threads were stopped: 0.0007643 seconds, Stopping threads took: 0.0000970 seconds
2016-10-27T00:31:41.264-0400: 3725.401: Total time for which application threads were stopped: 0.0001463 seconds, Stopping threads took: 0.0000881 seconds
2016-10-27T00:31:41.942-0400: 3726.079: Total time for which application threads were stopped: 0.0004364 seconds, Stopping threads took: 0.0002190 seconds
2016-10-27T00:31:41.943-0400: 3726.079: Total time for which application threads were stopped: 0.0001048 seconds, Stopping threads took: 0.0000481 seconds
2016-10-27T00:31:41.945-0400: 3726.081: Total time for which application threads were stopped: 0.0003521 seconds, Stopping threads took: 0.0001877 seconds
2016-10-27T00:31:41.945-0400: 3726.082: Total time for which application threads were stopped: 0.0005274 seconds, Stopping threads took: 0.0003601 seconds
2016-10-27T00:31:41.947-0400: 3726.084: Total time for which application threads were stopped: 0.0005280 seconds, Stopping threads took: 0.0003326 seconds
2016-10-27T00:31:42.948-0400: 3727.084: Total time for which application threads were stopped: 0.0002958 seconds, Stopping threads took: 0.0001362 seconds
2016-10-27T00:31:57.959-0400: 3742.096: Total time for which application threads were stopped: 0.0001206 seconds, Stopping threads took: 0.0000683 seconds
2016-10-27T00:31:59.961-0400: 3744.097: Total time for which application threads were stopped: 0.0001329 seconds, Stopping threads took: 0.0000684 seconds
2016-10-27T00:32:01.963-0400: 3746.099: Total time for which application threads were stopped: 0.0001760 seconds, Stopping threads took: 0.0000949 seconds
2016-10-27T00:32:02.964-0400: 3747.100: Total time for which application threads were stopped: 0.0001356 seconds, Stopping threads took: 0.0000815 seconds
2016-10-27T00:32:04.966-0400: 3749.103: Total time for which application threads were stopped: 0.0001486 seconds, Stopping threads took: 0.0000899 seconds
2016-10-27T00:32:41.997-0400: 3786.133: Total time for which application threads were stopped: 0.0002169 seconds, Stopping threads took: 0.0001158 seconds
2016-10-27T00:32:54.887-0400: 3799.024: Total time for which application threads were stopped: 0.0002357 seconds, Stopping threads took: 0.0001538 seconds
2016-10-27T00:32:54.887-0400: 3799.024: Total time for which application threads were stopped: 0.0001267 seconds, Stopping threads took: 0.0000662 seconds
2016-10-27T00:32:54.889-0400: 3799.026: Total time for which application threads were stopped: 0.0002134 seconds, Stopping threads took: 0.0001075 seconds
2016-10-27T00:33:31.772-0400: 3835.908: Total time for which application threads were stopped: 0.0009033 seconds, Stopping threads took: 0.0005774 seconds
2016-10-27T00:39:06.519-0400: 4170.656: Total time for which application threads were stopped: 0.0003381 seconds, Stopping threads took: 0.0002388 seconds
2016-10-27T00:39:06.520-0400: 4170.656: Total time for which application threads were stopped: 0.0001535 seconds, Stopping threads took: 0.0000769 seconds
2016-10-27T00:39:06.522-0400: 4170.658: Total time for which application threads were stopped: 0.0001221 seconds, Stopping threads took: 0.0000795 seconds
2016-10-27T00:39:07.155-0400: 4171.291: Total time for which application threads were stopped: 0.0001957 seconds, Stopping threads took: 0.0001278 seconds
2016-10-27T00:39:07.155-0400: 4171.292: Total time for which application threads were stopped: 0.0000932 seconds, Stopping threads took: 0.0000625 seconds
2016-10-27T00:39:07.157-0400: 4171.294: Total time for which application threads were stopped: 0.0000775 seconds, Stopping threads took: 0.0000390 seconds
2016-10-27T00:39:08.158-0400: 4172.294: Total time for which application threads were stopped: 0.0001774 seconds, Stopping threads took: 0.0001146 seconds
2016-10-27T00:39:14.170-0400: 4178.306: Total time for which application threads were stopped: 0.0002156 seconds, Stopping threads took: 0.0001608 seconds
2016-10-27T00:39:22.989-0400: 4187.125: Total time for which application threads were stopped: 0.0005430 seconds, Stopping threads took: 0.0003859 seconds
2016-10-27T00:39:22.991-0400: 4187.128: Total time for which application threads were stopped: 0.0002466 seconds, Stopping threads took: 0.0001183 seconds
2016-10-27T00:39:22.991-0400: 4187.128: Total time for which application threads were stopped: 0.0000543 seconds, Stopping threads took: 0.0000089 seconds
2016-10-27T00:39:23.992-0400: 4188.128: Total time for which application threads were stopped: 0.0002379 seconds, Stopping threads took: 0.0001359 seconds
2016-10-27T00:40:13.000-0400: 4237.136: Total time for which application threads were stopped: 0.0004253 seconds, Stopping threads took: 0.0002695 seconds
2016-10-27T00:40:17.610-0400: 4241.746: Total time for which application threads were stopped: 0.0001855 seconds, Stopping threads took: 0.0001374 seconds
2016-10-27T00:40:17.610-0400: 4241.746: Total time for which application threads were stopped: 0.0001749 seconds, Stopping threads took: 0.0001427 seconds
2016-10-27T00:40:17.611-0400: 4241.748: Total time for which application threads were stopped: 0.0002127 seconds, Stopping threads took: 0.0001464 seconds
2016-10-27T00:41:07.616-0400: 4291.752: Total time for which application threads were stopped: 0.0002379 seconds, Stopping threads took: 0.0001706 seconds
2016-10-27T00:41:07.616-0400: 4291.753: Total time for which application threads were stopped: 0.0000928 seconds, Stopping threads took: 0.0000472 seconds
2016-10-27T01:12:37.663-0400: 6181.799: Total time for which application threads were stopped: 0.0007631 seconds, Stopping threads took: 0.0004311 seconds
2016-10-27T01:18:06.965-0400: 6511.101: Total time for which application threads were stopped: 0.0006352 seconds, Stopping threads took: 0.0004001 seconds
2016-10-27T01:20:07.064-0400: 6631.201: Total time for which application threads were stopped: 0.0003928 seconds, Stopping threads took: 0.0002744 seconds
2016-10-27T01:33:22.289-0400: 7426.425: Total time for which application threads were stopped: 0.0004755 seconds, Stopping threads took: 0.0003224 seconds
2016-10-27T01:33:22.289-0400: 7426.426: Total time for which application threads were stopped: 0.0001321 seconds, Stopping threads took: 0.0000904 seconds
2016-10-27T01:33:22.293-0400: 7426.429: Total time for which application threads were stopped: 0.0001159 seconds, Stopping threads took: 0.0000729 seconds
2016-10-27T01:33:23.294-0400: 7427.430: Total time for which application threads were stopped: 0.0003727 seconds, Stopping threads took: 0.0002404 seconds
2016-10-27T01:33:37.309-0400: 7441.445: Total time for which application threads were stopped: 0.0001620 seconds, Stopping threads took: 0.0001047 seconds
2016-10-27T01:33:37.705-0400: 7441.841: Total time for which application threads were stopped: 0.0002503 seconds, Stopping threads took: 0.0000960 seconds
2016-10-27T01:33:37.705-0400: 7441.841: Total time for which application threads were stopped: 0.0001365 seconds, Stopping threads took: 0.0000846 seconds
2016-10-27T01:33:37.714-0400: 7441.850: Total time for which application threads were stopped: 0.0008224 seconds, Stopping threads took: 0.0002167 seconds
2016-10-27T01:33:37.817-0400: 7441.953: Total time for which application threads were stopped: 0.0031539 seconds, Stopping threads took: 0.0001355 seconds
2016-10-27T01:33:37.821-0400: 7441.958: Total time for which application threads were stopped: 0.0036661 seconds, Stopping threads took: 0.0002446 seconds
2016-10-27T01:33:37.824-0400: 7441.960: Total time for which application threads were stopped: 0.0002190 seconds, Stopping threads took: 0.0001358 seconds
2016-10-27T01:33:37.824-0400: 7441.960: Total time for which application threads were stopped: 0.0001402 seconds, Stopping threads took: 0.0000649 seconds
2016-10-27T01:33:37.824-0400: 7441.960: Total time for which application threads were stopped: 0.0001894 seconds, Stopping threads took: 0.0001396 seconds
2016-10-27T01:33:37.824-0400: 7441.961: Total time for which application threads were stopped: 0.0002070 seconds, Stopping threads took: 0.0001394 seconds
2016-10-27T01:33:37.825-0400: 7441.961: Total time for which application threads were stopped: 0.0001434 seconds, Stopping threads took: 0.0001038 seconds
2016-10-27T01:33:37.830-0400: 7441.966: Total time for which application threads were stopped: 0.0003048 seconds, Stopping threads took: 0.0001502 seconds
2016-10-27T01:33:37.830-0400: 7441.967: Total time for which application threads were stopped: 0.0000823 seconds, Stopping threads took: 0.0000444 seconds
2016-10-27T01:33:37.831-0400: 7441.967: Total time for which application threads were stopped: 0.0003346 seconds, Stopping threads took: 0.0001267 seconds
2016-10-27T01:33:37.831-0400: 7441.967: Total time for which application threads were stopped: 0.0003060 seconds, Stopping threads took: 0.0001124 seconds
2016-10-27T01:33:37.836-0400: 7441.972: Total time for which application threads were stopped: 0.0008871 seconds, Stopping threads took: 0.0004225 seconds
2016-10-27T01:33:37.894-0400: 7442.031: Total time for which application threads were stopped: 0.0005597 seconds, Stopping threads took: 0.0002381 seconds
2016-10-27T01:34:12.922-0400: 7477.058: Total time for which application threads were stopped: 0.0001875 seconds, Stopping threads took: 0.0001269 seconds
2016-10-27T01:34:37.839-0400: 7501.975: Total time for which application threads were stopped: 0.0008547 seconds, Stopping threads took: 0.0003336 seconds
2016-10-27T01:34:44.827-0400: 7508.963: Total time for which application threads were stopped: 0.0003053 seconds, Stopping threads took: 0.0002353 seconds
2016-10-27T01:34:44.827-0400: 7508.964: Total time for which application threads were stopped: 0.0002093 seconds, Stopping threads took: 0.0001252 seconds
2016-10-27T01:34:44.828-0400: 7508.965: Total time for which application threads were stopped: 0.0003058 seconds, Stopping threads took: 0.0002205 seconds
2016-10-27T01:34:44.829-0400: 7508.966: Total time for which application threads were stopped: 0.0001527 seconds, Stopping threads took: 0.0000702 seconds
2016-10-27T01:34:44.830-0400: 7508.966: Total time for which application threads were stopped: 0.0001504 seconds, Stopping threads took: 0.0000841 seconds
2016-10-27T01:34:44.832-0400: 7508.969: Total time for which application threads were stopped: 0.0001508 seconds, Stopping threads took: 0.0000520 seconds
2016-10-27T01:34:44.833-0400: 7508.969: Total time for which application threads were stopped: 0.0001062 seconds, Stopping threads took: 0.0000581 seconds
2016-10-27T01:34:44.833-0400: 7508.969: Total time for which application threads were stopped: 0.0001028 seconds, Stopping threads took: 0.0000574 seconds
2016-10-27T01:34:44.833-0400: 7508.970: Total time for which application threads were stopped: 0.0001034 seconds, Stopping threads took: 0.0000578 seconds
2016-10-27T01:34:44.834-0400: 7508.970: Total time for which application threads were stopped: 0.0001026 seconds, Stopping threads took: 0.0000573 seconds
2016-10-27T01:34:44.834-0400: 7508.971: Total time for which application threads were stopped: 0.0001068 seconds, Stopping threads took: 0.0000576 seconds
2016-10-27T01:34:44.834-0400: 7508.971: Total time for which application threads were stopped: 0.0000973 seconds, Stopping threads took: 0.0000666 seconds
2016-10-27T01:34:44.835-0400: 7508.971: Total time for which application threads were stopped: 0.0000880 seconds, Stopping threads took: 0.0000591 seconds
2016-10-27T01:34:44.835-0400: 7508.972: Total time for which application threads were stopped: 0.0000841 seconds, Stopping threads took: 0.0000557 seconds
2016-10-27T01:34:44.836-0400: 7508.972: Total time for which application threads were stopped: 0.0000799 seconds, Stopping threads took: 0.0000515 seconds
2016-10-27T01:34:44.836-0400: 7508.973: Total time for which application threads were stopped: 0.0001451 seconds, Stopping threads took: 0.0001170 seconds
2016-10-27T01:34:44.837-0400: 7508.974: Total time for which application threads were stopped: 0.0000718 seconds, Stopping threads took: 0.0000351 seconds
2016-10-27T01:34:44.838-0400: 7508.974: Total time for which application threads were stopped: 0.0000960 seconds, Stopping threads took: 0.0000322 seconds
2016-10-27T01:34:44.838-0400: 7508.974: Total time for which application threads were stopped: 0.0000579 seconds, Stopping threads took: 0.0000277 seconds
2016-10-27T01:34:44.838-0400: 7508.974: Total time for which application threads were stopped: 0.0000625 seconds, Stopping threads took: 0.0000294 seconds
2016-10-27T01:34:44.839-0400: 7508.975: Total time for which application threads were stopped: 0.0000790 seconds, Stopping threads took: 0.0000357 seconds
2016-10-27T01:34:44.839-0400: 7508.976: Total time for which application threads were stopped: 0.0001386 seconds, Stopping threads took: 0.0000490 seconds
2016-10-27T01:34:44.840-0400: 7508.976: Total time for which application threads were stopped: 0.0001504 seconds, Stopping threads took: 0.0001029 seconds
2016-10-27T01:34:44.841-0400: 7508.978: Total time for which application threads were stopped: 0.0002293 seconds, Stopping threads took: 0.0001323 seconds
2016-10-27T01:34:44.842-0400: 7508.979: Total time for which application threads were stopped: 0.0002169 seconds, Stopping threads took: 0.0001195 seconds
2016-10-27T01:34:44.843-0400: 7508.979: Total time for which application threads were stopped: 0.0001079 seconds, Stopping threads took: 0.0000642 seconds
2016-10-27T01:34:44.845-0400: 7508.981: Total time for which application threads were stopped: 0.0001950 seconds, Stopping threads took: 0.0001200 seconds
2016-10-27T01:34:44.845-0400: 7508.981: Total time for which application threads were stopped: 0.0001948 seconds, Stopping threads took: 0.0000901 seconds
2016-10-27T01:34:44.846-0400: 7508.982: Total time for which application threads were stopped: 0.0003207 seconds, Stopping threads took: 0.0002276 seconds
2016-10-27T01:34:44.846-0400: 7508.983: Total time for which application threads were stopped: 0.0002132 seconds, Stopping threads took: 0.0001157 seconds
2016-10-27T01:34:44.847-0400: 7508.983: Total time for which application threads were stopped: 0.0003125 seconds, Stopping threads took: 0.0002053 seconds
2016-10-27T01:34:44.847-0400: 7508.983: Total time for which application threads were stopped: 0.0001381 seconds, Stopping threads took: 0.0000842 seconds
2016-10-27T01:34:44.848-0400: 7508.984: Total time for which application threads were stopped: 0.0003924 seconds, Stopping threads took: 0.0002589 seconds
2016-10-27T01:34:44.848-0400: 7508.984: Total time for which application threads were stopped: 0.0001354 seconds, Stopping threads took: 0.0000820 seconds
2016-10-27T01:34:44.849-0400: 7508.986: Total time for which application threads were stopped: 0.0001782 seconds, Stopping threads took: 0.0001135 seconds
2016-10-27T01:34:44.850-0400: 7508.986: Total time for which application threads were stopped: 0.0004535 seconds, Stopping threads took: 0.0003135 seconds
2016-10-27T01:34:45.436-0400: 7509.572: Total time for which application threads were stopped: 0.0001800 seconds, Stopping threads took: 0.0001134 seconds
2016-10-27T01:34:45.437-0400: 7509.573: Total time for which application threads were stopped: 0.0001288 seconds, Stopping threads took: 0.0000975 seconds
2016-10-27T01:34:45.437-0400: 7509.574: Total time for which application threads were stopped: 0.0001138 seconds, Stopping threads took: 0.0000755 seconds
2016-10-27T01:34:45.438-0400: 7509.574: Total time for which application threads were stopped: 0.0000998 seconds, Stopping threads took: 0.0000667 seconds
2016-10-27T01:34:45.441-0400: 7509.577: Total time for which application threads were stopped: 0.0004120 seconds, Stopping threads took: 0.0002777 seconds
2016-10-27T01:34:45.441-0400: 7509.577: Total time for which application threads were stopped: 0.0001013 seconds, Stopping threads took: 0.0000102 seconds
2016-10-27T01:34:45.442-0400: 7509.578: Total time for which application threads were stopped: 0.0001507 seconds, Stopping threads took: 0.0000495 seconds
2016-10-27T01:34:45.442-0400: 7509.578: Total time for which application threads were stopped: 0.0000974 seconds, Stopping threads took: 0.0000389 seconds
2016-10-27T01:34:45.444-0400: 7509.580: Total time for which application threads were stopped: 0.0002429 seconds, Stopping threads took: 0.0001655 seconds
2016-10-27T01:34:45.444-0400: 7509.581: Total time for which application threads were stopped: 0.0002466 seconds, Stopping threads took: 0.0001344 seconds
2016-10-27T01:34:45.445-0400: 7509.581: Total time for which application threads were stopped: 0.0003218 seconds, Stopping threads took: 0.0002746 seconds
2016-10-27T01:34:45.445-0400: 7509.582: Total time for which application threads were stopped: 0.0001721 seconds, Stopping threads took: 0.0001061 seconds
2016-10-27T01:34:45.446-0400: 7509.582: Total time for which application threads were stopped: 0.0002147 seconds, Stopping threads took: 0.0001183 seconds
2016-10-27T01:34:45.447-0400: 7509.583: Total time for which application threads were stopped: 0.0005411 seconds, Stopping threads took: 0.0003586 seconds
2016-10-27T01:34:45.447-0400: 7509.584: Total time for which application threads were stopped: 0.0001732 seconds, Stopping threads took: 0.0001290 seconds
2016-10-27T01:34:45.448-0400: 7509.584: Total time for which application threads were stopped: 0.0004221 seconds, Stopping threads took: 0.0003308 seconds
2016-10-27T01:34:45.448-0400: 7509.585: Total time for which application threads were stopped: 0.0000852 seconds, Stopping threads took: 0.0000332 seconds
2016-10-27T01:34:45.449-0400: 7509.585: Total time for which application threads were stopped: 0.0001062 seconds, Stopping threads took: 0.0000662 seconds
2016-10-27T01:34:45.615-0400: 7509.751: Total time for which application threads were stopped: 0.0002419 seconds, Stopping threads took: 0.0001283 seconds
2016-10-27T01:34:45.616-0400: 7509.752: Total time for which application threads were stopped: 0.0007890 seconds, Stopping threads took: 0.0006304 seconds
2016-10-27T01:34:45.617-0400: 7509.753: Total time for which application threads were stopped: 0.0004105 seconds, Stopping threads took: 0.0002300 seconds
2016-10-27T01:34:45.617-0400: 7509.754: Total time for which application threads were stopped: 0.0004352 seconds, Stopping threads took: 0.0003026 seconds
2016-10-27T01:34:45.618-0400: 7509.755: Total time for which application threads were stopped: 0.0004766 seconds, Stopping threads took: 0.0003781 seconds
2016-10-27T01:34:45.619-0400: 7509.755: Total time for which application threads were stopped: 0.0003934 seconds, Stopping threads took: 0.0002666 seconds
2016-10-27T01:34:45.619-0400: 7509.756: Total time for which application threads were stopped: 0.0004020 seconds, Stopping threads took: 0.0003168 seconds
2016-10-27T01:34:45.620-0400: 7509.756: Total time for which application threads were stopped: 0.0005592 seconds, Stopping threads took: 0.0004434 seconds
2016-10-27T01:34:45.621-0400: 7509.757: Total time for which application threads were stopped: 0.0001695 seconds, Stopping threads took: 0.0001168 seconds
2016-10-27T01:34:45.814-0400: 7509.950: Total time for which application threads were stopped: 0.0002234 seconds, Stopping threads took: 0.0001346 seconds
2016-10-27T01:34:45.815-0400: 7509.951: Total time for which application threads were stopped: 0.0004064 seconds, Stopping threads took: 0.0003625 seconds
2016-10-27T01:34:45.815-0400: 7509.951: Total time for which application threads were stopped: 0.0002902 seconds, Stopping threads took: 0.0001959 seconds
2016-10-27T01:34:45.815-0400: 7509.952: Total time for which application threads were stopped: 0.0001204 seconds, Stopping threads took: 0.0000756 seconds
2016-10-27T01:34:45.816-0400: 7509.952: Total time for which application threads were stopped: 0.0001532 seconds, Stopping threads took: 0.0001036 seconds
2016-10-27T01:34:45.816-0400: 7509.952: Total time for which application threads were stopped: 0.0000966 seconds, Stopping threads took: 0.0000616 seconds
2016-10-27T01:34:45.817-0400: 7509.953: Total time for which application threads were stopped: 0.0004261 seconds, Stopping threads took: 0.0003511 seconds
2016-10-27T01:34:45.817-0400: 7509.953: Total time for which application threads were stopped: 0.0002904 seconds, Stopping threads took: 0.0002026 seconds
2016-10-27T01:34:45.817-0400: 7509.954: Total time for which application threads were stopped: 0.0002141 seconds, Stopping threads took: 0.0001586 seconds
2016-10-27T01:34:45.818-0400: 7509.954: Total time for which application threads were stopped: 0.0003724 seconds, Stopping threads took: 0.0002867 seconds
2016-10-27T01:34:45.993-0400: 7510.130: Total time for which application threads were stopped: 0.0004068 seconds, Stopping threads took: 0.0002811 seconds
2016-10-27T01:34:45.994-0400: 7510.130: Total time for which application threads were stopped: 0.0002500 seconds, Stopping threads took: 0.0001500 seconds
2016-10-27T01:34:45.994-0400: 7510.130: Total time for which application threads were stopped: 0.0001105 seconds, Stopping threads took: 0.0000590 seconds
2016-10-27T01:34:45.994-0400: 7510.131: Total time for which application threads were stopped: 0.0001291 seconds, Stopping threads took: 0.0000797 seconds
2016-10-27T01:34:45.995-0400: 7510.131: Total time for which application threads were stopped: 0.0001726 seconds, Stopping threads took: 0.0000541 seconds
2016-10-27T01:34:45.996-0400: 7510.133: Total time for which 