Java HotSpot(TM) 64-Bit Server VM (25.111-b14) for linux-amd64 JRE (1.8.0_111-b14), built on Sep 22 2016 16:14:03 by "java_re" with gcc 4.3.0 20080428 (Red Hat 4.3.0-8)
Memory: 4k page, physical 2044400k(983936k free), swap 1324028k(1324028k free)
CommandLine flags: -XX:CMSInitiatingOccupancyFraction=50 -XX:CMSMaxAbortablePrecleanTime=6000 -XX:+CMSParallelRemarkEnabled -XX:+CMSScavengeBeforeRemark -XX:ConcGCThreads=4 -XX:InitialHeapSize=536870912 -XX:MaxHeapSize=536870912 -XX:MaxTenuringThreshold=8 -XX:NewRatio=3 -XX:OldPLABSize=16 -XX:OnOutOfMemoryError=/root/solr/solr-sgk/bin/oom_solr.sh 8983 /root/solr/solr-sgk/server/logs -XX:ParallelGCThreads=4 -XX:+ParallelRefProcEnabled -XX:PretenureSizeThreshold=67108864 -XX:+PrintGC -XX:+PrintGCApplicationStoppedTime -XX:+PrintGCDateStamps -XX:+PrintGCDetails -XX:+PrintGCTimeStamps -XX:+PrintHeapAtGC -XX:+PrintTenuringDistribution -XX:SurvivorRatio=4 -XX:TargetSurvivorRatio=90 -XX:ThreadStackSize=256 -XX:+UseCMSInitiatingOccupancyOnly -XX:+UseCompressedClassPointers -XX:+UseCompressedOops -XX:+UseConcMarkSweepGC -XX:+UseParNewGC 
2016-10-28T02:31:12.545-0400: 0.305: Total time for which application threads were stopped: 0.0001739 seconds, Stopping threads took: 0.0000702 seconds
2016-10-28T02:31:12.628-0400: 0.388: Total time for which application threads were stopped: 0.0002665 seconds, Stopping threads took: 0.0001197 seconds
2016-10-28T02:31:12.714-0400: 0.474: Total time for which application threads were stopped: 0.0003585 seconds, Stopping threads took: 0.0001996 seconds
2016-10-28T02:31:12.762-0400: 0.522: Total time for which application threads were stopped: 0.0001520 seconds, Stopping threads took: 0.0000358 seconds
2016-10-28T02:31:12.784-0400: 0.545: Total time for which application threads were stopped: 0.0003554 seconds, Stopping threads took: 0.0001778 seconds
2016-10-28T02:31:12.796-0400: 0.556: Total time for which application threads were stopped: 0.0004226 seconds, Stopping threads took: 0.0001851 seconds
{Heap before GC invocations=0 (full 0):
 par new generation   total 109248K, used 87424K [0x00000000e0000000, 0x00000000e8000000, 0x00000000e8000000)
  eden space 87424K, 100% used [0x00000000e0000000, 0x00000000e5560000, 0x00000000e5560000)
  from space 21824K,   0% used [0x00000000e5560000, 0x00000000e5560000, 0x00000000e6ab0000)
  to   space 21824K,   0% used [0x00000000e6ab0000, 0x00000000e6ab0000, 0x00000000e8000000)
 concurrent mark-sweep generation total 393216K, used 0K [0x00000000e8000000, 0x0000000100000000, 0x0000000100000000)
 Metaspace       used 10104K, capacity 10268K, committed 10496K, reserved 1058816K
  class space    used 1161K, capacity 1208K, committed 1280K, reserved 1048576K
2016-10-28T02:31:13.038-0400: 0.798: [GC (Allocation Failure) 2016-10-28T02:31:13.038-0400: 0.798: [ParNew
Desired survivor size 20112992 bytes, new threshold 8 (max 8)
- age   1:    5534472 bytes,    5534472 total
: 87424K->5466K(109248K), 0.0209580 secs] 87424K->5466K(502464K), 0.0210361 secs] [Times: user=0.01 sys=0.02, real=0.02 secs] 
Heap after GC invocations=1 (full 0):
 par new generation   total 109248K, used 5466K [0x00000000e0000000, 0x00000000e8000000, 0x00000000e8000000)
  eden space 87424K,   0% used [0x00000000e0000000, 0x00000000e0000000, 0x00000000e5560000)
  from space 21824K,  25% used [0x00000000e6ab0000, 0x00000000e7006a50, 0x00000000e8000000)
  to   space 21824K,   0% used [0x00000000e5560000, 0x00000000e5560000, 0x00000000e6ab0000)
 concurrent mark-sweep generation total 393216K, used 0K [0x00000000e8000000, 0x0000000100000000, 0x0000000100000000)
 Metaspace       used 10104K, capacity 10268K, committed 10496K, reserved 1058816K
  class space    used 1161K, capacity 1208K, committed 1280K, reserved 1048576K
}
2016-10-28T02:31:13.059-0400: 0.819: Total time for which application threads were stopped: 0.0274137 seconds, Stopping threads took: 0.0061527 seconds
2016-10-28T02:31:13.144-0400: 0.904: Total time for which application threads were stopped: 0.0005353 seconds, Stopping threads took: 0.0002925 seconds
2016-10-28T02:31:13.188-0400: 0.948: Total time for which application threads were stopped: 0.0004920 seconds, Stopping threads took: 0.0001293 seconds
2016-10-28T02:31:13.309-0400: 1.069: Total time for which application threads were stopped: 0.0004841 seconds, Stopping threads took: 0.0001936 seconds
2016-10-28T02:31:13.310-0400: 1.070: Total time for which application threads were stopped: 0.0003454 seconds, Stopping threads took: 0.0001478 seconds
2016-10-28T02:31:13.314-0400: 1.075: Total time for which application threads were stopped: 0.0002582 seconds, Stopping threads took: 0.0000848 seconds
2016-10-28T02:31:13.503-0400: 1.263: Total time for which application threads were stopped: 0.0005298 seconds, Stopping threads took: 0.0003014 seconds
2016-10-28T02:31:13.829-0400: 1.589: Total time for which application threads were stopped: 0.0004905 seconds, Stopping threads took: 0.0002056 seconds
{Heap before GC invocations=1 (full 0):
 par new generation   total 109248K, used 92890K [0x00000000e0000000, 0x00000000e8000000, 0x00000000e8000000)
  eden space 87424K, 100% used [0x00000000e0000000, 0x00000000e5560000, 0x00000000e5560000)
  from space 21824K,  25% used [0x00000000e6ab0000, 0x00000000e7006a50, 0x00000000e8000000)
  to   space 21824K,   0% used [0x00000000e5560000, 0x00000000e5560000, 0x00000000e6ab0000)
 concurrent mark-sweep generation total 393216K, used 0K [0x00000000e8000000, 0x0000000100000000, 0x0000000100000000)
 Metaspace       used 19521K, capacity 19810K, committed 20096K, reserved 1067008K
  class space    used 2305K, capacity 2398K, committed 2432K, reserved 1048576K
2016-10-28T02:31:13.846-0400: 1.606: [GC (Allocation Failure) 2016-10-28T02:31:13.846-0400: 1.606: [ParNew
Desired survivor size 20112992 bytes, new threshold 8 (max 8)
- age   1:    8580256 bytes,    8580256 total
- age   2:    2472320 bytes,   11052576 total
: 92890K->12495K(109248K), 0.0225200 secs] 92890K->12495K(502464K), 0.0225984 secs] [Times: user=0.01 sys=0.04, real=0.03 secs] 
Heap after GC invocations=2 (full 0):
 par new generation   total 109248K, used 12495K [0x00000000e0000000, 0x00000000e8000000, 0x00000000e8000000)
  eden space 87424K,   0% used [0x00000000e0000000, 0x00000000e0000000, 0x00000000e5560000)
  from space 21824K,  57% used [0x00000000e5560000, 0x00000000e6193f10, 0x00000000e6ab0000)
  to   space 21824K,   0% used [0x00000000e6ab0000, 0x00000000e6ab0000, 0x00000000e8000000)
 concurrent mark-sweep generation total 393216K, used 0K [0x00000000e8000000, 0x0000000100000000, 0x0000000100000000)
 Metaspace       used 19521K, capacity 19810K, committed 20096K, reserved 1067008K
  class space    used 2305K, capacity 2398K, committed 2432K, reserved 1048576K
}
2016-10-28T02:31:13.869-0400: 1.629: Total time for which application threads were stopped: 0.0231076 seconds, Stopping threads took: 0.0002597 seconds
2016-10-28T02:31:13.890-0400: 1.650: Total time for which application threads were stopped: 0.0018331 seconds, Stopping threads took: 0.0014786 seconds
2016-10-28T02:31:13.909-0400: 1.669: Total time for which application threads were stopped: 0.0005317 seconds, Stopping threads took: 0.0002199 seconds
2016-10-28T02:31:13.933-0400: 1.693: Total time for which application threads were stopped: 0.0018304 seconds, Stopping threads took: 0.0013615 seconds
2016-10-28T02:31:13.984-0400: 1.744: Total time for which application threads were stopped: 0.0003556 seconds, Stopping threads took: 0.0002408 seconds
2016-10-28T02:31:14.008-0400: 1.768: Total time for which application threads were stopped: 0.0003166 seconds, Stopping threads took: 0.0001930 seconds
2016-10-28T02:31:14.034-0400: 1.794: Total time for which application threads were stopped: 0.0002818 seconds, Stopping threads took: 0.0001349 seconds
2016-10-28T02:31:14.100-0400: 1.860: Total time for which application threads were stopped: 0.0003342 seconds, Stopping threads took: 0.0001834 seconds
{Heap before GC invocations=2 (full 0):
 par new generation   total 109248K, used 99919K [0x00000000e0000000, 0x00000000e8000000, 0x00000000e8000000)
  eden space 87424K, 100% used [0x00000000e0000000, 0x00000000e5560000, 0x00000000e5560000)
  from space 21824K,  57% used [0x00000000e5560000, 0x00000000e6193f10, 0x00000000e6ab0000)
  to   space 21824K,   0% used [0x00000000e6ab0000, 0x00000000e6ab0000, 0x00000000e8000000)
 concurrent mark-sweep generation total 393216K, used 0K [0x00000000e8000000, 0x0000000100000000, 0x0000000100000000)
 Metaspace       used 22025K, capacity 22356K, committed 22548K, reserved 1069056K
  class space    used 2626K, capacity 2741K, committed 2760K, reserved 1048576K
2016-10-28T02:31:14.195-0400: 1.955: [GC (Allocation Failure) 2016-10-28T02:31:14.195-0400: 1.956: [ParNew
Desired survivor size 20112992 bytes, new threshold 8 (max 8)
- age   1:    3041568 bytes,    3041568 total
- age   2:    3017328 bytes,    6058896 total
- age   3:    2469384 bytes,    8528280 total
: 99919K->11234K(109248K), 0.0184910 secs] 99919K->11234K(502464K), 0.0185856 secs] [Times: user=0.04 sys=0.00, real=0.02 secs] 
Heap after GC invocations=3 (full 0):
 par new generation   total 109248K, used 11234K [0x00000000e0000000, 0x00000000e8000000, 0x00000000e8000000)
  eden space 87424K,   0% used [0x00000000e0000000, 0x00000000e0000000, 0x00000000e5560000)
  from space 21824K,  51% used [0x00000000e6ab0000, 0x00000000e75a8a70, 0x00000000e8000000)
  to   space 21824K,   0% used [0x00000000e5560000, 0x00000000e5560000, 0x00000000e6ab0000)
 concurrent mark-sweep generation total 393216K, used 0K [0x00000000e8000000, 0x0000000100000000, 0x0000000100000000)
 Metaspace       used 22025K, capacity 22356K, committed 22548K, reserved 1069056K
  class space    used 2626K, capacity 2741K, committed 2760K, reserved 1048576K
}
2016-10-28T02:31:14.214-0400: 1.974: Total time for which application threads were stopped: 0.0188996 seconds, Stopping threads took: 0.0000983 seconds
2016-10-28T02:31:14.215-0400: 1.975: [GC (CMS Initial Mark) [1 CMS-initial-mark: 0K(393216K)] 12182K(502464K), 0.0035031 secs] [Times: user=0.00 sys=0.01, real=0.00 secs] 
2016-10-28T02:31:14.218-0400: 1.979: Total time for which application threads were stopped: 0.0037077 seconds, Stopping threads took: 0.0000898 seconds
2016-10-28T02:31:14.219-0400: 1.979: [CMS-concurrent-mark-start]
2016-10-28T02:31:14.219-0400: 1.979: [CMS-concurrent-mark: 0.000/0.000 secs] [Times: user=0.00 sys=0.00, real=0.00 secs] 
2016-10-28T02:31:14.219-0400: 1.979: [CMS-concurrent-preclean-start]
2016-10-28T02:31:14.220-0400: 1.980: [CMS-concurrent-preclean: 0.001/0.001 secs] [Times: user=0.01 sys=0.00, real=0.01 secs] 
2016-10-28T02:31:14.220-0400: 1.980: [GC (CMS Final Remark) [YG occupancy: 12182 K (109248 K)]{Heap before GC invocations=3 (full 1):
 par new generation   total 109248K, used 12182K [0x00000000e0000000, 0x00000000e8000000, 0x00000000e8000000)
  eden space 87424K,   1% used [0x00000000e0000000, 0x00000000e00ed160, 0x00000000e5560000)
  from space 21824K,  51% used [0x00000000e6ab0000, 0x00000000e75a8a70, 0x00000000e8000000)
  to   space 21824K,   0% used [0x00000000e5560000, 0x00000000e5560000, 0x00000000e6ab0000)
 concurrent mark-sweep generation total 393216K, used 0K [0x00000000e8000000, 0x0000000100000000, 0x0000000100000000)
 Metaspace       used 22025K, capacity 22356K, committed 22548K, reserved 1069056K
  class space    used 2626K, capacity 2741K, committed 2760K, reserved 1048576K
2016-10-28T02:31:14.220-0400: 1.980: [GC (CMS Final Remark) 2016-10-28T02:31:14.220-0400: 1.980: [ParNew
Desired survivor size 20112992 bytes, new threshold 8 (max 8)
- age   1:       1440 bytes,       1440 total
- age   2:    1328592 bytes,    1330032 total
- age   3:    3015824 bytes,    4345856 total
- age   4:    2469496 bytes,    6815352 total
: 12182K->9397K(109248K), 0.0102216 secs] 12182K->9397K(502464K), 0.0102690 secs] [Times: user=0.03 sys=0.00, real=0.01 secs] 
Heap after GC invocations=4 (full 1):
 par new generation   total 109248K, used 9397K [0x00000000e0000000, 0x00000000e8000000, 0x00000000e8000000)
  eden space 87424K,   0% used [0x00000000e0000000, 0x00000000e0000000, 0x00000000e5560000)
  from space 21824K,  43% used [0x00000000e5560000, 0x00000000e5e8d600, 0x00000000e6ab0000)
  to   space 21824K,   0% used [0x00000000e6ab0000, 0x00000000e6ab0000, 0x00000000e8000000)
 concurrent mark-sweep generation total 393216K, used 0K [0x00000000e8000000, 0x0000000100000000, 0x0000000100000000)
 Metaspace       used 22025K, capacity 22356K, committed 22548K, reserved 1069056K
  class space    used 2626K, capacity 2741K, committed 2760K, reserved 1048576K
}
2016-10-28T02:31:14.230-0400: 1.991: [Rescan (parallel) , 0.0022875 secs]2016-10-28T02:31:14.233-0400: 1.993: [weak refs processing, 0.0027968 secs]2016-10-28T02:31:14.236-0400: 1.996: [class unloading, 0.0030313 secs]2016-10-28T02:31:14.239-0400: 1.999: [scrub symbol table, 0.0020739 secs]2016-10-28T02:31:14.241-0400: 2.001: [scrub string table, 0.0002844 secs][1 CMS-remark: 0K(393216K)] 9397K(502464K), 0.0216836 secs] [Times: user=0.04 sys=0.00, real=0.02 secs] 
2016-10-28T02:31:14.242-0400: 2.002: Total time for which application threads were stopped: 0.0218858 seconds, Stopping threads took: 0.0000767 seconds
2016-10-28T02:31:14.242-0400: 2.002: [CMS-concurrent-sweep-start]
2016-10-28T02:31:14.242-0400: 2.002: [CMS-concurrent-sweep: 0.000/0.000 secs] [Times: user=0.00 sys=0.00, real=0.00 secs] 
2016-10-28T02:31:14.242-0400: 2.002: [CMS-concurrent-reset-start]
2016-10-28T02:31:14.247-0400: 2.007: [CMS-concurrent-reset: 0.005/0.005 secs] [Times: user=0.01 sys=0.01, real=0.00 secs] 
{Heap before GC invocations=4 (full 1):
 par new generation   total 109248K, used 96821K [0x00000000e0000000, 0x00000000e8000000, 0x00000000e8000000)
  eden space 87424K, 100% used [0x00000000e0000000, 0x00000000e5560000, 0x00000000e5560000)
  from space 21824K,  43% used [0x00000000e5560000, 0x00000000e5e8d600, 0x00000000e6ab0000)
  to   space 21824K,   0% used [0x00000000e6ab0000, 0x00000000e6ab0000, 0x00000000e8000000)
 concurrent mark-sweep generation total 393216K, used 0K [0x00000000e8000000, 0x0000000100000000, 0x0000000100000000)
 Metaspace       used 23761K, capacity 24048K, committed 24520K, reserved 1071104K
  class space    used 2863K, capacity 2939K, committed 3016K, reserved 1048576K
2016-10-28T02:31:14.515-0400: 2.276: [GC (Allocation Failure) 2016-10-28T02:31:14.515-0400: 2.276: [ParNew
Desired survivor size 20112992 bytes, new threshold 8 (max 8)
- age   1:    1672720 bytes,    1672720 total
- age   2:        344 bytes,    1673064 total
- age   3:     707472 bytes,    2380536 total
- age   4:    3009944 bytes,    5390480 total
- age   5:    2469160 bytes,    7859640 total
: 96821K->9595K(109248K), 0.0162012 secs] 96821K->9595K(502464K), 0.0162636 secs] [Times: user=0.03 sys=0.00, real=0.02 secs] 
Heap after GC invocations=5 (full 1):
 par new generation   total 109248K, used 9595K [0x00000000e0000000, 0x00000000e8000000, 0x00000000e8000000)
  eden space 87424K,   0% used [0x00000000e0000000, 0x00000000e0000000, 0x00000000e5560000)
  from space 21824K,  43% used [0x00000000e6ab0000, 0x00000000e740ee30, 0x00000000e8000000)
  to   space 21824K,   0% used [0x00000000e5560000, 0x00000000e5560000, 0x00000000e6ab0000)
 concurrent mark-sweep generation total 393216K, used 0K [0x00000000e8000000, 0x0000000100000000, 0x0000000100000000)
 Metaspace       used 23761K, capacity 24048K, committed 24520K, reserved 1071104K
  class space    used 2863K, capacity 2939K, committed 3016K, reserved 1048576K
}
2016-10-28T02:31:14.532-0400: 2.292: Total time for which application threads were stopped: 0.0165645 seconds, Stopping threads took: 0.0001063 seconds
2016-10-28T02:31:14.552-0400: 2.313: Total time for which application threads were stopped: 0.0004590 seconds, Stopping threads took: 0.0001276 seconds
2016-10-28T02:31:14.632-0400: 2.393: Total time for which application threads were stopped: 0.0004755 seconds, Stopping threads took: 0.0001106 seconds
2016-10-28T02:31:14.646-0400: 2.406: Total time for which application threads were stopped: 0.0003748 seconds, Stopping threads took: 0.0000803 seconds
2016-10-28T02:31:15.647-0400: 3.407: Total time for which application threads were stopped: 0.0003140 seconds, Stopping threads took: 0.0001724 seconds
2016-10-28T02:31:16.337-0400: 4.097: Total time for which application threads were stopped: 0.0007121 seconds, Stopping threads took: 0.0000951 seconds
2016-10-28T02:31:17.236-0400: 4.996: Total time for which application threads were stopped: 0.0003391 seconds, Stopping threads took: 0.0001217 seconds
2016-10-28T02:31:17.236-0400: 4.996: Total time for which application threads were stopped: 0.0002540 seconds, Stopping threads took: 0.0000928 seconds
2016-10-28T02:31:17.239-0400: 4.999: Total time for which application threads were stopped: 0.0006346 seconds, Stopping threads took: 0.0004104 seconds
2016-10-28T02:31:17.240-0400: 5.000: Total time for which application threads were stopped: 0.0010191 seconds, Stopping threads took: 0.0008640 seconds
2016-10-28T02:31:17.241-0400: 5.001: Total time for which application threads were stopped: 0.0001610 seconds, Stopping threads took: 0.0000666 seconds
2016-10-28T02:31:17.244-0400: 5.004: Total time for which application threads were stopped: 0.0028706 seconds, Stopping threads took: 0.0026818 seconds
2016-10-28T02:31:17.245-0400: 5.005: Total time for which application threads were stopped: 0.0004854 seconds, Stopping threads took: 0.0003892 seconds
2016-10-28T02:31:17.247-0400: 5.007: Total time for which application threads were stopped: 0.0002023 seconds, Stopping threads took: 0.0001307 seconds
2016-10-28T02:31:17.257-0400: 5.018: Total time for which application threads were stopped: 0.0001889 seconds, Stopping threads took: 0.0000643 seconds
2016-10-28T02:31:17.260-0400: 5.020: Total time for which application threads were stopped: 0.0002260 seconds, Stopping threads took: 0.0001477 seconds
2016-10-28T02:31:17.262-0400: 5.022: Total time for which application threads were stopped: 0.0001690 seconds, Stopping threads took: 0.0001001 seconds
2016-10-28T02:31:17.262-0400: 5.023: Total time for which application threads were stopped: 0.0001223 seconds, Stopping threads took: 0.0000630 seconds
2016-10-28T02:31:17.266-0400: 5.026: Total time for which application threads were stopped: 0.0016847 seconds, Stopping threads took: 0.0016169 seconds
2016-10-28T02:31:17.274-0400: 5.034: Total time for which application threads were stopped: 0.0006533 seconds, Stopping threads took: 0.0005877 seconds
2016-10-28T02:31:17.276-0400: 5.036: Total time for which application threads were stopped: 0.0001205 seconds, Stopping threads took: 0.0000627 seconds
2016-10-28T02:31:17.277-0400: 5.037: Total time for which application threads were stopped: 0.0002046 seconds, Stopping threads took: 0.0001225 seconds
2016-10-28T02:31:17.277-0400: 5.038: Total time for which application threads were stopped: 0.0002217 seconds, Stopping threads took: 0.0001038 seconds
2016-10-28T02:31:17.282-0400: 5.042: Total time for which application threads were stopped: 0.0003080 seconds, Stopping threads took: 0.0001717 seconds
2016-10-28T02:31:17.283-0400: 5.043: Total time for which application threads were stopped: 0.0002099 seconds, Stopping threads took: 0.0001282 seconds
2016-10-28T02:31:17.288-0400: 5.048: Total time for which application threads were stopped: 0.0023811 seconds, Stopping threads took: 0.0022158 seconds
2016-10-28T02:31:17.293-0400: 5.053: Total time for which application threads were stopped: 0.0011316 seconds, Stopping threads took: 0.0009504 seconds
2016-10-28T02:31:17.297-0400: 5.057: Total time for which application threads were stopped: 0.0001691 seconds, Stopping threads took: 0.0001037 seconds
2016-10-28T02:31:17.452-0400: 5.212: Total time for which application threads were stopped: 0.0004459 seconds, Stopping threads took: 0.0003030 seconds
2016-10-28T02:31:17.453-0400: 5.214: Total time for which application threads were stopped: 0.0004624 seconds, Stopping threads took: 0.0003378 seconds
2016-10-28T02:31:17.456-0400: 5.216: Total time for which application threads were stopped: 0.0008990 seconds, Stopping threads took: 0.0003683 seconds
2016-10-28T02:31:17.459-0400: 5.219: Total time for which application threads were stopped: 0.0018406 seconds, Stopping threads took: 0.0016074 seconds
2016-10-28T02:31:17.461-0400: 5.221: Total time for which application threads were stopped: 0.0009672 seconds, Stopping threads took: 0.0004990 seconds
2016-10-28T02:31:17.518-0400: 5.278: Total time for which application threads were stopped: 0.0001639 seconds, Stopping threads took: 0.0000663 seconds
2016-10-28T02:31:17.520-0400: 5.280: Total time for which application threads were stopped: 0.0002894 seconds, Stopping threads took: 0.0002227 seconds
2016-10-28T02:31:17.580-0400: 5.340: Total time for which application threads were stopped: 0.0011978 seconds, Stopping threads took: 0.0010014 seconds
2016-10-28T02:31:17.594-0400: 5.355: Total time for which application threads were stopped: 0.0006349 seconds, Stopping threads took: 0.0004549 seconds
2016-10-28T02:31:17.596-0400: 5.356: Total time for which application threads were stopped: 0.0006392 seconds, Stopping threads took: 0.0005313 seconds
2016-10-28T02:31:17.596-0400: 5.357: Total time for which application threads were stopped: 0.0005945 seconds, Stopping threads took: 0.0004794 seconds
2016-10-28T02:31:17.597-0400: 5.357: Total time for which application threads were stopped: 0.0000729 seconds, Stopping threads took: 0.0000120 seconds
2016-10-28T02:31:17.597-0400: 5.357: Total time for which application threads were stopped: 0.0001062 seconds, Stopping threads took: 0.0000664 seconds
2016-10-28T02:31:17.597-0400: 5.357: Total time for which application threads were stopped: 0.0000603 seconds, Stopping threads took: 0.0000177 seconds
2016-10-28T02:31:17.605-0400: 5.365: Total time for which application threads were stopped: 0.0033968 seconds, Stopping threads took: 0.0031197 seconds
2016-10-28T02:31:17.606-0400: 5.366: Total time for which application threads were stopped: 0.0003641 seconds, Stopping threads took: 0.0002316 seconds
2016-10-28T02:31:17.609-0400: 5.369: Total time for which application threads were stopped: 0.0007652 seconds, Stopping threads took: 0.0004558 seconds
2016-10-28T02:31:17.613-0400: 5.373: Total time for which application threads were stopped: 0.0008337 seconds, Stopping threads took: 0.0005330 seconds
2016-10-28T02:31:17.617-0400: 5.377: Total time for which application threads were stopped: 0.0005519 seconds, Stopping threads took: 0.0003780 seconds
2016-10-28T02:31:17.621-0400: 5.381: Total time for which application threads were stopped: 0.0006925 seconds, Stopping threads took: 0.0004245 seconds
2016-10-28T02:31:17.830-0400: 5.590: Total time for which application threads were stopped: 0.0004676 seconds, Stopping threads took: 0.0001099 seconds
2016-10-28T02:31:17.833-0400: 5.593: Total time for which application threads were stopped: 0.0003674 seconds, Stopping threads took: 0.0002458 seconds
2016-10-28T02:31:17.834-0400: 5.595: Total time for which application threads were stopped: 0.0009841 seconds, Stopping threads took: 0.0007695 seconds
2016-10-28T02:31:17.840-0400: 5.600: Total time for which application threads were stopped: 0.0054836 seconds, Stopping threads took: 0.0052378 seconds
2016-10-28T02:31:17.842-0400: 5.602: Total time for which application threads were stopped: 0.0005497 seconds, Stopping threads took: 0.0003002 seconds
2016-10-28T02:31:17.844-0400: 5.604: Total time for which application threads were stopped: 0.0001399 seconds, Stopping threads took: 0.0000803 seconds
2016-10-28T02:31:17.844-0400: 5.604: Total time for which application threads were stopped: 0.0003299 seconds, Stopping threads took: 0.0001900 seconds
2016-10-28T02:31:17.845-0400: 5.605: Total time for which application threads were stopped: 0.0002502 seconds, Stopping threads took: 0.0001454 seconds
2016-10-28T02:31:18.846-0400: 6.606: Total time for which application threads were stopped: 0.0001935 seconds, Stopping threads took: 0.0001114 seconds
2016-10-28T02:31:20.185-0400: 7.945: Total time for which application threads were stopped: 0.0036345 seconds, Stopping threads took: 0.0032615 seconds
2016-10-28T02:31:20.185-0400: 7.945: Total time for which application threads were stopped: 0.0001559 seconds, Stopping threads took: 0.0000315 seconds
2016-10-28T02:31:20.186-0400: 7.946: Total time for which application threads were stopped: 0.0001281 seconds, Stopping threads took: 0.0000693 seconds
2016-10-28T02:31:20.186-0400: 7.946: Total time for which application threads were stopped: 0.0002687 seconds, Stopping threads took: 0.0002023 seconds
2016-10-28T02:31:20.186-0400: 7.946: Total time for which application threads were stopped: 0.0002359 seconds, Stopping threads took: 0.0001321 seconds
2016-10-28T02:31:20.190-0400: 7.951: Total time for which application threads were stopped: 0.0004419 seconds, Stopping threads took: 0.0003324 seconds
2016-10-28T02:31:20.191-0400: 7.951: Total time for which application threads were stopped: 0.0003493 seconds, Stopping threads took: 0.0002018 seconds
2016-10-28T02:31:20.192-0400: 7.952: Total time for which application threads were stopped: 0.0001236 seconds, Stopping threads took: 0.0000770 seconds
2016-10-28T02:31:20.197-0400: 7.957: Total time for which application threads were stopped: 0.0003073 seconds, Stopping threads took: 0.0002213 seconds
2016-10-28T02:31:20.197-0400: 7.957: Total time for which application threads were stopped: 0.0001985 seconds, Stopping threads took: 0.0001081 seconds
2016-10-28T02:31:20.197-0400: 7.957: Total time for which application threads were stopped: 0.0000430 seconds, Stopping threads took: 0.0000085 seconds
2016-10-28T02:31:20.197-0400: 7.957: Total time for which application threads were stopped: 0.0000994 seconds, Stopping threads took: 0.0000084 seconds
2016-10-28T02:31:20.198-0400: 7.958: Total time for which application threads were stopped: 0.0000526 seconds, Stopping threads took: 0.0000081 seconds
2016-10-28T02:31:20.199-0400: 7.959: Total time for which application threads were stopped: 0.0006144 seconds, Stopping threads took: 0.0005096 seconds
2016-10-28T02:31:20.200-0400: 7.960: Total time for which application threads were stopped: 0.0001895 seconds, Stopping threads took: 0.0001240 seconds
2016-10-28T02:31:20.205-0400: 7.965: Total time for which application threads were stopped: 0.0004867 seconds, Stopping threads took: 0.0002498 seconds
2016-10-28T02:31:20.206-0400: 7.966: Total time for which application threads were stopped: 0.0009433 seconds, Stopping threads took: 0.0006725 seconds
2016-10-28T02:31:20.206-0400: 7.966: Total time for which application threads were stopped: 0.0003764 seconds, Stopping threads took: 0.0001760 seconds
2016-10-28T02:31:20.206-0400: 7.967: Total time for which application threads were stopped: 0.0001829 seconds, Stopping threads took: 0.0000656 seconds
2016-10-28T02:31:20.207-0400: 7.967: Total time for which application threads were stopped: 0.0001437 seconds, Stopping threads took: 0.0000531 seconds
2016-10-28T02:31:20.211-0400: 7.971: Total time for which application threads were stopped: 0.0004575 seconds, Stopping threads took: 0.0002988 seconds
2016-10-28T02:31:20.211-0400: 7.971: Total time for which application threads were stopped: 0.0001661 seconds, Stopping threads took: 0.0000946 seconds
2016-10-28T02:31:20.212-0400: 7.972: Total time for which application threads were stopped: 0.0006520 seconds, Stopping threads took: 0.0005466 seconds
2016-10-28T02:31:20.212-0400: 7.973: Total time for which application threads were stopped: 0.0003303 seconds, Stopping threads took: 0.0002038 seconds
2016-10-28T02:31:20.213-0400: 7.973: Total time for which application threads were stopped: 0.0001131 seconds, Stopping threads took: 0.0000725 seconds
2016-10-28T02:31:21.214-0400: 8.974: Total time for which application threads were stopped: 0.0001776 seconds, Stopping threads took: 0.0001006 seconds
2016-10-28T02:31:22.469-0400: 10.229: Total time for which application threads were stopped: 0.0006555 seconds, Stopping threads took: 0.0001419 seconds
2016-10-28T02:31:23.470-0400: 11.230: Total time for which application threads were stopped: 0.0004999 seconds, Stopping threads took: 0.0003800 seconds
2016-10-28T02:31:30.717-0400: 18.477: Total time for which application threads were stopped: 0.0005345 seconds, Stopping threads took: 0.0003779 seconds
2016-10-28T02:31:30.787-0400: 18.547: Total time for which application threads were stopped: 0.0002240 seconds, Stopping threads took: 0.0001051 seconds
2016-10-28T02:31:30.853-0400: 18.613: Total time for which application threads were stopped: 0.0006881 seconds, Stopping threads took: 0.0001251 seconds
2016-10-28T02:31:31.058-0400: 18.819: Total time for which application threads were stopped: 0.0004119 seconds, Stopping threads took: 0.0000689 seconds
{Heap before GC invocations=5 (full 1):
 par new generation   total 109248K, used 97019K [0x00000000e0000000, 0x00000000e8000000, 0x00000000e8000000)
  eden space 87424K, 100% used [0x00000000e0000000, 0x00000000e5560000, 0x00000000e5560000)
  from space 21824K,  43% used [0x00000000e6ab0000, 0x00000000e740ee30, 0x00000000e8000000)
  to   space 21824K,   0% used [0x00000000e5560000, 0x00000000e5560000, 0x00000000e6ab0000)
 concurrent mark-sweep generation total 393216K, used 0K [0x00000000e8000000, 0x0000000100000000, 0x0000000100000000)
 Metaspace       used 32547K, capacity 32918K, committed 33224K, reserved 1079296K
  class space    used 3850K, capacity 3968K, committed 4040K, reserved 1048576K
2016-10-28T02:31:31.156-0400: 18.916: [GC (Allocation Failure) 2016-10-28T02:31:31.156-0400: 18.916: [ParNew
Desired survivor size 20112992 bytes, new threshold 6 (max 8)
- age   1:   15656360 bytes,   15656360 total
- age   2:     346968 bytes,   16003328 total
- age   3:        344 bytes,   16003672 total
- age   4:     697704 bytes,   16701376 total
- age   5:    2963160 bytes,   19664536 total
- age   6:    2444016 bytes,   22108552 total
: 97019K->21824K(109248K), 0.0293700 secs] 97019K->22722K(502464K), 0.0294500 secs] [Times: user=0.05 sys=0.03, real=0.03 secs] 
Heap after GC invocations=6 (full 1):
 par new generation   total 109248K, used 21824K [0x00000000e0000000, 0x00000000e8000000, 0x00000000e8000000)
  eden space 87424K,   0% used [0x00000000e0000000, 0x00000000e0000000, 0x00000000e5560000)
  from space 21824K, 100% used [0x00000000e5560000, 0x00000000e6ab0000, 0x00000000e6ab0000)
  to   space 21824K,   0% used [0x00000000e6ab0000, 0x00000000e6ab0000, 0x00000000e8000000)
 concurrent mark-sweep generation total 393216K, used 898K [0x00000000e8000000, 0x0000000100000000, 0x0000000100000000)
 Metaspace       used 32547K, capacity 32918K, committed 33224K, reserved 1079296K
  class space    used 3850K, capacity 3968K, committed 4040K, reserved 1048576K
}
2016-10-28T02:31:31.185-0400: 18.945: Total time for which application threads were stopped: 0.0300141 seconds, Stopping threads took: 0.0003090 seconds
2016-10-28T02:31:31.187-0400: 18.948: Total time for which application threads were stopped: 0.0002930 seconds, Stopping threads took: 0.0001618 seconds
2016-10-28T02:31:31.188-0400: 18.948: Total time for which application threads were stopped: 0.0003073 seconds, Stopping threads took: 0.0002032 seconds
2016-10-28T02:31:31.188-0400: 18.948: Total time for which application threads were stopped: 0.0001680 seconds, Stopping threads took: 0.0001074 seconds
2016-10-28T02:31:31.188-0400: 18.948: Total time for which application threads were stopped: 0.0002075 seconds, Stopping threads took: 0.0001390 seconds
2016-10-28T02:31:31.189-0400: 18.949: Total time for which application threads were stopped: 0.0002441 seconds, Stopping threads took: 0.0001477 seconds
2016-10-28T02:31:31.189-0400: 18.949: Total time for which application threads were stopped: 0.0002262 seconds, Stopping threads took: 0.0001470 seconds
2016-10-28T02:31:31.189-0400: 18.949: Total time for which application threads were stopped: 0.0003131 seconds, Stopping threads took: 0.0002411 seconds
2016-10-28T02:31:31.189-0400: 18.950: Total time for which application threads were stopped: 0.0002494 seconds, Stopping threads took: 0.0001466 seconds
2016-10-28T02:31:31.190-0400: 18.950: Total time for which application threads were stopped: 0.0001798 seconds, Stopping threads took: 0.0001200 seconds
2016-10-28T02:31:31.190-0400: 18.950: Total time for which application threads were stopped: 0.0001587 seconds, Stopping threads took: 0.0001005 seconds
2016-10-28T02:31:31.190-0400: 18.951: Total time for which application threads were stopped: 0.0003779 seconds, Stopping threads took: 0.0002822 seconds
2016-10-28T02:31:31.191-0400: 18.951: Total time for which application threads were stopped: 0.0006208 seconds, Stopping threads took: 0.0003947 seconds
2016-10-28T02:31:31.283-0400: 19.043: Total time for which application threads were stopped: 0.0002728 seconds, Stopping threads took: 0.0001499 seconds
{Heap before GC invocations=6 (full 1):
 par new generation   total 109248K, used 109248K [0x00000000e0000000, 0x00000000e8000000, 0x00000000e8000000)
  eden space 87424K, 100% used [0x00000000e0000000, 0x00000000e5560000, 0x00000000e5560000)
  from space 21824K, 100% used [0x00000000e5560000, 0x00000000e6ab0000, 0x00000000e6ab0000)
  to   space 21824K,   0% used [0x00000000e6ab0000, 0x00000000e6ab0000, 0x00000000e8000000)
 concurrent mark-sweep generation total 393216K, used 898K [0x00000000e8000000, 0x0000000100000000, 0x0000000100000000)
 Metaspace       used 32905K, capacity 33302K, committed 33736K, reserved 1079296K
  class space    used 3870K, capacity 3968K, committed 4040K, reserved 1048576K
2016-10-28T02:31:31.454-0400: 19.215: [GC (Allocation Failure) 2016-10-28T02:31:31.454-0400: 19.215: [ParNew
Desired survivor size 20112992 bytes, new threshold 6 (max 8)
- age   1:   10763080 bytes,   10763080 total
- age   2:    7574856 bytes,   18337936 total
- age   3:     346968 bytes,   18684904 total
- age   4:        344 bytes,   18685248 total
- age   5:     697704 bytes,   19382952 total
- age   6:    2962312 bytes,   22345264 total
: 109248K->21824K(109248K), 0.5514059 secs] 110146K->46870K(502464K), 0.5514861 secs] [Times: user=0.09 sys=0.81, real=0.55 secs] 
Heap after GC invocations=7 (full 1):
 par new generation   total 109248K, used 21824K [0x00000000e0000000, 0x00000000e8000000, 0x00000000e8000000)
  eden space 87424K,   0% used [0x00000000e0000000, 0x00000000e0000000, 0x00000000e5560000)
  from space 21824K, 100% used [0x00000000e6ab0000, 0x00000000e8000000, 0x00000000e8000000)
  to   space 21824K,   0% used [0x00000000e5560000, 0x00000000e5560000, 0x00000000e6ab0000)
 concurrent mark-sweep generation total 393216K, used 25046K [0x00000000e8000000, 0x0000000100000000, 0x0000000100000000)
 Metaspace       used 32905K, capacity 33302K, committed 33736K, reserved 1079296K
  class space    used 3870K, capacity 3968K, committed 4040K, reserved 1048576K
}
2016-10-28T02:31:32.006-0400: 19.766: Total time for which application threads were stopped: 0.5518904 seconds, Stopping threads took: 0.0001626 seconds
2016-10-28T02:31:32.009-0400: 19.769: Total time for which application threads were stopped: 0.0005080 seconds, Stopping threads took: 0.0002908 seconds
2016-10-28T02:31:32.010-0400: 19.770: Total time for which application threads were stopped: 0.0003430 seconds, Stopping threads took: 0.0002343 seconds
2016-10-28T02:31:32.175-0400: 19.935: Total time for which application threads were stopped: 0.0003405 seconds, Stopping threads took: 0.0002270 seconds
{Heap before GC invocations=7 (full 1):
 par new generation   total 109248K, used 109248K [0x00000000e0000000, 0x00000000e8000000, 0x00000000e8000000)
  eden space 87424K, 100% used [0x00000000e0000000, 0x00000000e5560000, 0x00000000e5560000)
  from space 21824K, 100% used [0x00000000e6ab0000, 0x00000000e8000000, 0x00000000e8000000)
  to   space 21824K,   0% used [0x00000000e5560000, 0x00000000e5560000, 0x00000000e6ab0000)
 concurrent mark-sweep generation total 393216K, used 25046K [0x00000000e8000000, 0x0000000100000000, 0x0000000100000000)
 Metaspace       used 33143K, capacity 33494K, committed 33992K, reserved 1079296K
  class space    used 3872K, capacity 3968K, committed 4040K, reserved 1048576K
2016-10-28T02:31:32.256-0400: 20.016: [GC (Allocation Failure) 2016-10-28T02:31:32.256-0400: 20.016: [ParNew
Desired survivor size 20112992 bytes, new threshold 8 (max 8)
- age   1:     589480 bytes,     589480 total
- age   2:   10016040 bytes,   10605520 total
- age   3:    7512688 bytes,   18118208 total
- age   4:     346936 bytes,   18465144 total
- age   5:        344 bytes,   18465488 total
- age   6:     697704 bytes,   19163192 total
: 109248K->21824K(109248K), 0.0958679 secs] 134294K->50509K(502464K), 0.0960177 secs] [Times: user=0.06 sys=0.11, real=0.10 secs] 
Heap after GC invocations=8 (full 1):
 par new generation   total 109248K, used 21824K [0x00000000e0000000, 0x00000000e8000000, 0x00000000e8000000)
  eden space 87424K,   0% used [0x00000000e0000000, 0x00000000e0000000, 0x00000000e5560000)
  from space 21824K, 100% used [0x00000000e5560000, 0x00000000e6ab0000, 0x00000000e6ab0000)
  to   space 21824K,   0% used [0x00000000e6ab0000, 0x00000000e6ab0000, 0x00000000e8000000)
 concurrent mark-sweep generation total 393216K, used 28685K [0x00000000e8000000, 0x0000000100000000, 0x0000000100000000)
 Metaspace       used 33143K, capacity 33494K, committed 33992K, reserved 1079296K
  class space    used 3872K, capacity 3968K, committed 4040K, reserved 1048576K
}
2016-10-28T02:31:32.352-0400: 20.112: Total time for which application threads were stopped: 0.0965441 seconds, Stopping threads took: 0.0002762 seconds
{Heap before GC invocations=8 (full 1):
 par new generation   total 109248K, used 109248K [0x00000000e0000000, 0x00000000e8000000, 0x00000000e8000000)
  eden space 87424K, 100% used [0x00000000e0000000, 0x00000000e5560000, 0x00000000e5560000)
  from space 21824K, 100% used [0x00000000e5560000, 0x00000000e6ab0000, 0x00000000e6ab0000)
  to   space 21824K,   0% used [0x00000000e6ab0000, 0x00000000e6ab0000, 0x00000000e8000000)
 concurrent mark-sweep generation total 393216K, used 28685K [0x00000000e8000000, 0x0000000100000000, 0x0000000100000000)
 Metaspace       used 33285K, capacity 33622K, committed 33992K, reserved 1079296K
  class space    used 3872K, capacity 3968K, committed 4040K, reserved 1048576K
2016-10-28T02:31:32.498-0400: 20.258: [GC (Allocation Failure) 2016-10-28T02:31:32.498-0400: 20.258: [ParNew
Desired survivor size 20112992 bytes, new threshold 8 (max 8)
- age   1:     577784 bytes,     577784 total
- age   2:     357224 bytes,     935008 total
- age   3:    9254440 bytes,   10189448 total
- age   4:    7001320 bytes,   17190768 total
- age   5:     346936 bytes,   17537704 total
- age   6:        344 bytes,   17538048 total
- age   7:     697704 bytes,   18235752 total
: 109248K->21824K(109248K), 0.0307198 secs] 137933K->51752K(502464K), 0.0307979 secs] [Times: user=0.08 sys=0.00, real=0.04 secs] 
Heap after GC invocations=9 (full 1):
 par new generation   total 109248K, used 21824K [0x00000000e0000000, 0x00000000e8000000, 0x00000000e8000000)
  eden space 87424K,   0% used [0x00000000e0000000, 0x00000000e0000000, 0x00000000e5560000)
  from space 21824K, 100% used [0x00000000e6ab0000, 0x00000000e8000000, 0x00000000e8000000)
  to   space 21824K,   0% used [0x00000000e5560000, 0x00000000e5560000, 0x00000000e6ab0000)
 concurrent mark-sweep generation total 393216K, used 29928K [0x00000000e8000000, 0x0000000100000000, 0x0000000100000000)
 Metaspace       used 33285K, capacity 33622K, committed 33992K, reserved 1079296K
  class space    used 3872K, capacity 3968K, committed 4040K, reserved 1048576K
}
2016-10-28T02:31:32.529-0400: 20.289: Total time for which application threads were stopped: 0.0311460 seconds, Stopping threads took: 0.0000877 seconds
{Heap before GC invocations=9 (full 1):
 par new generation   total 109248K, used 109248K [0x00000000e0000000, 0x00000000e8000000, 0x00000000e8000000)
  eden space 87424K, 100% used [0x00000000e0000000, 0x00000000e5560000, 0x00000000e5560000)
  from space 21824K, 100% used [0x00000000e6ab0000, 0x00000000e8000000, 0x00000000e8000000)
  to   space 21824K,   0% used [0x00000000e5560000, 0x00000000e5560000, 0x00000000e6ab0000)
 concurrent mark-sweep generation total 393216K, used 29928K [0x00000000e8000000, 0x0000000100000000, 0x0000000100000000)
 Metaspace       used 33350K, capacity 33750K, committed 34248K, reserved 1079296K
  class space    used 3872K, capacity 3968K, committed 4040K, reserved 1048576K
2016-10-28T02:31:32.629-0400: 20.389: [GC (Allocation Failure) 2016-10-28T02:31:32.629-0400: 20.389: [ParNew
Desired survivor size 20112992 bytes, new threshold 8 (max 8)
- age   1:     706616 bytes,     706616 total
- age   2:     227768 bytes,     934384 total
- age   3:     357224 bytes,    1291608 total
- age   4:    9249040 bytes,   10540648 total
- age   5:    6950944 bytes,   17491592 total
- age   6:     346920 bytes,   17838512 total
- age   7:        344 bytes,   17838856 total
- age   8:     697008 bytes,   18535864 total
: 109248K->21824K(109248K), 0.0311219 secs] 139176K->51874K(502464K), 0.0313358 secs] [Times: user=0.11 sys=0.01, real=0.03 secs] 
Heap after GC invocations=10 (full 1):
 par new generation   total 109248K, used 21824K [0x00000000e0000000, 0x00000000e8000000, 0x00000000e8000000)
  eden space 87424K,   0% used [0x00000000e0000000, 0x00000000e0000000, 0x00000000e5560000)
  from space 21824K, 100% used [0x00000000e5560000, 0x00000000e6ab0000, 0x00000000e6ab0000)
  to   space 21824K,   0% used [0x00000000e6ab0000, 0x00000000e6ab0000, 0x00000000e8000000)
 concurrent mark-sweep generation total 393216K, used 30050K [0x00000000e8000000, 0x0000000100000000, 0x0000000100000000)
 Metaspace       used 33350K, capacity 33750K, committed 34248K, reserved 1079296K
  class space    used 3872K, capacity 3968K, committed 4040K, reserved 1048576K
}
2016-10-28T02:31:32.661-0400: 20.421: Total time for which application threads were stopped: 0.0317289 seconds, Stopping threads took: 0.0001465 seconds
{Heap before GC invocations=10 (full 1):
 par new generation   total 109248K, used 109248K [0x00000000e0000000, 0x00000000e8000000, 0x00000000e8000000)
  eden space 87424K, 100% used [0x00000000e0000000, 0x00000000e5560000, 0x00000000e5560000)
  from space 21824K, 100% used [0x00000000e5560000, 0x00000000e6ab0000, 0x00000000e6ab0000)
  to   space 21824K,   0% used [0x00000000e6ab0000, 0x00000000e6ab0000, 0x00000000e8000000)
 concurrent mark-sweep generation total 393216K, used 30050K [0x00000000e8000000, 0x0000000100000000, 0x0000000100000000)
 Metaspace       used 33396K, capacity 33750K, committed 34248K, reserved 1079296K
  class space    used 3872K, capacity 3968K, committed 4040K, reserved 1048576K
2016-10-28T02:31:32.727-0400: 20.488: [GC (Allocation Failure) 2016-10-28T02:31:32.728-0400: 20.488: [ParNew
Desired survivor size 20112992 bytes, new threshold 8 (max 8)
- age   1:     742960 bytes,     742960 total
- age   2:     360696 bytes,    1103656 total
- age   3:     211352 bytes,    1315008 total
- age   4:     357224 bytes,    1672232 total
- age   5:    9249040 bytes,   10921272 total
- age   6:    6950824 bytes,   17872096 total
- age   7:     346920 bytes,   18219016 total
- age   8:        344 bytes,   18219360 total
: 109248K->21824K(109248K), 0.0331756 secs] 139298K->52564K(502464K), 0.0332843 secs] [Times: user=0.09 sys=0.01, real=0.03 secs] 
Heap after GC invocations=11 (full 1):
 par new generation   total 109248K, used 21824K [0x00000000e0000000, 0x00000000e8000000, 0x00000000e8000000)
  eden space 87424K,   0% used [0x00000000e0000000, 0x00000000e0000000, 0x00000000e5560000)
  from space 21824K, 100% used [0x00000000e6ab0000, 0x00000000e8000000, 0x00000000e8000000)
  to   space 21824K,   0% used [0x00000000e5560000, 0x00000000e5560000, 0x00000000e6ab0000)
 concurrent mark-sweep generation total 393216K, used 30740K [0x00000000e8000000, 0x0000000100000000, 0x0000000100000000)
 Metaspace       used 33396K, capacity 33750K, committed 34248K, reserved 1079296K
  class space    used 3872K, capacity 3968K, committed 4040K, reserved 1048576K
}
2016-10-28T02:31:32.761-0400: 20.521: Total time for which application threads were stopped: 0.0337205 seconds, Stopping threads took: 0.0001990 seconds
{Heap before GC invocations=11 (full 1):
 par new generation   total 109248K, used 109248K [0x00000000e0000000, 0x00000000e8000000, 0x00000000e8000000)
  eden space 87424K, 100% used [0x00000000e0000000, 0x00000000e5560000, 0x00000000e5560000)
  from space 21824K, 100% used [0x00000000e6ab0000, 0x00000000e8000000, 0x00000000e8000000)
  to   space 21824K,   0% used [0x00000000e5560000, 0x00000000e5560000, 0x00000000e6ab0000)
 concurrent mark-sweep generation total 393216K, used 30740K [0x00000000e8000000, 0x0000000100000000, 0x0000000100000000)
 Metaspace       used 33406K, capacity 33750K, committed 34248K, reserved 1079296K
  class space    used 3872K, capacity 3968K, committed 4040K, reserved 1048576K
2016-10-28T02:31:32.828-0400: 20.589: [GC (Allocation Failure) 2016-10-28T02:31:32.829-0400: 20.589: [ParNew
Desired survivor size 20112992 bytes, new threshold 8 (max 8)
- age   1:     856488 bytes,     856488 total
- age   2:     257280 bytes,    1113768 total
- age   3:     360696 bytes,    1474464 total
- age   4:     186728 bytes,    1661192 total
- age   5:     357224 bytes,    2018416 total
- age   6:    9137384 bytes,   11155800 total
- age   7:    6272048 bytes,   17427848 total
- age   8:     193928 bytes,   17621776 total
: 109248K->21824K(109248K), 0.0452008 secs] 139988K->53496K(502464K), 0.0453910 secs] [Times: user=0.12 sys=0.02, real=0.04 secs] 
Heap after GC invocations=12 (full 1):
 par new generation   total 109248K, used 21824K [0x00000000e0000000, 0x00000000e8000000, 0x00000000e8000000)
  eden space 87424K,   0% used [0x00000000e0000000, 0x00000000e0000000, 0x00000000e5560000)
  from space 21824K, 100% used [0x00000000e5560000, 0x00000000e6ab0000, 0x00000000e6ab0000)
  to   space 21824K,   0% used [0x00000000e6ab0000, 0x00000000e6ab0000, 0x00000000e8000000)
 concurrent mark-sweep generation total 393216K, used 31672K [0x00000000e8000000, 0x0000000100000000, 0x0000000100000000)
 Metaspace       used 33406K, capacity 33750K, committed 34248K, reserved 1079296K
  class space    used 3872K, capacity 3968K, committed 4040K, reserved 1048576K
}
2016-10-28T02:31:32.874-0400: 20.634: Total time for which application threads were stopped: 0.0458090 seconds, Stopping threads took: 0.0001801 seconds
{Heap before GC invocations=12 (full 1):
 par new generation   total 109248K, used 109248K [0x00000000e0000000, 0x00000000e8000000, 0x00000000e8000000)
  eden space 87424K, 100% used [0x00000000e0000000, 0x00000000e5560000, 0x00000000e5560000)
  from space 21824K, 100% used [0x00000000e5560000, 0x00000000e6ab0000, 0x00000000e6ab0000)
  to   space 21824K,   0% used [0x00000000e6ab0000, 0x00000000e6ab0000, 0x00000000e8000000)
 concurrent mark-sweep generation total 393216K, used 31672K [0x00000000e8000000, 0x0000000100000000, 0x0000000100000000)
 Metaspace       used 33408K, capacity 33750K, committed 34248K, reserved 1079296K
  class space    used 3872K, capacity 3968K, committed 4040K, reserved 1048576K
2016-10-28T02:31:32.936-0400: 20.696: [GC (Allocation Failure) 2016-10-28T02:31:32.936-0400: 20.696: [ParNew
Desired survivor size 20112992 bytes, new threshold 8 (max 8)
- age   1:    1188768 bytes,    1188768 total
- age   2:     261888 bytes,    1450656 total
- age   3:     256752 bytes,    1707408 total
- age   4:     262344 bytes,    1969752 total
- age   5:     186728 bytes,    2156480 total
- age   6:     357224 bytes,    2513704 total
- age   7:    7964264 bytes,   10477968 total
- age   8:    6271984 bytes,   16749952 total
: 109248K->21824K(109248K), 0.0343592 secs] 140920K->54834K(502464K), 0.0344635 secs] [Times: user=0.09 sys=0.00, real=0.04 secs] 
Heap after GC invocations=13 (full 1):
 par new generation   total 109248K, used 21824K [0x00000000e0000000, 0x00000000e8000000, 0x00000000e8000000)
  eden space 87424K,   0% used [0x00000000e0000000, 0x00000000e0000000, 0x00000000e5560000)
  from space 21824K, 100% used [0x00000000e6ab0000, 0x00000000e8000000, 0x00000000e8000000)
  to   space 21824K,   0% used [0x00000000e5560000, 0x00000000e5560000, 0x00000000e6ab0000)
 concurrent mark-sweep generation total 393216K, used 33010K [0x00000000e8000000, 0x0000000100000000, 0x0000000100000000)
 Metaspace       used 33408K, capacity 33750K, committed 34248K, reserved 1079296K
  class space    used 3872K, capacity 3968K, committed 4040K, reserved 1048576K
}
2016-10-28T02:31:32.971-0400: 20.731: Total time for which application threads were stopped: 0.0348680 seconds, Stopping threads took: 0.0001404 seconds
{Heap before GC invocations=13 (full 1):
 par new generation   total 109248K, used 109248K [0x00000000e0000000, 0x00000000e8000000, 0x00000000e8000000)
  eden space 87424K, 100% used [0x00000000e0000000, 0x00000000e5560000, 0x00000000e5560000)
  from space 21824K, 100% used [0x00000000e6ab0000, 0x00000000e8000000, 0x00000000e8000000)
  to   space 21824K,   0% used [0x00000000e5560000, 0x00000000e5560000, 0x00000000e6ab0000)
 concurrent mark-sweep generation total 393216K, used 33010K [0x00000000e8000000, 0x0000000100000000, 0x0000000100000000)
 Metaspace       used 33409K, capacity 33750K, committed 34248K, reserved 1079296K
  class space    used 3872K, capacity 3968K, committed 4040K, reserved 1048576K
2016-10-28T02:31:33.011-0400: 20.771: [GC (Allocation Failure) 2016-10-28T02:31:33.011-0400: 20.771: [ParNew
Desired survivor size 20112992 bytes, new threshold 8 (max 8)
- age   1:    1102344 bytes,    1102344 total
- age   2:     516384 bytes,    1618728 total
- age   3:     261888 bytes,    1880616 total
- age   4:     223952 bytes,    2104568 total
- age   5:     245944 bytes,    2350512 total
- age   6:     186728 bytes,    2537240 total
- age   7:     357224 bytes,    2894464 total
- age   8:    7964264 bytes,   10858728 total
: 109248K->18335K(109248K), 0.0984573 secs] 142258K->57518K(502464K), 0.0987636 secs] [Times: user=0.06 sys=0.10, real=0.10 secs] 
Heap after GC invocations=14 (full 1):
 par new generation   total 109248K, used 18335K [0x00000000e0000000, 0x00000000e8000000, 0x00000000e8000000)
  eden space 87424K,   0% used [0x00000000e0000000, 0x00000000e0000000, 0x00000000e5560000)
  from space 21824K,  84% used [0x00000000e5560000, 0x00000000e6747dd8, 0x00000000e6ab0000)
  to   space 21824K,   0% used [0x00000000e6ab0000, 0x00000000e6ab0000, 0x00000000e8000000)
 concurrent mark-sweep generation total 393216K, used 39183K [0x00000000e8000000, 0x0000000100000000, 0x0000000100000000)
 Metaspace       used 33409K, capacity 33750K, committed 34248K, reserved 1079296K
  class space    used 3872K, capacity 3968K, committed 4040K, reserved 1048576K
}
2016-10-28T02:31:33.110-0400: 20.870: Total time for which application threads were stopped: 0.0994042 seconds, Stopping threads took: 0.0003155 seconds
{Heap before GC invocations=14 (full 1):
 par new generation   total 109248K, used 105759K [0x00000000e0000000, 0x00000000e8000000, 0x00000000e8000000)
  eden space 87424K, 100% used [0x00000000e0000000, 0x00000000e5560000, 0x00000000e5560000)
  from space 21824K,  84% used [0x00000000e5560000, 0x00000000e6747dd8, 0x00000000e6ab0000)
  to   space 21824K,   0% used [0x00000000e6ab0000, 0x00000000e6ab0000, 0x00000000e8000000)
 concurrent mark-sweep generation total 393216K, used 39183K [0x00000000e8000000, 0x0000000100000000, 0x0000000100000000)
 Metaspace       used 33409K, capacity 33750K, committed 34248K, reserved 1079296K
  class space    used 3872K, capacity 3968K, committed 4040K, reserved 1048576K
2016-10-28T02:31:33.148-0400: 20.909: [GC (Allocation Failure) 2016-10-28T02:31:33.149-0400: 20.909: [ParNew
Desired survivor size 20112992 bytes, new threshold 8 (max 8)
- age   1:    1124424 bytes,    1124424 total
- age   2:     321776 bytes,    1446200 total
- age   3:     516296 bytes,    1962496 total
- age   4:     261888 bytes,    2224384 total
- age   5:     223952 bytes,    2448336 total
- age   6:     245944 bytes,    2694280 total
- age   7:     186728 bytes,    2881008 total
- age   8:     357224 bytes,    3238232 total
: 105759K->6588K(109248K), 0.1100204 secs] 144942K->53579K(502464K), 0.1100982 secs] [Times: user=0.05 sys=0.17, real=0.10 secs] 
Heap after GC invocations=15 (full 1):
 par new generation   total 109248K, used 6588K [0x00000000e0000000, 0x00000000e8000000, 0x00000000e8000000)
  eden space 87424K,   0% used [0x00000000e0000000, 0x00000000e0000000, 0x00000000e5560000)
  from space 21824K,  30% used [0x00000000e6ab0000, 0x00000000e711f008, 0x00000000e8000000)
  to   space 21824K,   0% used [0x00000000e5560000, 0x00000000e5560000, 0x00000000e6ab0000)
 concurrent mark-sweep generation total 393216K, used 46991K [0x00000000e8000000, 0x0000000100000000, 0x0000000100000000)
 Metaspace       used 33409K, capacity 33750K, committed 34248K, reserved 1079296K
  class space    used 3872K, capacity 3968K, committed 4040K, reserved 1048576K
}
2016-10-28T02:31:33.259-0400: 21.019: Total time for which application threads were stopped: 0.1107583 seconds, Stopping threads took: 0.0002053 seconds
{Heap before GC invocations=15 (full 1):
 par new generation   total 109248K, used 94012K [0x00000000e0000000, 0x00000000e8000000, 0x00000000e8000000)
  eden space 87424K, 100% used [0x00000000e0000000, 0x00000000e5560000, 0x00000000e5560000)
  from space 21824K,  30% used [0x00000000e6ab0000, 0x00000000e711f008, 0x00000000e8000000)
  to   space 21824K,   0% used [0x00000000e5560000, 0x00000000e5560000, 0x00000000e6ab0000)
 concurrent mark-sweep generation total 393216K, used 46991K [0x00000000e8000000, 0x0000000100000000, 0x0000000100000000)
 Metaspace       used 33409K, capacity 33750K, committed 34248K, reserved 1079296K
  class space    used 3872K, capacity 3968K, committed 4040K, reserved 1048576K
2016-10-28T02:31:33.296-0400: 21.057: [GC (Allocation Failure) 2016-10-28T02:31:33.297-0400: 21.057: [ParNew
Desired survivor size 20112992 bytes, new threshold 8 (max 8)
- age   1:    1000912 bytes,    1000912 total
- age   2:     566288 bytes,    1567200 total
- age   3:     321776 bytes,    1888976 total
- age   4:     515624 bytes,    2404600 total
- age   5:     212688 bytes,    2617288 total
- age   6:     223952 bytes,    2841240 total
- age   7:     245944 bytes,    3087184 total
- age   8:     186728 bytes,    3273912 total
: 94012K->3393K(109248K), 0.0299200 secs] 141003K->50740K(502464K), 0.0300735 secs] [Times: user=0.07 sys=0.02, real=0.03 secs] 
Heap after GC invocations=16 (full 1):
 par new generation   total 109248K, used 3393K [0x00000000e0000000, 0x00000000e8000000, 0x00000000e8000000)
  eden space 87424K,   0% used [0x00000000e0000000, 0x00000000e0000000, 0x00000000e5560000)
  from space 21824K,  15% used [0x00000000e5560000, 0x00000000e58b0488, 0x00000000e6ab0000)
  to   space 21824K,   0% used [0x00000000e6ab0000, 0x00000000e6ab0000, 0x00000000e8000000)
 concurrent mark-sweep generation total 393216K, used 47347K [0x00000000e8000000, 0x0000000100000000, 0x0000000100000000)
 Metaspace       used 33409K, capacity 33750K, committed 34248K, reserved 1079296K
  class space    used 3872K, capacity 3968K, committed 4040K, reserved 1048576K
}
2016-10-28T02:31:33.327-0400: 21.087: Total time for which application threads were stopped: 0.0309980 seconds, Stopping threads took: 0.0004068 seconds
{Heap before GC invocations=16 (full 1):
 par new generation   total 109248K, used 90817K [0x00000000e0000000, 0x00000000e8000000, 0x00000000e8000000)
  eden space 87424K, 100% used [0x00000000e0000000, 0x00000000e5560000, 0x00000000e5560000)
  from space 21824K,  15% used [0x00000000e5560000, 0x00000000e58b0488, 0x00000000e6ab0000)
  to   space 21824K,   0% used [0x00000000e6ab0000, 0x00000000e6ab0000, 0x00000000e8000000)
 concurrent mark-sweep generation total 393216K, used 47347K [0x00000000e8000000, 0x0000000100000000, 0x0000000100000000)
 Metaspace       used 33409K, capacity 33750K, committed 34248K, reserved 1079296K
  class space    used 3872K, capacity 3968K, committed 4040K, reserved 1048576K
2016-10-28T02:31:33.372-0400: 21.132: [GC (Allocation Failure) 2016-10-28T02:31:33.372-0400: 21.132: [ParNew
Desired survivor size 20112992 bytes, new threshold 8 (max 8)
- age   1:    1136368 bytes,    1136368 total
- age   2:     515976 bytes,    1652344 total
- age   3:     209968 bytes,    1862312 total
- age   4:     321776 bytes,    2184088 total
- age   5:     515624 bytes,    2699712 total
- age   6:     212688 bytes,    2912400 total
- age   7:     223952 bytes,    3136352 total
- age   8:     245944 bytes,    3382296 total
: 90817K->4257K(109248K), 0.0194669 secs] 138164K->51792K(502464K), 0.0195581 secs] [Times: user=0.03 sys=0.01, real=0.02 secs] 
Heap after GC invocations=17 (full 1):
 par new generation   total 109248K, used 4257K [0x00000000e0000000, 0x00000000e8000000, 0x00000000e8000000)
  eden space 87424K,   0% used [0x00000000e0000000, 0x00000000e0000000, 0x00000000e5560000)
  from space 21824K,  19% used [0x00000000e6ab0000, 0x00000000e6ed8580, 0x00000000e8000000)
  to   space 21824K,   0% used [0x00000000e5560000, 0x00000000e5560000, 0x00000000e6ab0000)
 concurrent mark-sweep generation total 393216K, used 47535K [0x00000000e8000000, 0x0000000100000000, 0x0000000100000000)
 Metaspace       used 33409K, capacity 33750K, committed 34248K, reserved 1079296K
  class space    used 3872K, capacity 3968K, committed 4040K, reserved 1048576K
}
2016-10-28T02:31:33.392-0400: 21.152: Total time for which application threads were stopped: 0.0202962 seconds, Stopping threads took: 0.0001302 seconds
{Heap before GC invocations=17 (full 1):
 par new generation   total 109248K, used 91681K [0x00000000e0000000, 0x00000000e8000000, 0x00000000e8000000)
  eden space 87424K, 100% used [0x00000000e0000000, 0x00000000e5560000, 0x00000000e5560000)
  from space 21824K,  19% used [0x00000000e6ab0000, 0x00000000e6ed8580, 0x00000000e8000000)
  to   space 21824K,   0% used [0x00000000e5560000, 0x00000000e5560000, 0x00000000e6ab0000)
 concurrent mark-sweep generation total 393216K, used 47535K [0x00000000e8000000, 0x0000000100000000, 0x0000000100000000)
 Metaspace       used 33409K, capacity 33750K, committed 34248K, reserved 1079296K
  class space    used 3872K, capacity 3968K, committed 4040K, reserved 1048576K
2016-10-28T02:31:33.462-0400: 21.222: [GC (Allocation Failure) 2016-10-28T02:31:33.462-0400: 21.222: [ParNew
Desired survivor size 20112992 bytes, new threshold 8 (max 8)
- age   1:    1336072 bytes,    1336072 total
- age   2:     445760 bytes,    1781832 total
- age   3:     319168 bytes,    2101000 total
- age   4:     209968 bytes,    2310968 total
- age   5:     321776 bytes,    2632744 total
- age   6:     450072 bytes,    3082816 total
- age   7:     212688 bytes,    3295504 total
- age   8:     223952 bytes,    3519456 total
: 91681K->4111K(109248K), 0.0311233 secs] 139216K->51892K(502464K), 0.0311937 secs] [Times: user=0.05 sys=0.00, real=0.03 secs] 
Heap after GC invocations=18 (full 1):
 par new generation   total 109248K, used 4111K [0x00000000e0000000, 0x00000000e8000000, 0x00000000e8000000)
  eden space 87424K,   0% used [0x00000000e0000000, 0x00000000e0000000, 0x00000000e5560000)
  from space 21824K,  18% used [0x00000000e5560000, 0x00000000e5963e48, 0x00000000e6ab0000)
  to   space 21824K,   0% used [0x00000000e6ab0000, 0x00000000e6ab0000, 0x00000000e8000000)
 concurrent mark-sweep generation total 393216K, used 47780K [0x00000000e8000000, 0x0000000100000000, 0x0000000100000000)
 Metaspace       used 33409K, capacity 33750K, committed 34248K, reserved 1079296K
  class space    used 3872K, capacity 3968K, committed 4040K, reserved 1048576K
}
2016-10-28T02:31:33.493-0400: 21.253: Total time for which application threads were stopped: 0.0315948 seconds, Stopping threads took: 0.0001576 seconds
{Heap before GC invocations=18 (full 1):
 par new generation   total 109248K, used 91535K [0x00000000e0000000, 0x00000000e8000000, 0x00000000e8000000)
  eden space 87424K, 100% used [0x00000000e0000000, 0x00000000e5560000, 0x00000000e5560000)
  from space 21824K,  18% used [0x00000000e5560000, 0x00000000e5963e48, 0x00000000e6ab0000)
  to   space 21824K,   0% used [0x00000000e6ab0000, 0x00000000e6ab0000, 0x00000000e8000000)
 concurrent mark-sweep generation total 393216K, used 47780K [0x00000000e8000000, 0x0000000100000000, 0x0000000100000000)
 Metaspace       used 33410K, capacity 33750K, committed 34248K, reserved 1079296K
  class space    used 3872K, capacity 3968K, committed 4040K, reserved 1048576K
2016-10-28T02:31:33.534-0400: 21.295: [GC (Allocation Failure) 2016-10-28T02:31:33.534-0400: 21.295: [ParNew
Desired survivor size 20112992 bytes, new threshold 8 (max 8)
- age   1:    1828392 bytes,    1828392 total
- age   2:     450888 bytes,    2279280 total
- age   3:     250672 bytes,    2529952 total
- age   4:     319168 bytes,    2849120 total
- age   5:     209968 bytes,    3059088 total
- age   6:     321776 bytes,    3380864 total
- age   7:     253416 bytes,    3634280 total
- age   8:     212688 bytes,    3846968 total
: 91535K->4917K(109248K), 0.0222139 secs] 139316K->52922K(502464K), 0.0223977 secs] [Times: user=0.05 sys=0.01, real=0.02 secs] 
Heap after GC invocations=19 (full 1):
 par new generation   total 109248K, used 4917K [0x00000000e0000000, 0x00000000e8000000, 0x00000000e8000000)
  eden space 87424K,   0% used [0x00000000e0000000, 0x00000000e0000000, 0x00000000e5560000)
  from space 21824K,  22% used [0x00000000e6ab0000, 0x00000000e6f7d6a0, 0x00000000e8000000)
  to   space 21824K,   0% used [0x00000000e5560000, 0x00000000e5560000, 0x00000000e6ab0000)
 concurrent mark-sweep generation total 393216K, used 48004K [0x00000000e8000000, 0x0000000100000000, 0x0000000100000000)
 Metaspace       used 33410K, capacity 33750K, committed 34248K, reserved 1079296K
  class space    used 3872K, capacity 3968K, committed 4040K, reserved 1048576K
}
2016-10-28T02:31:33.557-0400: 21.317: Total time for which application threads were stopped: 0.0232822 seconds, Stopping threads took: 0.0006563 seconds
{Heap before GC invocations=19 (full 1):
 par new generation   total 109248K, used 92341K [0x00000000e0000000, 0x00000000e8000000, 0x00000000e8000000)
  eden space 87424K, 100% used [0x00000000e0000000, 0x00000000e5560000, 0x00000000e5560000)
  from space 21824K,  22% used [0x00000000e6ab0000, 0x00000000e6f7d6a0, 0x00000000e8000000)
  to   space 21824K,   0% used [0x00000000e5560000, 0x00000000e5560000, 0x00000000e6ab0000)
 concurrent mark-sweep generation total 393216K, used 48004K [0x00000000e8000000, 0x0000000100000000, 0x0000000100000000)
 Metaspace       used 33421K, capacity 33750K, committed 34248K, reserved 1079296K
  class space    used 3872K, capacity 3968K, committed 4040K, reserved 1048576K
2016-10-28T02:31:33.607-0400: 21.367: [GC (Allocation Failure) 2016-10-28T02:31:33.607-0400: 21.367: [ParNew
Desired survivor size 20112992 bytes, new threshold 8 (max 8)
- age   1:     882640 bytes,     882640 total
- age   2:    1405472 bytes,    2288112 total
- age   3:     373784 bytes,    2661896 total
- age   4:     283456 bytes,    2945352 total
- age   5:     350960 bytes,    3296312 total
- age   6:     209968 bytes,    3506280 total
- age   7:     321776 bytes,    3828056 total
- age   8:     286200 bytes,    4114256 total
: 92341K->4546K(109248K), 0.0228488 secs] 140346K->52764K(502464K), 0.0229463 secs] [Times: user=0.06 sys=0.01, real=0.02 secs] 
Heap after GC invocations=20 (full 1):
 par new generation   total 109248K, used 4546K [0x00000000e0000000, 0x00000000e8000000, 0x00000000e8000000)
  eden space 87424K,   0% used [0x00000000e0000000, 0x00000000e0000000, 0x00000000e5560000)
  from space 21824K,  20% used [0x00000000e5560000, 0x00000000e59d0a18, 0x00000000e6ab0000)
  to   space 21824K,   0% used [0x00000000e6ab0000, 0x00000000e6ab0000, 0x00000000e8000000)
 concurrent mark-sweep generation total 393216K, used 48217K [0x00000000e8000000, 0x0000000100000000, 0x0000000100000000)
 Metaspace       used 33421K, capacity 33750K, committed 34248K, reserved 1079296K
  class space    used 3872K, capacity 3968K, committed 4040K, reserved 1048576K
}
2016-10-28T02:31:33.630-0400: 21.390: Total time for which application threads were stopped: 0.0235650 seconds, Stopping threads took: 0.0002942 seconds
{Heap before GC invocations=20 (full 1):
 par new generation   total 109248K, used 91970K [0x00000000e0000000, 0x00000000e8000000, 0x00000000e8000000)
  eden space 87424K, 100% used [0x00000000e0000000, 0x00000000e5560000, 0x00000000e5560000)
  from space 21824K,  20% used [0x00000000e5560000, 0x00000000e59d0a18, 0x00000000e6ab0000)
  to   space 21824K,   0% used [0x00000000e6ab0000, 0x00000000e6ab0000, 0x00000000e8000000)
 concurrent mark-sweep generation total 393216K, used 48217K [0x00000000e8000000, 0x0000000100000000, 0x0000000100000000)
 Metaspace       used 33422K, capacity 33750K, committed 34248K, reserved 1079296K
  class space    used 3872K, capacity 3968K, committed 4040K, reserved 1048576K
2016-10-28T02:31:33.664-0400: 21.425: [GC (Allocation Failure) 2016-10-28T02:31:33.665-0400: 21.425: [ParNew
Desired survivor size 20112992 bytes, new threshold 8 (max 8)
- age   1:    1395320 bytes,    1395320 total
- age   2:     731720 bytes,    2127040 total
- age   3:     616560 bytes,    2743600 total
- age   4:     373784 bytes,    3117384 total
- age   5:     283456 bytes,    3400840 total
- age   6:     350960 bytes,    3751800 total
- age   7:     209968 bytes,    3961768 total
- age   8:     256208 bytes,    4217976 total
: 91970K->4753K(109248K), 0.0134259 secs] 140188K->53223K(502464K), 0.0136105 secs] [Times: user=0.03 sys=0.01, real=0.01 secs] 
Heap after GC invocations=21 (full 1):
 par new generation   total 109248K, used 4753K [0x00000000e0000000, 0x00000000e8000000, 0x00000000e8000000)
  eden space 87424K,   0% used [0x00000000e0000000, 0x00000000e0000000, 0x00000000e5560000)
  from space 21824K,  21% used [0x00000000e6ab0000, 0x00000000e6f54520, 0x00000000e8000000)
  to   space 21824K,   0% used [0x00000000e5560000, 0x00000000e5560000, 0x00000000e6ab0000)
 concurrent mark-sweep generation total 393216K, used 48470K [0x00000000e8000000, 0x0000000100000000, 0x0000000100000000)
 Metaspace       used 33422K, capacity 33750K, committed 34248K, reserved 1079296K
  class space    used 3872K, capacity 3968K, committed 4040K, reserved 1048576K
}
2016-10-28T02:31:33.678-0400: 21.438: Total time for which application threads were stopped: 0.0141173 seconds, Stopping threads took: 0.0002277 seconds
{Heap before GC invocations=21 (full 1):
 par new generation   total 109248K, used 92177K [0x00000000e0000000, 0x00000000e8000000, 0x00000000e8000000)
  eden space 87424K, 100% used [0x00000000e0000000, 0x00000000e5560000, 0x00000000e5560000)
  from space 21824K,  21% used [0x00000000e6ab0000, 0x00000000e6f54520, 0x00000000e8000000)
  to   space 21824K,   0% used [0x00000000e5560000, 0x00000000e5560000, 0x00000000e6ab0000)
 concurrent mark-sweep generation total 393216K, used 48470K [0x00000000e8000000, 0x0000000100000000, 0x0000000100000000)
 Metaspace       used 33423K, capacity 33750K, committed 34248K, reserved 1079296K
  class space    used 3872K, capacity 3968K, committed 4040K, reserved 1048576K
2016-10-28T02:31:33.715-0400: 21.475: [GC (Allocation Failure) 2016-10-28T02:31:33.715-0400: 21.475: [ParNew
Desired survivor size 20112992 bytes, new threshold 8 (max 8)
- age   1:    1421768 bytes,    1421768 total
- age   2:     797528 bytes,    2219296 total
- age   3:     286360 bytes,    2505656 total
- age   4:     616560 bytes,    3122216 total
- age   5:     341000 bytes,    3463216 total
- age   6:     250672 bytes,    3713888 total
- age   7:     318176 bytes,    4032064 total
- age   8:     209968 bytes,    4242032 total
: 92177K->6171K(109248K), 0.0233825 secs] 140647K->54865K(502464K), 0.0235094 secs] [Times: user=0.04 sys=0.03, real=0.02 secs] 
Heap after GC invocations=22 (full 1):
 par new generation   total 109248K, used 6171K [0x00000000e0000000, 0x00000000e8000000, 0x00000000e8000000)
  eden space 87424K,   0% used [0x00000000e0000000, 0x00000000e0000000, 0x00000000e5560000)
  from space 21824K,  28% used [0x00000000e5560000, 0x00000000e5b66fe0, 0x00000000e6ab0000)
  to   space 21824K,   0% used [0x00000000e6ab0000, 0x00000000e6ab0000, 0x00000000e8000000)
 concurrent mark-sweep generation total 393216K, used 48693K [0x00000000e8000000, 0x0000000100000000, 0x0000000100000000)
 Metaspace       used 33423K, capacity 33750K, committed 34248K, reserved 1079296K
  class space    used 3872K, capacity 3968K, committed 4040K, reserved 1048576K
}
2016-10-28T02:31:33.738-0400: 21.499: Total time for which application threads were stopped: 0.0238161 seconds, Stopping threads took: 0.0001271 seconds
{Heap before GC invocations=22 (full 1):
 par new generation   total 109248K, used 93595K [0x00000000e0000000, 0x00000000e8000000, 0x00000000e8000000)
  eden space 87424K, 100% used [0x00000000e0000000, 0x00000000e5560000, 0x00000000e5560000)
  from space 21824K,  28% used [0x00000000e5560000, 0x00000000e5b66fe0, 0x00000000e6ab0000)
  to   space 21824K,   0% used [0x00000000e6ab0000, 0x00000000e6ab0000, 0x00000000e8000000)
 concurrent mark-sweep generation total 393216K, used 48693K [0x00000000e8000000, 0x0000000100000000, 0x0000000100000000)
 Metaspace       used 33423K, capacity 33750K, committed 34248K, reserved 1079296K
  class space    used 3872K, capacity 3968K, committed 4040K, reserved 1048576K
2016-10-28T02:31:33.772-0400: 21.532: [GC (Allocation Failure) 2016-10-28T02:31:33.773-0400: 21.533: [ParNew
Desired survivor size 20112992 bytes, new threshold 8 (max 8)
- age   1:     750384 bytes,     750384 total
- age   2:    1394776 bytes,    2145160 total
- age   3:     341928 bytes,    2487088 total
- age   4:     286360 bytes,    2773448 total
- age   5:     616560 bytes,    3390008 total
- age   6:     341000 bytes,    3731008 total
- age   7:     250672 bytes,    3981680 total
- age   8:     318176 bytes,    4299856 total
: 93595K->4976K(109248K), 0.0141068 secs] 142289K->53880K(502464K), 0.0145825 secs] [Times: user=0.04 sys=0.01, real=0.01 secs] 
Heap after GC invocations=23 (full 1):
 par new generation   total 109248K, used 4976K [0x00000000e0000000, 0x00000000e8000000, 0x00000000e8000000)
  eden space 87424K,   0% used [0x00000000e0000000, 0x00000000e0000000, 0x00000000e5560000)
  from space 21824K,  22% used [0x00000000e6ab0000, 0x00000000e6f8c210, 0x00000000e8000000)
  to   space 21824K,   0% used [0x00000000e5560000, 0x00000000e5560000, 0x00000000e6ab0000)
 concurrent mark-sweep generation total 393216K, used 48904K [0x00000000e8000000, 0x0000000100000000, 0x0000000100000000)
 Metaspace       used 33423K, capacity 33750K, committed 34248K, reserved 1079296K
  class space    used 3872K, capacity 3968K, committed 4040K, reserved 1048576K
}
2016-10-28T02:31:33.787-0400: 21.547: Total time for which application threads were stopped: 0.0150612 seconds, Stopping threads took: 0.0001879 seconds
{Heap before GC invocations=23 (full 1):
 par new generation   total 109248K, used 92400K [0x00000000e0000000, 0x00000000e8000000, 0x00000000e8000000)
  eden space 87424K, 100% used [0x00000000e0000000, 0x00000000e5560000, 0x00000000e5560000)
  from space 21824K,  22% used [0x00000000e6ab0000, 0x00000000e6f8c210, 0x00000000e8000000)
  to   space 21824K,   0% used [0x00000000e5560000, 0x00000000e5560000, 0x00000000e6ab0000)
 concurrent mark-sweep generation total 393216K, used 48904K [0x00000000e8000000, 0x0000000100000000, 0x0000000100000000)
 Metaspace       used 33423K, capacity 33750K, committed 34248K, reserved 1079296K
  class space    used 3872K, capacity 3968K, committed 4040K, reserved 1048576K
2016-10-28T02:31:33.818-0400: 21.578: [GC (Allocation Failure) 2016-10-28T02:31:33.818-0400: 21.578: [ParNew
Desired survivor size 20112992 bytes, new threshold 8 (max 8)
- age   1:    1532080 bytes,    1532080 total
- age   2:     723384 bytes,    2255464 total
- age   3:     251672 bytes,    2507136 total
- age   4:     341752 bytes,    2848888 total
- age   5:     286360 bytes,    3135248 total
- age   6:     616560 bytes,    3751808 total
- age   7:     341000 bytes,    4092808 total
- age   8:     250672 bytes,    4343480 total
: 92400K->5795K(109248K), 0.0189730 secs] 141304K->55015K(502464K), 0.0190408 secs] [Times: user=0.03 sys=0.02, real=0.02 secs] 
Heap after GC invocations=24 (full 1):
 par new generation   total 109248K, used 5795K [0x00000000e0000000, 0x00000000e8000000, 0x00000000e8000000)
  eden space 87424K,   0% used [0x00000000e0000000, 0x00000000e0000000, 0x00000000e5560000)
  from space 21824K,  26% used [0x00000000e5560000, 0x00000000e5b08e40, 0x00000000e6ab0000)
  to   space 21824K,   0% used [0x00000000e6ab0000, 0x00000000e6ab0000, 0x00000000e8000000)
 concurrent mark-sweep generation total 393216K, used 49220K [0x00000000e8000000, 0x0000000100000000, 0x0000000100000000)
 Metaspace       used 33423K, capacity 33750K, committed 34248K, reserved 1079296K
  class space    used 3872K, capacity 3968K, committed 4040K, reserved 1048576K
}
2016-10-28T02:31:33.837-0400: 21.597: Total time for which application threads were stopped: 0.0193904 seconds, Stopping threads took: 0.0001196 seconds
{Heap before GC invocations=24 (full 1):
 par new generation   total 109248K, used 93219K [0x00000000e0000000, 0x00000000e8000000, 0x00000000e8000000)
  eden space 87424K, 100% used [0x00000000e0000000, 0x00000000e5560000, 0x00000000e5560000)
  from space 21824K,  26% used [0x00000000e5560000, 0x00000000e5b08e40, 0x00000000e6ab0000)
  to   space 21824K,   0% used [0x00000000e6ab0000, 0x00000000e6ab0000, 0x00000000e8000000)
 concurrent mark-sweep generation total 393216K, used 49220K [0x00000000e8000000, 0x0000000100000000, 0x0000000100000000)
 Metaspace       used 33424K, capacity 33750K, committed 34248K, reserved 1079296K
  class space    used 3872K, capacity 3968K, committed 4040K, reserved 1048576K
2016-10-28T02:31:33.870-0400: 21.630: [GC (Allocation Failure) 2016-10-28T02:31:33.870-0400: 21.630: [ParNew
Desired survivor size 20112992 bytes, new threshold 8 (max 8)
- age   1:    1020528 bytes,    1020528 total
- age   2:    1505120 bytes,    2525648 total
- age   3:     210832 bytes,    2736480 total
- age   4:     251672 bytes,    2988152 total
- age   5:     341752 bytes,    3329904 total
- age   6:     286360 bytes,    3616264 total
- age   7:     616560 bytes,    4232824 total
- age   8:     341000 bytes,    4573824 total
: 93219K->5998K(109248K), 0.0160596 secs] 142439K->55468K(502464K), 0.0162276 secs] [Times: user=0.04 sys=0.02, real=0.01 secs] 
Heap after GC invocations=25 (full 1):
 par new generation   total 109248K, used 5998K [0x00000000e0000000, 0x00000000e8000000, 0x00000000e8000000)
  eden space 87424K,   0% used [0x00000000e0000000, 0x00000000e0000000, 0x00000000e5560000)
  from space 21824K,  27% used [0x00000000e6ab0000, 0x00000000e708ba38, 0x00000000e8000000)
  to   space 21824K,   0% used [0x00000000e5560000, 0x00000000e5560000, 0x00000000e6ab0000)
 concurrent mark-sweep generation total 393216K, used 49470K [0x00000000e8000000, 0x0000000100000000, 0x0000000100000000)
 Metaspace       used 33424K, capacity 33750K, committed 34248K, reserved 1079296K
  class space    used 3872K, capacity 3968K, committed 4040K, reserved 1048576K
}
2016-10-28T02:31:33.886-0400: 21.646: Total time for which application threads were stopped: 0.0165481 seconds, Stopping threads took: 0.0001300 seconds
{Heap before GC invocations=25 (full 1):
 par new generation   total 109248K, used 93422K [0x00000000e0000000, 0x00000000e8000000, 0x00000000e8000000)
  eden space 87424K, 100% used [0x00000000e0000000, 0x00000000e5560000, 0x00000000e5560000)
  from space 21824K,  27% used [0x00000000e6ab0000, 0x00000000e708ba38, 0x00000000e8000000)
  to   space 21824K,   0% used [0x00000000e5560000, 0x00000000e5560000, 0x00000000e6ab0000)
 concurrent mark-sweep generation total 393216K, used 49470K [0x00000000e8000000, 0x0000000100000000, 0x0000000100000000)
 Metaspace       used 33424K, capacity 33750K, committed 34248K, reserved 1079296K
  class space    used 3872K, capacity 3968K, committed 4040K, reserved 1048576K
2016-10-28T02:31:33.920-0400: 21.680: [GC (Allocation Failure) 2016-10-28T02:31:33.920-0400: 21.680: [ParNew
Desired survivor size 20112992 bytes, new threshold 8 (max 8)
- age   1:    1684920 bytes,    1684920 total
- age   2:     993584 bytes,    2678504 total
- age   3:     218928 bytes,    2897432 total
- age   4:     210832 bytes,    3108264 total
- age   5:     251672 bytes,    3359936 total
- age   6:     341752 bytes,    3701688 total
- age   7:     286360 bytes,    3988048 total
- age   8:     616480 bytes,    4604528 total
: 93422K->6354K(109248K), 0.0205902 secs] 142892K->56163K(502464K), 0.0206906 secs] [Times: user=0.05 sys=0.00, real=0.02 secs] 
Heap after GC invocations=26 (full 1):
 par new generation   total 109248K, used 6354K [0x00000000e0000000, 0x00000000e8000000, 0x00000000e8000000)
  eden space 87424K,   0% used [0x00000000e0000000, 0x00000000e0000000, 0x00000000e5560000)
  from space 21824K,  29% used [0x00000000e5560000, 0x00000000e5b94b30, 0x00000000e6ab0000)
  to   space 21824K,   0% used [0x00000000e6ab0000, 0x00000000e6ab0000, 0x00000000e8000000)
 concurrent mark-sweep generation total 393216K, used 49808K [0x00000000e8000000, 0x0000000100000000, 0x0000000100000000)
 Metaspace       used 33424K, capacity 33750K, committed 34248K, reserved 1079296K
  class space    used 3872K, capacity 3968K, committed 4040K, reserved 1048576K
}
2016-10-28T02:31:33.941-0400: 21.701: Total time for which application threads were stopped: 0.0209955 seconds, Stopping threads took: 0.0000719 seconds
{Heap before GC invocations=26 (full 1):
 par new generation   total 109248K, used 93771K [0x00000000e0000000, 0x00000000e8000000, 0x00000000e8000000)
  eden space 87424K,  99% used [0x00000000e0000000, 0x00000000e555e1b0, 0x00000000e5560000)
  from space 21824K,  29% used [0x00000000e5560000, 0x00000000e5b94b30, 0x00000000e6ab0000)
  to   space 21824K,   0% used [0x00000000e6ab0000, 0x00000000e6ab0000, 0x00000000e8000000)
 concurrent mark-sweep generation total 393216K, used 49808K [0x00000000e8000000, 0x0000000100000000, 0x0000000100000000)
 Metaspace       used 33426K, capacity 33750K, committed 34248K, reserved 1079296K
  class space    used 3872K, capacity 3968K, committed 4040K, reserved 1048576K
2016-10-28T02:31:33.984-0400: 21.745: [GC (Allocation Failure) 2016-10-28T02:31:33.984-0400: 21.745: [ParNew
Desired survivor size 20112992 bytes, new threshold 8 (max 8)
- age   1:     928528 bytes,     928528 total
- age   2:    1657960 bytes,    2586488 total
- age   3:     416912 bytes,    3003400 total
- age   4:     218928 bytes,    3222328 total
- age   5:     210832 bytes,    3433160 total
- age   6:     251672 bytes,    3684832 total
- age   7:     341752 bytes,    4026584 total
- age   8:     284880 bytes,    4311464 total
: 93771K->4698K(109248K), 0.0186614 secs] 143579K->55114K(502464K), 0.0187942 secs] [Times: user=0.03 sys=0.01, real=0.02 secs] 
Heap after GC invocations=27 (full 1):
 par new generation   total 109248K, used 4698K [0x00000000e0000000, 0x00000000e8000000, 0x00000000e8000000)
  eden space 87424K,   0% used [0x00000000e0000000, 0x00000000e0000000, 0x00000000e5560000)
  from space 21824K,  21% used [0x00000000e6ab0000, 0x00000000e6f46988, 0x00000000e8000000)
  to   space 21824K,   0% used [0x00000000e5560000, 0x00000000e5560000, 0x00000000e6ab0000)
 concurrent mark-sweep generation total 393216K, used 50415K [0x00000000e8000000, 0x0000000100000000, 0x0000000100000000)
 Metaspace       used 33426K, capacity 33750K, committed 34248K, reserved 1079296K
  class space    used 3872K, capacity 3968K, committed 4040K, reserved 1048576K
}
2016-10-28T02:31:34.003-0400: 21.763: Total time for which application threads were stopped: 0.0191804 seconds, Stopping threads took: 0.0001672 seconds
{Heap before GC invocations=27 (full 1):
 par new generation   total 109248K, used 92122K [0x00000000e0000000, 0x00000000e8000000, 0x00000000e8000000)
  eden space 87424K, 100% used [0x00000000e0000000, 0x00000000e5560000, 0x00000000e5560000)
  from space 21824K,  21% used [0x00000000e6ab0000, 0x00000000e6f46988, 0x00000000e8000000)
  to   space 21824K,   0% used [0x00000000e5560000, 0x00000000e5560000, 0x00000000e6ab0000)
 concurrent mark-sweep generation total 393216K, used 50415K [0x00000000e8000000, 0x0000000100000000, 0x0000000100000000)
 Metaspace       used 33426K, capacity 33750K, committed 34248K, reserved 1079296K
  class space    used 3872K, capacity 3968K, committed 4040K, reserved 1048576K
2016-10-28T02:31:34.046-0400: 21.806: [GC (Allocation Failure) 2016-10-28T02:31:34.046-0400: 21.806: [ParNew
Desired survivor size 20112992 bytes, new threshold 8 (max 8)
- age   1:     960864 bytes,     960864 total
- age   2:     901568 bytes,    1862432 total
- age   3:    1023912 bytes,    2886344 total
- age   4:     416912 bytes,    3303256 total
- age   5:     218928 bytes,    3522184 total
- age   6:     210832 bytes,    3733016 total
- age   7:     251672 bytes,    3984688 total
- age   8:     341752 bytes,    4326440 total
: 92122K->5263K(109248K), 0.0287735 secs] 142538K->55962K(502464K), 0.0289230 secs] [Times: user=0.07 sys=0.02, real=0.03 secs] 
Heap after GC invocations=28 (full 1):
 par new generation   total 109248K, used 5263K [0x00000000e0000000, 0x00000000e8000000, 0x00000000e8000000)
  eden space 87424K,   0% used [0x00000000e0000000, 0x00000000e0000000, 0x00000000e5560000)
  from space 21824K,  24% used [0x00000000e5560000, 0x00000000e5a83cd8, 0x00000000e6ab0000)
  to   space 21824K,   0% used [0x00000000e6ab0000, 0x00000000e6ab0000, 0x00000000e8000000)
 concurrent mark-sweep generation total 393216K, used 50699K [0x00000000e8000000, 0x0000000100000000, 0x0000000100000000)
 Metaspace       used 33426K, capacity 33750K, committed 34248K, reserved 1079296K
  class space    used 3872K, capacity 3968K, committed 4040K, reserved 1048576K
}
2016-10-28T02:31:34.075-0400: 21.835: Total time for which application threads were stopped: 0.0293609 seconds, Stopping threads took: 0.0001389 seconds
{Heap before GC invocations=28 (full 1):
 par new generation   total 109248K, used 92687K [0x00000000e0000000, 0x00000000e8000000, 0x00000000e8000000)
  eden space 87424K, 100% used [0x00000000e0000000, 0x00000000e5560000, 0x00000000e5560000)
  from space 21824K,  24% used [0x00000000e5560000, 0x00000000e5a83cd8, 0x00000000e6ab0000)
  to   space 21824K,   0% used [0x00000000e6ab0000, 0x00000000e6ab0000, 0x00000000e8000000)
 concurrent mark-sweep generation total 393216K, used 50699K [0x00000000e8000000, 0x0000000100000000, 0x0000000100000000)
 Metaspace       used 33426K, capacity 33750K, committed 34248K, reserved 1079296K
  class space    used 3872K, capacity 3968K, committed 4040K, reserved 1048576K
2016-10-28T02:31:34.115-0400: 21.875: [GC (Allocation Failure) 2016-10-28T02:31:34.115-0400: 21.875: [ParNew
Desired survivor size 20112992 bytes, new threshold 8 (max 8)
- age   1:    1152816 bytes,    1152816 total
- age   2:     933904 bytes,    2086720 total
- age   3:     901568 bytes,    2988288 total
- age   4:     210968 bytes,    3199256 total
- age   5:     416912 bytes,    3616168 total
- age   6:     218928 bytes,    3835096 total
- age   7:     210832 bytes,    4045928 total
- age   8:     251672 bytes,    4297600 total
: 92687K->6152K(109248K), 0.0189982 secs] 143386K->57190K(502464K), 0.0190719 secs] [Times: user=0.02 sys=0.03, real=0.02 secs] 
Heap after GC invocations=29 (full 1):
 par new generation   total 109248K, used 6152K [0x00000000e0000000, 0x00000000e8000000, 0x00000000e8000000)
  eden space 87424K,   0% used [0x00000000e0000000, 0x00000000e0000000, 0x00000000e5560000)
  from space 21824K,  28% used [0x00000000e6ab0000, 0x00000000e70b2278, 0x00000000e8000000)
  to   space 21824K,   0% used [0x00000000e5560000, 0x00000000e5560000, 0x00000000e6ab0000)
 concurrent mark-sweep generation total 393216K, used 51038K [0x00000000e8000000, 0x0000000100000000, 0x0000000100000000)
 Metaspace       used 33426K, capacity 33750K, committed 34248K, reserved 1079296K
  class space    used 3872K, capacity 3968K, committed 4040K, reserved 1048576K
}
2016-10-28T02:31:34.134-0400: 21.894: Total time for which application threads were stopped: 0.0195506 seconds, Stopping threads took: 0.0001514 seconds
{Heap before GC invocations=29 (full 1):
 par new generation   total 109248K, used 93576K [0x00000000e0000000, 0x00000000e8000000, 0x00000000e8000000)
  eden space 87424K, 100% used [0x00000000e0000000, 0x00000000e5560000, 0x00000000e5560000)
  from space 21824K,  28% used [0x00000000e6ab0000, 0x00000000e70b2278, 0x00000000e8000000)
  to   space 21824K,   0% used [0x00000000e5560000, 0x00000000e5560000, 0x00000000e6ab0000)
 concurrent mark-sweep generation total 393216K, used 51038K [0x00000000e8000000, 0x0000000100000000, 0x0000000100000000)
 Metaspace       used 33426K, capacity 33750K, committed 34248K, reserved 1079296K
  class space    used 3872K, capacity 3968K, committed 4040K, reserved 1048576K
2016-10-28T02:31:34.179-0400: 21.939: [GC (Allocation Failure) 2016-10-28T02:31:34.179-0400: 21.939: [ParNew
Desired survivor size 20112992 bytes, new threshold 8 (max 8)
- age   1:    1680448 bytes,    1680448 total
- age   2:    1125952 bytes,    2806400 total
- age   3:     538568 bytes,    3344968 total
- age   4:     252872 bytes,    3597840 total
- age   5:     211064 bytes,    3808904 total
- age   6:     416984 bytes,    4225888 total
- age   7:     219048 bytes,    4444936 total
- age   8:     210880 bytes,    4655816 total
: 93576K->6024K(109248K), 0.0240176 secs] 144614K->57314K(502464K), 0.0241593 secs] [Times: user=0.05 sys=0.02, real=0.03 secs] 
Heap after GC invocations=30 (full 1):
 par new generation   total 109248K, used 6024K [0x00000000e0000000, 0x00000000e8000000, 0x00000000e8000000)
  eden space 87424K,   0% used [0x00000000e0000000, 0x00000000e0000000, 0x00000000e5560000)
  from space 21824K,  27% used [0x00000000e5560000, 0x00000000e5b422d8, 0x00000000e6ab0000)
  to   space 21824K,   0% used [0x00000000e6ab0000, 0x00000000e6ab0000, 0x00000000e8000000)
 concurrent mark-sweep generation total 393216K, used 51289K [0x00000000e8000000, 0x0000000100000000, 0x0000000100000000)
 Metaspace       used 33426K, capacity 33750K, committed 34248K, reserved 1079296K
  class space    used 3872K, capacity 3968K, committed 4040K, reserved 1048576K
}
2016-10-28T02:31:34.203-0400: 21.963: Total time for which application threads were stopped: 0.0245474 seconds, Stopping threads took: 0.0001524 seconds
{Heap before GC invocations=30 (full 1):
 par new generation   total 109248K, used 93448K [0x00000000e0000000, 0x00000000e8000000, 0x00000000e8000000)
  eden space 87424K, 100% used [0x00000000e0000000, 0x00000000e5560000, 0x00000000e5560000)
  from space 21824K,  27% used [0x00000000e5560000, 0x00000000e5b422d8, 0x00000000e6ab0000)
  to   space 21824K,   0% used [0x00000000e6ab0000, 0x00000000e6ab0000, 0x00000000e8000000)
 concurrent mark-sweep generation total 393216K, used 51289K [0x00000000e8000000, 0x0000000100000000, 0x0000000100000000)
 Metaspace       used 33426K, capacity 33750K, committed 34248K, reserved 1079296K
  class space    used 3872K, capacity 3968K, committed 4040K, reserved 1048576K
2016-10-28T02:31:34.260-0400: 22.020: [GC (Allocation Failure) 2016-10-28T02:31:34.260-0400: 22.020: [ParNew
Desired survivor size 20112992 bytes, new threshold 8 (max 8)
- age   1:     865864 bytes,     865864 total
- age   2:    1653424 bytes,    2519288 total
- age   3:    1125856 bytes,    3645144 total
- age   4:     220592 bytes,    3865736 total
- age   5:     252824 bytes,    4118560 total
- age   6:     210968 bytes,    4329528 total
- age   7:     416936 bytes,    4746464 total
- age   8:     218928 bytes,    4965392 total
: 93448K->6184K(109248K), 0.0416778 secs] 144738K->57685K(502464K), 0.0417727 secs] [Times: user=0.07 sys=0.02, real=0.04 secs] 
Heap after GC invocations=31 (full 1):
 par new generation   total 109248K, used 6184K [0x00000000e0000000, 0x00000000e8000000, 0x00000000e8000000)
  eden space 87424K,   0% used [0x00000000e0000000, 0x00000000e0000000, 0x00000000e5560000)
  from space 21824K,  28% used [0x00000000e6ab0000, 0x00000000e70ba2d8, 0x00000000e8000000)
  to   space 21824K,   0% used [0x00000000e5560000, 0x00000000e5560000, 0x00000000e6ab0000)
 concurrent mark-sweep generation total 393216K, used 51500K [0x00000000e8000000, 0x0000000100000000, 0x0000000100000000)
 Metaspace       used 33426K, capacity 33750K, committed 34248K, reserved 1079296K
  class space    used 3872K, capacity 3968K, committed 4040K, reserved 1048576K
}
2016-10-28T02:31:34.302-0400: 22.062: Total time for which application threads were stopped: 0.0421331 seconds, Stopping threads took: 0.0001253 seconds
{Heap before GC invocations=31 (full 1):
 par new generation   total 109248K, used 93608K [0x00000000e0000000, 0x00000000e8000000, 0x00000000e8000000)
  eden space 87424K, 100% used [0x00000000e0000000, 0x00000000e5560000, 0x00000000e5560000)
  from space 21824K,  28% used [0x00000000e6ab0000, 0x00000000e70ba2d8, 0x00000000e8000000)
  to   space 21824K,   0% used [0x00000000e5560000, 0x00000000e5560000, 0x00000000e6ab0000)
 concurrent mark-sweep generation total 393216K, used 51500K [0x00000000e8000000, 0x0000000100000000, 0x0000000100000000)
 Metaspace       used 33426K, capacity 33750K, committed 34248K, reserved 1079296K
  class space    used 3872K, capacity 3968K, committed 4040K, reserved 1048576K
2016-10-28T02:31:34.341-0400: 22.101: [GC (Allocation Failure) 2016-10-28T02:31:34.341-0400: 22.101: [ParNew
Desired survivor size 20112992 bytes, new threshold 8 (max 8)
- age   1:    2040088 bytes,    2040088 total
- age   2:     838888 bytes,    2878976 total
- age   3:    1430920 bytes,    4309896 total
- age   4:     211296 bytes,    4521192 total
- age   5:     220592 bytes,    4741784 total
- age   6:     252824 bytes,    4994608 total
- age   7:     210968 bytes,    5205576 total
- age   8:     416912 bytes,    5622488 total
: 93608K->6863K(109248K), 0.0163183 secs] 145109K->58582K(502464K), 0.0164841 secs] [Times: user=0.03 sys=0.01, real=0.01 secs] 
Heap after GC invocations=32 (full 1):
 par new generation   total 109248K, used 6863K [0x00000000e0000000, 0x00000000e8000000, 0x00000000e8000000)
  eden space 87424K,   0% used [0x00000000e0000000, 0x00000000e0000000, 0x00000000e5560000)
  from space 21824K,  31% used [0x00000000e5560000, 0x00000000e5c13cf8, 0x00000000e6ab0000)
  to   space 21824K,   0% used [0x00000000e6ab0000, 0x00000000e6ab0000, 0x00000000e8000000)
 concurrent mark-sweep generation total 393216K, used 51719K [0x00000000e8000000, 0x0000000100000000, 0x0000000100000000)
 Metaspace       used 33426K, capacity 33750K, committed 34248K, reserved 1079296K
  class space    used 3872K, capacity 3968K, committed 4040K, reserved 1048576K
}
2016-10-28T02:31:34.358-0400: 22.118: Total time for which application threads were stopped: 0.0168222 seconds, Stopping threads took: 0.0001241 seconds
{Heap before GC invocations=32 (full 1):
 par new generation   total 109248K, used 94287K [0x00000000e0000000, 0x00000000e8000000, 0x00000000e8000000)
  eden space 87424K, 100% used [0x00000000e0000000, 0x00000000e5560000, 0x00000000e5560000)
  from space 21824K,  31% used [0x00000000e5560000, 0x00000000e5c13cf8, 0x00000000e6ab0000)
  to   space 21824K,   0% used [0x00000000e6ab0000, 0x00000000e6ab0000, 0x00000000e8000000)
 concurrent mark-sweep generation total 393216K, used 51719K [0x00000000e8000000, 0x0000000100000000, 0x0000000100000000)
 Metaspace       used 33426K, capacity 33750K, committed 34248K, reserved 1079296K
  class space    used 3872K, capacity 3968K, committed 4040K, reserved 1048576K
2016-10-28T02:31:34.404-0400: 22.164: [GC (Allocation Failure) 2016-10-28T02:31:34.404-0400: 22.164: [ParNew
Desired survivor size 20112992 bytes, new threshold 8 (max 8)
- age   1:    1481320 bytes,    1481320 total
- age   2:    2013176 bytes,    3494496 total
- age   3:     838912 bytes,    4333408 total
- age   4:     478632 bytes,    4812040 total
- age   5:     211320 bytes,    5023360 total
- age   6:     220688 bytes,    5244048 total
- age   7:     252824 bytes,    5496872 total
- age   8:     211016 bytes,    5707888 total
: 94287K->6954K(109248K), 0.0167264 secs] 146006K->59086K(502464K), 0.0168113 secs] [Times: user=0.03 sys=0.01, real=0.02 secs] 
Heap after GC invocations=33 (full 1):
 par new generation   total 109248K, used 6954K [0x00000000e0000000, 0x00000000e8000000, 0x00000000e8000000)
  eden space 87424K,   0% used [0x00000000e0000000, 0x00000000e0000000, 0x00000000e5560000)
  from space 21824K,  31% used [0x00000000e6ab0000, 0x00000000e717a9d0, 0x00000000e8000000)
  to   space 21824K,   0% used [0x00000000e5560000, 0x00000000e5560000, 0x00000000e6ab0000)
 concurrent mark-sweep generation total 393216K, used 52132K [0x00000000e8000000, 0x0000000100000000, 0x0000000100000000)
 Metaspace       used 33426K, capacity 33750K, committed 34248K, reserved 1079296K
  class space    used 3872K, capacity 3968K, committed 4040K, reserved 1048576K
}
2016-10-28T02:31:34.421-0400: 22.181: Total time for which application threads were stopped: 0.0192306 seconds, Stopping threads took: 0.0020171 seconds
{Heap before GC invocations=33 (full 1):
 par new generation   total 109248K, used 94378K [0x00000000e0000000, 0x00000000e8000000, 0x00000000e8000000)
  eden space 87424K, 100% used [0x00000000e0000000, 0x00000000e5560000, 0x00000000e5560000)
  from space 21824K,  31% used [0x00000000e6ab0000, 0x00000000e717a9d0, 0x00000000e8000000)
  to   space 21824K,   0% used [0x00000000e5560000, 0x00000000e5560000, 0x00000000e6ab0000)
 concurrent mark-sweep generation total 393216K, used 52132K [0x00000000e8000000, 0x0000000100000000, 0x0000000100000000)
 Metaspace       used 33426K, capacity 33750K, committed 34248K, reserved 1079296K
  class space    used 3872K, capacity 3968K, committed 4040K, reserved 1048576K
2016-10-28T02:31:34.469-0400: 22.229: [GC (Allocation Failure) 2016-10-28T02:31:34.470-0400: 22.230: [ParNew
Desired survivor size 20112992 bytes, new threshold 8 (max 8)
- age   1:     912216 bytes,     912216 total
- age   2:    1453944 bytes,    2366160 total
- age   3:    2013128 bytes,    4379288 total
- age   4:     481352 bytes,    4860640 total
- age   5:     478608 bytes,    5339248 total
- age   6:     211296 bytes,    5550544 total
- age   7:     220592 bytes,    5771136 total
- age   8:     252824 bytes,    6023960 total
: 94378K->7380K(109248K), 0.0245679 secs] 146510K->59723K(502464K), 0.0247602 secs] [Times: user=0.04 sys=0.02, real=0.02 secs] 
Heap after GC invocations=34 (full 1):
 par new generation   total 109248K, used 7380K [0x00000000e0000000, 0x00000000e8000000, 0x00000000e8000000)
  eden space 87424K,   0% used [0x00000000e0000000, 0x00000000e0000000, 0x00000000e5560000)
  from space 21824K,  33% used [0x00000000e5560000, 0x00000000e5c95028, 0x00000000e6ab0000)
  to   space 21824K,   0% used [0x00000000e6ab0000, 0x00000000e6ab0000, 0x00000000e8000000)
 concurrent mark-sweep generation total 393216K, used 52343K [0x00000000e8000000, 0x0000000100000000, 0x0000000100000000)
 Metaspace       used 33426K, capacity 33750K, committed 34248K, reserved 1079296K
  class space    used 3872K, capacity 3968K, committed 4040K, reserved 1048576K
}
2016-10-28T02:31:34.494-0400: 22.254: Total time for which application threads were stopped: 0.0342679 seconds, Stopping threads took: 0.0092210 seconds
{Heap before GC invocations=34 (full 1):
 par new generation   total 109248K, used 94804K [0x00000000e0000000, 0x00000000e8000000, 0x00000000e8000000)
  eden space 87424K, 100% used [0x00000000e0000000, 0x00000000e5560000, 0x00000000e5560000)
  from space 21824K,  33% used [0x00000000e5560000, 0x00000000e5c95028, 0x00000000e6ab0000)
  to   space 21824K,   0% used [0x00000000e6ab0000, 0x00000000e6ab0000, 0x00000000e8000000)
 concurrent mark-sweep generation total 393216K, used 52343K [0x00000000e8000000, 0x0000000100000000, 0x0000000100000000)
 Metaspace       used 33426K, capacity 33750K, committed 34248K, reserved 1079296K
  class space    used 3872K, capacity 3968K, committed 4040K, reserved 1048576K
2016-10-28T02:31:34.529-0400: 22.289: [GC (Allocation Failure) 2016-10-28T02:31:34.529-0400: 22.289: [ParNew
Desired survivor size 20112992 bytes, new threshold 8 (max 8)
- age   1:    1395936 bytes,    1395936 total
- age   2:     885256 bytes,    2281192 total
- age   3:    1453944 bytes,    3735136 total
- age   4:     984240 bytes,    4719376 total
- age   5:     481352 bytes,    5200728 total
- age   6:     478608 bytes,    5679336 total
- age   7:     211296 bytes,    5890632 total
- age   8:     220592 bytes,    6111224 total
: 94804K->7130K(109248K), 0.0183553 secs] 147147K->59726K(502464K), 0.0184737 secs] [Times: user=0.03 sys=0.01, real=0.02 secs] 
Heap after GC invocations=35 (full 1):
 par new generation   total 109248K, used 7130K [0x00000000e0000000, 0x00000000e8000000, 0x00000000e8000000)
  eden space 87424K,   0% used [0x00000000e0000000, 0x00000000e0000000, 0x00000000e5560000)
  from space 21824K,  32% used [0x00000000e6ab0000, 0x00000000e71a6ad8, 0x00000000e8000000)
  to   space 21824K,   0% used [0x00000000e5560000, 0x00000000e5560000, 0x00000000e6ab0000)
 concurrent mark-sweep generation total 393216K, used 52595K [0x00000000e8000000, 0x0000000100000000, 0x0000000100000000)
 Metaspace       used 33426K, capacity 33750K, committed 34248K, reserved 1079296K
  class space    used 3872K, capacity 3968K, committed 4040K, reserved 1048576K
}
2016-10-28T02:31:34.548-0400: 22.308: Total time for which application threads were stopped: 0.0189597 seconds, Stopping threads took: 0.0002082 seconds
{Heap before GC invocations=35 (full 1):
 par new generation   total 109248K, used 94554K [0x00000000e0000000, 0x00000000e8000000, 0x00000000e8000000)
  eden space 87424K, 100% used [0x00000000e0000000, 0x00000000e5560000, 0x00000000e5560000)
  from space 21824K,  32% used [0x00000000e6ab0000, 0x00000000e71a6ad8, 0x00000000e8000000)
  to   space 21824K,   0% used [0x00000000e5560000, 0x00000000e5560000, 0x00000000e6ab0000)
 concurrent mark-sweep generation total 393216K, used 52595K [0x00000000e8000000, 0x0000000100000000, 0x0000000100000000)
 Metaspace       used 33426K, capacity 33750K, committed 34248K, reserved 1079296K
  class space    used 3872K, capacity 3968K, committed 4040K, reserved 1048576K
2016-10-28T02:31:34.580-0400: 22.341: [GC (Allocation Failure) 2016-10-28T02:31:34.580-0400: 22.341: [ParNew
Desired survivor size 20112992 bytes, new threshold 8 (max 8)
- age   1:    1731024 bytes,    1731024 total
- age   2:    1368976 bytes,    3100000 total
- age   3:     885256 bytes,    3985256 total
- age   4:     382632 bytes,    4367888 total
- age   5:     733984 bytes,    5101872 total
- age   6:     481352 bytes,    5583224 total
- age   7:     478608 bytes,    6061832 total
- age   8:     211296 bytes,    6273128 total
: 94554K->7464K(109248K), 0.0159183 secs] 147150K->60281K(502464K), 0.0160370 secs] [Times: user=0.03 sys=0.01, real=0.01 secs] 
Heap after GC invocations=36 (full 1):
 par new generation   total 109248K, used 7464K [0x00000000e0000000, 0x00000000e8000000, 0x00000000e8000000)
  eden space 87424K,   0% used [0x00000000e0000000, 0x00000000e0000000, 0x00000000e5560000)
  from space 21824K,  34% used [0x00000000e5560000, 0x00000000e5caa3c8, 0x00000000e6ab0000)
  to   space 21824K,   0% used [0x00000000e6ab0000, 0x00000000e6ab0000, 0x00000000e8000000)
 concurrent mark-sweep generation total 393216K, used 52816K [0x00000000e8000000, 0x0000000100000000, 0x0000000100000000)
 Metaspace       used 33426K, capacity 33750K, committed 34248K, reserved 1079296K
  class space    used 3872K, capacity 3968K, committed 4040K, reserved 1048576K
}
2016-10-28T02:31:34.597-0400: 22.357: Total time for which application threads were stopped: 0.0167402 seconds, Stopping threads took: 0.0001571 seconds
{Heap before GC invocations=36 (full 1):
 par new generation   total 109248K, used 94888K [0x00000000e0000000, 0x00000000e8000000, 0x00000000e8000000)
  eden space 87424K, 100% used [0x00000000e0000000, 0x00000000e5560000, 0x00000000e5560000)
  from space 21824K,  34% used [0x00000000e5560000, 0x00000000e5caa3c8, 0x00000000e6ab0000)
  to   space 21824K,   0% used [0x00000000e6ab0000, 0x00000000e6ab0000, 0x00000000e8000000)
 concurrent mark-sweep generation total 393216K, used 52816K [0x00000000e8000000, 0x0000000100000000, 0x0000000100000000)
 Metaspace       used 33426K, capacity 33750K, committed 34248K, reserved 1079296K
  class space    used 3872K, capacity 3968K, committed 4040K, reserved 1048576K
2016-10-28T02:31:34.632-0400: 22.392: [GC (Allocation Failure) 2016-10-28T02:31:34.632-0400: 22.392: [ParNew
Desired survivor size 20112992 bytes, new threshold 8 (max 8)
- age   1:     727880 bytes,     727880 total
- age   2:    1704072 bytes,    2431952 total
- age   3:    1368976 bytes,    3800928 total
- age   4:     483000 bytes,    4283928 total
- age   5:     382632 bytes,    4666560 total
- age   6:     733984 bytes,    5400544 total
- age   7:     481352 bytes,    5881896 total
- age   8:     478608 bytes,    6360504 total
: 94888K->9239K(109248K), 0.0180112 secs] 147705K->62267K(502464K), 0.0181105 secs] [Times: user=0.04 sys=0.01, real=0.02 secs] 
Heap after GC invocations=37 (full 1):
 par new generation   total 109248K, used 9239K [0x00000000e0000000, 0x00000000e8000000, 0x00000000e8000000)
  eden space 87424K,   0% used [0x00000000e0000000, 0x00000000e0000000, 0x00000000e5560000)
  from space 21824K,  42% used [0x00000000e6ab0000, 0x00000000e73b5d80, 0x00000000e8000000)
  to   space 21824K,   0% used [0x00000000e5560000, 0x00000000e5560000, 0x00000000e6ab0000)
 concurrent mark-sweep generation total 393216K, used 53027K [0x00000000e8000000, 0x0000000100000000, 0x0000000100000000)
 Metaspace       used 33426K, capacity 33750K, committed 34248K, reserved 1079296K
  class space    used 3872K, capacity 3968K, committed 4040K, reserved 1048576K
}
2016-10-28T02:31:34.651-0400: 22.411: Total time for which application threads were stopped: 0.0186488 seconds, Stopping threads took: 0.0002548 seconds
{Heap before GC invocations=37 (full 1):
 par new generation   total 109248K, used 96663K [0x00000000e0000000, 0x00000000e8000000, 0x00000000e8000000)
  eden space 87424K, 100% used [0x00000000e0000000, 0x00000000e5560000, 0x00000000e5560000)
  from space 21824K,  42% used [0x00000000e6ab0000, 0x00000000e73b5d80, 0x00000000e8000000)
  to   space 21824K,   0% used [0x00000000e5560000, 0x00000000e5560000, 0x00000000e6ab0000)
 concurrent mark-sweep generation total 393216K, used 53027K [0x00000000e8000000, 0x0000000100000000, 0x0000000100000000)
 Metaspace       used 33426K, capacity 33750K, committed 34248K, reserved 1079296K
  class space    used 3872K, capacity 3968K, committed 4040K, reserved 1048576K
2016-10-28T02:31:34.688-0400: 22.448: [GC (Allocation Failure) 2016-10-28T02:31:34.688-0400: 22.448: [ParNew
Desired survivor size 20112992 bytes, new threshold 8 (max 8)
- age   1:    1547544 bytes,    1547544 total
- age   2:     700912 bytes,    2248456 total
- age   3:    1704072 bytes,    3952528 total
- age   4:     211800 bytes,    4164328 total
- age   5:     483000 bytes,    4647328 total
- age   6:     382632 bytes,    5029960 total
- age   7:     733984 bytes,    5763944 total
- age   8:     481352 bytes,    6245296 total
: 96663K->7897K(109248K), 0.0190773 secs] 149691K->61398K(502464K), 0.0195312 secs] [Times: user=0.01 sys=0.02, real=0.02 secs] 
Heap after GC invocations=38 (full 1):
 par new generation   total 109248K, used 7897K [0x00000000e0000000, 0x00000000e8000000, 0x00000000e8000000)
  eden space 87424K,   0% used [0x00000000e0000000, 0x00000000e0000000, 0x00000000e5560000)
  from space 21824K,  36% used [0x00000000e5560000, 0x00000000e5d16788, 0x00000000e6ab0000)
  to   space 21824K,   0% used [0x00000000e6ab0000, 0x00000000e6ab0000, 0x00000000e8000000)
 concurrent mark-sweep generation total 393216K, used 53500K [0x00000000e8000000, 0x0000000100000000, 0x0000000100000000)
 Metaspace       used 33426K, capacity 33750K, committed 34248K, reserved 1079296K
  class space    used 3872K, capacity 3968K, committed 4040K, reserved 1048576K
}
2016-10-28T02:31:34.707-0400: 22.468: Total time for which application threads were stopped: 0.0198583 seconds, Stopping threads took: 0.0001289 seconds
{Heap before GC invocations=38 (full 1):
 par new generation   total 109248K, used 95321K [0x00000000e0000000, 0x00000000e8000000, 0x00000000e8000000)
  eden space 87424K, 100% used [0x00000000e0000000, 0x00000000e5560000, 0x00000000e5560000)
  from space 21824K,  36% used [0x00000000e5560000, 0x00000000e5d16788, 0x00000000e6ab0000)
  to   space 21824K,   0% used [0x00000000e6ab0000, 0x00000000e6ab0000, 0x00000000e8000000)
 concurrent mark-sweep generation total 393216K, used 53500K [0x00000000e8000000, 0x0000000100000000, 0x0000000100000000)
 Metaspace       used 33426K, capacity 33750K, committed 34248K, reserved 1079296K
  class space    used 3872K, capacity 3968K, committed 4040K, reserved 1048576K
2016-10-28T02:31:34.739-0400: 22.499: [GC (Allocation Failure) 2016-10-28T02:31:34.739-0400: 22.499: [ParNew
Desired survivor size 20112992 bytes, new threshold 8 (max 8)
- age   1:     562376 bytes,     562376 total
- age   2:    1520568 bytes,    2082944 total
- age   3:     700912 bytes,    2783856 total
- age   4:    1422512 bytes,    4206368 total
- age   5:     211800 bytes,    4418168 total
- age   6:     483000 bytes,    4901168 total
- age   7:     382632 bytes,    5283800 total
- age   8:     734008 bytes,    6017808 total
: 95321K->7469K(109248K), 0.0179981 secs] 148822K->61445K(502464K), 0.0181838 secs] [Times: user=0.03 sys=0.03, real=0.02 secs] 
Heap after GC invocations=39 (full 1):
 par new generation   total 109248K, used 7469K [0x00000000e0000000, 0x00000000e8000000, 0x00000000e8000000)
  eden space 87424K,   0% used [0x00000000e0000000, 0x00000000e0000000, 0x00000000e5560000)
  from space 21824K,  34% used [0x00000000e6ab0000, 0x00000000e71fb540, 0x00000000e8000000)
  to   space 21824K,   0% used [0x00000000e5560000, 0x00000000e5560000, 0x00000000e6ab0000)
 concurrent mark-sweep generation total 393216K, used 53975K [0x00000000e8000000, 0x0000000100000000, 0x0000000100000000)
 Metaspace       used 33426K, capacity 33750K, committed 34248K, reserved 1079296K
  class space    used 3872K, capacity 3968K, committed 4040K, reserved 1048576K
}
2016-10-28T02:31:34.757-0400: 22.517: Total time for which application threads were stopped: 0.0186569 seconds, Stopping threads took: 0.0001444 seconds
{Heap before GC invocations=39 (full 1):
 par new generation   total 109248K, used 94893K [0x00000000e0000000, 0x00000000e8000000, 0x00000000e8000000)
  eden space 87424K, 100% used [0x00000000e0000000, 0x00000000e5560000, 0x00000000e5560000)
  from space 21824K,  34% used [0x00000000e6ab0000, 0x00000000e71fb540, 0x00000000e8000000)
  to   space 21824K,   0% used [0x00000000e5560000, 0x00000000e5560000, 0x00000000e6ab0000)
 concurrent mark-sweep generation total 393216K, used 53975K [0x00000000e8000000, 0x0000000100000000, 0x0000000100000000)
 Metaspace       used 33426K, capacity 33750K, committed 34248K, reserved 1079296K
  class space    used 3872K, capacity 3968K, committed 4040K, reserved 1048576K
2016-10-28T02:31:34.790-0400: 22.550: [GC (Allocation Failure) 2016-10-28T02:31:34.790-0400: 22.550: [ParNew
Desired survivor size 20112992 bytes, new threshold 8 (max 8)
- age   1:    1594464 bytes,    1594464 total
- age   2:     535416 bytes,    2129880 total
- age   3:    1520568 bytes,    3650448 total
- age   4:     700912 bytes,    4351360 total
- age   5:     217248 bytes,    4568608 total
- age   6:     211472 bytes,    4780080 total
- age   7:     483000 bytes,    5263080 total
- age   8:     382632 bytes,    5645712 total
: 94893K->6831K(109248K), 0.0290980 secs] 148869K->61529K(502464K), 0.0292556 secs] [Times: user=0.04 sys=0.01, real=0.03 secs] 
Heap after GC invocations=40 (full 1):
 par new generation   total 109248K, used 6831K [0x00000000e0000000, 0x00000000e8000000, 0x00000000e8000000)
  eden space 87424K,   0% used [0x00000000e0000000, 0x00000000e0000000, 0x00000000e5560000)
  from space 21824K,  31% used [0x00000000e5560000, 0x00000000e5c0bd78, 0x00000000e6ab0000)
  to   space 21824K,   0% used [0x00000000e6ab0000, 0x00000000e6ab0000, 0x00000000e8000000)
 concurrent mark-sweep generation total 393216K, used 54697K [0x00000000e8000000, 0x0000000100000000, 0x0000000100000000)
 Metaspace       used 33426K, capacity 33750K, committed 34248K, reserved 1079296K
  class space    used 3872K, capacity 3968K, committed 4040K, reserved 1048576K
}
2016-10-28T02:31:34.819-0400: 22.579: Total time for which application threads were stopped: 0.0296635 seconds, Stopping threads took: 0.0001577 seconds
{Heap before GC invocations=40 (full 1):
 par new generation   total 109248K, used 94255K [0x00000000e0000000, 0x00000000e8000000, 0x00000000e8000000)
  eden space 87424K, 100% used [0x00000000e0000000, 0x00000000e5560000, 0x00000000e5560000)
  from space 21824K,  31% used [0x00000000e5560000, 0x00000000e5c0bd78, 0x00000000e6ab0000)
  to   space 21824K,   0% used [0x00000000e6ab0000, 0x00000000e6ab0000, 0x00000000e8000000)
 concurrent mark-sweep generation total 393216K, used 54697K [0x00000000e8000000, 0x0000000100000000, 0x0000000100000000)
 Metaspace       used 33427K, capacity 33814K, committed 34248K, reserved 1079296K
  class space    used 3872K, capacity 3968K, committed 4040K, reserved 1048576K
2016-10-28T02:31:34.844-0400: 22.604: [GC (Allocation Failure) 2016-10-28T02:31:34.844-0400: 22.604: [ParNew
Desired survivor size 20112992 bytes, new threshold 8 (max 8)
- age   1:     754440 bytes,     754440 total
- age   2:    1567536 bytes,    2321976 total
- age   3:     535416 bytes,    2857392 total
- age   4:    1520568 bytes,    4377960 total
- age   5:     248416 bytes,    4626376 total
- age   6:     217248 bytes,    4843624 total
- age   7:     211472 bytes,    5055096 total
- age   8:     483000 bytes,    5538096 total
: 94255K->8384K(109248K), 0.0238954 secs] 148953K->63461K(502464K), 0.0240290 secs] [Times: user=0.04 sys=0.01, real=0.03 secs] 
Heap after GC invocations=41 (full 1):
 par new generation   total 109248K, used 8384K [0x00000000e0000000, 0x00000000e8000000, 0x00000000e8000000)
  eden space 87424K,   0% used [0x00000000e0000000, 0x00000000e0000000, 0x00000000e5560000)
  from space 21824K,  38% used [0x00000000e6ab0000, 0x00000000e72e0270, 0x00000000e8000000)
  to   space 21824K,   0% used [0x00000000e5560000, 0x00000000e5560000, 0x00000000e6ab0000)
 concurrent mark-sweep generation total 393216K, used 55076K [0x00000000e8000000, 0x0000000100000000, 0x0000000100000000)
 Metaspace       used 33427K, capacity 33814K, committed 34248K, reserved 1079296K
  class space    used 3872K, capacity 3968K, committed 4040K, reserved 1048576K
}
2016-10-28T02:31:34.868-0400: 22.628: Total time for which application threads were stopped: 0.0244361 seconds, Stopping threads took: 0.0001612 seconds
{Heap before GC invocations=41 (full 1):
 par new generation   total 109248K, used 95808K [0x00000000e0000000, 0x00000000e8000000, 0x00000000e8000000)
  eden space 87424K, 100% used [0x00000000e0000000, 0x00000000e5560000, 0x00000000e5560000)
  from space 21824K,  38% used [0x00000000e6ab0000, 0x00000000e72e0270, 0x00000000e8000000)
  to   space 21824K,   0% used [0x00000000e5560000, 0x00000000e5560000, 0x00000000e6ab0000)
 concurrent mark-sweep generation total 393216K, used 55076K [0x00000000e8000000, 0x0000000100000000, 0x0000000100000000)
 Metaspace       used 33427K, capacity 33814K, committed 34248K, reserved 1079296K
  class space    used 3872K, capacity 3968K, committed 4040K, reserved 1048576K
2016-10-28T02:31:34.894-0400: 22.654: [GC (Allocation Failure) 2016-10-28T02:31:34.894-0400: 22.654: [ParNew
Desired survivor size 20112992 bytes, new threshold 8 (max 8)
- age   1:    1741544 bytes,    1741544 total
- age   2:     727480 bytes,    2469024 total
- age   3:    1567512 bytes,    4036536 total
- age   4:     535416 bytes,    4571952 total
- age   5:     218744 bytes,    4790696 total
- age   6:     248416 bytes,    5039112 total
- age   7:     217248 bytes,    5256360 total
- age   8:     211472 bytes,    5467832 total
: 95808K->6472K(109248K), 0.0201853 secs] 150885K->62026K(502464K), 0.0203058 secs] [Times: user=0.07 sys=0.01, real=0.02 secs] 
Heap after GC invocations=42 (full 1):
 par new generation   total 109248K, used 6472K [0x00000000e0000000, 0x00000000e8000000, 0x00000000e8000000)
  eden space 87424K,   0% used [0x00000000e0000000, 0x00000000e0000000, 0x00000000e5560000)
  from space 21824K,  29% used [0x00000000e5560000, 0x00000000e5bb23c8, 0x00000000e6ab0000)
  to   space 21824K,   0% used [0x00000000e6ab0000, 0x00000000e6ab0000, 0x00000000e8000000)
 concurrent mark-sweep generation total 393216K, used 55553K [0x00000000e8000000, 0x0000000100000000, 0x0000000100000000)
 Metaspace       used 33427K, capacity 33814K, committed 34248K, reserved 1079296K
  class space    used 3872K, capacity 3968K, committed 4040K, reserved 1048576K
}
2016-10-28T02:31:34.915-0400: 22.675: Total time for which application threads were stopped: 0.0208176 seconds, Stopping threads took: 0.0002368 seconds
{Heap before GC invocations=42 (full 1):
 par new generation   total 109248K, used 93896K [0x00000000e0000000, 0x00000000e8000000, 0x00000000e8000000)
  eden space 87424K, 100% used [0x00000000e0000000, 0x00000000e5560000, 0x00000000e5560000)
  from space 21824K,  29% used [0x00000000e5560000, 0x00000000e5bb23c8, 0x00000000e6ab0000)
  to   space 21824K,   0% used [0x00000000e6ab0000, 0x00000000e6ab0000, 0x00000000e8000000)
 concurrent mark-sweep generation total 393216K, used 55553K [0x00000000e8000000, 0x0000000100000000, 0x0000000100000000)
 Metaspace       used 33427K, capacity 33814K, committed 34248K, reserved 1079296K
  class space    used 3872K, capacity 3968K, committed 4040K, reserved 1048576K
2016-10-28T02:31:34.943-0400: 22.703: [GC (Allocation Failure) 2016-10-28T02:31:34.943-0400: 22.703: [ParNew
Desired survivor size 20112992 bytes, new threshold 8 (max 8)
- age   1:     594408 bytes,     594408 total
- age   2:    1714592 bytes,    2309000 total
- age   3:     727480 bytes,    3036480 total
- age   4:    1567512 bytes,    4603992 total
- age   5:     218688 bytes,    4822680 total
- age   6:     218744 bytes,    5041424 total
- age   7:     248416 bytes,    5289840 total
- age   8:     217248 bytes,    5507088 total
: 93896K->8576K(109248K), 0.0252976 secs] 149450K->64341K(502464K), 0.0255928 secs] [Times: user=0.06 sys=0.01, real=0.03 secs] 
Heap after GC invocations=43 (full 1):
 par new generation   total 109248K, used 8576K [0x00000000e0000000, 0x00000000e8000000, 0x00000000e8000000)
  eden space 87424K,   0% used [0x00000000e0000000, 0x00000000e0000000, 0x00000000e5560000)
  from space 21824K,  39% used [0x00000000e6ab0000, 0x00000000e73100e8, 0x00000000e8000000)
  to   space 21824K,   0% used [0x00000000e5560000, 0x00000000e5560000, 0x00000000e6ab0000)
 concurrent mark-sweep generation total 393216K, used 55765K [0x00000000e8000000, 0x0000000100000000, 0x0000000100000000)
 Metaspace       used 33427K, capacity 33814K, committed 34248K, reserved 1079296K
  class space    used 3872K, capacity 3968K, committed 4040K, reserved 1048576K
}
2016-10-28T02:31:34.968-0400: 22.728: Total time for which application threads were stopped: 0.0259638 seconds, Stopping threads took: 0.0001374 seconds
{Heap before GC invocations=43 (full 1):
 par new generation   total 109248K, used 96000K [0x00000000e0000000, 0x00000000e8000000, 0x00000000e8000000)
  eden space 87424K, 100% used [0x00000000e0000000, 0x00000000e5560000, 0x00000000e5560000)
  from space 21824K,  39% used [0x00000000e6ab0000, 0x00000000e73100e8, 0x00000000e8000000)
  to   space 21824K,   0% used [0x00000000e5560000, 0x00000000e5560000, 0x00000000e6ab0000)
 concurrent mark-sweep generation total 393216K, used 55765K [0x00000000e8000000, 0x0000000100000000, 0x0000000100000000)
 Metaspace       used 33428K, capacity 33814K, committed 34248K, reserved 1079296K
  class space    used 3872K, capacity 3968K, committed 4040K, reserved 1048576K
2016-10-28T02:31:34.997-0400: 22.757: [GC (Allocation Failure) 2016-10-28T02:31:34.997-0400: 22.757: [ParNew
Desired survivor size 20112992 bytes, new threshold 8 (max 8)
- age   1:    2164024 bytes,    2164024 total
- age   2:     567440 bytes,    2731464 total
- age   3:    1714592 bytes,    4446056 total
- age   4:     727480 bytes,    5173536 total
- age   5:     211296 bytes,    5384832 total
- age   6:     218688 bytes,    5603520 total
- age   7:     218744 bytes,    5822264 total
- age   8:     248416 bytes,    6070680 total
: 96000K->7416K(109248K), 0.0291542 secs] 151765K->63399K(502464K), 0.0292652 secs] [Times: user=0.03 sys=0.01, real=0.03 secs] 
Heap after GC invocations=44 (full 1):
 par new generation   total 109248K, used 7416K [0x00000000e0000000, 0x00000000e8000000, 0x00000000e8000000)
  eden space 87424K,   0% used [0x00000000e0000000, 0x00000000e0000000, 0x00000000e5560000)
  from space 21824K,  33% used [0x00000000e5560000, 0x00000000e5c9e280, 0x00000000e6ab0000)
  to   space 21824K,   0% used [0x00000000e6ab0000, 0x00000000e6ab0000, 0x00000000e8000000)
 concurrent mark-sweep generation total 393216K, used 55983K [0x00000000e8000000, 0x0000000100000000, 0x0000000100000000)
 Metaspace       used 33428K, capacity 33814K, committed 34248K, reserved 1079296K
  class space    used 3872K, capacity 3968K, committed 4040K, reserved 1048576K
}
2016-10-28T02:31:35.027-0400: 22.787: Total time for which application threads were stopped: 0.0297359 seconds, Stopping threads took: 0.0001672 seconds
{Heap before GC invocations=44 (full 1):
 par new generation   total 109248K, used 94840K [0x00000000e0000000, 0x00000000e8000000, 0x00000000e8000000)
  eden space 87424K, 100% used [0x00000000e0000000, 0x00000000e5560000, 0x00000000e5560000)
  from space 21824K,  33% used [0x00000000e5560000, 0x00000000e5c9e280, 0x00000000e6ab0000)
  to   space 21824K,   0% used [0x00000000e6ab0000, 0x00000000e6ab0000, 0x00000000e8000000)
 concurrent mark-sweep generation total 393216K, used 55983K [0x00000000e8000000, 0x0000000100000000, 0x0000000100000000)
 Metaspace       used 33430K, capacity 33814K, committed 34248K, reserved 1079296K
  class space    used 3873K, capacity 3968K, committed 4040K, reserved 1048576K
2016-10-28T02:31:35.051-0400: 22.811: [GC (Allocation Failure) 2016-10-28T02:31:35.051-0400: 22.811: [ParNew
Desired survivor size 20112992 bytes, new threshold 8 (max 8)
- age   1:     845784 bytes,     845784 total
- age   2:    2137064 bytes,    2982848 total
- age   3:     567440 bytes,    3550288 total
- age   4:    1714592 bytes,    5264880 total
- age   5:     218448 bytes,    5483328 total
- age   6:     211296 bytes,    5694624 total
- age   7:     218688 bytes,    5913312 total
- age   8:     218744 bytes,    6132056 total
: 94840K->7289K(109248K), 0.0142399 secs] 150823K->63520K(502464K), 0.0147773 secs] [Times: user=0.02 sys=0.01, real=0.01 secs] 
Heap after GC invocations=45 (full 1):
 par new generation   total 109248K, used 7289K [0x00000000e0000000, 0x00000000e8000000, 0x00000000e8000000)
  eden space 87424K,   0% used [0x00000000e0000000, 0x00000000e0000000, 0x00000000e5560000)
  from space 21824K,  33% used [0x00000000e6ab0000, 0x00000000e71ce7f8, 0x00000000e8000000)
  to   space 21824K,   0% used [0x00000000e5560000, 0x00000000e5560000, 0x00000000e6ab0000)
 concurrent mark-sweep generation total 393216K, used 56230K [0x00000000e8000000, 0x0000000100000000, 0x0000000100000000)
 Metaspace       used 33430K, capacity 33814K, committed 34248K, reserved 1079296K
  class space    used 3873K, capacity 3968K, committed 4040K, reserved 1048576K
}
2016-10-28T02:31:35.066-0400: 22.826: Total time for which application threads were stopped: 0.0154056 seconds, Stopping threads took: 0.0003742 seconds
{Heap before GC invocations=45 (full 1):
 par new generation   total 109248K, used 94713K [0x00000000e0000000, 0x00000000e8000000, 0x00000000e8000000)
  eden space 87424K, 100% used [0x00000000e0000000, 0x00000000e5560000, 0x00000000e5560000)
  from space 21824K,  33% used [0x00000000e6ab0000, 0x00000000e71ce7f8, 0x00000000e8000000)
  to   space 21824K,   0% used [0x00000000e5560000, 0x00000000e5560000, 0x00000000e6ab0000)
 concurrent mark-sweep generation total 393216K, used 56230K [0x00000000e8000000, 0x0000000100000000, 0x0000000100000000)
 Metaspace       used 33430K, capacity 33814K, committed 34248K, reserved 1079296K
  class space    used 3873K, capacity 3968K, committed 4040K, reserved 1048576K
2016-10-28T02:31:35.087-0400: 22.847: [GC (Allocation Failure) 2016-10-28T02:31:35.087-0400: 22.847: [ParNew
Desired survivor size 20112992 bytes, new threshold 8 (max 8)
- age   1:    1884568 bytes,    1884568 total
- age   2:     816080 bytes,    2700648 total
- age   3:    2137064 bytes,    4837712 total
- age   4:     567440 bytes,    5405152 total
- age   5:     250032 bytes,    5655184 total
- age   6:     218424 bytes,    5873608 total
- age   7:     211296 bytes,    6084904 total
- age   8:     218688 bytes,    6303592 total
: 94713K->6653K(109248K), 0.0150455 secs] 150944K->63103K(502464K), 0.0151140 secs] [Times: user=0.02 sys=0.01, real=0.02 secs] 
Heap after GC invocations=46 (full 1):
 par new generation   total 109248K, used 6653K [0x00000000e0000000, 0x00000000e8000000, 0x00000000e8000000)
  eden space 87424K,   0% used [0x00000000e0000000, 0x00000000e0000000, 0x00000000e5560000)
  from space 21824K,  30% used [0x00000000e5560000, 0x00000000e5bdf630, 0x00000000e6ab0000)
  to   space 21824K,   0% used [0x00000000e6ab0000, 0x00000000e6ab0000, 0x00000000e8000000)
 concurrent mark-sweep generation total 393216K, used 56449K [0x00000000e8000000, 0x0000000100000000, 0x0000000100000000)
 Metaspace       used 33430K, capacity 33814K, committed 34248K, reserved 1079296K
  class space    used 3873K, capacity 3968K, committed 4040K, reserved 1048576K
}
2016-10-28T02:31:35.102-0400: 22.862: Total time for which application threads were stopped: 0.0154495 seconds, Stopping threads took: 0.0001222 seconds
{Heap before GC invocations=46 (full 1):
 par new generation   total 109248K, used 94077K [0x00000000e0000000, 0x00000000e8000000, 0x00000000e8000000)
  eden space 87424K, 100% used [0x00000000e0000000, 0x00000000e5560000, 0x00000000e5560000)
  from space 21824K,  30% used [0x00000000e5560000, 0x00000000e5bdf630, 0x00000000e6ab0000)
  to   space 21824K,   0% used [0x00000000e6ab0000, 0x00000000e6ab0000, 0x00000000e8000000)
 concurrent mark-sweep generation total 393216K, used 56449K [0x00000000e8000000, 0x0000000100000000, 0x0000000100000000)
 Metaspace       used 33431K, capacity 33814K, committed 34248K, reserved 1079296K
  class space    used 3873K, capacity 3968K, committed 4040K, reserved 1048576K
2016-10-28T02:31:35.128-0400: 22.888: [GC (Allocation Failure) 2016-10-28T02:31:35.128-0400: 22.888: [ParNew
Desired survivor size 20112992 bytes, new threshold 8 (max 8)
- age   1:     280976 bytes,     280976 total
- age   2:    1857592 bytes,    2138568 total
- age   3:     816080 bytes,    2954648 total
- age   4:    2137064 bytes,    5091712 total
- age   5:     567440 bytes,    5659152 total
- age   6:     250032 bytes,    5909184 total
- age   7:     218424 bytes,    6127608 total
- age   8:     211296 bytes,    6338904 total
: 94077K->7265K(109248K), 0.0130913 secs] 150527K->63934K(502464K), 0.0132635 secs] [Times: user=0.02 sys=0.00, real=0.01 secs] 
Heap after GC invocations=47 (full 1):
 par new generation   total 109248K, used 7265K [0x00000000e0000000, 0x00000000e8000000, 0x00000000e8000000)
  eden space 87424K,   0% used [0x00000000e0000000, 0x00000000e0000000, 0x00000000e5560000)
  from space 21824K,  33% used [0x00000000e6ab0000, 0x00000000e71c8568, 0x00000000e8000000)
  to   space 21824K,   0% used [0x00000000e5560000, 0x00000000e5560000, 0x00000000e6ab0000)
 concurrent mark-sweep generation total 393216K, used 56668K [0x00000000e8000000, 0x0000000100000000, 0x0000000100000000)
 Metaspace       used 33431K, capacity 33814K, committed 34248K, reserved 1079296K
  class space    used 3873K, capacity 3968K, committed 4040K, reserved 1048576K
}
2016-10-28T02:31:35.141-0400: 22.901: Total time for which application threads were stopped: 0.0140173 seconds, Stopping threads took: 0.0004894 seconds
{Heap before GC invocations=47 (full 1):
 par new generation   total 109248K, used 94689K [0x00000000e0000000, 0x00000000e8000000, 0x00000000e8000000)
  eden space 87424K, 100% used [0x00000000e0000000, 0x00000000e5560000, 0x00000000e5560000)
  from space 21824K,  33% used [0x00000000e6ab0000, 0x00000000e71c8568, 0x00000000e8000000)
  to   space 21824K,   0% used [0x00000000e5560000, 0x00000000e5560000, 0x00000000e6ab0000)
 concurrent mark-sweep generation total 393216K, used 56668K [0x00000000e8000000, 0x0000000100000000, 0x0000000100000000)
 Metaspace       used 33431K, capacity 33814K, committed 34248K, reserved 1079296K
  class space    used 3873K, capacity 3968K, committed 4040K, reserved 1048576K
2016-10-28T02:31:35.165-0400: 22.926: [GC (Allocation Failure) 2016-10-28T02:31:35.165-0400: 22.926: [ParNew
Desired survivor size 20112992 bytes, new threshold 8 (max 8)
- age   1:    1050960 bytes,    1050960 total
- age   2:     254016 bytes,    1304976 total
- age   3:    1857592 bytes,    3162568 total
- age   4:     816080 bytes,    3978648 total
- age   5:    1780744 bytes,    5759392 total
- age   6:     211120 bytes,    5970512 total
- age   7:     250032 bytes,    6220544 total
- age   8:     218424 bytes,    6438968 total
: 94689K->7473K(109248K), 0.0205572 secs] 151358K->64354K(502464K), 0.0206392 secs] [Times: user=0.04 sys=0.01, real=0.02 secs] 
Heap after GC invocations=48 (full 1):
 par new generation   total 109248K, used 7473K [0x00000000e0000000, 0x00000000e8000000, 0x00000000e8000000)
  eden space 87424K,   0% used [0x00000000e0000000, 0x00000000e0000000, 0x00000000e5560000)
  from space 21824K,  34% used [0x00000000e5560000, 0x00000000e5cac7a8, 0x00000000e6ab0000)
  to   space 21824K,   0% used [0x00000000e6ab0000, 0x00000000e6ab0000, 0x00000000e8000000)
 concurrent mark-sweep generation total 393216K, used 56880K [0x00000000e8000000, 0x0000000100000000, 0x0000000100000000)
 Metaspace       used 33431K, capacity 33814K, committed 34248K, reserved 1079296K
  class space    used 3873K, capacity 3968K, committed 4040K, reserved 1048576K
}
2016-10-28T02:31:35.186-0400: 22.946: Total time for which application threads were stopped: 0.0211490 seconds, Stopping threads took: 0.0002683 seconds
{Heap before GC invocations=48 (full 1):
 par new generation   total 109248K, used 94897K [0x00000000e0000000, 0x00000000e8000000, 0x00000000e8000000)
  eden space 87424K, 100% used [0x00000000e0000000, 0x00000000e5560000, 0x00000000e5560000)
  from space 21824K,  34% used [0x00000000e5560000, 0x00000000e5cac7a8, 0x00000000e6ab0000)
  to   space 21824K,   0% used [0x00000000e6ab0000, 0x00000000e6ab0000, 0x00000000e8000000)
 concurrent mark-sweep generation total 393216K, used 56880K [0x00000000e8000000, 0x0000000100000000, 0x0000000100000000)
 Metaspace       used 33431K, capacity 33814K, committed 34248K, reserved 1079296K
  class space    used 3873K, capacity 3968K, committed 4040K, reserved 1048576K
2016-10-28T02:31:35.209-0400: 22.969: [GC (Allocation Failure) 2016-10-28T02:31:35.209-0400: 22.969: [ParNew
Desired survivor size 20112992 bytes, new threshold 8 (max 8)
- age   1:    1551848 bytes,    1551848 total
- age   2:    1024008 bytes,    2575856 total
- age   3:     254016 bytes,    2829872 total
- age   4:    1857592 bytes,    4687464 total
- age   5:     816080 bytes,    5503544 total
- age   6:     611288 bytes,    6114832 total
- age   7:     211120 bytes,    6325952 total
- age   8:     250032 bytes,    6575984 total
: 94897K->7393K(109248K), 0.0376836 secs] 151778K->64493K(502464K), 0.0381565 secs] [Times: user=0.06 sys=0.01, real=0.03 secs] 
Heap after GC invocations=49 (full 1):
 par new generation   total 109248K, used 7393K [0x00000000e0000000, 0x00000000e8000000, 0x00000000e8000000)
  eden space 87424K,   0% used [0x00000000e0000000, 0x00000000e0000000, 0x00000000e5560000)
  from space 21824K,  33% used [0x00000000e6ab0000, 0x00000000e71e87c8, 0x00000000e8000000)
  to   space 21824K,   0% used [0x00000000e5560000, 0x00000000e5560000, 0x00000000e6ab0000)
 concurrent mark-sweep generation total 393216K, used 57099K [0x00000000e8000000, 0x0000000100000000, 0x0000000100000000)
 Metaspace       used 33431K, capacity 33814K, committed 34248K, reserved 1079296K
  class space    used 3873K, capacity 3968K, committed 4040K, reserved 1048576K
}
2016-10-28T02:31:35.247-0400: 23.007: Total time for which application threads were stopped: 0.0385611 seconds, Stopping threads took: 0.0001737 seconds
{Heap before GC invocations=49 (full 1):
 par new generation   total 109248K, used 94817K [0x00000000e0000000, 0x00000000e8000000, 0x00000000e8000000)
  eden space 87424K, 100% used [0x00000000e0000000, 0x00000000e5560000, 0x00000000e5560000)
  from space 21824K,  33% used [0x00000000e6ab0000, 0x00000000e71e87c8, 0x00000000e8000000)
  to   space 21824K,   0% used [0x00000000e5560000, 0x00000000e5560000, 0x00000000e6ab0000)
 concurrent mark-sweep generation total 393216K, used 57099K [0x00000000e8000000, 0x0000000100000000, 0x0000000100000000)
 Metaspace       used 33431K, capacity 33814K, committed 34248K, reserved 1079296K
  class space    used 3873K, capacity 3968K, committed 4040K, reserved 1048576K
2016-10-28T02:31:35.271-0400: 23.031: [GC (Allocation Failure) 2016-10-28T02:31:35.271-0400: 23.031: [ParNew
Desired survivor size 20112992 bytes, new threshold 8 (max 8)
- age   1:     893384 bytes,     893384 total
- age   2:    1524888 bytes,    2418272 total
- age   3:    1024008 bytes,    3442280 total
- age   4:     254016 bytes,    3696296 total
- age   5:    1857592 bytes,    5553888 total
- age   6:     243344 bytes,    5797232 total
- age   7:     611288 bytes,    6408520 total
- age   8:     211120 bytes,    6619640 total
: 94817K->7558K(109248K), 0.0147403 secs] 151917K->64907K(502464K), 0.0148463 secs] [Times: user=0.01 sys=0.02, real=0.01 secs] 
Heap after GC invocations=50 (full 1):
 par new generation   total 109248K, used 7558K [0x00000000e0000000, 0x00000000e8000000, 0x00000000e8000000)
  eden space 87424K,   0% used [0x00000000e0000000, 0x00000000e0000000, 0x00000000e5560000)
  from space 21824K,  34% used [0x00000000e5560000, 0x00000000e5cc1a38, 0x00000000e6ab0000)
  to   space 21824K,   0% used [0x00000000e6ab0000, 0x00000000e6ab0000, 0x00000000e8000000)
 concurrent mark-sweep generation total 393216K, used 57348K [0x00000000e8000000, 0x0000000100000000, 0x0000000100000000)
 Metaspace       used 33431K, capacity 33814K, committed 34248K, reserved 1079296K
  class space    used 3873K, capacity 3968K, committed 4040K, reserved 1048576K
}
2016-10-28T02:31:35.286-0400: 23.046: Total time for which application threads were stopped: 0.0151124 seconds, Stopping threads took: 0.0001100 seconds
{Heap before GC invocations=50 (full 1):
 par new generation   total 109248K, used 94982K [0x00000000e0000000, 0x00000000e8000000, 0x00000000e8000000)
  eden space 87424K, 100% used [0x00000000e0000000, 0x00000000e5560000, 0x00000000e5560000)
  from space 21824K,  34% used [0x00000000e5560000, 0x00000000e5cc1a38, 0x00000000e6ab0000)
  to   space 21824K,   0% used [0x00000000e6ab0000, 0x00000000e6ab0000, 0x00000000e8000000)
 concurrent mark-sweep generation total 393216K, used 57348K [0x00000000e8000000, 0x0000000100000000, 0x0000000100000000)
 Metaspace       used 33431K, capacity 33814K, committed 34248K, reserved 1079296K
  class space    used 3873K, capacity 3968K, committed 4040K, reserved 1048576K
2016-10-28T02:31:35.310-0400: 23.070: [GC (Allocation Failure) 2016-10-28T02:31:35.310-0400: 23.070: [ParNew
Desired survivor size 20112992 bytes, new threshold 8 (max 8)
- age   1:    2105072 bytes,    2105072 total
- age   2:     866424 bytes,    2971496 total
- age   3:    1524888 bytes,    4496384 total
- age   4:    1024008 bytes,    5520392 total
- age   5:     254016 bytes,    5774408 total
- age   6:     209968 bytes,    5984376 total
- age   7:     243344 bytes,    6227720 total
- age   8:     611288 bytes,    6839008 total
: 94982K->7161K(109248K), 0.0167853 secs] 152331K->64721K(502464K), 0.0168594 secs] [Times: user=0.02 sys=0.02, real=0.01 secs] 
Heap after GC invocations=51 (full 1):
 par new generation   total 109248K, used 7161K [0x00000000e0000000, 0x00000000e8000000, 0x00000000e8000000)
  eden space 87424K,   0% used [0x00000000e0000000, 0x00000000e0000000, 0x00000000e5560000)
  from space 21824K,  32% used [0x00000000e6ab0000, 0x00000000e71ae660, 0x00000000e8000000)
  to   space 21824K,   0% used [0x00000000e5560000, 0x00000000e5560000, 0x00000000e6ab0000)
 concurrent mark-sweep generation total 393216K, used 57560K [0x00000000e8000000, 0x0000000100000000, 0x0000000100000000)
 Metaspace       used 33431K, capacity 33814K, committed 34248K, reserved 1079296K
  class space    used 3873K, capacity 3968K, committed 4040K, reserved 1048576K
}
2016-10-28T02:31:35.327-0400: 23.087: Total time for which application threads were stopped: 0.0171796 seconds, Stopping threads took: 0.0000971 seconds
{Heap before GC invocations=51 (full 1):
 par new generation   total 109248K, used 94585K [0x00000000e0000000, 0x00000000e8000000, 0x00000000e8000000)
  eden space 87424K, 100% used [0x00000000e0000000, 0x00000000e5560000, 0x00000000e5560000)
  from space 21824K,  32% used [0x00000000e6ab0000, 0x00000000e71ae660, 0x00000000e8000000)
  to   space 21824K,   0% used [0x00000000e5560000, 0x00000000e5560000, 0x00000000e6ab0000)
 concurrent mark-sweep generation total 393216K, used 57560K [0x00000000e8000000, 0x0000000100000000, 0x0000000100000000)
 Metaspace       used 33431K, capacity 33814K, committed 34248K, reserved 1079296K
  class space    used 3873K, capacity 3968K, committed 4040K, reserved 1048576K
2016-10-28T02:31:35.346-0400: 23.106: [GC (Allocation Failure) 2016-10-28T02:31:35.346-0400: 23.106: [ParNew
Desired survivor size 20112992 bytes, new threshold 8 (max 8)
- age   1:     276384 bytes,     276384 total
- age   2:    2078112 bytes,    2354496 total
- age   3:     866424 bytes,    3220920 total
- age   4:    1524888 bytes,    4745808 total
- age   5:    1024008 bytes,    5769816 total
- age   6:     254016 bytes,    6023832 total
- age   7:     209968 bytes,    6233800 total
- age   8:     243344 bytes,    6477144 total
: 94585K->8358K(109248K), 0.0188519 secs] 152145K->66520K(502464K), 0.0192949 secs] [Times: user=0.02 sys=0.02, real=0.02 secs] 
Heap after GC invocations=52 (full 1):
 par new generation   total 109248K, used 8358K [0x00000000e0000000, 0x00000000e8000000, 0x00000000e8000000)
  eden space 87424K,   0% used [0x00000000e0000000, 0x00000000e0000000, 0x00000000e5560000)
  from space 21824K,  38% used [0x00000000e5560000, 0x00000000e5d899a0, 0x00000000e6ab0000)
  to   space 21824K,   0% used [0x00000000e6ab0000, 0x00000000e6ab0000, 0x00000000e8000000)
 concurrent mark-sweep generation total 393216K, used 58162K [0x00000000e8000000, 0x0000000100000000, 0x0000000100000000)
 Metaspace       used 33431K, capacity 33814K, committed 34248K, reserved 1079296K
  class space    used 3873K, capacity 3968K, committed 4040K, reserved 1048576K
}
2016-10-28T02:31:35.365-0400: 23.125: Total time for which application threads were stopped: 0.0196321 seconds, Stopping threads took: 0.0000943 seconds
{Heap before GC invocations=52 (full 1):
 par new generation   total 109248K, used 95782K [0x00000000e0000000, 0x00000000e8000000, 0x00000000e8000000)
  eden space 87424K, 100% used [0x00000000e0000000, 0x00000000e5560000, 0x00000000e5560000)
  from space 21824K,  38% used [0x00000000e5560000, 0x00000000e5d899a0, 0x00000000e6ab0000)
  to   space 21824K,   0% used [0x00000000e6ab0000, 0x00000000e6ab0000, 0x00000000e8000000)
 concurrent mark-sweep generation total 393216K, used 58162K [0x00000000e8000000, 0x0000000100000000, 0x0000000100000000)
 Metaspace       used 33431K, capacity 33814K, committed 34248K, reserved 1079296K
  class space    used 3873K, capacity 3968K, committed 4040K, reserved 1048576K
2016-10-28T02:31:35.401-0400: 23.161: [GC (Allocation Failure) 2016-10-28T02:31:35.401-0400: 23.161: [ParNew
Desired survivor size 20112992 bytes, new threshold 8 (max 8)
- age   1:     697472 bytes,     697472 total
- age   2:     249432 bytes,     946904 total
- age   3:    2078112 bytes,    3025016 total
- age   4:     866424 bytes,    3891440 total
- age   5:    1524912 bytes,    5416352 total
- age   6:     623112 bytes,    6039464 total
- age   7:     254016 bytes,    6293480 total
- age   8:     209968 bytes,    6503448 total
: 95782K->7930K(109248K), 0.0330236 secs] 153944K->66336K(502464K), 0.0330911 secs] [Times: user=0.05 sys=0.03, real=0.03 secs] 
Heap after GC invocations=53 (full 1):
 par new generation   total 109248K, used 7930K [0x00000000e0000000, 0x00000000e8000000, 0x00000000e8000000)
  eden space 87424K,   0% used [0x00000000e0000000, 0x00000000e0000000, 0x00000000e5560000)
  from space 21824K,  36% used [0x00000000e6ab0000, 0x00000000e726eb50, 0x00000000e8000000)
  to   space 21824K,   0% used [0x00000000e5560000, 0x00000000e5560000, 0x00000000e6ab0000)
 concurrent mark-sweep generation total 393216K, used 58405K [0x00000000e8000000, 0x0000000100000000, 0x0000000100000000)
 Metaspace       used 33431K, capacity 33814K, committed 34248K, reserved 1079296K
  class space    used 3873K, capacity 3968K, committed 4040K, reserved 1048576K
}
2016-10-28T02:31:35.434-0400: 23.194: Total time for which application threads were stopped: 0.0334481 seconds, Stopping threads took: 0.0001461 seconds
{Heap before GC invocations=53 (full 1):
 par new generation   total 109248K, used 95354K [0x00000000e0000000, 0x00000000e8000000, 0x00000000e8000000)
  eden space 87424K, 100% used [0x00000000e0000000, 0x00000000e5560000, 0x00000000e5560000)
  from space 21824K,  36% used [0x00000000e6ab0000, 0x00000000e726eb50, 0x00000000e8000000)
  to   space 21824K,   0% used [0x00000000e5560000, 0x00000000e5560000, 0x00000000e6ab0000)
 concurrent mark-sweep generation total 393216K, used 58405K [0x00000000e8000000, 0x0000000100000000, 0x0000000100000000)
 Metaspace       used 33431K, capacity 33814K, committed 34248K, reserved 1079296K
  class space    used 3873K, capacity 3968K, committed 4040K, reserved 1048576K
2016-10-28T02:31:35.476-0400: 23.236: [GC (Allocation Failure) 2016-10-28T02:31:35.476-0400: 23.236: [ParNew
Desired survivor size 20112992 bytes, new threshold 8 (max 8)
- age   1:    2700632 bytes,    2700632 total
- age   2:     670576 bytes,    3371208 total
- age   3:     249480 bytes,    3620688 total
- age   4:    2078136 bytes,    5698824 total
- age   5:     866544 bytes,    6565368 total
- age   6:     209736 bytes,    6775104 total
- age   7:     222312 bytes,    6997416 total
- age   8:     254136 bytes,    7251552 total
: 95354K->8044K(109248K), 0.0232430 secs] 153760K->66659K(502464K), 0.0233847 secs] [Times: user=0.05 sys=0.01, real=0.03 secs] 
Heap after GC invocations=54 (full 1):
 par new generation   total 109248K, used 8044K [0x00000000e0000000, 0x00000000e8000000, 0x00000000e8000000)
  eden space 87424K,   0% used [0x00000000e0000000, 0x00000000e0000000, 0x00000000e5560000)
  from space 21824K,  36% used [0x00000000e5560000, 0x00000000e5d3b120, 0x00000000e6ab0000)
  to   space 21824K,   0% used [0x00000000e6ab0000, 0x00000000e6ab0000, 0x00000000e8000000)
 concurrent mark-sweep generation total 393216K, used 58615K [0x00000000e8000000, 0x0000000100000000, 0x0000000100000000)
 Metaspace       used 33431K, capacity 33814K, committed 34248K, reserved 1079296K
  class space    used 3873K, capacity 3968K, committed 4040K, reserved 1048576K
}
2016-10-28T02:31:35.500-0400: 23.260: Total time for which application threads were stopped: 0.0238130 seconds, Stopping threads took: 0.0001538 seconds
{Heap before GC invocations=54 (full 1):
 par new generation   total 109248K, used 95468K [0x00000000e0000000, 0x00000000e8000000, 0x00000000e8000000)
  eden space 87424K, 100% used [0x00000000e0000000, 0x00000000e5560000, 0x00000000e5560000)
  from space 21824K,  36% used [0x00000000e5560000, 0x00000000e5d3b120, 0x00000000e6ab0000)
  to   space 21824K,   0% used [0x00000000e6ab0000, 0x00000000e6ab0000, 0x00000000e8000000)
 concurrent mark-sweep generation total 393216K, used 58615K [0x00000000e8000000, 0x0000000100000000, 0x0000000100000000)
 Metaspace       used 33431K, capacity 33814K, committed 34248K, reserved 1079296K
  class space    used 3873K, capacity 3968K, committed 4040K, reserved 1048576K
2016-10-28T02:31:35.535-0400: 23.296: [GC (Allocation Failure) 2016-10-28T02:31:35.536-0400: 23.296: [ParNew
Desired survivor size 20112992 bytes, new threshold 8 (max 8)
- age   1:     962392 bytes,     962392 total
- age   2:    2673360 bytes,    3635752 total
- age   3:     670480 bytes,    4306232 total
- age   4:     249432 bytes,    4555664 total
- age   5:    2078112 bytes,    6633776 total
- age   6:     222088 bytes,    6855864 total
- age   7:     209216 bytes,    7065080 total
- age   8:     222216 bytes,    7287296 total
: 95468K->7912K(109248K), 0.0243430 secs] 154083K->66781K(502464K), 0.0244109 secs] [Times: user=0.04 sys=0.01, real=0.03 secs] 
Heap after GC invocations=55 (full 1):
 par new generation   total 109248K, used 7912K [0x00000000e0000000, 0x00000000e8000000, 0x00000000e8000000)
  eden space 87424K,   0% used [0x00000000e0000000, 0x00000000e0000000, 0x00000000e5560000)
  from space 21824K,  36% used [0x00000000e6ab0000, 0x00000000e726a368, 0x00000000e8000000)
  to   space 21824K,   0% used [0x00000000e5560000, 0x00000000e5560000, 0x00000000e6ab0000)
 concurrent mark-sweep generation total 393216K, used 58868K [0x00000000e8000000, 0x0000000100000000, 0x0000000100000000)
 Metaspace       used 33431K, capacity 33814K, committed 34248K, reserved 1079296K
  class space    used 3873K, capacity 3968K, committed 4040K, reserved 1048576K
}
2016-10-28T02:31:35.560-0400: 23.320: Total time for which application threads were stopped: 0.0248021 seconds, Stopping threads took: 0.0001368 seconds
{Heap before GC invocations=55 (full 1):
 par new generation   total 109248K, used 95336K [0x00000000e0000000, 0x00000000e8000000, 0x00000000e8000000)
  eden space 87424K, 100% used [0x00000000e0000000, 0x00000000e5560000, 0x00000000e5560000)
  from space 21824K,  36% used [0x00000000e6ab0000, 0x00000000e726a368, 0x00000000e8000000)
  to   space 21824K,   0% used [0x00000000e5560000, 0x00000000e5560000, 0x00000000e6ab0000)
 concurrent mark-sweep generation total 393216K, used 58868K [0x00000000e8000000, 0x0000000100000000, 0x0000000100000000)
 Metaspace       used 33431K, capacity 33814K, committed 34248K, reserved 1079296K
  class space    used 3873K, capacity 3968K, committed 4040K, reserved 1048576K
2016-10-28T02:31:35.593-0400: 23.353: [GC (Allocation Failure) 2016-10-28T02:31:35.593-0400: 23.353: [ParNew
Desired survivor size 20112992 bytes, new threshold 8 (max 8)
- age   1:    1818176 bytes,    1818176 total
- age   2:     935432 bytes,    2753608 total
- age   3:    2673360 bytes,    5426968 total
- age   4:     670480 bytes,    6097448 total
- age   5:     249432 bytes,    6346880 total
- age   6:    2078112 bytes,    8424992 total
- age   7:     222088 bytes,    8647080 total
- age   8:     209216 bytes,    8856296 total
: 95336K->10343K(109248K), 0.0180602 secs] 154205K->69435K(502464K), 0.0181914 secs] [Times: user=0.02 sys=0.01, real=0.02 secs] 
Heap after GC invocations=56 (full 1):
 par new generation   total 109248K, used 10343K [0x00000000e0000000, 0x00000000e8000000, 0x00000000e8000000)
  eden space 87424K,   0% used [0x00000000e0000000, 0x00000000e0000000, 0x00000000e5560000)
  from space 21824K,  47% used [0x00000000e5560000, 0x00000000e5f79f28, 0x00000000e6ab0000)
  to   space 21824K,   0% used [0x00000000e6ab0000, 0x00000000e6ab0000, 0x00000000e8000000)
 concurrent mark-sweep generation total 393216K, used 59091K [0x00000000e8000000, 0x0000000100000000, 0x0000000100000000)
 Metaspace       used 33431K, capacity 33814K, committed 34248K, reserved 1079296K
  class space    used 3873K, capacity 3968K, committed 4040K, reserved 1048576K
}
2016-10-28T02:31:35.611-0400: 23.371: Total time for which application threads were stopped: 0.0186004 seconds, Stopping threads took: 0.0001195 seconds
{Heap before GC invocations=56 (full 1):
 par new generation   total 109248K, used 97767K [0x00000000e0000000, 0x00000000e8000000, 0x00000000e8000000)
  eden space 87424K, 100% used [0x00000000e0000000, 0x00000000e5560000, 0x00000000e5560000)
  from space 21824K,  47% used [0x00000000e5560000, 0x00000000e5f79f28, 0x00000000e6ab0000)
  to   space 21824K,   0% used [0x00000000e6ab0000, 0x00000000e6ab0000, 0x00000000e8000000)
 concurrent mark-sweep generation total 393216K, used 59091K [0x00000000e8000000, 0x0000000100000000, 0x0000000100000000)
 Metaspace       used 33431K, capacity 33814K, committed 34248K, reserved 1079296K
  class space    used 3873K, capacity 3968K, committed 4040K, reserved 1048576K
2016-10-28T02:31:35.633-0400: 23.393: [GC (Allocation Failure) 2016-10-28T02:31:35.633-0400: 23.393: [ParNew
Desired survivor size 20112992 bytes, new threshold 8 (max 8)
- age   1:    2330600 bytes,    2330600 total
- age   2:    1791224 bytes,    4121824 total
- age   3:     935432 bytes,    5057256 total
- age   4:    2673360 bytes,    7730616 total
- age   5:     670480 bytes,    8401096 total
- age   6:     249432 bytes,    8650528 total
- age   7:     224576 bytes,    8875104 total
- age   8:     222088 bytes,    9097192 total
: 97767K->10587K(109248K), 0.0219145 secs] 156859K->69888K(502464K), 0.0219969 secs] [Times: user=0.04 sys=0.01, real=0.02 secs] 
Heap after GC invocations=57 (full 1):
 par new generation   total 109248K, used 10587K [0x00000000e0000000, 0x00000000e8000000, 0x00000000e8000000)
  eden space 87424K,   0% used [0x00000000e0000000, 0x00000000e0000000, 0x00000000e5560000)
  from space 21824K,  48% used [0x00000000e6ab0000, 0x00000000e7506cb8, 0x00000000e8000000)
  to   space 21824K,   0% used [0x00000000e5560000, 0x00000000e5560000, 0x00000000e6ab0000)
 concurrent mark-sweep generation total 393216K, used 59300K [0x00000000e8000000, 0x0000000100000000, 0x0000000100000000)
 Metaspace       used 33431K, capacity 33814K, committed 34248K, reserved 1079296K
  class space    used 3873K, capacity 3968K, committed 4040K, reserved 1048576K
}
2016-10-28T02:31:35.655-0400: 23.415: Total time for which application threads were stopped: 0.0223515 seconds, Stopping threads took: 0.0001561 seconds
{Heap before GC invocations=57 (full 1):
 par new generation   total 109248K, used 98011K [0x00000000e0000000, 0x00000000e8000000, 0x00000000e8000000)
  eden space 87424K, 100% used [0x00000000e0000000, 0x00000000e5560000, 0x00000000e5560000)
  from space 21824K,  48% used [0x00000000e6ab0000, 0x00000000e7506cb8, 0x00000000e8000000)
  to   space 21824K,   0% used [0x00000000e5560000, 0x00000000e5560000, 0x00000000e6ab0000)
 concurrent mark-sweep generation total 393216K, used 59300K [0x00000000e8000000, 0x0000000100000000, 0x0000000100000000)
 Metaspace       used 33431K, capacity 33814K, committed 34248K, reserved 1079296K
  class space    used 3873K, capacity 3968K, committed 4040K, reserved 1048576K
2016-10-28T02:31:35.679-0400: 23.439: [GC (Allocation Failure) 2016-10-28T02:31:35.679-0400: 23.439: [ParNew
Desired survivor size 20112992 bytes, new threshold 8 (max 8)
- age   1:     785520 bytes,     785520 total
- age   2:    2303640 bytes,    3089160 total
- age   3:    1791224 bytes,    4880384 total
- age   4:     935456 bytes,    5815840 total
- age   5:    2673360 bytes,    8489200 total
- age   6:     219464 bytes,    8708664 total
- age   7:     249432 bytes,    8958096 total
- age   8:     224576 bytes,    9182672 total
: 98011K->10333K(109248K), 0.0160478 secs] 157312K->69856K(502464K), 0.0162549 secs] [Times: user=0.02 sys=0.01, real=0.02 secs] 
Heap after GC invocations=58 (full 1):
 par new generation   total 109248K, used 10333K [0x00000000e0000000, 0x00000000e8000000, 0x00000000e8000000)
  eden space 87424K,   0% used [0x00000000e0000000, 0x00000000e0000000, 0x00000000e5560000)
  from space 21824K,  47% used [0x00000000e5560000, 0x00000000e5f77540, 0x00000000e6ab0000)
  to   space 21824K,   0% used [0x00000000e6ab0000, 0x00000000e6ab0000, 0x00000000e8000000)
 concurrent mark-sweep generation total 393216K, used 59523K [0x00000000e8000000, 0x0000000100000000, 0x0000000100000000)
 Metaspace       used 33431K, capacity 33814K, committed 34248K, reserved 1079296K
  class space    used 3873K, capacity 3968K, committed 4040K, reserved 1048576K
}
2016-10-28T02:31:35.695-0400: 23.455: Total time for which application threads were stopped: 0.0166583 seconds, Stopping threads took: 0.0001737 seconds
{Heap before GC invocations=58 (full 1):
 par new generation   total 109248K, used 97757K [0x00000000e0000000, 0x00000000e8000000, 0x00000000e8000000)
  eden space 87424K, 100% used [0x00000000e0000000, 0x00000000e5560000, 0x00000000e5560000)
  from space 21824K,  47% used [0x00000000e5560000, 0x00000000e5f77540, 0x00000000e6ab0000)
  to   space 21824K,   0% used [0x00000000e6ab0000, 0x00000000e6ab0000, 0x00000000e8000000)
 concurrent mark-sweep generation total 393216K, used 59523K [0x00000000e8000000, 0x0000000100000000, 0x0000000100000000)
 Metaspace       used 33431K, capacity 33814K, committed 34248K, reserved 1079296K
  class space    used 3873K, capacity 3968K, committed 4040K, reserved 1048576K
2016-10-28T02:31:35.728-0400: 23.488: [GC (Allocation Failure) 2016-10-28T02:31:35.728-0400: 23.488: [ParNew
Desired survivor size 20112992 bytes, new threshold 8 (max 8)
- age   1:    1523784 bytes,    1523784 total
- age   2:     758536 bytes,    2282320 total
- age   3:    2303640 bytes,    4585960 total
- age   4:    1791224 bytes,    6377184 total
- age   5:     935432 bytes,    7312616 total
- age   6:    1771328 bytes,    9083944 total
- age   7:     219464 bytes,    9303408 total
- age   8:     249432 bytes,    9552840 total
: 97757K->10552K(109248K), 0.0150225 secs] 157280K->70300K(502464K), 0.0151121 secs] [Times: user=0.03 sys=0.01, real=0.01 secs] 
Heap after GC invocations=59 (full 1):
 par new generation   total 109248K, used 10552K [0x00000000e0000000, 0x00000000e8000000, 0x00000000e8000000)
  eden space 87424K,   0% used [0x00000000e0000000, 0x00000000e0000000, 0x00000000e5560000)
  from space 21824K,  48% used [0x00000000e6ab0000, 0x00000000e74fe2d8, 0x00000000e8000000)
  to   space 21824K,   0% used [0x00000000e5560000, 0x00000000e5560000, 0x00000000e6ab0000)
 concurrent mark-sweep generation total 393216K, used 59747K [0x00000000e8000000, 0x0000000100000000, 0x0000000100000000)
 Metaspace       used 33431K, capacity 33814K, committed 34248K, reserved 1079296K
  class space    used 3873K, capacity 3968K, committed 4040K, reserved 1048576K
}
2016-10-28T02:31:35.743-0400: 23.503: Total time for which application threads were stopped: 0.0157234 seconds, Stopping threads took: 0.0002871 seconds
{Heap before GC invocations=59 (full 1):
 par new generation   total 109248K, used 97976K [0x00000000e0000000, 0x00000000e8000000, 0x00000000e8000000)
  eden space 87424K, 100% used [0x00000000e0000000, 0x00000000e5560000, 0x00000000e5560000)
  from space 21824K,  48% used [0x00000000e6ab0000, 0x00000000e74fe2d8, 0x00000000e8000000)
  to   space 21824K,   0% used [0x00000000e5560000, 0x00000000e5560000, 0x00000000e6ab0000)
 concurrent mark-sweep generation total 393216K, used 59747K [0x00000000e8000000, 0x0000000100000000, 0x0000000100000000)
 Metaspace       used 33431K, capacity 33814K, committed 34248K, reserved 1079296K
  class space    used 3873K, capacity 3968K, committed 4040K, reserved 1048576K
2016-10-28T02:31:35.772-0400: 23.532: [GC (Allocation Failure) 2016-10-28T02:31:35.772-0400: 23.532: [ParNew
Desired survivor size 20112992 bytes, new threshold 8 (max 8)
- age   1:    1918496 bytes,    1918496 total
- age   2:    1496824 bytes,    3415320 total
- age   3:     758536 bytes,    4173856 total
- age   4:    2303640 bytes,    6477496 total
- age   5:    1791224 bytes,    8268720 total
- age   6:     935432 bytes,    9204152 total
- age   7:     742728 bytes,    9946880 total
- age   8:     219464 bytes,   10166344 total
: 97976K->10923K(109248K), 0.0141879 secs] 157724K->70919K(502464K), 0.0142797 secs] [Times: user=0.04 sys=0.01, real=0.01 secs] 
Heap after GC invocations=60 (full 1):
 par new generation   total 109248K, used 10923K [0x00000000e0000000, 0x00000000e8000000, 0x00000000e8000000)
  eden space 87424K,   0% used [0x00000000e0000000, 0x00000000e0000000, 0x00000000e5560000)
  from space 21824K,  50% used [0x00000000e5560000, 0x00000000e600acb8, 0x00000000e6ab0000)
  to   space 21824K,   0% used [0x00000000e6ab0000, 0x00000000e6ab0000, 0x00000000e8000000)
 concurrent mark-sweep generation total 393216K, used 59996K [0x00000000e8000000, 0x0000000100000000, 0x0000000100000000)
 Metaspace       used 33431K, capacity 33814K, committed 34248K, reserved 1079296K
  class space    used 3873K, capacity 3968K, committed 4040K, reserved 1048576K
}
2016-10-28T02:31:35.786-0400: 23.546: Total time for which application threads were stopped: 0.0146274 seconds, Stopping threads took: 0.0001304 seconds
{Heap before GC invocations=60 (full 1):
 par new generation   total 109248K, used 98347K [0x00000000e0000000, 0x00000000e8000000, 0x00000000e8000000)
  eden space 87424K, 100% used [0x00000000e0000000, 0x00000000e5560000, 0x00000000e5560000)
  from space 21824K,  50% used [0x00000000e5560000, 0x00000000e600acb8, 0x00000000e6ab0000)
  to   space 21824K,   0% used [0x00000000e6ab0000, 0x00000000e6ab0000, 0x00000000e8000000)
 concurrent mark-sweep generation total 393216K, used 59996K [0x00000000e8000000, 0x0000000100000000, 0x0000000100000000)
 Metaspace       used 33431K, capacity 33814K, committed 34248K, reserved 1079296K
  class space    used 3873K, capacity 3968K, committed 4040K, reserved 1048576K
2016-10-28T02:31:35.813-0400: 23.573: [GC (Allocation Failure) 2016-10-28T02:31:35.813-0400: 23.574: [ParNew
Desired survivor size 20112992 bytes, new threshold 8 (max 8)
- age   1:    1061136 bytes,    1061136 total
- age   2:    1891528 bytes,    2952664 total
- age   3:    1496824 bytes,    4449488 total
- age   4:     758536 bytes,    5208024 total
- age   5:    2303640 bytes,    7511664 total
- age   6:    1791224 bytes,    9302888 total
- age   7:     210080 bytes,    9512968 total
- age   8:     742728 bytes,   10255696 total
: 98347K->10757K(109248K), 0.0223417 secs] 158343K->70973K(502464K), 0.0225118 secs] [Times: user=0.05 sys=0.04, real=0.02 secs] 
Heap after GC invocations=61 (full 1):
 par new generation   total 109248K, used 10757K [0x00000000e0000000, 0x00000000e8000000, 0x00000000e8000000)
  eden space 87424K,   0% used [0x00000000e0000000, 0x00000000e0000000, 0x00000000e5560000)
  from space 21824K,  49% used [0x00000000e6ab0000, 0x00000000e75316d8, 0x00000000e8000000)
  to   space 21824K,   0% used [0x00000000e5560000, 0x00000000e5560000, 0x00000000e6ab0000)
 concurrent mark-sweep generation total 393216K, used 60216K [0x00000000e8000000, 0x0000000100000000, 0x0000000100000000)
 Metaspace       used 33431K, capacity 33814K, committed 34248K, reserved 1079296K
  class space    used 3873K, capacity 3968K, committed 4040K, reserved 1048576K
}
2016-10-28T02:31:35.836-0400: 23.596: Total time for which application threads were stopped: 0.0228563 seconds, Stopping threads took: 0.0001248 seconds
{Heap before GC invocations=61 (full 1):
 par new generation   total 109248K, used 98181K [0x00000000e0000000, 0x00000000e8000000, 0x00000000e8000000)
  eden space 87424K, 100% used [0x00000000e0000000, 0x00000000e5560000, 0x00000000e5560000)
  from space 21824K,  49% used [0x00000000e6ab0000, 0x00000000e75316d8, 0x00000000e8000000)
  to   space 21824K,   0% used [0x00000000e5560000, 0x00000000e5560000, 0x00000000e6ab0000)
 concurrent mark-sweep generation total 393216K, used 60216K [0x00000000e8000000, 0x0000000100000000, 0x0000000100000000)
 Metaspace       used 33431K, capacity 33814K, committed 34248K, reserved 1079296K
  class space    used 3873K, capacity 3968K, committed 4040K, reserved 1048576K
2016-10-28T02:31:35.858-0400: 23.618: [GC (Allocation Failure) 2016-10-28T02:31:35.858-0400: 23.618: [ParNew
Desired survivor size 20112992 bytes, new threshold 8 (max 8)
- age   1:     279784 bytes,     279784 total
- age   2:    1034176 bytes,    1313960 total
- age   3:    1891528 bytes,    3205488 total
- age   4:    1496824 bytes,    4702312 total
- age   5:     758536 bytes,    5460848 total
- age   6:    2303640 bytes,    7764488 total
- age   7:    1791224 bytes,    9555712 total
- age   8:     210080 bytes,    9765792 total
: 98181K->11604K(109248K), 0.0330980 secs] 158397K->72550K(502464K), 0.0331962 secs] [Times: user=0.08 sys=0.02, real=0.04 secs] 
Heap after GC invocations=62 (full 1):
 par new generation   total 109248K, used 11604K [0x00000000e0000000, 0x00000000e8000000, 0x00000000e8000000)
  eden space 87424K,   0% used [0x00000000e0000000, 0x00000000e0000000, 0x00000000e5560000)
  from space 21824K,  53% used [0x00000000e5560000, 0x00000000e60b5030, 0x00000000e6ab0000)
  to   space 21824K,   0% used [0x00000000e6ab0000, 0x00000000e6ab0000, 0x00000000e8000000)
 concurrent mark-sweep generation total 393216K, used 60946K [0x00000000e8000000, 0x0000000100000000, 0x0000000100000000)
 Metaspace       used 33431K, capacity 33814K, committed 34248K, reserved 1079296K
  class space    used 3873K, capacity 3968K, committed 4040K, reserved 1048576K
}
2016-10-28T02:31:35.891-0400: 23.651: Total time for which application threads were stopped: 0.0338728 seconds, Stopping threads took: 0.0004644 seconds
{Heap before GC invocations=62 (full 1):
 par new generation   total 109248K, used 99028K [0x00000000e0000000, 0x00000000e8000000, 0x00000000e8000000)
  eden space 87424K, 100% used [0x00000000e0000000, 0x00000000e5560000, 0x00000000e5560000)
  from space 21824K,  53% used [0x00000000e5560000, 0x00000000e60b5030, 0x00000000e6ab0000)
  to   space 21824K,   0% used [0x00000000e6ab0000, 0x00000000e6ab0000, 0x00000000e8000000)
 concurrent mark-sweep generation total 393216K, used 60946K [0x00000000e8000000, 0x0000000100000000, 0x0000000100000000)
 Metaspace       used 33431K, capacity 33814K, committed 34248K, reserved 1079296K
  class space    used 3873K, capacity 3968K, committed 4040K, reserved 1048576K
2016-10-28T02:31:35.913-0400: 23.673: [GC (Allocation Failure) 2016-10-28T02:31:35.913-0400: 23.673: [ParNew
Desired survivor size 20112992 bytes, new threshold 8 (max 8)
- age   1:    2581976 bytes,    2581976 total
- age   2:     252824 bytes,    2834800 total
- age   3:    1034176 bytes,    3868976 total
- age   4:    1891528 bytes,    5760504 total
- age   5:    1496824 bytes,    7257328 total
- age   6:     758536 bytes,    8015864 total
- age   7:     218376 bytes,    8234240 total
- age   8:    1791224 bytes,   10025464 total
: 99028K->10321K(109248K), 0.0187096 secs] 159974K->71478K(502464K), 0.0191549 secs] [Times: user=0.04 sys=0.01, real=0.02 secs] 
Heap after GC invocations=63 (full 1):
 par new generation   total 109248K, used 10321K [0x00000000e0000000, 0x00000000e8000000, 0x00000000e8000000)
  eden space 87424K,   0% used [0x00000000e0000000, 0x00000000e0000000, 0x00000000e5560000)
  from space 21824K,  47% used [0x00000000e6ab0000, 0x00000000e74c4538, 0x00000000e8000000)
  to   space 21824K,   0% used [0x00000000e5560000, 0x00000000e5560000, 0x00000000e6ab0000)
 concurrent mark-sweep generation total 393216K, used 61157K [0x00000000e8000000, 0x0000000100000000, 0x0000000100000000)
 Metaspace       used 33431K, capacity 33814K, committed 34248K, reserved 1079296K
  class space    used 3873K, capacity 3968K, committed 4040K, reserved 1048576K
}
2016-10-28T02:31:35.932-0400: 23.692: Total time for which application threads were stopped: 0.0194605 seconds, Stopping threads took: 0.0001182 seconds
{Heap before GC invocations=63 (full 1):
 par new generation   total 109248K, used 97745K [0x00000000e0000000, 0x00000000e8000000, 0x00000000e8000000)
  eden space 87424K, 100% used [0x00000000e0000000, 0x00000000e5560000, 0x00000000e5560000)
  from space 21824K,  47% used [0x00000000e6ab0000, 0x00000000e74c4538, 0x00000000e8000000)
  to   space 21824K,   0% used [0x00000000e5560000, 0x00000000e5560000, 0x00000000e6ab0000)
 concurrent mark-sweep generation total 393216K, used 61157K [0x00000000e8000000, 0x0000000100000000, 0x0000000100000000)
 Metaspace       used 33431K, capacity 33814K, committed 34248K, reserved 1079296K
  class space    used 3873K, capacity 3968K, committed 4040K, reserved 1048576K
2016-10-28T02:31:35.955-0400: 23.715: [GC (Allocation Failure) 2016-10-28T02:31:35.955-0400: 23.715: [ParNew
Desired survivor size 20112992 bytes, new threshold 8 (max 8)
- age   1:     245944 bytes,     245944 total
- age   2:    2554992 bytes,    2800936 total
- age   3:     252824 bytes,    3053760 total
- age   4:    1034176 bytes,    4087936 total
- age   5:    1891528 bytes,    5979464 total
- age   6:    1496824 bytes,    7476288 total
- age   7:     758536 bytes,    8234824 total
- age   8:     218376 bytes,    8453200 total
: 97745K->9738K(109248K), 0.0276557 secs] 158902K->72649K(502464K), 0.0277267 secs] [Times: user=0.09 sys=0.02, real=0.03 secs] 
Heap after GC invocations=64 (full 1):
 par new generation   total 109248K, used 9738K [0x00000000e0000000, 0x00000000e8000000, 0x00000000e8000000)
  eden space 87424K,   0% used [0x00000000e0000000, 0x00000000e0000000, 0x00000000e5560000)
  from space 21824K,  44% used [0x00000000e5560000, 0x00000000e5ee28b8, 0x00000000e6ab0000)
  to   space 21824K,   0% used [0x00000000e6ab0000, 0x00000000e6ab0000, 0x00000000e8000000)
 concurrent mark-sweep generation total 393216K, used 62911K [0x00000000e8000000, 0x0000000100000000, 0x0000000100000000)
 Metaspace       used 33431K, capacity 33814K, committed 34248K, reserved 1079296K
  class space    used 3873K, capacity 3968K, committed 4040K, reserved 1048576K
}
2016-10-28T02:31:35.982-0400: 23.742: Total time for which application threads were stopped: 0.0280518 seconds, Stopping threads took: 0.0001590 seconds
{Heap before GC invocations=64 (full 1):
 par new generation   total 109248K, used 97162K [0x00000000e0000000, 0x00000000e8000000, 0x00000000e8000000)
  eden space 87424K, 100% used [0x00000000e0000000, 0x00000000e5560000, 0x00000000e5560000)
  from space 21824K,  44% used [0x00000000e5560000, 0x00000000e5ee28b8, 0x00000000e6ab0000)
  to   space 21824K,   0% used [0x00000000e6ab0000, 0x00000000e6ab0000, 0x00000000e8000000)
 concurrent mark-sweep generation total 393216K, used 62911K [0x00000000e8000000, 0x0000000100000000, 0x0000000100000000)
 Metaspace       used 33431K, capacity 33814K, committed 34248K, reserved 1079296K
  class space    used 3873K, capacity 3968K, committed 4040K, reserved 1048576K
2016-10-28T02:31:36.002-0400: 23.762: [GC (Allocation Failure) 2016-10-28T02:31:36.002-0400: 23.762: [ParNew
Desired survivor size 20112992 bytes, new threshold 8 (max 8)
- age   1:     818160 bytes,     818160 total
- age   2:     218976 bytes,    1037136 total
- age   3:    2554992 bytes,    3592128 total
- age   4:     252824 bytes,    3844952 total
- age   5:    1034176 bytes,    4879128 total
- age   6:    1891528 bytes,    6770656 total
- age   7:    1496824 bytes,    8267480 total
- age   8:     251184 bytes,    8518664 total
: 97162K->8826K(109248K), 0.0196546 secs] 160073K->71956K(502464K), 0.0198224 secs] [Times: user=0.05 sys=0.01, real=0.02 secs] 
Heap after GC invocations=65 (full 1):
 par new generation   total 109248K, used 8826K [0x00000000e0000000, 0x00000000e8000000, 0x00000000e8000000)
  eden space 87424K,   0% used [0x00000000e0000000, 0x00000000e0000000, 0x00000000e5560000)
  from space 21824K,  40% used [0x00000000e6ab0000, 0x00000000e734e908, 0x00000000e8000000)
  to   space 21824K,   0% used [0x00000000e5560000, 0x00000000e5560000, 0x00000000e6ab0000)
 concurrent mark-sweep generation total 393216K, used 63130K [0x00000000e8000000, 0x0000000100000000, 0x0000000100000000)
 Metaspace       used 33431K, capacity 33814K, committed 34248K, reserved 1079296K
  class space    used 3873K, capacity 3968K, committed 4040K, reserved 1048576K
}
2016-10-28T02:31:36.022-0400: 23.782: Total time for which application threads were stopped: 0.0201533 seconds, Stopping threads took: 0.0001240 seconds
{Heap before GC invocations=65 (full 1):
 par new generation   total 109248K, used 96250K [0x00000000e0000000, 0x00000000e8000000, 0x00000000e8000000)
  eden space 87424K, 100% used [0x00000000e0000000, 0x00000000e5560000, 0x00000000e5560000)
  from space 21824K,  40% used [0x00000000e6ab0000, 0x00000000e734e908, 0x00000000e8000000)
  to   space 21824K,   0% used [0x00000000e5560000, 0x00000000e5560000, 0x00000000e6ab0000)
 concurrent mark-sweep generation total 393216K, used 63130K [0x00000000e8000000, 0x0000000100000000, 0x0000000100000000)
 Metaspace       used 33431K, capacity 33814K, committed 34248K, reserved 1079296K
  class space    used 3873K, capacity 3968K, committed 4040K, reserved 1048576K
2016-10-28T02:31:36.044-0400: 23.804: [GC (Allocation Failure) 2016-10-28T02:31:36.044-0400: 23.804: [ParNew
Desired survivor size 20112992 bytes, new threshold 8 (max 8)
- age   1:    1377776 bytes,    1377776 total
- age   2:     791200 bytes,    2168976 total
- age   3:     218976 bytes,    2387952 total
- age   4:    2554992 bytes,    4942944 total
- age   5:     252824 bytes,    5195768 total
- age   6:    1034176 bytes,    6229944 total
- age   7:    1891528 bytes,    8121472 total
- age   8:     482120 bytes,    8603592 total
: 96250K->10868K(109248K), 0.0190682 secs] 159380K->74249K(502464K), 0.0191651 secs] [Times: user=0.05 sys=0.01, real=0.02 secs] 
Heap after GC invocations=66 (full 1):
 par new generation   total 109248K, used 10868K [0x00000000e0000000, 0x00000000e8000000, 0x00000000e8000000)
  eden space 87424K,   0% used [0x00000000e0000000, 0x00000000e0000000, 0x00000000e5560000)
  from space 21824K,  49% used [0x00000000e5560000, 0x00000000e5ffd150, 0x00000000e6ab0000)
  to   space 21824K,   0% used [0x00000000e6ab0000, 0x00000000e6ab0000, 0x00000000e8000000)
 concurrent mark-sweep generation total 393216K, used 63380K [0x00000000e8000000, 0x0000000100000000, 0x0000000100000000)
 Metaspace       used 33431K, capacity 33814K, committed 34248K, reserved 1079296K
  class space    used 3873K, capacity 3968K, committed 4040K, reserved 1048576K
}
2016-10-28T02:31:36.063-0400: 23.823: Total time for which application threads were stopped: 0.0195605 seconds, Stopping threads took: 0.0001457 seconds
{Heap before GC invocations=66 (full 1):
 par new generation   total 109248K, used 98292K [0x00000000e0000000, 0x00000000e8000000, 0x00000000e8000000)
  eden space 87424K, 100% used [0x00000000e0000000, 0x00000000e5560000, 0x00000000e5560000)
  from space 21824K,  49% used [0x00000000e5560000, 0x00000000e5ffd150, 0x00000000e6ab0000)
  to   space 21824K,   0% used [0x00000000e6ab0000, 0x00000000e6ab0000, 0x00000000e8000000)
 concurrent mark-sweep generation total 393216K, used 63380K [0x00000000e8000000, 0x0000000100000000, 0x0000000100000000)
 Metaspace       used 33431K, capacity 33814K, committed 34248K, reserved 1079296K
  class space    used 3873K, capacity 3968K, committed 4040K, reserved 1048576K
2016-10-28T02:31:36.084-0400: 23.844: [GC (Allocation Failure) 2016-10-28T02:31:36.084-0400: 23.844: [ParNew
Desired survivor size 20112992 bytes, new threshold 8 (max 8)
- age   1:    2462840 bytes,    2462840 total
- age   2:    1350816 bytes,    3813656 total
- age   3:     791200 bytes,    4604856 total
- age   4:     218976 bytes,    4823832 total
- age   5:    2554992 bytes,    7378824 total
- age   6:     252824 bytes,    7631648 total
- age   7:     218720 bytes,    7850368 total
- age   8:     734352 bytes,    8584720 total
: 98292K->9821K(109248K), 0.0201100 secs] 161673K->73678K(502464K), 0.0202421 secs] [Times: user=0.04 sys=0.02, real=0.02 secs] 
Heap after GC invocations=67 (full 1):
 par new generation   total 109248K, used 9821K [0x00000000e0000000, 0x00000000e8000000, 0x00000000e8000000)
  eden space 87424K,   0% used [0x00000000e0000000, 0x00000000e0000000, 0x00000000e5560000)
  from space 21824K,  45% used [0x00000000e6ab0000, 0x00000000e7447540, 0x00000000e8000000)
  to   space 21824K,   0% used [0x00000000e5560000, 0x00000000e5560000, 0x00000000e6ab0000)
 concurrent mark-sweep generation total 393216K, used 63856K [0x00000000e8000000, 0x0000000100000000, 0x0000000100000000)
 Metaspace       used 33431K, capacity 33814K, committed 34248K, reserved 1079296K
  class space    used 3873K, capacity 3968K, committed 4040K, reserved 1048576K
}
2016-10-28T02:31:36.105-0400: 23.865: Total time for which application threads were stopped: 0.0205489 seconds, Stopping threads took: 0.0001254 seconds
{Heap before GC invocations=67 (full 1):
 par new generation   total 109248K, used 97245K [0x00000000e0000000, 0x00000000e8000000, 0x00000000e8000000)
  eden space 87424K, 100% used [0x00000000e0000000, 0x00000000e5560000, 0x00000000e5560000)
  from space 21824K,  45% used [0x00000000e6ab0000, 0x00000000e7447540, 0x00000000e8000000)
  to   space 21824K,   0% used [0x00000000e5560000, 0x00000000e5560000, 0x00000000e6ab0000)
 concurrent mark-sweep generation total 393216K, used 63856K [0x00000000e8000000, 0x0000000100000000, 0x0000000100000000)
 Metaspace       used 33431K, capacity 33814K, committed 34248K, reserved 1079296K
  class space    used 3873K, capacity 3968K, committed 4040K, reserved 1048576K
2016-10-28T02:31:36.125-0400: 23.885: [GC (Allocation Failure) 2016-10-28T02:31:36.125-0400: 23.885: [ParNew
Desired survivor size 20112992 bytes, new threshold 8 (max 8)
- age   1:     280096 bytes,     280096 total
- age   2:    2435872 bytes,    2715968 total
- age   3:    1350816 bytes,    4066784 total
- age   4:     791200 bytes,    4857984 total
- age   5:     218976 bytes,    5076960 total
- age   6:    2554992 bytes,    7631952 total
- age   7:     252824 bytes,    7884776 total
- age   8:     218720 bytes,    8103496 total
: 97245K->11235K(109248K), 0.0355078 secs] 161102K->75815K(502464K), 0.0356142 secs] [Times: user=0.09 sys=0.01, real=0.04 secs] 
Heap after GC invocations=68 (full 1):
 par new generation   total 109248K, used 11235K [0x00000000e0000000, 0x00000000e8000000, 0x00000000e8000000)
  eden space 87424K,   0% used [0x00000000e0000000, 0x00000000e0000000, 0x00000000e5560000)
  from space 21824K,  51% used [0x00000000e5560000, 0x00000000e6058ec0, 0x00000000e6ab0000)
  to   space 21824K,   0% used [0x00000000e6ab0000, 0x00000000e6ab0000, 0x00000000e8000000)
 concurrent mark-sweep generation total 393216K, used 64579K [0x00000000e8000000, 0x0000000100000000, 0x0000000100000000)
 Metaspace       used 33431K, capacity 33814K, committed 34248K, reserved 1079296K
  class space    used 3873K, capacity 3968K, committed 4040K, reserved 1048576K
}
2016-10-28T02:31:36.160-0400: 23.921: Total time for which application threads were stopped: 0.0359841 seconds, Stopping threads took: 0.0001371 seconds
{Heap before GC invocations=68 (full 1):
 par new generation   total 109248K, used 98659K [0x00000000e0000000, 0x00000000e8000000, 0x00000000e8000000)
  eden space 87424K, 100% used [0x00000000e0000000, 0x00000000e5560000, 0x00000000e5560000)
  from space 21824K,  51% used [0x00000000e5560000, 0x00000000e6058ec0, 0x00000000e6ab0000)
  to   space 21824K,   0% used [0x00000000e6ab0000, 0x00000000e6ab0000, 0x00000000e8000000)
 concurrent mark-sweep generation total 393216K, used 64579K [0x00000000e8000000, 0x0000000100000000, 0x0000000100000000)
 Metaspace       used 33431K, capacity 33814K, committed 34248K, reserved 1079296K
  class space    used 3873K, capacity 3968K, committed 4040K, reserved 1048576K
2016-10-28T02:31:36.180-0400: 23.940: [GC (Allocation Failure) 2016-10-28T02:31:36.180-0400: 23.940: [ParNew
Desired survivor size 20112992 bytes, new threshold 8 (max 8)
- age   1:     239352 bytes,     239352 total
- age   2:     253136 bytes,     492488 total
- age   3:    2435872 bytes,    2928360 total
- age   4:    1350816 bytes,    4279176 total
- age   5:     791200 bytes,    5070376 total
- age   6:     218976 bytes,    5289352 total
- age   7:    2554992 bytes,    7844344 total
- age   8:     252824 bytes,    8097168 total
: 98659K->9732K(109248K), 0.0219379 secs] 163239K->74530K(502464K), 0.0220977 secs] [Times: user=0.05 sys=0.01, real=0.02 secs] 
Heap after GC invocations=69 (full 1):
 par new generation   total 109248K, used 9732K [0x00000000e0000000, 0x00000000e8000000, 0x00000000e8000000)
  eden space 87424K,   0% used [0x00000000e0000000, 0x00000000e0000000, 0x00000000e5560000)
  from space 21824K,  44% used [0x00000000e6ab0000, 0x00000000e74313e8, 0x00000000e8000000)
  to   space 21824K,   0% used [0x00000000e5560000, 0x00000000e5560000, 0x00000000e6ab0000)
 concurrent mark-sweep generation total 393216K, used 64797K [0x00000000e8000000, 0x0000000100000000, 0x0000000100000000)
 Metaspace       used 33431K, capacity 33814K, committed 34248K, reserved 1079296K
  class space    used 3873K, capacity 3968K, committed 4040K, reserved 1048576K
}
2016-10-28T02:31:36.202-0400: 23.962: Total time for which application threads were stopped: 0.0223626 seconds, Stopping threads took: 0.0000972 seconds
{Heap before GC invocations=69 (full 1):
 par new generation   total 109248K, used 97156K [0x00000000e0000000, 0x00000000e8000000, 0x00000000e8000000)
  eden space 87424K, 100% used [0x00000000e0000000, 0x00000000e5560000, 0x00000000e5560000)
  from space 21824K,  44% used [0x00000000e6ab0000, 0x00000000e74313e8, 0x00000000e8000000)
  to   space 21824K,   0% used [0x00000000e5560000, 0x00000000e5560000, 0x00000000e6ab0000)
 concurrent mark-sweep generation total 393216K, used 64797K [0x00000000e8000000, 0x0000000100000000, 0x0000000100000000)
 Metaspace       used 33434K, capacity 33814K, committed 34248K, reserved 1079296K
  class space    used 3873K, capacity 3968K, committed 4040K, reserved 1048576K
2016-10-28T02:31:36.224-0400: 23.984: [GC (Allocation Failure) 2016-10-28T02:31:36.224-0400: 23.984: [ParNew
Desired survivor size 20112992 bytes, new threshold 8 (max 8)
- age   1:    2882008 bytes,    2882008 total
- age   2:     212384 bytes,    3094392 total
- age   3:     253136 bytes,    3347528 total
- age   4:    2435872 bytes,    5783400 total
- age   5:    1350816 bytes,    7134216 total
- age   6:     791200 bytes,    7925416 total
- age   7:     218976 bytes,    8144392 total
- age   8:     209104 bytes,    8353496 total
: 97156K->8521K(109248K), 0.0146749 secs] 161954K->73570K(502464K), 0.0148329 secs] [Times: user=0.03 sys=0.02, real=0.01 secs] 
Heap after GC invocations=70 (full 1):
 par new generation   total 109248K, used 8521K [0x00000000e0000000, 0x00000000e8000000, 0x00000000e8000000)
  eden space 87424K,   0% used [0x00000000e0000000, 0x00000000e0000000, 0x00000000e5560000)
  from space 21824K,  39% used [0x00000000e5560000, 0x00000000e5db2410, 0x00000000e6ab0000)
  to   space 21824K,   0% used [0x00000000e6ab0000, 0x00000000e6ab0000, 0x00000000e8000000)
 concurrent mark-sweep generation total 393216K, used 65049K [0x00000000e8000000, 0x0000000100000000, 0x0000000100000000)
 Metaspace       used 33434K, capacity 33814K, committed 34248K, reserved 1079296K
  class space    used 3873K, capacity 3968K, committed 4040K, reserved 1048576K
}
2016-10-28T02:31:36.239-0400: 23.999: Total time for which application threads were stopped: 0.0152364 seconds, Stopping threads took: 0.0001585 seconds
{Heap before GC invocations=70 (full 1):
 par new generation   total 109248K, used 95945K [0x00000000e0000000, 0x00000000e8000000, 0x00000000e8000000)
  eden space 87424K, 100% used [0x00000000e0000000, 0x00000000e5560000, 0x00000000e5560000)
  from space 21824K,  39% used [0x00000000e5560000, 0x00000000e5db2410, 0x00000000e6ab0000)
  to   space 21824K,   0% used [0x00000000e6ab0000, 0x00000000e6ab0000, 0x00000000e8000000)
 concurrent mark-sweep generation total 393216K, used 65049K [0x00000000e8000000, 0x0000000100000000, 0x0000000100000000)
 Metaspace       used 33434K, capacity 33814K, committed 34248K, reserved 1079296K
  class space    used 3873K, capacity 3968K, committed 4040K, reserved 1048576K
2016-10-28T02:31:36.261-0400: 24.021: [GC (Allocation Failure) 2016-10-28T02:31:36.261-0400: 24.021: [ParNew
Desired survivor size 20112992 bytes, new threshold 8 (max 8)
- age   1:     248600 bytes,     248600 total
- age   2:    2855040 bytes,    3103640 total
- age   3:     212384 bytes,    3316024 total
- age   4:     253136 bytes,    3569160 total
- age   5:    2435872 bytes,    6005032 total
- age   6:    1350816 bytes,    7355848 total
- age   7:     791200 bytes,    8147048 total
- age   8:     218976 bytes,    8366024 total
: 95945K->11105K(109248K), 0.0149491 secs] 160994K->76365K(502464K), 0.0150347 secs] [Times: user=0.03 sys=0.01, real=0.01 secs] 
Heap after GC invocations=71 (full 1):
 par new generation   total 109248K, used 11105K [0x00000000e0000000, 0x00000000e8000000, 0x00000000e8000000)
  eden space 87424K,   0% used [0x00000000e0000000, 0x00000000e0000000, 0x00000000e5560000)
  from space 21824K,  50% used [0x00000000e6ab0000, 0x00000000e75887c0, 0x00000000e8000000)
  to   space 21824K,   0% used [0x00000000e5560000, 0x00000000e5560000, 0x00000000e6ab0000)
 concurrent mark-sweep generation total 393216K, used 65259K [0x00000000e8000000, 0x0000000100000000, 0x0000000100000000)
 Metaspace       used 33434K, capacity 33814K, committed 34248K, reserved 1079296K
  class space    used 3873K, capacity 3968K, committed 4040K, reserved 1048576K
}
2016-10-28T02:31:36.276-0400: 24.036: Total time for which application threads were stopped: 0.0155038 seconds, Stopping threads took: 0.0001842 seconds
{Heap before GC invocations=71 (full 1):
 par new generation   total 109248K, used 98529K [0x00000000e0000000, 0x00000000e8000000, 0x00000000e8000000)
  eden space 87424K, 100% used [0x00000000e0000000, 0x00000000e5560000, 0x00000000e5560000)
  from space 21824K,  50% used [0x00000000e6ab0000, 0x00000000e75887c0, 0x00000000e8000000)
  to   space 21824K,   0% used [0x00000000e5560000, 0x00000000e5560000, 0x00000000e6ab0000)
 concurrent mark-sweep generation total 393216K, used 65259K [0x00000000e8000000, 0x0000000100000000, 0x0000000100000000)
 Metaspace       used 33434K, capacity 33814K, committed 34248K, reserved 1079296K
  class space    used 3873K, capacity 3968K, committed 4040K, reserved 1048576K
2016-10-28T02:31:36.298-0400: 24.058: [GC (Allocation Failure) 2016-10-28T02:31:36.298-0400: 24.058: [ParNew
Desired survivor size 20112992 bytes, new threshold 8 (max 8)
- age   1:     880224 bytes,     880224 total
- age   2:     221640 bytes,    1101864 total
- age   3:    2855040 bytes,    3956904 total
- age   4:     212384 bytes,    4169288 total
- age   5:     253136 bytes,    4422424 total
- age   6:    2435872 bytes,    6858296 total
- age   7:    1350816 bytes,    8209112 total
- age   8:     220400 bytes,    8429512 total
: 98529K->8642K(109248K), 0.0158115 secs] 163789K->74121K(502464K), 0.0158744 secs] [Times: user=0.04 sys=0.01, real=0.02 secs] 
Heap after GC invocations=72 (full 1):
 par new generation   total 109248K, used 8642K [0x00000000e0000000, 0x00000000e8000000, 0x00000000e8000000)
  eden space 87424K,   0% used [0x00000000e0000000, 0x00000000e0000000, 0x00000000e5560000)
  from space 21824K,  39% used [0x00000000e5560000, 0x00000000e5dd0bb8, 0x00000000e6ab0000)
  to   space 21824K,   0% used [0x00000000e6ab0000, 0x00000000e6ab0000, 0x00000000e8000000)
 concurrent mark-sweep generation total 393216K, used 65478K [0x00000000e8000000, 0x0000000100000000, 0x0000000100000000)
 Metaspace       used 33434K, capacity 33814K, committed 34248K, reserved 1079296K
  class space    used 3873K, capacity 3968K, committed 4040K, reserved 1048576K
}
2016-10-28T02:31:36.314-0400: 24.074: Total time for which application threads were stopped: 0.0161849 seconds, Stopping threads took: 0.0001091 seconds
{Heap before GC invocations=72 (full 1):
 par new generation   total 109248K, used 96066K [0x00000000e0000000, 0x00000000e8000000, 0x00000000e8000000)
  eden space 87424K, 100% used [0x00000000e0000000, 0x00000000e5560000, 0x00000000e5560000)
  from space 21824K,  39% used [0x00000000e5560000, 0x00000000e5dd0bb8, 0x00000000e6ab0000)
  to   space 21824K,   0% used [0x00000000e6ab0000, 0x00000000e6ab0000, 0x00000000e8000000)
 concurrent mark-sweep generation total 393216K, used 65478K [0x00000000e8000000, 0x0000000100000000, 0x0000000100000000)
 Metaspace       used 33434K, capacity 33814K, committed 34248K, reserved 1079296K
  class space    used 3873K, capacity 3968K, committed 4040K, reserved 1048576K
2016-10-28T02:31:36.334-0400: 24.095: [GC (Allocation Failure) 2016-10-28T02:31:36.335-0400: 24.095: [ParNew
Desired survivor size 20112992 bytes, new threshold 8 (max 8)
- age   1:    1561568 bytes,    1561568 total
- age   2:     853264 bytes,    2414832 total
- age   3:     221640 bytes,    2636472 total
- age   4:    2855040 bytes,    5491512 total
- age   5:     212384 bytes,    5703896 total
- age   6:     253136 bytes,    5957032 total
- age   7:    2435872 bytes,    8392904 total
- age   8:     209216 bytes,    8602120 total
: 96066K->10018K(109248K), 0.0286471 secs] 161545K->75717K(502464K), 0.0287326 secs] [Times: user=0.07 sys=0.01, real=0.03 secs] 
Heap after GC invocations=73 (full 1):
 par new generation   total 109248K, used 10018K [0x00000000e0000000, 0x00000000e8000000, 0x00000000e8000000)
  eden space 87424K,   0% used [0x00000000e0000000, 0x00000000e0000000, 0x00000000e5560000)
  from space 21824K,  45% used [0x00000000e6ab0000, 0x00000000e7478a90, 0x00000000e8000000)
  to   space 21824K,   0% used [0x00000000e5560000, 0x00000000e5560000, 0x00000000e6ab0000)
 concurrent mark-sweep generation total 393216K, used 65699K [0x00000000e8000000, 0x0000000100000000, 0x0000000100000000)
 Metaspace       used 33434K, capacity 33814K, committed 34248K, reserved 1079296K
  class space    used 3873K, capacity 3968K, committed 4040K, reserved 1048576K
}
2016-10-28T02:31:36.363-0400: 24.123: Total time for which application threads were stopped: 0.0290778 seconds, Stopping threads took: 0.0001278 seconds
{Heap before GC invocations=73 (full 1):
 par new generation   total 109248K, used 97442K [0x00000000e0000000, 0x00000000e8000000, 0x00000000e8000000)
  eden space 87424K, 100% used [0x00000000e0000000, 0x00000000e5560000, 0x00000000e5560000)
  from space 21824K,  45% used [0x00000000e6ab0000, 0x00000000e7478a90, 0x00000000e8000000)
  to   space 21824K,   0% used [0x00000000e5560000, 0x00000000e5560000, 0x00000000e6ab0000)
 concurrent mark-sweep generation total 393216K, used 65699K [0x00000000e8000000, 0x0000000100000000, 0x0000000100000000)
 Metaspace       used 33434K, capacity 33814K, committed 34248K, reserved 1079296K
  class space    used 3873K, capacity 3968K, committed 4040K, reserved 1048576K
2016-10-28T02:31:36.384-0400: 24.144: [GC (Allocation Failure) 2016-10-28T02:31:36.384-0400: 24.144: [ParNew
Desired survivor size 20112992 bytes, new threshold 8 (max 8)
- age   1:     221640 bytes,     221640 total
- age   2:    1534608 bytes,    1756248 total
- age   3:     853264 bytes,    2609512 total
- age   4:     221640 bytes,    2831152 total
- age   5:    2855040 bytes,    5686192 total
- age   6:     212384 bytes,    5898576 total
- age   7:     253136 bytes,    6151712 total
- age   8:    2435872 bytes,    8587584 total
: 97442K->8639K(109248K), 0.0141113 secs] 163141K->74548K(502464K), 0.0143235 secs] [Times: user=0.02 sys=0.01, real=0.01 secs] 
Heap after GC invocations=74 (full 1):
 par new generation   total 109248K, used 8639K [0x00000000e0000000, 0x00000000e8000000, 0x00000000e8000000)
  eden space 87424K,   0% used [0x00000000e0000000, 0x00000000e0000000, 0x00000000e5560000)
  from space 21824K,  39% used [0x00000000e5560000, 0x00000000e5dcfe58, 0x00000000e6ab0000)
  to   space 21824K,   0% used [0x00000000e6ab0000, 0x00000000e6ab0000, 0x00000000e8000000)
 concurrent mark-sweep generation total 393216K, used 65908K [0x00000000e8000000, 0x0000000100000000, 0x0000000100000000)
 Metaspace       used 33434K, capacity 33814K, committed 34248K, reserved 1079296K
  class space    used 3873K, capacity 3968K, committed 4040K, reserved 1048576K
}
2016-10-28T02:31:36.398-0400: 24.159: Total time for which application threads were stopped: 0.0148366 seconds, Stopping threads took: 0.0001720 seconds
{Heap before GC invocations=74 (full 1):
 par new generation   total 109248K, used 96063K [0x00000000e0000000, 0x00000000e8000000, 0x00000000e8000000)
  eden space 87424K, 100% used [0x00000000e0000000, 0x00000000e5560000, 0x00000000e5560000)
  from space 21824K,  39% used [0x00000000e5560000, 0x00000000e5dcfe58, 0x00000000e6ab0000)
  to   space 21824K,   0% used [0x00000000e6ab0000, 0x00000000e6ab0000, 0x00000000e8000000)
 concurrent mark-sweep generation total 393216K, used 65908K [0x00000000e8000000, 0x0000000100000000, 0x0000000100000000)
 Metaspace       used 33434K, capacity 33814K, committed 34248K, reserved 1079296K
  class space    used 3873K, capacity 3968K, committed 4040K, reserved 1048576K
2016-10-28T02:31:36.426-0400: 24.186: [GC (Allocation Failure) 2016-10-28T02:31:36.426-0400: 24.186: [ParNew
Desired survivor size 20112992 bytes, new threshold 8 (max 8)
- age   1:    2764592 bytes,    2764592 total
- age   2:     194680 bytes,    2959272 total
- age   3:    1534608 bytes,    4493880 total
- age   4:     853264 bytes,    5347144 total
- age   5:     221640 bytes,    5568784 total
- age   6:    2855040 bytes,    8423824 total
- age   7:     212384 bytes,    8636208 total
- age   8:     253136 bytes,    8889344 total
: 96063K->10250K(109248K), 0.0203259 secs] 161972K->76376K(502464K), 0.0203955 secs] [Times: user=0.05 sys=0.01, real=0.02 secs] 
Heap after GC invocations=75 (full 1):
 par new generation   total 109248K, used 10250K [0x00000000e0000000, 0x00000000e8000000, 0x00000000e8000000)
  eden space 87424K,   0% used [0x00000000e0000000, 0x00000000e0000000, 0x00000000e5560000)
  from space 21824K,  46% used [0x00000000e6ab0000, 0x00000000e74b2b40, 0x00000000e8000000)
  to   space 21824K,   0% used [0x00000000e5560000, 0x00000000e5560000, 0x00000000e6ab0000)
 concurrent mark-sweep generation total 393216K, used 66125K [0x00000000e8000000, 0x0000000100000000, 0x0000000100000000)
 Metaspace       used 33434K, capacity 33814K, committed 34248K, reserved 1079296K
  class space    used 3873K, capacity 3968K, committed 4040K, reserved 1048576K
}
2016-10-28T02:31:36.447-0400: 24.207: Total time for which application threads were stopped: 0.0207636 seconds, Stopping threads took: 0.0001548 seconds
{Heap before GC invocations=75 (full 1):
 par new generation   total 109248K, used 97674K [0x00000000e0000000, 0x00000000e8000000, 0x00000000e8000000)
  eden space 87424K, 100% used [0x00000000e0000000, 0x00000000e5560000, 0x00000000e5560000)
  from space 21824K,  46% used [0x00000000e6ab0000, 0x00000000e74b2b40, 0x00000000e8000000)
  to   space 21824K,   0% used [0x00000000e5560000, 0x00000000e5560000, 0x00000000e6ab0000)
 concurrent mark-sweep generation total 393216K, used 66125K [0x00000000e8000000, 0x0000000100000000, 0x0000000100000000)
 Metaspace       used 33434K, capacity 33814K, committed 34248K, reserved 1079296K
  class space    used 3873K, capacity 3968K, committed 4040K, reserved 1048576K
2016-10-28T02:31:36.473-0400: 24.233: [GC (Allocation Failure) 2016-10-28T02:31:36.473-0400: 24.233: [ParNew
Desired survivor size 20112992 bytes, new threshold 8 (max 8)
- age   1:     246232 bytes,     246232 total
- age   2:    2737640 bytes,    2983872 total
- age   3:     194680 bytes,    3178552 total
- age   4:    1534608 bytes,    4713160 total
- age   5:     853264 bytes,    5566424 total
- age   6:     221640 bytes,    5788064 total
- age   7:    2855040 bytes,    8643104 total
- age   8:     212384 bytes,    8855488 total
: 97674K->9801K(109248K), 0.0183269 secs] 163800K->76179K(502464K), 0.0185366 secs] [Times: user=0.02 sys=0.03, real=0.02 secs] 
Heap after GC invocations=76 (full 1):
 par new generation   total 109248K, used 9801K [0x00000000e0000000, 0x00000000e8000000, 0x00000000e8000000)
  eden space 87424K,   0% used [0x00000000e0000000, 0x00000000e0000000, 0x00000000e5560000)
  from space 21824K,  44% used [0x00000000e5560000, 0x00000000e5ef25b8, 0x00000000e6ab0000)
  to   space 21824K,   0% used [0x00000000e6ab0000, 0x00000000e6ab0000, 0x00000000e8000000)
 concurrent mark-sweep generation total 393216K, used 66378K [0x00000000e8000000, 0x0000000100000000, 0x0000000100000000)
 Metaspace       used 33434K, capacity 33814K, committed 34248K, reserved 1079296K
  class space    used 3873K, capacity 3968K, committed 4040K, reserved 1048576K
}
2016-10-28T02:31:36.492-0400: 24.252: Total time for which application threads were stopped: 0.0189035 seconds, Stopping threads took: 0.0001235 seconds
{Heap before GC invocations=76 (full 1):
 par new generation   total 109248K, used 97225K [0x00000000e0000000, 0x00000000e8000000, 0x00000000e8000000)
  eden space 87424K, 100% used [0x00000000e0000000, 0x00000000e5560000, 0x00000000e5560000)
  from space 21824K,  44% used [0x00000000e5560000, 0x00000000e5ef25b8, 0x00000000e6ab0000)
  to   space 21824K,   0% used [0x00000000e6ab0000, 0x00000000e6ab0000, 0x00000000e8000000)
 concurrent mark-sweep generation total 393216K, used 66378K [0x00000000e8000000, 0x0000000100000000, 0x0000000100000000)
 Metaspace       used 33434K, capacity 33814K, committed 34248K, reserved 1079296K
  class space    used 3873K, capacity 3968K, committed 4040K, reserved 1048576K
2016-10-28T02:31:36.515-0400: 24.275: [GC (Allocation Failure) 2016-10-28T02:31:36.515-0400: 24.275: [ParNew
Desired survivor size 20112992 bytes, new threshold 8 (max 8)
- age   1:     240504 bytes,     240504 total
- age   2:     219264 bytes,     459768 total
- age   3:    2737640 bytes,    3197408 total
- age   4:     194680 bytes,    3392088 total
- age   5:    1534608 bytes,    4926696 total
- age   6:     853264 bytes,    5779960 total
- age   7:     221640 bytes,    6001600 total
- age   8:    2855040 bytes,    8856640 total
: 97225K->9878K(109248K), 0.0170314 secs] 163603K->76468K(502464K), 0.0171131 secs] [Times: user=0.04 sys=0.01, real=0.02 secs] 
Heap after GC invocations=77 (full 1):
 par new generation   total 109248K, used 9878K [0x00000000e0000000, 0x00000000e8000000, 0x00000000e8000000)
  eden space 87424K,   0% used [0x00000000e0000000, 0x00000000e0000000, 0x00000000e5560000)
  from space 21824K,  45% used [0x00000000e6ab0000, 0x00000000e7455858, 0x00000000e8000000)
  to   space 21824K,   0% used [0x00000000e5560000, 0x00000000e5560000, 0x00000000e6ab0000)
 concurrent mark-sweep generation total 393216K, used 66590K [0x00000000e8000000, 0x0000000100000000, 0x0000000100000000)
 Metaspace       used 33434K, capacity 33814K, committed 34248K, reserved 1079296K
  class space    used 3873K, capacity 3968K, committed 4040K, reserved 1048576K
}
2016-10-28T02:31:36.532-0400: 24.292: Total time for which application threads were stopped: 0.0174005 seconds, Stopping threads took: 0.0000891 seconds
{Heap before GC invocations=77 (full 1):
 par new generation   total 109248K, used 97302K [0x00000000e0000000, 0x00000000e8000000, 0x00000000e8000000)
  eden space 87424K, 100% used [0x00000000e0000000, 0x00000000e5560000, 0x00000000e5560000)
  from space 21824K,  45% used [0x00000000e6ab0000, 0x00000000e7455858, 0x00000000e8000000)
  to   space 21824K,   0% used [0x00000000e5560000, 0x00000000e5560000, 0x00000000e6ab0000)
 concurrent mark-sweep generation total 393216K, used 66590K [0x00000000e8000000, 0x0000000100000000, 0x0000000100000000)
 Metaspace       used 33434K, capacity 33814K, committed 34248K, reserved 1079296K
  class space    used 3873K, capacity 3968K, committed 4040K, reserved 1048576K
2016-10-28T02:31:36.557-0400: 24.317: [GC (Allocation Failure) 2016-10-28T02:31:36.557-0400: 24.317: [ParNew
Desired survivor size 20112992 bytes, new threshold 8 (max 8)
- age   1:    3244608 bytes,    3244608 total
- age   2:     213536 bytes,    3458144 total
- age   3:     219264 bytes,    3677408 total
- age   4:    2737640 bytes,    6415048 total
- age   5:     194680 bytes,    6609728 total
- age   6:    1534608 bytes,    8144336 total
- age   7:     853264 bytes,    8997600 total
- age   8:     221640 bytes,    9219240 total
: 97302K->9586K(109248K), 0.0155126 secs] 163892K->76392K(502464K), 0.0157415 secs] [Times: user=0.03 sys=0.01, real=0.02 secs] 
Heap after GC invocations=78 (full 1):
 par new generation   total 109248K, used 9586K [0x00000000e0000000, 0x00000000e8000000, 0x00000000e8000000)
  eden space 87424K,   0% used [0x00000000e0000000, 0x00000000e0000000, 0x00000000e5560000)
  from space 21824K,  43% used [0x00000000e5560000, 0x00000000e5ebca60, 0x00000000e6ab0000)
  to   space 21824K,   0% used [0x00000000e6ab0000, 0x00000000e6ab0000, 0x00000000e8000000)
 concurrent mark-sweep generation total 393216K, used 66806K [0x00000000e8000000, 0x0000000100000000, 0x0000000100000000)
 Metaspace       used 33434K, capacity 33814K, committed 34248K, reserved 1079296K
  class space    used 3873K, capacity 3968K, committed 4040K, reserved 1048576K
}
2016-10-28T02:31:36.573-0400: 24.333: Total time for which application threads were stopped: 0.0162181 seconds, Stopping threads took: 0.0001737 seconds
{Heap before GC invocations=78 (full 1):
 par new generation   total 109248K, used 97010K [0x00000000e0000000, 0x00000000e8000000, 0x00000000e8000000)
  eden space 87424K, 100% used [0x00000000e0000000, 0x00000000e5560000, 0x00000000e5560000)
  from space 21824K,  43% used [0x00000000e5560000, 0x00000000e5ebca60, 0x00000000e6ab0000)
  to   space 21824K,   0% used [0x00000000e6ab0000, 0x00000000e6ab0000, 0x00000000e8000000)
 concurrent mark-sweep generation total 393216K, used 66806K [0x00000000e8000000, 0x0000000100000000, 0x0000000100000000)
 Metaspace       used 33434K, capacity 33814K, committed 34248K, reserved 1079296K
  class space    used 3873K, capacity 3968K, committed 4040K, reserved 1048576K
2016-10-28T02:31:36.595-0400: 24.355: [GC (Allocation Failure) 2016-10-28T02:31:36.595-0400: 24.355: [ParNew
Desired survivor size 20112992 bytes, new threshold 8 (max 8)
- age   1:     213144 bytes,     213144 total
- age   2:    3217648 bytes,    3430792 total
- age   3:     213536 bytes,    3644328 total
- age   4:     219264 bytes,    3863592 total
- age   5:    2737640 bytes,    6601232 total
- age   6:     194680 bytes,    6795912 total
- age   7:    1534608 bytes,    8330520 total
- age   8:     853264 bytes,    9183784 total
: 97010K->9960K(109248K), 0.0139882 secs] 163816K->76988K(502464K), 0.0140947 secs] [Times: user=0.03 sys=0.01, real=0.02 secs] 
Heap after GC invocations=79 (full 1):
 par new generation   total 109248K, used 9960K [0x00000000e0000000, 0x00000000e8000000, 0x00000000e8000000)
  eden space 87424K,   0% used [0x00000000e0000000, 0x00000000e0000000, 0x00000000e5560000)
  from space 21824K,  45% used [0x00000000e6ab0000, 0x00000000e746a050, 0x00000000e8000000)
  to   space 21824K,   0% used [0x00000000e5560000, 0x00000000e5560000, 0x00000000e6ab0000)
 concurrent mark-sweep generation total 393216K, used 67028K [0x00000000e8000000, 0x0000000100000000, 0x0000000100000000)
 Metaspace       used 33434K, capacity 33814K, committed 34248K, reserved 1079296K
  class space    used 3873K, capacity 3968K, committed 4040K, reserved 1048576K
}
2016-10-28T02:31:36.609-0400: 24.369: Total time for which application threads were stopped: 0.0144720 seconds, Stopping threads took: 0.0001432 seconds
{Heap before GC invocations=79 (full 1):
 par new generation   total 109248K, used 97384K [0x00000000e0000000, 0x00000000e8000000, 0x00000000e8000000)
  eden space 87424K, 100% used [0x00000000e0000000, 0x00000000e5560000, 0x00000000e5560000)
  from space 21824K,  45% used [0x00000000e6ab0000, 0x00000000e746a050, 0x00000000e8000000)
  to   space 21824K,   0% used [0x00000000e5560000, 0x00000000e5560000, 0x00000000e6ab0000)
 concurrent mark-sweep generation total 393216K, used 67028K [0x00000000e8000000, 0x0000000100000000, 0x0000000100000000)
 Metaspace       used 33434K, capacity 33814K, committed 34248K, reserved 1079296K
  class space    used 3873K, capacity 3968K, committed 4040K, reserved 1048576K
2016-10-28T02:31:36.634-0400: 24.394: [GC (Allocation Failure) 2016-10-28T02:31:36.634-0400: 24.394: [ParNew
Desired survivor size 20112992 bytes, new threshold 8 (max 8)
- age   1:    1780736 bytes,    1780736 total
- age   2:     186192 bytes,    1966928 total
- age   3:    3217648 bytes,    5184576 total
- age   4:     213536 bytes,    5398112 total
- age   5:     219264 bytes,    5617376 total
- age   6:    2737640 bytes,    8355016 total
- age   7:     194680 bytes,    8549696 total
- age   8:    1534608 bytes,   10084304 total
: 97384K->10909K(109248K), 0.0188893 secs] 164412K->78149K(502464K), 0.0190592 secs] [Times: user=0.05 sys=0.01, real=0.02 secs] 
Heap after GC invocations=80 (full 1):
 par new generation   total 109248K, used 10909K [0x00000000e0000000, 0x00000000e8000000, 0x00000000e8000000)
  eden space 87424K,   0% used [0x00000000e0000000, 0x00000000e0000000, 0x00000000e5560000)
  from space 21824K,  49% used [0x00000000e5560000, 0x00000000e60075d0, 0x00000000e6ab0000)
  to   space 21824K,   0% used [0x00000000e6ab0000, 0x00000000e6ab0000, 0x00000000e8000000)
 concurrent mark-sweep generation total 393216K, used 67239K [0x00000000e8000000, 0x0000000100000000, 0x0000000100000000)
 Metaspace       used 33434K, capacity 33814K, committed 34248K, reserved 1079296K
  class space    used 3873K, capacity 3968K, committed 4040K, reserved 1048576K
}
2016-10-28T02:31:36.653-0400: 24.413: Total time for which application threads were stopped: 0.0193808 seconds, Stopping threads took: 0.0001143 seconds
{Heap before GC invocations=80 (full 1):
 par new generation   total 109248K, used 98333K [0x00000000e0000000, 0x00000000e8000000, 0x00000000e8000000)
  eden space 87424K, 100% used [0x00000000e0000000, 0x00000000e5560000, 0x00000000e5560000)
  from space 21824K,  49% used [0x00000000e5560000, 0x00000000e60075d0, 0x00000000e6ab0000)
  to   space 21824K,   0% used [0x00000000e6ab0000, 0x00000000e6ab0000, 0x00000000e8000000)
 concurrent mark-sweep generation total 393216K, used 67239K [0x00000000e8000000, 0x0000000100000000, 0x0000000100000000)
 Metaspace       used 33434K, capacity 33814K, committed 34248K, reserved 1079296K
  class space    used 3873K, capacity 3968K, committed 4040K, reserved 1048576K
2016-10-28T02:31:36.675-0400: 24.435: [GC (Allocation Failure) 2016-10-28T02:31:36.675-0400: 24.435: [ParNew
Desired survivor size 20112992 bytes, new threshold 8 (max 8)
- age   1:    1689264 bytes,    1689264 total
- age   2:    1753768 bytes,    3443032 total
- age   3:     186192 bytes,    3629224 total
- age   4:    3217648 bytes,    6846872 total
- age   5:     213536 bytes,    7060408 total
- age   6:     219264 bytes,    7279672 total
- age   7:    2737640 bytes,   10017312 total
- age   8:     194680 bytes,   10211992 total
: 98333K->11072K(109248K), 0.0246458 secs] 165573K->78561K(502464K), 0.0248018 secs] [Times: user=0.03 sys=0.02, real=0.03 secs] 
Heap after GC invocations=81 (full 1):
 par new generation   total 109248K, used 11072K [0x00000000e0000000, 0x00000000e8000000, 0x00000000e8000000)
  eden space 87424K,   0% used [0x00000000e0000000, 0x00000000e0000000, 0x00000000e5560000)
  from space 21824K,  50% used [0x00000000e6ab0000, 0x00000000e7580040, 0x00000000e8000000)
  to   space 21824K,   0% used [0x00000000e5560000, 0x00000000e5560000, 0x00000000e6ab0000)
 concurrent mark-sweep generation total 393216K, used 67489K [0x00000000e8000000, 0x0000000100000000, 0x0000000100000000)
 Metaspace       used 33434K, capacity 33814K, committed 34248K, reserved 1079296K
  class space    used 3873K, capacity 3968K, committed 4040K, reserved 1048576K
}
2016-10-28T02:31:36.700-0400: 24.460: Total time for which application threads were stopped: 0.0251249 seconds, Stopping threads took: 0.0001188 seconds
{Heap before GC invocations=81 (full 1):
 par new generation   total 109248K, used 98496K [0x00000000e0000000, 0x00000000e8000000, 0x00000000e8000000)
  eden space 87424K, 100% used [0x00000000e0000000, 0x00000000e5560000, 0x00000000e5560000)
  from space 21824K,  50% used [0x00000000e6ab0000, 0x00000000e7580040, 0x00000000e8000000)
  to   space 21824K,   0% used [0x00000000e5560000, 0x00000000e5560000, 0x00000000e6ab0000)
 concurrent mark-sweep generation total 393216K, used 67489K [0x00000000e8000000, 0x0000000100000000, 0x0000000100000000)
 Metaspace       used 33434K, capacity 33814K, committed 34248K, reserved 1079296K
  class space    used 3873K, capacity 3968K, committed 4040K, reserved 1048576K
2016-10-28T02:31:36.725-0400: 24.485: [GC (Allocation Failure) 2016-10-28T02:31:36.725-0400: 24.485: [ParNew
Desired survivor size 20112992 bytes, new threshold 8 (max 8)
- age   1:     246984 bytes,     246984 total
- age   2:    1662320 bytes,    1909304 total
- age   3:    1753768 bytes,    3663072 total
- age   4:     186192 bytes,    3849264 total
- age   5:    3217648 bytes,    7066912 total
- age   6:     213536 bytes,    7280448 total
- age   7:     219264 bytes,    7499712 total
- age   8:    2737640 bytes,   10237352 total
: 98496K->10956K(109248K), 0.0210230 secs] 165985K->78641K(502464K), 0.0211143 secs] [Times: user=0.05 sys=0.01, real=0.02 secs] 
Heap after GC invocations=82 (full 1):
 par new generation   total 109248K, used 10956K [0x00000000e0000000, 0x00000000e8000000, 0x00000000e8000000)
  eden space 87424K,   0% used [0x00000000e0000000, 0x00000000e0000000, 0x00000000e5560000)
  from space 21824K,  50% used [0x00000000e5560000, 0x00000000e6013180, 0x00000000e6ab0000)
  to   space 21824K,   0% used [0x00000000e6ab0000, 0x00000000e6ab0000, 0x00000000e8000000)
 concurrent mark-sweep generation total 393216K, used 67684K [0x00000000e8000000, 0x0000000100000000, 0x0000000100000000)
 Metaspace       used 33434K, capacity 33814K, committed 34248K, reserved 1079296K
  class space    used 3873K, capacity 3968K, committed 4040K, reserved 1048576K
}
2016-10-28T02:31:36.746-0400: 24.506: Total time for which application threads were stopped: 0.0215366 seconds, Stopping threads took: 0.0001873 seconds
{Heap before GC invocations=82 (full 1):
 par new generation   total 109248K, used 98380K [0x00000000e0000000, 0x00000000e8000000, 0x00000000e8000000)
  eden space 87424K, 100% used [0x00000000e0000000, 0x00000000e5560000, 0x00000000e5560000)
  from space 21824K,  50% used [0x00000000e5560000, 0x00000000e6013180, 0x00000000e6ab0000)
  to   space 21824K,   0% used [0x00000000e6ab0000, 0x00000000e6ab0000, 0x00000000e8000000)
 concurrent mark-sweep generation total 393216K, used 67684K [0x00000000e8000000, 0x0000000100000000, 0x0000000100000000)
 Metaspace       used 33434K, capacity 33814K, committed 34248K, reserved 1079296K
  class space    used 3873K, capacity 3968K, committed 4040K, reserved 1048576K
2016-10-28T02:31:36.769-0400: 24.529: [GC (Allocation Failure) 2016-10-28T02:31:36.769-0400: 24.530: [ParNew
Desired survivor size 20112992 bytes, new threshold 8 (max 8)
- age   1:    1433968 bytes,    1433968 total
- age   2:     220016 bytes,    1653984 total
- age   3:    1662320 bytes,    3316304 total
- age   4:    1753768 bytes,    5070072 total
- age   5:     186192 bytes,    5256264 total
- age   6:    3217648 bytes,    8473912 total
- age   7:     213536 bytes,    8687448 total
- age   8:     219264 bytes,    8906712 total
: 98380K->9538K(109248K), 0.0311720 secs] 166065K->78894K(502464K), 0.0312838 secs] [Times: user=0.05 sys=0.04, real=0.03 secs] 
Heap after GC invocations=83 (full 1):
 par new generation   total 109248K, used 9538K [0x00000000e0000000, 0x00000000e8000000, 0x00000000e8000000)
  eden space 87424K,   0% used [0x00000000e0000000, 0x00000000e0000000, 0x00000000e5560000)
  from space 21824K,  43% used [0x00000000e6ab0000, 0x00000000e7400a30, 0x00000000e8000000)
  to   space 21824K,   0% used [0x00000000e5560000, 0x00000000e5560000, 0x00000000e6ab0000)
 concurrent mark-sweep generation total 393216K, used 69355K [0x00000000e8000000, 0x0000000100000000, 0x0000000100000000)
 Metaspace       used 33434K, capacity 33814K, committed 34248K, reserved 1079296K
  class space    used 3873K, capacity 3968K, committed 4040K, reserved 1048576K
}
2016-10-28T02:31:36.801-0400: 24.561: Total time for which application threads were stopped: 0.0321974 seconds, Stopping threads took: 0.0006836 seconds
{Heap before GC invocations=83 (full 1):
 par new generation   total 109248K, used 96962K [0x00000000e0000000, 0x00000000e8000000, 0x00000000e8000000)
  eden space 87424K, 100% used [0x00000000e0000000, 0x00000000e5560000, 0x00000000e5560000)
  from space 21824K,  43% used [0x00000000e6ab0000, 0x00000000e7400a30, 0x00000000e8000000)
  to   space 21824K,   0% used [0x00000000e5560000, 0x00000000e5560000, 0x00000000e6ab0000)
 concurrent mark-sweep generation total 393216K, used 69355K [0x00000000e8000000, 0x0000000100000000, 0x0000000100000000)
 Metaspace       used 33434K, capacity 33814K, committed 34248K, reserved 1079296K
  class space    used 3873K, capacity 3968K, committed 4040K, reserved 1048576K
2016-10-28T02:31:36.824-0400: 24.584: [GC (Allocation Failure) 2016-10-28T02:31:36.824-0400: 24.584: [ParNew
Desired survivor size 20112992 bytes, new threshold 8 (max 8)
- age   1:    1859048 bytes,    1859048 total
- age   2:    1407000 bytes,    3266048 total
- age   3:     220016 bytes,    3486064 total
- age   4:    1662320 bytes,    5148384 total
- age   5:    1753768 bytes,    6902152 total
- age   6:     186192 bytes,    7088344 total
- age   7:    3217648 bytes,   10305992 total
- age   8:     213536 bytes,   10519528 total
: 96962K->10996K(109248K), 0.0131773 secs] 166318K->80571K(502464K), 0.0132518 secs] [Times: user=0.02 sys=0.01, real=0.01 secs] 
Heap after GC invocations=84 (full 1):
 par new generation   total 109248K, used 10996K [0x00000000e0000000, 0x00000000e8000000, 0x00000000e8000000)
  eden space 87424K,   0% used [0x00000000e0000000, 0x00000000e0000000, 0x00000000e5560000)
  from space 21824K,  50% used [0x00000000e5560000, 0x00000000e601d128, 0x00000000e6ab0000)
  to   space 21824K,   0% used [0x00000000e6ab0000, 0x00000000e6ab0000, 0x00000000e8000000)
 concurrent mark-sweep generation total 393216K, used 69575K [0x00000000e8000000, 0x0000000100000000, 0x0000000100000000)
 Metaspace       used 33434K, capacity 33814K, committed 34248K, reserved 1079296K
  class space    used 3873K, capacity 3968K, committed 4040K, reserved 1048576K
}
2016-10-28T02:31:36.837-0400: 24.597: Total time for which application threads were stopped: 0.0138625 seconds, Stopping threads took: 0.0004010 seconds
{Heap before GC invocations=84 (full 1):
 par new generation   total 109248K, used 98420K [0x00000000e0000000, 0x00000000e8000000, 0x00000000e8000000)
  eden space 87424K, 100% used [0x00000000e0000000, 0x00000000e5560000, 0x00000000e5560000)
  from space 21824K,  50% used [0x00000000e5560000, 0x00000000e601d128, 0x00000000e6ab0000)
  to   space 21824K,   0% used [0x00000000e6ab0000, 0x00000000e6ab0000, 0x00000000e8000000)
 concurrent mark-sweep generation total 393216K, used 69575K [0x00000000e8000000, 0x0000000100000000, 0x0000000100000000)
 Metaspace       used 33434K, capacity 33814K, committed 34248K, reserved 1079296K
  class space    used 3873K, capacity 3968K, committed 4040K, reserved 1048576K
2016-10-28T02:31:36.859-0400: 24.619: [GC (Allocation Failure) 2016-10-28T02:31:36.859-0400: 24.619: [ParNew
Desired survivor size 20112992 bytes, new threshold 8 (max 8)
- age   1:     279096 bytes,     279096 total
- age   2:    1832088 bytes,    2111184 total
- age   3:    1407000 bytes,    3518184 total
- age   4:     220016 bytes,    3738200 total
- age   5:    1662320 bytes,    5400520 total
- age   6:    1753768 bytes,    7154288 total
- age   7:     186192 bytes,    7340480 total
- age   8:    3217648 bytes,   10558128 total
: 98420K->12359K(109248K), 0.0172463 secs] 167995K->82148K(502464K), 0.0175702 secs] [Times: user=0.03 sys=0.01, real=0.02 secs] 
Heap after GC invocations=85 (full 1):
 par new generation   total 109248K, used 12359K [0x00000000e0000000, 0x00000000e8000000, 0x00000000e8000000)
  eden space 87424K,   0% used [0x00000000e0000000, 0x00000000e0000000, 0x00000000e5560000)
  from space 21824K,  56% used [0x00000000e6ab0000, 0x00000000e76c1eb8, 0x00000000e8000000)
  to   space 21824K,   0% used [0x00000000e5560000, 0x00000000e5560000, 0x00000000e6ab0000)
 concurrent mark-sweep generation total 393216K, used 69789K [0x00000000e8000000, 0x0000000100000000, 0x0000000100000000)
 Metaspace       used 33434K, capacity 33814K, committed 34248K, reserved 1079296K
  class space    used 3873K, capacity 3968K, committed 4040K, reserved 1048576K
}
2016-10-28T02:31:36.876-0400: 24.637: Total time for which application threads were stopped: 0.0179506 seconds, Stopping threads took: 0.0001330 seconds
{Heap before GC invocations=85 (full 1):
 par new generation   total 109248K, used 99783K [0x00000000e0000000, 0x00000000e8000000, 0x00000000e8000000)
  eden space 87424K, 100% used [0x00000000e0000000, 0x00000000e5560000, 0x00000000e5560000)
  from space 21824K,  56% used [0x00000000e6ab0000, 0x00000000e76c1eb8, 0x00000000e8000000)
  to   space 21824K,   0% used [0x00000000e5560000, 0x00000000e5560000, 0x00000000e6ab0000)
 concurrent mark-sweep generation total 393216K, used 69789K [0x00000000e8000000, 0x0000000100000000, 0x0000000100000000)
 Metaspace       used 33434K, capacity 33814K, committed 34248K, reserved 1079296K
  class space    used 3873K, capacity 3968K, committed 4040K, reserved 1048576K
2016-10-28T02:31:36.895-0400: 24.655: [GC (Allocation Failure) 2016-10-28T02:31:36.895-0400: 24.655: [ParNew
Desired survivor size 20112992 bytes, new threshold 8 (max 8)
- age   1:     240616 bytes,     240616 total
- age   2:     252136 bytes,     492752 total
- age   3:    1832088 bytes,    2324840 total
- age   4:    1407000 bytes,    3731840 total
- age   5:     220016 bytes,    3951856 total
- age   6:    1662320 bytes,    5614176 total
- age   7:    1753768 bytes,    7367944 total
- age   8:     186192 bytes,    7554136 total
: 99783K->8474K(109248K), 0.0312925 secs] 169572K->81411K(502464K), 0.0313619 secs] [Times: user=0.04 sys=0.03, real=0.03 secs] 
Heap after GC invocations=86 (full 1):
 par new generation   total 109248K, used 8474K [0x00000000e0000000, 0x00000000e8000000, 0x00000000e8000000)
  eden space 87424K,   0% used [0x00000000e0000000, 0x00000000e0000000, 0x00000000e5560000)
  from space 21824K,  38% used [0x00000000e5560000, 0x00000000e5da6b08, 0x00000000e6ab0000)
  to   space 21824K,   0% used [0x00000000e6ab0000, 0x00000000e6ab0000, 0x00000000e8000000)
 concurrent mark-sweep generation total 393216K, used 72936K [0x00000000e8000000, 0x0000000100000000, 0x0000000100000000)
 Metaspace       used 33434K, capacity 33814K, committed 34248K, reserved 1079296K
  class space    used 3873K, capacity 3968K, committed 4040K, reserved 1048576K
}
2016-10-28T02:31:36.926-0400: 24.687: Total time for which application threads were stopped: 0.0316502 seconds, Stopping threads took: 0.0000951 seconds
{Heap before GC invocations=86 (full 1):
 par new generation   total 109248K, used 95898K [0x00000000e0000000, 0x00000000e8000000, 0x00000000e8000000)
  eden space 87424K, 100% used [0x00000000e0000000, 0x00000000e5560000, 0x00000000e5560000)
  from space 21824K,  38% used [0x00000000e5560000, 0x00000000e5da6b08, 0x00000000e6ab0000)
  to   space 21824K,   0% used [0x00000000e6ab0000, 0x00000000e6ab0000, 0x00000000e8000000)
 concurrent mark-sweep generation total 393216K, used 72936K [0x00000000e8000000, 0x0000000100000000, 0x0000000100000000)
 Metaspace       used 33434K, capacity 33814K, committed 34248K, reserved 1079296K
  class space    used 3873K, capacity 3968K, committed 4040K, reserved 1048576K
2016-10-28T02:31:36.952-0400: 24.713: [GC (Allocation Failure) 2016-10-28T02:31:36.953-0400: 24.713: [ParNew
Desired survivor size 20112992 bytes, new threshold 8 (max 8)
- age   1:    3582736 bytes,    3582736 total
- age   2:     213632 bytes,    3796368 total
- age   3:     252184 bytes,    4048552 total
- age   4:    1832208 bytes,    5880760 total
- age   5:    1407048 bytes,    7287808 total
- age   6:     220040 bytes,    7507848 total
- age   7:    1662320 bytes,    9170168 total
- age   8:    1753768 bytes,   10923936 total
: 95898K->11612K(109248K), 0.0150661 secs] 168835K->84736K(502464K), 0.0151980 secs] [Times: user=0.02 sys=0.01, real=0.02 secs] 
Heap after GC invocations=87 (full 1):
 par new generation   total 109248K, used 11612K [0x00000000e0000000, 0x00000000e8000000, 0x00000000e8000000)
  eden space 87424K,   0% used [0x00000000e0000000, 0x00000000e0000000, 0x00000000e5560000)
  from space 21824K,  53% used [0x00000000e6ab0000, 0x00000000e7607338, 0x00000000e8000000)
  to   space 21824K,   0% used [0x00000000e5560000, 0x00000000e5560000, 0x00000000e6ab0000)
 concurrent mark-sweep generation total 393216K, used 73123K [0x00000000e8000000, 0x0000000100000000, 0x0000000100000000)
 Metaspace       used 33434K, capacity 33814K, committed 34248K, reserved 1079296K
  class space    used 3873K, capacity 3968K, committed 4040K, reserved 1048576K
}
2016-10-28T02:31:36.968-0400: 24.728: Total time for which application threads were stopped: 0.0156811 seconds, Stopping threads took: 0.0001938 seconds
{Heap before GC invocations=87 (full 1):
 par new generation   total 109248K, used 99036K [0x00000000e0000000, 0x00000000e8000000, 0x00000000e8000000)
  eden space 87424K, 100% used [0x00000000e0000000, 0x00000000e5560000, 0x00000000e5560000)
  from space 21824K,  53% used [0x00000000e6ab0000, 0x00000000e7607338, 0x00000000e8000000)
  to   space 21824K,   0% used [0x00000000e5560000, 0x00000000e5560000, 0x00000000e6ab0000)
 concurrent mark-sweep generation total 393216K, used 73123K [0x00000000e8000000, 0x0000000100000000, 0x0000000100000000)
 Metaspace       used 33438K, capacity 33878K, committed 34248K, reserved 1079296K
  class space    used 3873K, capacity 3968K, committed 4040K, reserved 1048576K
2016-10-28T02:31:36.989-0400: 24.749: [GC (Allocation Failure) 2016-10-28T02:31:36.989-0400: 24.749: [ParNew
Desired survivor size 20112992 bytes, new threshold 8 (max 8)
- age   1:     277720 bytes,     277720 total
- age   2:    3555656 bytes,    3833376 total
- age   3:     213632 bytes,    4047008 total
- age   4:     252136 bytes,    4299144 total
- age   5:    1832088 bytes,    6131232 total
- age   6:    1407000 bytes,    7538232 total
- age   7:     220016 bytes,    7758248 total
- age   8:    1662320 bytes,    9420568 total
: 99036K->9688K(109248K), 0.0290301 secs] 172160K->84530K(502464K), 0.0291028 secs] [Times: user=0.05 sys=0.03, real=0.02 secs] 
Heap after GC invocations=88 (full 1):
 par new generation   total 109248K, used 9688K [0x00000000e0000000, 0x00000000e8000000, 0x00000000e8000000)
  eden space 87424K,   0% used [0x00000000e0000000, 0x00000000e0000000, 0x00000000e5560000)
  from space 21824K,  44% used [0x00000000e5560000, 0x00000000e5ed62c8, 0x00000000e6ab0000)
  to   space 21824K,   0% used [0x00000000e6ab0000, 0x00000000e6ab0000, 0x00000000e8000000)
 concurrent mark-sweep generation total 393216K, used 74841K [0x00000000e8000000, 0x0000000100000000, 0x0000000100000000)
 Metaspace       used 33438K, capacity 33878K, committed 34248K, reserved 1079296K
  class space    used 3873K, capacity 3968K, committed 4040K, reserved 1048576K
}
2016-10-28T02:31:37.018-0400: 24.778: Total time for which application threads were stopped: 0.0294660 seconds, Stopping threads took: 0.0001361 seconds
{Heap before GC invocations=88 (full 1):
 par new generation   total 109248K, used 97112K [0x00000000e0000000, 0x00000000e8000000, 0x00000000e8000000)
  eden space 87424K, 100% used [0x00000000e0000000, 0x00000000e5560000, 0x00000000e5560000)
  from space 21824K,  44% used [0x00000000e5560000, 0x00000000e5ed62c8, 0x00000000e6ab0000)
  to   space 21824K,   0% used [0x00000000e6ab0000, 0x00000000e6ab0000, 0x00000000e8000000)
 concurrent mark-sweep generation total 393216K, used 74841K [0x00000000e8000000, 0x0000000100000000, 0x0000000100000000)
 Metaspace       used 33438K, capacity 33878K, committed 34248K, reserved 1079296K
  class space    used 3873K, capacity 3968K, committed 4040K, reserved 1048576K
2016-10-28T02:31:37.042-0400: 24.802: [GC (Allocation Failure) 2016-10-28T02:31:37.042-0400: 24.803: [ParNew
Desired survivor size 20112992 bytes, new threshold 8 (max 8)
- age   1:    1020768 bytes,    1020768 total
- age   2:     250760 bytes,    1271528 total
- age   3:    3555656 bytes,    4827184 total
- age   4:     213632 bytes,    5040816 total
- age   5:     252136 bytes,    5292952 total
- age   6:    1832088 bytes,    7125040 total
- age   7:    1407000 bytes,    8532040 total
- age   8:     220016 bytes,    8752056 total
: 97112K->9224K(109248K), 0.0240084 secs] 171954K->85694K(502464K), 0.0241999 secs] [Times: user=0.02 sys=0.04, real=0.02 secs] 
Heap after GC invocations=89 (full 1):
 par new generation   total 109248K, used 9224K [0x00000000e0000000, 0x00000000e8000000, 0x00000000e8000000)
  eden space 87424K,   0% used [0x00000000e0000000, 0x00000000e0000000, 0x00000000e5560000)
  from space 21824K,  42% used [0x00000000e6ab0000, 0x00000000e73b20b8, 0x00000000e8000000)
  to   space 21824K,   0% used [0x00000000e5560000, 0x00000000e5560000, 0x00000000e6ab0000)
 concurrent mark-sweep generation total 393216K, used 76470K [0x00000000e8000000, 0x0000000100000000, 0x0000000100000000)
 Metaspace       used 33438K, capacity 33878K, committed 34248K, reserved 1079296K
  class space    used 3873K, capacity 3968K, committed 4040K, reserved 1048576K
}
2016-10-28T02:31:37.067-0400: 24.827: Total time for which application threads were stopped: 0.0245520 seconds, Stopping threads took: 0.0001141 seconds
2016-10-28T02:31:37.084-0400: 24.844: Total time for which application threads were stopped: 0.0001930 seconds, Stopping threads took: 0.0000931 seconds
{Heap before GC invocations=89 (full 1):
 par new generation   total 109248K, used 96648K [0x00000000e0000000, 0x00000000e8000000, 0x00000000e8000000)
  eden space 87424K, 100% used [0x00000000e0000000, 0x00000000e5560000, 0x00000000e5560000)
  from space 21824K,  42% used [0x00000000e6ab0000, 0x00000000e73b20b8, 0x00000000e8000000)
  to   space 21824K,   0% used [0x00000000e5560000, 0x00000000e5560000, 0x00000000e6ab0000)
 concurrent mark-sweep generation total 393216K, used 76470K [0x00000000e8000000, 0x0000000100000000, 0x0000000100000000)
 Metaspace       used 33438K, capacity 33878K, committed 34248K, reserved 1079296K
  class space    used 3873K, capacity 3968K, committed 4040K, reserved 1048576K
2016-10-28T02:31:37.086-0400: 24.846: [GC (Allocation Failure) 2016-10-28T02:31:37.086-0400: 24.846: [ParNew
Desired survivor size 20112992 bytes, new threshold 8 (max 8)
- age   1:    1902496 bytes,    1902496 total
- age   2:     993808 bytes,    2896304 total
- age   3:     250760 bytes,    3147064 total
- age   4:    3555656 bytes,    6702720 total
- age   5:     213632 bytes,    6916352 total
- age   6:     252136 bytes,    7168488 total
- age   7:    1832088 bytes,    9000576 total
- age   8:    1407000 bytes,   10407576 total
: 96648K->10668K(109248K), 0.0221595 secs] 173118K->87359K(502464K), 0.0224111 secs] [Times: user=0.03 sys=0.02, real=0.03 secs] 
Heap after GC invocations=90 (full 1):
 par new generation   total 109248K, used 10668K [0x00000000e0000000, 0x00000000e8000000, 0x00000000e8000000)
  eden space 87424K,   0% used [0x00000000e0000000, 0x00000000e0000000, 0x00000000e5560000)
  from space 21824K,  48% used [0x00000000e5560000, 0x00000000e5fcb348, 0x00000000e6ab0000)
  to   space 21824K,   0% used [0x00000000e6ab0000, 0x00000000e6ab0000, 0x00000000e8000000)
 concurrent mark-sweep generation total 393216K, used 76690K [0x00000000e8000000, 0x0000000100000000, 0x0000000100000000)
 Metaspace       used 33438K, capacity 33878K, committed 34248K, reserved 1079296K
  class space    used 3873K, capacity 3968K, committed 4040K, reserved 1048576K
}
2016-10-28T02:31:37.109-0400: 24.869: Total time for which application threads were stopped: 0.0226974 seconds, Stopping threads took: 0.0000522 seconds
{Heap before GC invocations=90 (full 1):
 par new generation   total 109248K, used 98092K [0x00000000e0000000, 0x00000000e8000000, 0x00000000e8000000)
  eden space 87424K, 100% used [0x00000000e0000000, 0x00000000e5560000, 0x00000000e5560000)
  from space 21824K,  48% used [0x00000000e5560000, 0x00000000e5fcb348, 0x00000000e6ab0000)
  to   space 21824K,   0% used [0x00000000e6ab0000, 0x00000000e6ab0000, 0x00000000e8000000)
 concurrent mark-sweep generation total 393216K, used 76690K [0x00000000e8000000, 0x0000000100000000, 0x0000000100000000)
 Metaspace       used 33438K, capacity 33878K, committed 34248K, reserved 1079296K
  class space    used 3873K, capacity 3968K, committed 4040K, reserved 1048576K
2016-10-28T02:31:37.131-0400: 24.891: [GC (Allocation Failure) 2016-10-28T02:31:37.131-0400: 24.891: [ParNew
Desired survivor size 20112992 bytes, new threshold 8 (max 8)
- age   1:     245944 bytes,     245944 total
- age   2:    1875472 bytes,    2121416 total
- age   3:     993808 bytes,    3115224 total
- age   4:     250760 bytes,    3365984 total
- age   5:    3555656 bytes,    6921640 total
- age   6:     213632 bytes,    7135272 total
- age   7:     252136 bytes,    7387408 total
- age   8:    1832088 bytes,    9219496 total
: 98092K->9903K(109248K), 0.0353593 secs] 174783K->87973K(502464K), 0.0354567 secs] [Times: user=0.04 sys=0.04, real=0.03 secs] 
Heap after GC invocations=91 (full 1):
 par new generation   total 109248K, used 9903K [0x00000000e0000000, 0x00000000e8000000, 0x00000000e8000000)
  eden space 87424K,   0% used [0x00000000e0000000, 0x00000000e0000000, 0x00000000e5560000)
  from space 21824K,  45% used [0x00000000e6ab0000, 0x00000000e745bd78, 0x00000000e8000000)
  to   space 21824K,   0% used [0x00000000e5560000, 0x00000000e5560000, 0x00000000e6ab0000)
 concurrent mark-sweep generation total 393216K, used 78069K [0x00000000e8000000, 0x0000000100000000, 0x0000000100000000)
 Metaspace       used 33438K, capacity 33878K, committed 34248K, reserved 1079296K
  class space    used 3873K, capacity 3968K, committed 4040K, reserved 1048576K
}
2016-10-28T02:31:37.166-0400: 24.926: Total time for which application threads were stopped: 0.0358276 seconds, Stopping threads took: 0.0001297 seconds
{Heap before GC invocations=91 (full 1):
 par new generation   total 109248K, used 97327K [0x00000000e0000000, 0x00000000e8000000, 0x00000000e8000000)
  eden space 87424K, 100% used [0x00000000e0000000, 0x00000000e5560000, 0x00000000e5560000)
  from space 21824K,  45% used [0x00000000e6ab0000, 0x00000000e745bd78, 0x00000000e8000000)
  to   space 21824K,   0% used [0x00000000e5560000, 0x00000000e5560000, 0x00000000e6ab0000)
 concurrent mark-sweep generation total 393216K, used 78069K [0x00000000e8000000, 0x0000000100000000, 0x0000000100000000)
 Metaspace       used 33438K, capacity 33878K, committed 34248K, reserved 1079296K
  class space    used 3873K, capacity 3968K, committed 4040K, reserved 1048576K
2016-10-28T02:31:37.190-0400: 24.950: [GC (Allocation Failure) 2016-10-28T02:31:37.190-0400: 24.950: [ParNew
Desired survivor size 20112992 bytes, new threshold 8 (max 8)
- age   1:     240656 bytes,     240656 total
- age   2:     218976 bytes,     459632 total
- age   3:    1875472 bytes,    2335104 total
- age   4:     993808 bytes,    3328912 total
- age   5:     250760 bytes,    3579672 total
- age   6:    3555656 bytes,    7135328 total
- age   7:     213632 bytes,    7348960 total
- age   8:     252136 bytes,    7601096 total
: 97327K->7563K(109248K), 0.0475458 secs] 175397K->87427K(502464K), 0.0476785 secs] [Times: user=0.07 sys=0.04, real=0.04 secs] 
Heap after GC invocations=92 (full 1):
 par new generation   total 109248K, used 7563K [0x00000000e0000000, 0x00000000e8000000, 0x00000000e8000000)
  eden space 87424K,   0% used [0x00000000e0000000, 0x00000000e0000000, 0x00000000e5560000)
  from space 21824K,  34% used [0x00000000e5560000, 0x00000000e5cc2c88, 0x00000000e6ab0000)
  to   space 21824K,   0% used [0x00000000e6ab0000, 0x00000000e6ab0000, 0x00000000e8000000)
 concurrent mark-sweep generation total 393216K, used 79864K [0x00000000e8000000, 0x0000000100000000, 0x0000000100000000)
 Metaspace       used 33438K, capacity 33878K, committed 34248K, reserved 1079296K
  class space    used 3873K, capacity 3968K, committed 4040K, reserved 1048576K
}
2016-10-28T02:31:37.238-0400: 24.998: Total time for which application threads were stopped: 0.0481234 seconds, Stopping threads took: 0.0001689 seconds
{Heap before GC invocations=92 (full 1):
 par new generation   total 109248K, used 94987K [0x00000000e0000000, 0x00000000e8000000, 0x00000000e8000000)
  eden space 87424K, 100% used [0x00000000e0000000, 0x00000000e5560000, 0x00000000e5560000)
  from space 21824K,  34% used [0x00000000e5560000, 0x00000000e5cc2c88, 0x00000000e6ab0000)
  to   space 21824K,   0% used [0x00000000e6ab0000, 0x00000000e6ab0000, 0x00000000e8000000)
 concurrent mark-sweep generation total 393216K, used 79864K [0x00000000e8000000, 0x0000000100000000, 0x0000000100000000)
 Metaspace       used 33438K, capacity 33878K, committed 34248K, reserved 1079296K
  class space    used 3873K, capacity 3968K, committed 4040K, reserved 1048576K
2016-10-28T02:31:37.260-0400: 25.021: [GC (Allocation Failure) 2016-10-28T02:31:37.261-0400: 25.021: [ParNew
Desired survivor size 20112992 bytes, new threshold 8 (max 8)
- age   1:    1583456 bytes,    1583456 total
- age   2:     213696 bytes,    1797152 total
- age   3:     218976 bytes,    2016128 total
- age   4:    1875472 bytes,    3891600 total
- age   5:     993808 bytes,    4885408 total
- age   6:     250760 bytes,    5136168 total
- age   7:    3555656 bytes,    8691824 total
- age   8:     246416 bytes,    8938240 total
: 94987K->9160K(109248K), 0.0208939 secs] 174851K->89275K(502464K), 0.0210174 secs] [Times: user=0.04 sys=0.00, real=0.02 secs] 
Heap after GC invocations=93 (full 1):
 par new generation   total 109248K, used 9160K [0x00000000e0000000, 0x00000000e8000000, 0x00000000e8000000)
  eden space 87424K,   0% used [0x00000000e0000000, 0x00000000e0000000, 0x00000000e5560000)
  from space 21824K,  41% used [0x00000000e6ab0000, 0x00000000e73a20b8, 0x00000000e8000000)
  to   space 21824K,   0% used [0x00000000e5560000, 0x00000000e5560000, 0x00000000e6ab0000)
 concurrent mark-sweep generation total 393216K, used 80115K [0x00000000e8000000, 0x0000000100000000, 0x0000000100000000)
 Metaspace       used 33438K, capacity 33878K, committed 34248K, reserved 1079296K
  class space    used 3873K, capacity 3968K, committed 4040K, reserved 1048576K
}
2016-10-28T02:31:37.282-0400: 25.042: Total time for which application threads were stopped: 0.0213399 seconds, Stopping threads took: 0.0000941 seconds
{Heap before GC invocations=93 (full 1):
 par new generation   total 109248K, used 96584K [0x00000000e0000000, 0x00000000e8000000, 0x00000000e8000000)
  eden space 87424K, 100% used [0x00000000e0000000, 0x00000000e5560000, 0x00000000e5560000)
  from space 21824K,  41% used [0x00000000e6ab0000, 0x00000000e73a20b8, 0x00000000e8000000)
  to   space 21824K,   0% used [0x00000000e5560000, 0x00000000e5560000, 0x00000000e6ab0000)
 concurrent mark-sweep generation total 393216K, used 80115K [0x00000000e8000000, 0x0000000100000000, 0x0000000100000000)
 Metaspace       used 33438K, capacity 33878K, committed 34248K, reserved 1079296K
  class space    used 3873K, capacity 3968K, committed 4040K, reserved 1048576K
2016-10-28T02:31:37.303-0400: 25.063: [GC (Allocation Failure) 2016-10-28T02:31:37.303-0400: 25.064: [ParNew
Desired survivor size 20112992 bytes, new threshold 8 (max 8)
- age   1:    2057560 bytes,    2057560 total
- age   2:    1556496 bytes,    3614056 total
- age   3:     213696 bytes,    3827752 total
- age   4:     218976 bytes,    4046728 total
- age   5:    1875472 bytes,    5922200 total
- age   6:     993808 bytes,    6916008 total
- age   7:     250760 bytes,    7166768 total
- age   8:    3555656 bytes,   10722424 total
: 96584K->11561K(109248K), 0.0158210 secs] 176699K->91891K(502464K), 0.0159524 secs] [Times: user=0.03 sys=0.01, real=0.02 secs] 
Heap after GC invocations=94 (full 1):
 par new generation   total 109248K, used 11561K [0x00000000e0000000, 0x00000000e8000000, 0x00000000e8000000)
  eden space 87424K,   0% used [0x00000000e0000000, 0x00000000e0000000, 0x00000000e5560000)
  from space 21824K,  52% used [0x00000000e5560000, 0x00000000e60aa748, 0x00000000e6ab0000)
  to   space 21824K,   0% used [0x00000000e6ab0000, 0x00000000e6ab0000, 0x00000000e8000000)
 concurrent mark-sweep generation total 393216K, used 80329K [0x00000000e8000000, 0x0000000100000000, 0x0000000100000000)
 Metaspace       used 33438K, capacity 33878K, committed 34248K, reserved 1079296K
  class space    used 3873K, capacity 3968K, committed 4040K, reserved 1048576K
}
2016-10-28T02:31:37.319-0400: 25.079: Total time for which application threads were stopped: 0.0163129 seconds, Stopping threads took: 0.0001462 seconds
{Heap before GC invocations=94 (full 1):
 par new generation   total 109248K, used 98985K [0x00000000e0000000, 0x00000000e8000000, 0x00000000e8000000)
  eden space 87424K, 100% used [0x00000000e0000000, 0x00000000e5560000, 0x00000000e5560000)
  from space 21824K,  52% used [0x00000000e5560000, 0x00000000e60aa748, 0x00000000e6ab0000)
  to   space 21824K,   0% used [0x00000000e6ab0000, 0x00000000e6ab0000, 0x00000000e8000000)
 concurrent mark-sweep generation total 393216K, used 80329K [0x00000000e8000000, 0x0000000100000000, 0x0000000100000000)
 Metaspace       used 33440K, capacity 33878K, committed 34248K, reserved 1079296K
  class space    used 3873K, capacity 3968K, committed 4040K, reserved 1048576K
2016-10-28T02:31:37.341-0400: 25.101: [GC (Allocation Failure) 2016-10-28T02:31:37.341-0400: 25.101: [ParNew
Desired survivor size 20112992 bytes, new threshold 8 (max 8)
- age   1:     249640 bytes,     249640 total
- age   2:    2030600 bytes,    2280240 total
- age   3:    1556496 bytes,    3836736 total
- age   4:     213696 bytes,    4050432 total
- age   5:     218976 bytes,    4269408 total
- age   6:    1875472 bytes,    6144880 total
- age   7:     993808 bytes,    7138688 total
- age   8:     250760 bytes,    7389448 total
: 98985K->7808K(109248K), 0.0911236 secs] 179315K->91615K(502464K), 0.0912208 secs] [Times: user=0.18 sys=0.05, real=0.09 secs] 
Heap after GC invocations=95 (full 1):
 par new generation   total 109248K, used 7808K [0x00000000e0000000, 0x00000000e8000000, 0x00000000e8000000)
  eden space 87424K,   0% used [0x00000000e0000000, 0x00000000e0000000, 0x00000000e5560000)
  from space 21824K,  35% used [0x00000000e6ab0000, 0x00000000e72502a8, 0x00000000e8000000)
  to   space 21824K,   0% used [0x00000000e5560000, 0x00000000e5560000, 0x00000000e6ab0000)
 concurrent mark-sweep generation total 393216K, used 83807K [0x00000000e8000000, 0x0000000100000000, 0x0000000100000000)
 Metaspace       used 33440K, capacity 33878K, committed 34248K, reserved 1079296K
  class space    used 3873K, capacity 3968K, committed 4040K, reserved 1048576K
}
2016-10-28T02:31:37.433-0400: 25.193: Total time for which application threads were stopped: 0.0915174 seconds, Stopping threads took: 0.0001053 seconds
{Heap before GC invocations=95 (full 1):
 par new generation   total 109248K, used 95232K [0x00000000e0000000, 0x00000000e8000000, 0x00000000e8000000)
  eden space 87424K, 100% used [0x00000000e0000000, 0x00000000e5560000, 0x00000000e5560000)
  from space 21824K,  35% used [0x00000000e6ab0000, 0x00000000e72502a8, 0x00000000e8000000)
  to   space 21824K,   0% used [0x00000000e5560000, 0x00000000e5560000, 0x00000000e6ab0000)
 concurrent mark-sweep generation total 393216K, used 83807K [0x00000000e8000000, 0x0000000100000000, 0x0000000100000000)
 Metaspace       used 33442K, capacity 33878K, committed 34248K, reserved 1079296K
  class space    used 3873K, capacity 3968K, committed 4040K, reserved 1048576K
2016-10-28T02:31:37.461-0400: 25.221: [GC (Allocation Failure) 2016-10-28T02:31:37.462-0400: 25.222: [ParNew
Desired survivor size 20112992 bytes, new threshold 8 (max 8)
- age   1:     344728 bytes,     344728 total
- age   2:     288232 bytes,     632960 total
- age   3:    2096168 bytes,    2729128 total
- age   4:    1654848 bytes,    4383976 total
- age   5:     279264 bytes,    4663240 total
- age   6:     284544 bytes,    4947784 total
- age   7:    1973824 bytes,    6921608 total
- age   8:    1059376 bytes,    7980984 total
: 95232K->7714K(109248K), 0.0194869 secs] 179039K->91771K(502464K), 0.0198012 secs] [Times: user=0.03 sys=0.01, real=0.02 secs] 
Heap after GC invocations=96 (full 1):
 par new generation   total 109248K, used 7714K [0x00000000e0000000, 0x00000000e8000000, 0x00000000e8000000)
  eden space 87424K,   0% used [0x00000000e0000000, 0x00000000e0000000, 0x00000000e5560000)
  from space 21824K,  35% used [0x00000000e5560000, 0x00000000e5ce8900, 0x00000000e6ab0000)
  to   space 21824K,   0% used [0x00000000e6ab0000, 0x00000000e6ab0000, 0x00000000e8000000)
 concurrent mark-sweep generation total 393216K, used 84057K [0x00000000e8000000, 0x0000000100000000, 0x0000000100000000)
 Metaspace       used 33442K, capacity 33878K, committed 34248K, reserved 1079296K
  class space    used 3873K, capacity 3968K, committed 4040K, reserved 1048576K
}
2016-10-28T02:31:37.481-0400: 25.241: Total time for which application threads were stopped: 0.0202234 seconds, Stopping threads took: 0.0001444 seconds
{Heap before GC invocations=96 (full 1):
 par new generation   total 109248K, used 95138K [0x00000000e0000000, 0x00000000e8000000, 0x00000000e8000000)
  eden space 87424K, 100% used [0x00000000e0000000, 0x00000000e5560000, 0x00000000e5560000)
  from space 21824K,  35% used [0x00000000e5560000, 0x00000000e5ce8900, 0x00000000e6ab0000)
  to   space 21824K,   0% used [0x00000000e6ab0000, 0x00000000e6ab0000, 0x00000000e8000000)
 concurrent mark-sweep generation total 393216K, used 84057K [0x00000000e8000000, 0x0000000100000000, 0x0000000100000000)
 Metaspace       used 33442K, capacity 33878K, committed 34248K, reserved 1079296K
  class space    used 3873K, capacity 3968K, committed 4040K, reserved 1048576K
2016-10-28T02:31:37.502-0400: 25.262: [GC (Allocation Failure) 2016-10-28T02:31:37.502-0400: 25.262: [ParNew
Desired survivor size 20112992 bytes, new threshold 8 (max 8)
- age   1:    3992328 bytes,    3992328 total
- age   2:     252208 bytes,    4244536 total
- age   3:     222664 bytes,    4467200 total
- age   4:    2030600 bytes,    6497800 total
- age   5:    1556496 bytes,    8054296 total
- age   6:     213696 bytes,    8267992 total
- age   7:     218976 bytes,    8486968 total
- age   8:    1875472 bytes,   10362440 total
: 95138K->10233K(109248K), 0.0234377 secs] 179195K->95266K(502464K), 0.0235248 secs] [Times: user=0.02 sys=0.02, real=0.02 secs] 
Heap after GC invocations=97 (full 1):
 par new generation   total 109248K, used 10233K [0x00000000e0000000, 0x00000000e8000000, 0x00000000e8000000)
  eden space 87424K,   0% used [0x00000000e0000000, 0x00000000e0000000, 0x00000000e5560000)
  from space 21824K,  46% used [0x00000000e6ab0000, 0x00000000e74ae658, 0x00000000e8000000)
  to   space 21824K,   0% used [0x00000000e5560000, 0x00000000e5560000, 0x00000000e6ab0000)
 concurrent mark-sweep generation total 393216K, used 85033K [0x00000000e8000000, 0x0000000100000000, 0x0000000100000000)
 Metaspace       used 33442K, capacity 33878K, committed 34248K, reserved 1079296K
  class space    used 3873K, capacity 3968K, committed 4040K, reserved 1048576K
}
2016-10-28T02:31:37.526-0400: 25.286: Total time for which application threads were stopped: 0.0239063 seconds, Stopping threads took: 0.0001197 seconds
{Heap before GC invocations=97 (full 1):
 par new generation   total 109248K, used 97657K [0x00000000e0000000, 0x00000000e8000000, 0x00000000e8000000)
  eden space 87424K, 100% used [0x00000000e0000000, 0x00000000e5560000, 0x00000000e5560000)
  from space 21824K,  46% used [0x00000000e6ab0000, 0x00000000e74ae658, 0x00000000e8000000)
  to   space 21824K,   0% used [0x00000000e5560000, 0x00000000e5560000, 0x00000000e6ab0000)
 concurrent mark-sweep generation total 393216K, used 85033K [0x00000000e8000000, 0x0000000100000000, 0x0000000100000000)
 Metaspace       used 33443K, capacity 33878K, committed 34248K, reserved 1079296K
  class space    used 3873K, capacity 3968K, committed 4040K, reserved 1048576K
2016-10-28T02:31:37.546-0400: 25.306: [GC (Allocation Failure) 2016-10-28T02:31:37.546-0400: 25.306: [ParNew
Desired survivor size 20112992 bytes, new threshold 8 (max 8)
- age   1:     247328 bytes,     247328 total
- age   2:    3965368 bytes,    4212696 total
- age   3:     252208 bytes,    4464904 total
- age   4:     222664 bytes,    4687568 total
- age   5:    2030600 bytes,    6718168 total
- age   6:    1556496 bytes,    8274664 total
- age   7:     213696 bytes,    8488360 total
- age   8:     218976 bytes,    8707336 total
: 97657K->9947K(109248K), 0.0127317 secs] 182690K->96817K(502464K), 0.0131314 secs] [Times: user=0.02 sys=0.00, real=0.01 secs] 
Heap after GC invocations=98 (full 1):
 par new generation   total 109248K, used 9947K [0x00000000e0000000, 0x00000000e8000000, 0x00000000e8000000)
  eden space 87424K,   0% used [0x00000000e0000000, 0x00000000e0000000, 0x00000000e5560000)
  from space 21824K,  45% used [0x00000000e5560000, 0x00000000e5f16d28, 0x00000000e6ab0000)
  to   space 21824K,   0% used [0x00000000e6ab0000, 0x00000000e6ab0000, 0x00000000e8000000)
 concurrent mark-sweep generation total 393216K, used 86869K [0x00000000e8000000, 0x0000000100000000, 0x0000000100000000)
 Metaspace       used 33443K, capacity 33878K, committed 34248K, reserved 1079296K
  class space    used 3873K, capacity 3968K, committed 4040K, reserved 1048576K
}
2016-10-28T02:31:37.559-0400: 25.319: Total time for which application threads were stopped: 0.0134567 seconds, Stopping threads took: 0.0000806 seconds
{Heap before GC invocations=98 (full 1):
 par new generation   total 109248K, used 97371K [0x00000000e0000000, 0x00000000e8000000, 0x00000000e8000000)
  eden space 87424K, 100% used [0x00000000e0000000, 0x00000000e5560000, 0x00000000e5560000)
  from space 21824K,  45% used [0x00000000e5560000, 0x00000000e5f16d28, 0x00000000e6ab0000)
  to   space 21824K,   0% used [0x00000000e6ab0000, 0x00000000e6ab0000, 0x00000000e8000000)
 concurrent mark-sweep generation total 393216K, used 86869K [0x00000000e8000000, 0x0000000100000000, 0x0000000100000000)
 Metaspace       used 33443K, capacity 33878K, committed 34248K, reserved 1079296K
  class space    used 3873K, capacity 3968K, committed 4040K, reserved 1048576K
2016-10-28T02:31:37.580-0400: 25.340: [GC (Allocation Failure) 2016-10-28T02:31:37.580-0400: 25.340: [ParNew
Desired survivor size 20112992 bytes, new threshold 8 (max 8)
- age   1:     246384 bytes,     246384 total
- age   2:     253152 bytes,     499536 total
- age   3:    3965368 bytes,    4464904 total
- age   4:     317776 bytes,    4782680 total
- age   5:     255448 bytes,    5038128 total
- age   6:    2096168 bytes,    7134296 total
- age   7:    1654848 bytes,    8789144 total
- age   8:     279264 bytes,    9068408 total
: 97371K->8892K(109248K), 0.0172585 secs] 184241K->95981K(502464K), 0.0173259 secs] [Times: user=0.02 sys=0.01, real=0.01 secs] 
Heap after GC invocations=99 (full 1):
 par new generation   total 109248K, used 8892K [0x00000000e0000000, 0x00000000e8000000, 0x00000000e8000000)
  eden space 87424K,   0% used [0x00000000e0000000, 0x00000000e0000000, 0x00000000e5560000)
  from space 21824K,  40% used [0x00000000e6ab0000, 0x00000000e735f3a8, 0x00000000e8000000)
  to   space 21824K,   0% used [0x00000000e5560000, 0x00000000e5560000, 0x00000000e6ab0000)
 concurrent mark-sweep generation total 393216K, used 87089K [0x00000000e8000000, 0x0000000100000000, 0x0000000100000000)
 Metaspace       used 33443K, capacity 33878K, committed 34248K, reserved 1079296K
  class space    used 3873K, capacity 3968K, committed 4040K, reserved 1048576K
}
2016-10-28T02:31:37.598-0400: 25.358: Total time for which application threads were stopped: 0.0176676 seconds, Stopping threads took: 0.0001426 seconds
{Heap before GC invocations=99 (full 1):
 par new generation   total 109248K, used 96316K [0x00000000e0000000, 0x00000000e8000000, 0x00000000e8000000)
  eden space 87424K, 100% used [0x00000000e0000000, 0x00000000e5560000, 0x00000000e5560000)
  from space 21824K,  40% used [0x00000000e6ab0000, 0x00000000e735f3a8, 0x00000000e8000000)
  to   space 21824K,   0% used [0x00000000e5560000, 0x00000000e5560000, 0x00000000e6ab0000)
 concurrent mark-sweep generation total 393216K, used 87089K [0x00000000e8000000, 0x0000000100000000, 0x0000000100000000)
 Metaspace       used 33443K, capacity 33878K, committed 34248K, reserved 1079296K
  class space    used 3873K, capacity 3968K, committed 4040K, reserved 1048576K
2016-10-28T02:31:37.616-0400: 25.376: [GC (Allocation Failure) 2016-10-28T02:31:37.616-0400: 25.376: [ParNew
Desired survivor size 20112992 bytes, new threshold 8 (max 8)
- age   1:    1150776 bytes,    1150776 total
- age   2:     219432 bytes,    1370208 total
- age   3:     220368 bytes,    1590576 total
- age   4:    3965368 bytes,    5555944 total
- age   5:     317776 bytes,    5873720 total
- age   6:     255448 bytes,    6129168 total
- age   7:    2096168 bytes,    8225336 total
- age   8:    1654848 bytes,    9880184 total
: 96316K->10772K(109248K), 0.0153240 secs] 183405K->98075K(502464K), 0.0154675 secs] [Times: user=0.03 sys=0.00, real=0.02 secs] 
Heap after GC invocations=100 (full 1):
 par new generation   total 109248K, used 10772K [0x00000000e0000000, 0x00000000e8000000, 0x00000000e8000000)
  eden space 87424K,   0% used [0x00000000e0000000, 0x00000000e0000000, 0x00000000e5560000)
  from space 21824K,  49% used [0x00000000e5560000, 0x00000000e5fe52c8, 0x00000000e6ab0000)
  to   space 21824K,   0% used [0x00000000e6ab0000, 0x00000000e6ab0000, 0x00000000e8000000)
 concurrent mark-sweep generation total 393216K, used 87303K [0x00000000e8000000, 0x0000000100000000, 0x0000000100000000)
 Metaspace       used 33443K, capacity 33878K, committed 34248K, reserved 1079296K
  class space    used 3873K, capacity 3968K, committed 4040K, reserved 1048576K
}
2016-10-28T02:31:37.631-0400: 25.392: Total time for which application threads were stopped: 0.0157978 seconds, Stopping threads took: 0.0001239 seconds
{Heap before GC invocations=100 (full 1):
 par new generation   total 109248K, used 98196K [0x00000000e0000000, 0x00000000e8000000, 0x00000000e8000000)
  eden space 87424K, 100% used [0x00000000e0000000, 0x00000000e5560000, 0x00000000e5560000)
  from space 21824K,  49% used [0x00000000e5560000, 0x00000000e5fe52c8, 0x00000000e6ab0000)
  to   space 21824K,   0% used [0x00000000e6ab0000, 0x00000000e6ab0000, 0x00000000e8000000)
 concurrent mark-sweep generation total 393216K, used 87303K [0x00000000e8000000, 0x0000000100000000, 0x0000000100000000)
 Metaspace       used 33443K, capacity 33878K, committed 34248K, reserved 1079296K
  class space    used 3873K, capacity 3968K, committed 4040K, reserved 1048576K
2016-10-28T02:31:37.652-0400: 25.412: [GC (Allocation Failure) 2016-10-28T02:31:37.652-0400: 25.412: [ParNew
Desired survivor size 20112992 bytes, new threshold 8 (max 8)
- age   1:    2107408 bytes,    2107408 total
- age   2:    1123808 bytes,    3231216 total
- age   3:     219432 bytes,    3450648 total
- age   4:     220368 bytes,    3671016 total
- age   5:    3965368 bytes,    7636384 total
- age   6:     252208 bytes,    7888592 total
- age   7:     222664 bytes,    8111256 total
- age   8:    2030600 bytes,   10141856 total
: 98196K->10427K(109248K), 0.0562320 secs] 185499K->99256K(502464K), 0.0566820 secs] [Times: user=0.11 sys=0.03, real=0.06 secs] 
Heap after GC invocations=101 (full 1):
 par new generation   total 109248K, used 10427K [0x00000000e0000000, 0x00000000e8000000, 0x00000000e8000000)
  eden space 87424K,   0% used [0x00000000e0000000, 0x00000000e0000000, 0x00000000e5560000)
  from space 21824K,  47% used [0x00000000e6ab0000, 0x00000000e74dee60, 0x00000000e8000000)
  to   space 21824K,   0% used [0x00000000e5560000, 0x00000000e5560000, 0x00000000e6ab0000)
 concurrent mark-sweep generation total 393216K, used 88828K [0x00000000e8000000, 0x0000000100000000, 0x0000000100000000)
 Metaspace       used 33443K, capacity 33878K, committed 34248K, reserved 1079296K
  class space    used 3873K, capacity 3968K, committed 4040K, reserved 1048576K
}
2016-10-28T02:31:37.708-0400: 25.469: Total time for which application threads were stopped: 0.0570310 seconds, Stopping threads took: 0.0001145 seconds
{Heap before GC invocations=101 (full 1):
 par new generation   total 109248K, used 97851K [0x00000000e0000000, 0x00000000e8000000, 0x00000000e8000000)
  eden space 87424K, 100% used [0x00000000e0000000, 0x00000000e5560000, 0x00000000e5560000)
  from space 21824K,  47% used [0x00000000e6ab0000, 0x00000000e74dee60, 0x00000000e8000000)
  to   space 21824K,   0% used [0x00000000e5560000, 0x00000000e5560000, 0x00000000e6ab0000)
 concurrent mark-sweep generation total 393216K, used 88828K [0x00000000e8000000, 0x0000000100000000, 0x0000000100000000)
 Metaspace       used 33443K, capacity 33878K, committed 34248K, reserved 1079296K
  class space    used 3873K, capacity 3968K, committed 4040K, reserved 1048576K
2016-10-28T02:31:37.734-0400: 25.494: [GC (Allocation Failure) 2016-10-28T02:31:37.734-0400: 25.494: [ParNew
Desired survivor size 20112992 bytes, new threshold 8 (max 8)
- age   1:     245928 bytes,     245928 total
- age   2:    2080456 bytes,    2326384 total
- age   3:    1123808 bytes,    3450192 total
- age   4:     219432 bytes,    3669624 total
- age   5:     220368 bytes,    3889992 total
- age   6:    3965368 bytes,    7855360 total
- age   7:     252208 bytes,    8107568 total
- age   8:     222664 bytes,    8330232 total
: 97851K->8633K(109248K), 0.0315315 secs] 186680K->99449K(502464K), 0.0316478 secs] [Times: user=0.06 sys=0.03, real=0.03 secs] 
Heap after GC invocations=102 (full 1):
 par new generation   total 109248K, used 8633K [0x00000000e0000000, 0x00000000e8000000, 0x00000000e8000000)
  eden space 87424K,   0% used [0x00000000e0000000, 0x00000000e0000000, 0x00000000e5560000)
  from space 21824K,  39% used [0x00000000e5560000, 0x00000000e5dce4e0, 0x00000000e6ab0000)
  to   space 21824K,   0% used [0x00000000e6ab0000, 0x00000000e6ab0000, 0x00000000e8000000)
 concurrent mark-sweep generation total 393216K, used 90816K [0x00000000e8000000, 0x0000000100000000, 0x0000000100000000)
 Metaspace       used 33443K, capacity 33878K, committed 34248K, reserved 1079296K
  class space    used 3873K, capacity 3968K, committed 4040K, reserved 1048576K
}
2016-10-28T02:31:37.765-0400: 25.525: Total time for which application threads were stopped: 0.0324243 seconds, Stopping threads took: 0.0005447 seconds
{Heap before GC invocations=102 (full 1):
 par new generation   total 109248K, used 96057K [0x00000000e0000000, 0x00000000e8000000, 0x00000000e8000000)
  eden space 87424K, 100% used [0x00000000e0000000, 0x00000000e5560000, 0x00000000e5560000)
  from space 21824K,  39% used [0x00000000e5560000, 0x00000000e5dce4e0, 0x00000000e6ab0000)
  to   space 21824K,   0% used [0x00000000e6ab0000, 0x00000000e6ab0000, 0x00000000e8000000)
 concurrent mark-sweep generation total 393216K, used 90816K [0x00000000e8000000, 0x0000000100000000, 0x0000000100000000)
 Metaspace       used 33443K, capacity 33878K, committed 34248K, reserved 1079296K
  class space    used 3873K, capacity 3968K, committed 4040K, reserved 1048576K
2016-10-28T02:31:37.793-0400: 25.553: [GC (Allocation Failure) 2016-10-28T02:31:37.793-0400: 25.553: [ParNew
Desired survivor size 20112992 bytes, new threshold 8 (max 8)
- age   1:     238664 bytes,     238664 total
- age   2:     218976 bytes,     457640 total
- age   3:    2080456 bytes,    2538096 total
- age   4:    1123808 bytes,    3661904 total
- age   5:     219432 bytes,    3881336 total
- age   6:     220368 bytes,    4101704 total
- age   7:    3965368 bytes,    8067072 total
- age   8:     317776 bytes,    8384848 total
: 96057K->9530K(109248K), 0.0206390 secs] 186873K->100570K(502464K), 0.0208801 secs] [Times: user=0.02 sys=0.02, real=0.02 secs] 
Heap after GC invocations=103 (full 1):
 par new generation   total 109248K, used 9530K [0x00000000e0000000, 0x00000000e8000000, 0x00000000e8000000)
  eden space 87424K,   0% used [0x00000000e0000000, 0x00000000e0000000, 0x00000000e5560000)
  from space 21824K,  43% used [0x00000000e6ab0000, 0x00000000e73feb00, 0x00000000e8000000)
  to   space 21824K,   0% used [0x00000000e5560000, 0x00000000e5560000, 0x00000000e6ab0000)
 concurrent mark-sweep generation total 393216K, used 91039K [0x00000000e8000000, 0x0000000100000000, 0x0000000100000000)
 Metaspace       used 33443K, capacity 33878K, committed 34248K, reserved 1079296K
  class space    used 3873K, capacity 3968K, committed 4040K, reserved 1048576K
}
2016-10-28T02:31:37.814-0400: 25.574: Total time for which application threads were stopped: 0.0215995 seconds, Stopping threads took: 0.0004605 seconds
{Heap before GC invocations=103 (full 1):
 par new generation   total 109248K, used 96954K [0x00000000e0000000, 0x00000000e8000000, 0x00000000e8000000)
  eden space 87424K, 100% used [0x00000000e0000000, 0x00000000e5560000, 0x00000000e5560000)
  from space 21824K,  43% used [0x00000000e6ab0000, 0x00000000e73feb00, 0x00000000e8000000)
  to   space 21824K,   0% used [0x00000000e5560000, 0x00000000e5560000, 0x00000000e6ab0000)
 concurrent mark-sweep generation total 393216K, used 91039K [0x00000000e8000000, 0x0000000100000000, 0x0000000100000000)
 Metaspace       used 33444K, capacity 33878K, committed 34248K, reserved 1079296K
  class space    used 3873K, capacity 3968K, committed 4040K, reserved 1048576K
2016-10-28T02:31:37.857-0400: 25.617: [GC (Allocation Failure) 2016-10-28T02:31:37.857-0400: 25.617: [ParNew
Desired survivor size 20112992 bytes, new threshold 8 (max 8)
- age   1:    3956560 bytes,    3956560 total
- age   2:     211696 bytes,    4168256 total
- age   3:     218976 bytes,    4387232 total
- age   4:    2080456 bytes,    6467688 total
- age   5:    1254416 bytes,    7722104 total
- age   6:     219432 bytes,    7941536 total
- age   7:     220368 bytes,    8161904 total
- age   8:    3965368 bytes,   12127272 total
: 96954K->12582K(109248K), 0.0178592 secs] 187994K->103873K(502464K), 0.0179645 secs] [Times: user=0.03 sys=0.02, real=0.02 secs] 
Heap after GC invocations=104 (full 1):
 par new generation   total 109248K, used 12582K [0x00000000e0000000, 0x00000000e8000000, 0x00000000e8000000)
  eden space 87424K,   0% used [0x00000000e0000000, 0x00000000e0000000, 0x00000000e5560000)
  from space 21824K,  57% used [0x00000000e5560000, 0x00000000e61a9828, 0x00000000e6ab0000)
  to   space 21824K,   0% used [0x00000000e6ab0000, 0x00000000e6ab0000, 0x00000000e8000000)
 concurrent mark-sweep generation total 393216K, used 91291K [0x00000000e8000000, 0x0000000100000000, 0x0000000100000000)
 Metaspace       used 33444K, capacity 33878K, committed 34248K, reserved 1079296K
  class space    used 3873K, capacity 3968K, committed 4040K, reserved 1048576K
}
2016-10-28T02:31:37.875-0400: 25.635: Total time for which application threads were stopped: 0.0183490 seconds, Stopping threads took: 0.0000998 seconds
{Heap before GC invocations=104 (full 1):
 par new generation   total 109248K, used 100006K [0x00000000e0000000, 0x00000000e8000000, 0x00000000e8000000)
  eden space 87424K, 100% used [0x00000000e0000000, 0x00000000e5560000, 0x00000000e5560000)
  from space 21824K,  57% used [0x00000000e5560000, 0x00000000e61a9828, 0x00000000e6ab0000)
  to   space 21824K,   0% used [0x00000000e6ab0000, 0x00000000e6ab0000, 0x00000000e8000000)
 concurrent mark-sweep generation total 393216K, used 91291K [0x00000000e8000000, 0x0000000100000000, 0x0000000100000000)
 Metaspace       used 33444K, capacity 33878K, committed 34248K, reserved 1079296K
  class space    used 3873K, capacity 3968K, committed 4040K, reserved 1048576K
2016-10-28T02:31:37.898-0400: 25.658: [GC (Allocation Failure) 2016-10-28T02:31:37.898-0400: 25.658: [ParNew
Desired survivor size 20112992 bytes, new threshold 8 (max 8)
- age   1:    2328152 bytes,    2328152 total
- age   2:    3782664 bytes,    6110816 total
- age   3:     211696 bytes,    6322512 total
- age   4:     218976 bytes,    6541488 total
- age   5:    2080456 bytes,    8621944 total
- age   6:    1123808 bytes,    9745752 total
- age   7:     219432 bytes,    9965184 total
- age   8:     220368 bytes,   10185552 total
: 100006K->10551K(109248K), 0.0465273 secs] 191297K->105720K(502464K), 0.0467008 secs] [Times: user=0.06 sys=0.06, real=0.05 secs] 
Heap after GC invocations=105 (full 1):
 par new generation   total 109248K, used 10551K [0x00000000e0000000, 0x00000000e8000000, 0x00000000e8000000)
  eden space 87424K,   0% used [0x00000000e0000000, 0x00000000e0000000, 0x00000000e5560000)
  from space 21824K,  48% used [0x00000000e6ab0000, 0x00000000e74fdef8, 0x00000000e8000000)
  to   space 21824K,   0% used [0x00000000e5560000, 0x00000000e5560000, 0x00000000e6ab0000)
 concurrent mark-sweep generation total 393216K, used 95168K [0x00000000e8000000, 0x0000000100000000, 0x0000000100000000)
 Metaspace       used 33444K, capacity 33878K, committed 34248K, reserved 1079296K
  class space    used 3873K, capacity 3968K, committed 4040K, reserved 1048576K
}
2016-10-28T02:31:37.945-0400: 25.705: Total time for which application threads were stopped: 0.0470432 seconds, Stopping threads took: 0.0001227 seconds
{Heap before GC invocations=105 (full 1):
 par new generation   total 109248K, used 97975K [0x00000000e0000000, 0x00000000e8000000, 0x00000000e8000000)
  eden space 87424K, 100% used [0x00000000e0000000, 0x00000000e5560000, 0x00000000e5560000)
  from space 21824K,  48% used [0x00000000e6ab0000, 0x00000000e74fdef8, 0x00000000e8000000)
  to   space 21824K,   0% used [0x00000000e5560000, 0x00000000e5560000, 0x00000000e6ab0000)
 concurrent mark-sweep generation total 393216K, used 95168K [0x00000000e8000000, 0x0000000100000000, 0x0000000100000000)
 Metaspace       used 33444K, capacity 33878K, committed 34248K, reserved 1079296K
  class space    used 3873K, capacity 3968K, committed 4040K, reserved 1048576K
2016-10-28T02:31:37.968-0400: 25.728: [GC (Allocation Failure) 2016-10-28T02:31:37.968-0400: 25.729: [ParNew
Desired survivor size 20112992 bytes, new threshold 8 (max 8)
- age   1:     271440 bytes,     271440 total
- age   2:    2301184 bytes,    2572624 total
- age   3:    3782664 bytes,    6355288 total
- age   4:     211696 bytes,    6566984 total
- age   5:     218976 bytes,    6785960 total
- age   6:    2080456 bytes,    8866416 total
- age   7:    1123808 bytes,    9990224 total
- age   8:     219432 bytes,   10209656 total
: 97975K->10505K(109248K), 0.0166549 secs] 193144K->105894K(502464K), 0.0167307 secs] [Times: user=0.02 sys=0.02, real=0.01 secs] 
Heap after GC invocations=106 (full 1):
 par new generation   total 109248K, used 10505K [0x00000000e0000000, 0x00000000e8000000, 0x00000000e8000000)
  eden space 87424K,   0% used [0x00000000e0000000, 0x00000000e0000000, 0x00000000e5560000)
  from space 21824K,  48% used [0x00000000e5560000, 0x00000000e5fa25a0, 0x00000000e6ab0000)
  to   space 21824K,   0% used [0x00000000e6ab0000, 0x00000000e6ab0000, 0x00000000e8000000)
 concurrent mark-sweep generation total 393216K, used 95389K [0x00000000e8000000, 0x0000000100000000, 0x0000000100000000)
 Metaspace       used 33444K, capacity 33878K, committed 34248K, reserved 1079296K
  class space    used 3873K, capacity 3968K, committed 4040K, reserved 1048576K
}
2016-10-28T02:31:37.985-0400: 25.745: Total time for which application threads were stopped: 0.0170498 seconds, Stopping threads took: 0.0000755 seconds
{Heap before GC invocations=106 (full 1):
 par new generation   total 109248K, used 97929K [0x00000000e0000000, 0x00000000e8000000, 0x00000000e8000000)
  eden space 87424K, 100% used [0x00000000e0000000, 0x00000000e5560000, 0x00000000e5560000)
  from space 21824K,  48% used [0x00000000e5560000, 0x00000000e5fa25a0, 0x00000000e6ab0000)
  to   space 21824K,   0% used [0x00000000e6ab0000, 0x00000000e6ab0000, 0x00000000e8000000)
 concurrent mark-sweep generation total 393216K, used 95389K [0x00000000e8000000, 0x0000000100000000, 0x0000000100000000)
 Metaspace       used 33445K, capacity 33878K, committed 34248K, reserved 1079296K
  class space    used 3873K, capacity 3968K, committed 4040K, reserved 1048576K
2016-10-28T02:31:38.027-0400: 25.787: [GC (Allocation Failure) 2016-10-28T02:31:38.028-0400: 25.788: [ParNew
Desired survivor size 20112992 bytes, new threshold 8 (max 8)
- age   1:    2325896 bytes,    2325896 total
- age   2:     244480 bytes,    2570376 total
- age   3:    2301184 bytes,    4871560 total
- age   4:    3782664 bytes,    8654224 total
- age   5:     211696 bytes,    8865920 total
- age   6:     218976 bytes,    9084896 total
- age   7:    2080456 bytes,   11165352 total
- age   8:    1123808 bytes,   12289160 total
: 97929K->12308K(109248K), 0.0205553 secs] 193318K->107917K(502464K), 0.0208124 secs] [Times: user=0.03 sys=0.01, real=0.02 secs] 
Heap after GC invocations=107 (full 1):
 par new generation   total 109248K, used 12308K [0x00000000e0000000, 0x00000000e8000000, 0x00000000e8000000)
  eden space 87424K,   0% used [0x00000000e0000000, 0x00000000e0000000, 0x00000000e5560000)
  from space 21824K,  56% used [0x00000000e6ab0000, 0x00000000e76b5220, 0x00000000e8000000)
  to   space 21824K,   0% used [0x00000000e5560000, 0x00000000e5560000, 0x00000000e6ab0000)
 concurrent mark-sweep generation total 393216K, used 95608K [0x00000000e8000000, 0x0000000100000000, 0x0000000100000000)
 Metaspace       used 33445K, capacity 33878K, committed 34248K, reserved 1079296K
  class space    used 3873K, capacity 3968K, committed 4040K, reserved 1048576K
}
2016-10-28T02:31:38.048-0400: 25.808: Total time for which application threads were stopped: 0.0213341 seconds, Stopping threads took: 0.0002110 seconds
{Heap before GC invocations=107 (full 1):
 par new generation   total 109248K, used 99732K [0x00000000e0000000, 0x00000000e8000000, 0x00000000e8000000)
  eden space 87424K, 100% used [0x00000000e0000000, 0x00000000e5560000, 0x00000000e5560000)
  from space 21824K,  56% used [0x00000000e6ab0000, 0x00000000e76b5220, 0x00000000e8000000)
  to   space 21824K,   0% used [0x00000000e5560000, 0x00000000e5560000, 0x00000000e6ab0000)
 concurrent mark-sweep generation total 393216K, used 95608K [0x00000000e8000000, 0x0000000100000000, 0x0000000100000000)
 Metaspace       used 33445K, capacity 33878K, committed 34248K, reserved 1079296K
  class space    used 3873K, capacity 3968K, committed 4040K, reserved 1048576K
2016-10-28T02:31:38.071-0400: 25.831: [GC (Allocation Failure) 2016-10-28T02:31:38.071-0400: 25.831: [ParNew
Desired survivor size 20112992 bytes, new threshold 8 (max 8)
- age   1:     247064 bytes,     247064 total
- age   2:    2364496 bytes,    2611560 total
- age   3:     342832 bytes,    2954392 total
- age   4:    2366752 bytes,    5321144 total
- age   5:    3848232 bytes,    9169376 total
- age   6:     244480 bytes,    9413856 total
- age   7:     218976 bytes,    9632832 total
- age   8:    2178808 bytes,   11811640 total
: 99732K->11753K(109248K), 0.0210745 secs] 195341K->108465K(502464K), 0.0211700 secs] [Times: user=0.04 sys=0.02, real=0.02 secs] 
Heap after GC invocations=108 (full 1):
 par new generation   total 109248K, used 11753K [0x00000000e0000000, 0x00000000e8000000, 0x00000000e8000000)
  eden space 87424K,   0% used [0x00000000e0000000, 0x00000000e0000000, 0x00000000e5560000)
  from space 21824K,  53% used [0x00000000e5560000, 0x00000000e60da548, 0x00000000e6ab0000)
  to   space 21824K,   0% used [0x00000000e6ab0000, 0x00000000e6ab0000, 0x00000000e8000000)
 concurrent mark-sweep generation total 393216K, used 96711K [0x00000000e8000000, 0x0000000100000000, 0x0000000100000000)
 Metaspace       used 33445K, capacity 33878K, committed 34248K, reserved 1079296K
  class space    used 3873K, capacity 3968K, committed 4040K, reserved 1048576K
}
2016-10-28T02:31:38.093-0400: 25.853: Total time for which application threads were stopped: 0.0218658 seconds, Stopping threads took: 0.0004090 seconds
{Heap before GC invocations=108 (full 1):
 par new generation   total 109248K, used 99177K [0x00000000e0000000, 0x00000000e8000000, 0x00000000e8000000)
  eden space 87424K, 100% used [0x00000000e0000000, 0x00000000e5560000, 0x00000000e5560000)
  from space 21824K,  53% used [0x00000000e5560000, 0x00000000e60da548, 0x00000000e6ab0000)
  to   space 21824K,   0% used [0x00000000e6ab0000, 0x00000000e6ab0000, 0x00000000e8000000)
 concurrent mark-sweep generation total 393216K, used 96711K [0x00000000e8000000, 0x0000000100000000, 0x0000000100000000)
 Metaspace       used 33445K, capacity 33878K, committed 34248K, reserved 1079296K
  class space    used 3873K, capacity 3968K, committed 4040K, reserved 1048576K
2016-10-28T02:31:38.116-0400: 25.876: [GC (Allocation Failure) 2016-10-28T02:31:38.116-0400: 25.876: [ParNew
Desired survivor size 20112992 bytes, new threshold 8 (max 8)
- age   1:    4494224 bytes,    4494224 total
- age   2:     220088 bytes,    4714312 total
- age   3:    2298928 bytes,    7013240 total
- age   4:     244480 bytes,    7257720 total
- age   5:    2301184 bytes,    9558904 total
- age   6:    3782712 bytes,   13341616 total
- age   7:     211696 bytes,   13553312 total
- age   8:     218976 bytes,   13772288 total
: 99177K->13853K(109248K), 0.0346645 secs] 195889K->112601K(502464K), 0.0348654 secs] [Times: user=0.07 sys=0.04, real=0.04 secs] 
Heap after GC invocations=109 (full 1):
 par new generation   total 109248K, used 13853K [0x00000000e0000000, 0x00000000e8000000, 0x00000000e8000000)
  eden space 87424K,   0% used [0x00000000e0000000, 0x00000000e0000000, 0x00000000e5560000)
  from space 21824K,  63% used [0x00000000e6ab0000, 0x00000000e7837520, 0x00000000e8000000)
  to   space 21824K,   0% used [0x00000000e5560000, 0x00000000e5560000, 0x00000000e6ab0000)
 concurrent mark-sweep generation total 393216K, used 98748K [0x00000000e8000000, 0x0000000100000000, 0x0000000100000000)
 Metaspace       used 33445K, capacity 33878K, committed 34248K, reserved 1079296K
  class space    used 3873K, capacity 3968K, committed 4040K, reserved 1048576K
}
2016-10-28T02:31:38.151-0400: 25.911: Total time for which application threads were stopped: 0.0352727 seconds, Stopping threads took: 0.0002204 seconds
{Heap before GC invocations=109 (full 1):
 par new generation   total 109248K, used 101277K [0x00000000e0000000, 0x00000000e8000000, 0x00000000e8000000)
  eden space 87424K, 100% used [0x00000000e0000000, 0x00000000e5560000, 0x00000000e5560000)
  from space 21824K,  63% used [0x00000000e6ab0000, 0x00000000e7837520, 0x00000000e8000000)
  to   space 21824K,   0% used [0x00000000e5560000, 0x00000000e5560000, 0x00000000e6ab0000)
 concurrent mark-sweep generation total 393216K, used 98748K [0x00000000e8000000, 0x0000000100000000, 0x0000000100000000)
 Metaspace       used 33446K, capacity 33878K, committed 34248K, reserved 1079296K
  class space    used 3873K, capacity 3968K, committed 4040K, reserved 1048576K
2016-10-28T02:31:38.170-0400: 25.931: [GC (Allocation Failure) 2016-10-28T02:31:38.170-0400: 25.931: [ParNew
Desired survivor size 20112992 bytes, new threshold 8 (max 8)
- age   1:     248104 bytes,     248104 total
- age   2:    4467248 bytes,    4715352 total
- age   3:     220112 bytes,    4935464 total
- age   4:    2298928 bytes,    7234392 total
- age   5:     244480 bytes,    7478872 total
- age   6:    2301184 bytes,    9780056 total
- age   7:    3782664 bytes,   13562720 total
- age   8:     211696 bytes,   13774416 total
: 101277K->14241K(109248K), 0.0143138 secs] 200025K->113209K(502464K), 0.0143876 secs] [Times: user=0.02 sys=0.01, real=0.01 secs] 
Heap after GC invocations=110 (full 1):
 par new generation   total 109248K, used 14241K [0x00000000e0000000, 0x00000000e8000000, 0x00000000e8000000)
  eden space 87424K,   0% used [0x00000000e0000000, 0x00000000e0000000, 0x00000000e5560000)
  from space 21824K,  65% used [0x00000000e5560000, 0x00000000e6348508, 0x00000000e6ab0000)
  to   space 21824K,   0% used [0x00000000e6ab0000, 0x00000000e6ab0000, 0x00000000e8000000)
 concurrent mark-sweep generation total 393216K, used 98967K [0x00000000e8000000, 0x0000000100000000, 0x0000000100000000)
 Metaspace       used 33446K, capacity 33878K, committed 34248K, reserved 1079296K
  class space    used 3873K, capacity 3968K, committed 4040K, reserved 1048576K
}
2016-10-28T02:31:38.185-0400: 25.945: Total time for which application threads were stopped: 0.0147390 seconds, Stopping threads took: 0.0000996 seconds
{Heap before GC invocations=110 (full 1):
 par new generation   total 109248K, used 101665K [0x00000000e0000000, 0x00000000e8000000, 0x00000000e8000000)
  eden space 87424K, 100% used [0x00000000e0000000, 0x00000000e5560000, 0x00000000e5560000)
  from space 21824K,  65% used [0x00000000e5560000, 0x00000000e6348508, 0x00000000e6ab0000)
  to   space 21824K,   0% used [0x00000000e6ab0000, 0x00000000e6ab0000, 0x00000000e8000000)
 concurrent mark-sweep generation total 393216K, used 98967K [0x00000000e8000000, 0x0000000100000000, 0x0000000100000000)
 Metaspace       used 33446K, capacity 33878K, committed 34248K, reserved 1079296K
  class space    used 3873K, capacity 3968K, committed 4040K, reserved 1048576K
2016-10-28T02:31:38.205-0400: 25.965: [GC (Allocation Failure) 2016-10-28T02:31:38.205-0400: 25.965: [ParNew
Desired survivor size 20112992 bytes, new threshold 8 (max 8)
- age   1:     237616 bytes,     237616 total
- age   2:     221120 bytes,     458736 total
- age   3:    4467248 bytes,    4925984 total
- age   4:     220088 bytes,    5146072 total
- age   5:    2298928 bytes,    7445000 total
- age   6:     244480 bytes,    7689480 total
- age   7:    2301184 bytes,    9990664 total
- age   8:    3782664 bytes,   13773328 total
: 101665K->15371K(109248K), 0.0205267 secs] 200633K->114551K(502464K), 0.0206298 secs] [Times: user=0.01 sys=0.01, real=0.02 secs] 
Heap after GC invocations=111 (full 1):
 par new generation   total 109248K, used 15371K [0x00000000e0000000, 0x00000000e8000000, 0x00000000e8000000)
  eden space 87424K,   0% used [0x00000000e0000000, 0x00000000e0000000, 0x00000000e5560000)
  from space 21824K,  70% used [0x00000000e6ab0000, 0x00000000e79b2eb8, 0x00000000e8000000)
  to   space 21824K,   0% used [0x00000000e5560000, 0x00000000e5560000, 0x00000000e6ab0000)
 concurrent mark-sweep generation total 393216K, used 99179K [0x00000000e8000000, 0x0000000100000000, 0x0000000100000000)
 Metaspace       used 33446K, capacity 33878K, committed 34248K, reserved 1079296K
  class space    used 3873K, capacity 3968K, committed 4040K, reserved 1048576K
}
2016-10-28T02:31:38.226-0400: 25.986: Total time for which application threads were stopped: 0.0209936 seconds, Stopping threads took: 0.0001353 seconds
{Heap before GC invocations=111 (full 1):
 par new generation   total 109248K, used 102795K [0x00000000e0000000, 0x00000000e8000000, 0x00000000e8000000)
  eden space 87424K, 100% used [0x00000000e0000000, 0x00000000e5560000, 0x00000000e5560000)
  from space 21824K,  70% used [0x00000000e6ab0000, 0x00000000e79b2eb8, 0x00000000e8000000)
  to   space 21824K,   0% used [0x00000000e5560000, 0x00000000e5560000, 0x00000000e6ab0000)
 concurrent mark-sweep generation total 393216K, used 99179K [0x00000000e8000000, 0x0000000100000000, 0x0000000100000000)
 Metaspace       used 33446K, capacity 33878K, committed 34248K, reserved 1079296K
  class space    used 3873K, capacity 3968K, committed 4040K, reserved 1048576K
2016-10-28T02:31:38.252-0400: 26.012: [GC (Allocation Failure) 2016-10-28T02:31:38.252-0400: 26.013: [ParNew
Desired survivor size 20112992 bytes, new threshold 8 (max 8)
- age   1:    1797144 bytes,    1797144 total
- age   2:     210656 bytes,    2007800 total
- age   3:     221120 bytes,    2228920 total
- age   4:    4467248 bytes,    6696168 total
- age   5:     220088 bytes,    6916256 total
- age   6:    2298928 bytes,    9215184 total
- age   7:     244480 bytes,    9459664 total
- age   8:    2301184 bytes,   11760848 total
: 102795K->12299K(109248K), 0.0463767 secs] 201975K->115178K(502464K), 0.0465357 secs] [Times: user=0.08 sys=0.07, real=0.04 secs] 
Heap after GC invocations=112 (full 1):
 par new generation   total 109248K, used 12299K [0x00000000e0000000, 0x00000000e8000000, 0x00000000e8000000)
  eden space 87424K,   0% used [0x00000000e0000000, 0x00000000e0000000, 0x00000000e5560000)
  from space 21824K,  56% used [0x00000000e5560000, 0x00000000e6162dd0, 0x00000000e6ab0000)
  to   space 21824K,   0% used [0x00000000e6ab0000, 0x00000000e6ab0000, 0x00000000e8000000)
 concurrent mark-sweep generation total 393216K, used 102879K [0x00000000e8000000, 0x0000000100000000, 0x0000000100000000)
 Metaspace       used 33446K, capacity 33878K, committed 34248K, reserved 1079296K
  class space    used 3873K, capacity 3968K, committed 4040K, reserved 1048576K
}
2016-10-28T02:31:38.299-0400: 26.059: Total time for which application threads were stopped: 0.0468742 seconds, Stopping threads took: 0.0000872 seconds
{Heap before GC invocations=112 (full 1):
 par new generation   total 109248K, used 99723K [0x00000000e0000000, 0x00000000e8000000, 0x00000000e8000000)
  eden space 87424K, 100% used [0x00000000e0000000, 0x00000000e5560000, 0x00000000e5560000)
  from space 21824K,  56% used [0x00000000e5560000, 0x00000000e6162dd0, 0x00000000e6ab0000)
  to   space 21824K,   0% used [0x00000000e6ab0000, 0x00000000e6ab0000, 0x00000000e8000000)
 concurrent mark-sweep generation total 393216K, used 102879K [0x00000000e8000000, 0x0000000100000000, 0x0000000100000000)
 Metaspace       used 33446K, capacity 33878K, committed 34248K, reserved 1079296K
  class space    used 3873K, capacity 3968K, committed 4040K, reserved 1048576K
2016-10-28T02:31:38.329-0400: 26.089: [GC (Allocation Failure) 2016-10-28T02:31:38.329-0400: 26.089: [ParNew
Desired survivor size 20112992 bytes, new threshold 8 (max 8)
- age   1:    3349512 bytes,    3349512 total
- age   2:    1770152 bytes,    5119664 total
- age   3:     210656 bytes,    5330320 total
- age   4:     221120 bytes,    5551440 total
- age   5:    4467248 bytes,   10018688 total
- age   6:     220088 bytes,   10238776 total
- age   7:    2298928 bytes,   12537704 total
- age   8:     244480 bytes,   12782184 total
: 99723K->12910K(109248K), 0.0347731 secs] 202602K->118042K(502464K), 0.0348434 secs] [Times: user=0.05 sys=0.04, real=0.03 secs] 
Heap after GC invocations=113 (full 1):
 par new generation   total 109248K, used 12910K [0x00000000e0000000, 0x00000000e8000000, 0x00000000e8000000)
  eden space 87424K,   0% used [0x00000000e0000000, 0x00000000e0000000, 0x00000000e5560000)
  from space 21824K,  59% used [0x00000000e6ab0000, 0x00000000e774ba70, 0x00000000e8000000)
  to   space 21824K,   0% used [0x00000000e5560000, 0x00000000e5560000, 0x00000000e6ab0000)
 concurrent mark-sweep generation total 393216K, used 105131K [0x00000000e8000000, 0x0000000100000000, 0x0000000100000000)
 Metaspace       used 33446K, capacity 33878K, committed 34248K, reserved 1079296K
  class space    used 3873K, capacity 3968K, committed 4040K, reserved 1048576K
}
2016-10-28T02:31:38.364-0400: 26.124: Total time for which application threads were stopped: 0.0351592 seconds, Stopping threads took: 0.0000905 seconds
{Heap before GC invocations=113 (full 1):
 par new generation   total 109248K, used 100334K [0x00000000e0000000, 0x00000000e8000000, 0x00000000e8000000)
  eden space 87424K, 100% used [0x00000000e0000000, 0x00000000e5560000, 0x00000000e5560000)
  from space 21824K,  59% used [0x00000000e6ab0000, 0x00000000e774ba70, 0x00000000e8000000)
  to   space 21824K,   0% used [0x00000000e5560000, 0x00000000e5560000, 0x00000000e6ab0000)
 concurrent mark-sweep generation total 393216K, used 105131K [0x00000000e8000000, 0x0000000100000000, 0x0000000100000000)
 Metaspace       used 33447K, capacity 33878K, committed 34248K, reserved 1079296K
  class space    used 3873K, capacity 3968K, committed 4040K, reserved 1048576K
2016-10-28T02:31:38.385-0400: 26.145: [GC (Allocation Failure) 2016-10-28T02:31:38.385-0400: 26.145: [ParNew
Desired survivor size 20112992 bytes, new threshold 8 (max 8)
- age   1:     271448 bytes,     271448 total
- age   2:    3322536 bytes,    3593984 total
- age   3:    1770152 bytes,    5364136 total
- age   4:     210656 bytes,    5574792 total
- age   5:     221120 bytes,    5795912 total
- age   6:    4467248 bytes,   10263160 total
- age   7:     252872 bytes,   10516032 total
- age   8:    2364496 bytes,   12880528 total
: 100334K->13570K(109248K), 0.0169446 secs] 205466K->118945K(502464K), 0.0171071 secs] [Times: user=0.02 sys=0.02, real=0.02 secs] 
Heap after GC invocations=114 (full 1):
 par new generation   total 109248K, used 13570K [0x00000000e0000000, 0x00000000e8000000, 0x00000000e8000000)
  eden space 87424K,   0% used [0x00000000e0000000, 0x00000000e0000000, 0x00000000e5560000)
  from space 21824K,  62% used [0x00000000e5560000, 0x00000000e62a0888, 0x00000000e6ab0000)
  to   space 21824K,   0% used [0x00000000e6ab0000, 0x00000000e6ab0000, 0x00000000e8000000)
 concurrent mark-sweep generation total 393216K, used 105375K [0x00000000e8000000, 0x0000000100000000, 0x0000000100000000)
 Metaspace       used 33447K, capacity 33878K, committed 34248K, reserved 1079296K
  class space    used 3873K, capacity 3968K, committed 4040K, reserved 1048576K
}
2016-10-28T02:31:38.402-0400: 26.162: Total time for which application threads were stopped: 0.0174776 seconds, Stopping threads took: 0.0001276 seconds
{Heap before GC invocations=114 (full 1):
 par new generation   total 109248K, used 100994K [0x00000000e0000000, 0x00000000e8000000, 0x00000000e8000000)
  eden space 87424K, 100% used [0x00000000e0000000, 0x00000000e5560000, 0x00000000e5560000)
  from space 21824K,  62% used [0x00000000e5560000, 0x00000000e62a0888, 0x00000000e6ab0000)
  to   space 21824K,   0% used [0x00000000e6ab0000, 0x00000000e6ab0000, 0x00000000e8000000)
 concurrent mark-sweep generation total 393216K, used 105375K [0x00000000e8000000, 0x0000000100000000, 0x0000000100000000)
 Metaspace       used 33447K, capacity 33878K, committed 34248K, reserved 1079296K
  class space    used 3873K, capacity 3968K, committed 4040K, reserved 1048576K
2016-10-28T02:31:38.425-0400: 26.185: [GC (Allocation Failure) 2016-10-28T02:31:38.425-0400: 26.185: [ParNew
Desired survivor size 20112992 bytes, new threshold 8 (max 8)
- age   1:     246032 bytes,     246032 total
- age   2:     244552 bytes,     490584 total
- age   3:    3322560 bytes,    3813144 total
- age   4:    1770176 bytes,    5583320 total
- age   5:     210704 bytes,    5794024 total
- age   6:     221168 bytes,    6015192 total
- age   7:    4467248 bytes,   10482440 total
- age   8:     220136 bytes,   10702576 total
: 100994K->11027K(109248K), 0.0351698 secs] 206369K->118653K(502464K), 0.0352637 secs] [Times: user=0.06 sys=0.03, real=0.04 secs] 
Heap after GC invocations=115 (full 1):
 par new generation   total 109248K, used 11027K [0x00000000e0000000, 0x00000000e8000000, 0x00000000e8000000)
  eden space 87424K,   0% used [0x00000000e0000000, 0x00000000e0000000, 0x00000000e5560000)
  from space 21824K,  50% used [0x00000000e6ab0000, 0x00000000e7574eb8, 0x00000000e8000000)
  to   space 21824K,   0% used [0x00000000e5560000, 0x00000000e5560000, 0x00000000e6ab0000)
 concurrent mark-sweep generation total 393216K, used 107626K [0x00000000e8000000, 0x0000000100000000, 0x0000000100000000)
 Metaspace       used 33447K, capacity 33878K, committed 34248K, reserved 1079296K
  class space    used 3873K, capacity 3968K, committed 4040K, reserved 1048576K
}
2016-10-28T02:31:38.461-0400: 26.221: Total time for which application threads were stopped: 0.0357725 seconds, Stopping threads took: 0.0001622 seconds
{Heap before GC invocations=115 (full 1):
 par new generation   total 109248K, used 98451K [0x00000000e0000000, 0x00000000e8000000, 0x00000000e8000000)
  eden space 87424K, 100% used [0x00000000e0000000, 0x00000000e5560000, 0x00000000e5560000)
  from space 21824K,  50% used [0x00000000e6ab0000, 0x00000000e7574eb8, 0x00000000e8000000)
  to   space 21824K,   0% used [0x00000000e5560000, 0x00000000e5560000, 0x00000000e6ab0000)
 concurrent mark-sweep generation total 393216K, used 107626K [0x00000000e8000000, 0x0000000100000000, 0x0000000100000000)
 Metaspace       used 33447K, capacity 33878K, committed 34248K, reserved 1079296K
  class space    used 3873K, capacity 3968K, committed 4040K, reserved 1048576K
2016-10-28T02:31:38.482-0400: 26.242: [GC (Allocation Failure) 2016-10-28T02:31:38.482-0400: 26.242: [ParNew
Desired survivor size 20112992 bytes, new threshold 8 (max 8)
- age   1:    1897984 bytes,    1897984 total
- age   2:     218976 bytes,    2116960 total
- age   3:     244480 bytes,    2361440 total
- age   4:    3322536 bytes,    5683976 total
- age   5:    1770152 bytes,    7454128 total
- age   6:     210656 bytes,    7664784 total
- age   7:     221120 bytes,    7885904 total
- age   8:    4467248 bytes,   12353152 total
: 98451K->12611K(109248K), 0.0155178 secs] 206077K->120457K(502464K), 0.0156171 secs] [Times: user=0.02 sys=0.01, real=0.01 secs] 
Heap after GC invocations=116 (full 1):
 par new generation   total 109248K, used 12611K [0x00000000e0000000, 0x00000000e8000000, 0x00000000e8000000)
  eden space 87424K,   0% used [0x00000000e0000000, 0x00000000e0000000, 0x00000000e5560000)
  from space 21824K,  57% used [0x00000000e5560000, 0x00000000e61b0d88, 0x00000000e6ab0000)
  to   space 21824K,   0% used [0x00000000e6ab0000, 0x00000000e6ab0000, 0x00000000e8000000)
 concurrent mark-sweep generation total 393216K, used 107846K [0x00000000e8000000, 0x0000000100000000, 0x0000000100000000)
 Metaspace       used 33447K, capacity 33878K, committed 34248K, reserved 1079296K
  class space    used 3873K, capacity 3968K, committed 4040K, reserved 1048576K
}
2016-10-28T02:31:38.498-0400: 26.258: Total time for which application threads were stopped: 0.0158897 seconds, Stopping threads took: 0.0001003 seconds
{Heap before GC invocations=116 (full 1):
 par new generation   total 109248K, used 100035K [0x00000000e0000000, 0x00000000e8000000, 0x00000000e8000000)
  eden space 87424K, 100% used [0x00000000e0000000, 0x00000000e5560000, 0x00000000e5560000)
  from space 21824K,  57% used [0x00000000e5560000, 0x00000000e61b0d88, 0x00000000e6ab0000)
  to   space 21824K,   0% used [0x00000000e6ab0000, 0x00000000e6ab0000, 0x00000000e8000000)
 concurrent mark-sweep generation total 393216K, used 107846K [0x00000000e8000000, 0x0000000100000000, 0x0000000100000000)
 Metaspace       used 33447K, capacity 33878K, committed 34248K, reserved 1079296K
  class space    used 3873K, capacity 3968K, committed 4040K, reserved 1048576K
2016-10-28T02:31:38.517-0400: 26.277: [GC (Allocation Failure) 2016-10-28T02:31:38.517-0400: 26.277: [ParNew
Desired survivor size 20112992 bytes, new threshold 8 (max 8)
- age   1:     238656 bytes,     238656 total
- age   2:    1871016 bytes,    2109672 total
- age   3:     218976 bytes,    2328648 total
- age   4:     244480 bytes,    2573128 total
- age   5:    3322536 bytes,    5895664 total
- age   6:    1770152 bytes,    7665816 total
- age   7:     210656 bytes,    7876472 total
- age   8:     221120 bytes,    8097592 total
: 100035K->8232K(109248K), 0.0552083 secs] 207881K->120446K(502464K), 0.0552801 secs] [Times: user=0.08 sys=0.07, real=0.06 secs] 
Heap after GC invocations=117 (full 1):
 par new generation   total 109248K, used 8232K [0x00000000e0000000, 0x00000000e8000000, 0x00000000e8000000)
  eden space 87424K,   0% used [0x00000000e0000000, 0x00000000e0000000, 0x00000000e5560000)
  from space 21824K,  37% used [0x00000000e6ab0000, 0x00000000e72ba340, 0x00000000e8000000)
  to   space 21824K,   0% used [0x00000000e5560000, 0x00000000e5560000, 0x00000000e6ab0000)
 concurrent mark-sweep generation total 393216K, used 112213K [0x00000000e8000000, 0x0000000100000000, 0x0000000100000000)
 Metaspace       used 33447K, capacity 33878K, committed 34248K, reserved 1079296K
  class space    used 3873K, capacity 3968K, committed 4040K, reserved 1048576K
}
2016-10-28T02:31:38.572-0400: 26.333: Total time for which application threads were stopped: 0.0555421 seconds, Stopping threads took: 0.0000831 seconds
{Heap before GC invocations=117 (full 1):
 par new generation   total 109248K, used 95656K [0x00000000e0000000, 0x00000000e8000000, 0x00000000e8000000)
  eden space 87424K, 100% used [0x00000000e0000000, 0x00000000e5560000, 0x00000000e5560000)
  from space 21824K,  37% used [0x00000000e6ab0000, 0x00000000e72ba340, 0x00000000e8000000)
  to   space 21824K,   0% used [0x00000000e5560000, 0x00000000e5560000, 0x00000000e6ab0000)
 concurrent mark-sweep generation total 393216K, used 112213K [0x00000000e8000000, 0x0000000100000000, 0x0000000100000000)
 Metaspace       used 33447K, capacity 33878K, committed 34248K, reserved 1079296K
  class space    used 3873K, capacity 3968K, committed 4040K, reserved 1048576K
2016-10-28T02:31:38.613-0400: 26.373: [GC (Allocation Failure) 2016-10-28T02:31:38.613-0400: 26.373: [ParNew
Desired survivor size 20112992 bytes, new threshold 8 (max 8)
- age   1:    2589272 bytes,    2589272 total
- age   2:     211696 bytes,    2800968 total
- age   3:    1871016 bytes,    4671984 total
- age   4:     218976 bytes,    4890960 total
- age   5:     244480 bytes,    5135440 total
- age   6:    3322536 bytes,    8457976 total
- age   7:    1770152 bytes,   10228128 total
- age   8:     210656 bytes,   10438784 total
: 95656K->11017K(109248K), 0.0249569 secs] 207870K->123452K(502464K), 0.0250838 secs] [Times: user=0.02 sys=0.02, real=0.02 secs] 
Heap after GC invocations=118 (full 1):
 par new generation   total 109248K, used 11017K [0x00000000e0000000, 0x00000000e8000000, 0x00000000e8000000)
  eden space 87424K,   0% used [0x00000000e0000000, 0x00000000e0000000, 0x00000000e5560000)
  from space 21824K,  50% used [0x00000000e5560000, 0x00000000e60224b8, 0x00000000e6ab0000)
  to   space 21824K,   0% used [0x00000000e6ab0000, 0x00000000e6ab0000, 0x00000000e8000000)
 concurrent mark-sweep generation total 393216K, used 112435K [0x00000000e8000000, 0x0000000100000000, 0x0000000100000000)
 Metaspace       used 33447K, capacity 33878K, committed 34248K, reserved 1079296K
  class space    used 3873K, capacity 3968K, committed 4040K, reserved 1048576K
}
2016-10-28T02:31:38.638-0400: 26.398: Total time for which application threads were stopped: 0.0254039 seconds, Stopping threads took: 0.0001241 seconds
{Heap before GC invocations=118 (full 1):
 par new generation   total 109248K, used 98441K [0x00000000e0000000, 0x00000000e8000000, 0x00000000e8000000)
  eden space 87424K, 100% used [0x00000000e0000000, 0x00000000e5560000, 0x00000000e5560000)
  from space 21824K,  50% used [0x00000000e5560000, 0x00000000e60224b8, 0x00000000e6ab0000)
  to   space 21824K,   0% used [0x00000000e6ab0000, 0x00000000e6ab0000, 0x00000000e8000000)
 concurrent mark-sweep generation total 393216K, used 112435K [0x00000000e8000000, 0x0000000100000000, 0x0000000100000000)
 Metaspace       used 33447K, capacity 33878K, committed 34248K, reserved 1079296K
  class space    used 3873K, capacity 3968K, committed 4040K, reserved 1048576K
2016-10-28T02:31:38.662-0400: 26.422: [GC (Allocation Failure) 2016-10-28T02:31:38.662-0400: 26.422: [ParNew
Desired survivor size 20112992 bytes, new threshold 8 (max 8)
- age   1:     181424 bytes,     181424 total
- age   2:    2562304 bytes,    2743728 total
- age   3:     211696 bytes,    2955424 total
- age   4:    1871016 bytes,    4826440 total
- age   5:     218976 bytes,    5045416 total
- age   6:     244480 bytes,    5289896 total
- age   7:    3322536 bytes,    8612432 total
- age   8:    1770152 bytes,   10382584 total
: 98441K->11065K(109248K), 0.0297043 secs] 210876K->123711K(502464K), 0.0298528 secs] [Times: user=0.04 sys=0.01, real=0.03 secs] 
Heap after GC invocations=119 (full 1):
 par new generation   total 109248K, used 11065K [0x00000000e0000000, 0x00000000e8000000, 0x00000000e8000000)
  eden space 87424K,   0% used [0x00000000e0000000, 0x00000000e0000000, 0x00000000e5560000)
  from space 21824K,  50% used [0x00000000e6ab0000, 0x00000000e757e458, 0x00000000e8000000)
  to   space 21824K,   0% used [0x00000000e5560000, 0x00000000e5560000, 0x00000000e6ab0000)
 concurrent mark-sweep generation total 393216K, used 112646K [0x00000000e8000000, 0x0000000100000000, 0x0000000100000000)
 Metaspace       used 33447K, capacity 33878K, committed 34248K, reserved 1079296K
  class space    used 3873K, capacity 3968K, committed 4040K, reserved 1048576K
}
2016-10-28T02:31:38.692-0400: 26.452: Total time for which application threads were stopped: 0.0302805 seconds, Stopping threads took: 0.0001458 seconds
{Heap before GC invocations=119 (full 1):
 par new generation   total 109248K, used 98489K [0x00000000e0000000, 0x00000000e8000000, 0x00000000e8000000)
  eden space 87424K, 100% used [0x00000000e0000000, 0x00000000e5560000, 0x00000000e5560000)
  from space 21824K,  50% used [0x00000000e6ab0000, 0x00000000e757e458, 0x00000000e8000000)
  to   space 21824K,   0% used [0x00000000e5560000, 0x00000000e5560000, 0x00000000e6ab0000)
 concurrent mark-sweep generation total 393216K, used 112646K [0x00000000e8000000, 0x0000000100000000, 0x0000000100000000)
 Metaspace       used 33447K, capacity 33878K, committed 34248K, reserved 1079296K
  class space    used 3873K, capacity 3968K, committed 4040K, reserved 1048576K
2016-10-28T02:31:38.713-0400: 26.473: [GC (Allocation Failure) 2016-10-28T02:31:38.713-0400: 26.473: [ParNew
Desired survivor size 20112992 bytes, new threshold 8 (max 8)
- age   1:     205120 bytes,     205120 total
- age   2:     154472 bytes,     359592 total
- age   3:    2562304 bytes,    2921896 total
- age   4:     211696 bytes,    3133592 total
- age   5:    1871016 bytes,    5004608 total
- age   6:     218976 bytes,    5223584 total
- age   7:     244480 bytes,    5468064 total
- age   8:    3322536 bytes,    8790600 total
: 98489K->8927K(109248K), 0.0342675 secs] 211135K->123307K(502464K), 0.0343984 secs] [Times: user=0.03 sys=0.02, real=0.04 secs] 
Heap after GC invocations=120 (full 1):
 par new generation   total 109248K, used 8927K [0x00000000e0000000, 0x00000000e8000000, 0x00000000e8000000)
  eden space 87424K,   0% used [0x00000000e0000000, 0x00000000e0000000, 0x00000000e5560000)
  from space 21824K,  40% used [0x00000000e5560000, 0x00000000e5e17ef0, 0x00000000e6ab0000)
  to   space 21824K,   0% used [0x00000000e6ab0000, 0x00000000e6ab0000, 0x00000000e8000000)
 concurrent mark-sweep generation total 393216K, used 114380K [0x00000000e8000000, 0x0000000100000000, 0x0000000100000000)
 Metaspace       used 33447K, capacity 33878K, committed 34248K, reserved 1079296K
  class space    used 3873K, capacity 3968K, committed 4040K, reserved 1048576K
}
2016-10-28T02:31:38.747-0400: 26.508: Total time for which application threads were stopped: 0.0347304 seconds, Stopping threads took: 0.0001362 seconds
{Heap before GC invocations=120 (full 1):
 par new generation   total 109248K, used 96351K [0x00000000e0000000, 0x00000000e8000000, 0x00000000e8000000)
  eden space 87424K, 100% used [0x00000000e0000000, 0x00000000e5560000, 0x00000000e5560000)
  from space 21824K,  40% used [0x00000000e5560000, 0x00000000e5e17ef0, 0x00000000e6ab0000)
  to   space 21824K,   0% used [0x00000000e6ab0000, 0x00000000e6ab0000, 0x00000000e8000000)
 concurrent mark-sweep generation total 393216K, used 114380K [0x00000000e8000000, 0x0000000100000000, 0x0000000100000000)
 Metaspace       used 33447K, capacity 33878K, committed 34248K, reserved 1079296K
  class space    used 3873K, capacity 3968K, committed 4040K, reserved 1048576K
2016-10-28T02:31:38.767-0400: 26.527: [GC (Allocation Failure) 2016-10-28T02:31:38.767-0400: 26.527: [ParNew
Desired survivor size 20112992 bytes, new threshold 8 (max 8)
- age   1:     147600 bytes,     147600 total
- age   2:     178160 bytes,     325760 total
- age   3:     154472 bytes,     480232 total
- age   4:    2562304 bytes,    3042536 total
- age   5:     211696 bytes,    3254232 total
- age   6:    1871016 bytes,    5125248 total
- age   7:     218976 bytes,    5344224 total
- age   8:     244480 bytes,    5588704 total
: 96351K->6232K(109248K), 0.0558491 secs] 210731K->123862K(502464K), 0.0560855 secs] [Times: user=0.08 sys=0.10, real=0.06 secs] 
Heap after GC invocations=121 (full 1):
 par new generation   total 109248K, used 6232K [0x00000000e0000000, 0x00000000e8000000, 0x00000000e8000000)
  eden space 87424K,   0% used [0x00000000e0000000, 0x00000000e0000000, 0x00000000e5560000)
  from space 21824K,  28% used [0x00000000e6ab0000, 0x00000000e70c61b8, 0x00000000e8000000)
  to   space 21824K,   0% used [0x00000000e5560000, 0x00000000e5560000, 0x00000000e6ab0000)
 concurrent mark-sweep generation total 393216K, used 117630K [0x00000000e8000000, 0x0000000100000000, 0x0000000100000000)
 Metaspace       used 33447K, capacity 33878K, committed 34248K, reserved 1079296K
  class space    used 3873K, capacity 3968K, committed 4040K, reserved 1048576K
}
2016-10-28T02:31:38.823-0400: 26.583: Total time for which application threads were stopped: 0.0564495 seconds, Stopping threads took: 0.0001646 seconds
{Heap before GC invocations=121 (full 1):
 par new generation   total 109248K, used 93656K [0x00000000e0000000, 0x00000000e8000000, 0x00000000e8000000)
  eden space 87424K, 100% used [0x00000000e0000000, 0x00000000e5560000, 0x00000000e5560000)
  from space 21824K,  28% used [0x00000000e6ab0000, 0x00000000e70c61b8, 0x00000000e8000000)
  to   space 21824K,   0% used [0x00000000e5560000, 0x00000000e5560000, 0x00000000e6ab0000)
 concurrent mark-sweep generation total 393216K, used 117630K [0x00000000e8000000, 0x0000000100000000, 0x0000000100000000)
 Metaspace       used 33447K, capacity 33878K, committed 34248K, reserved 1079296K
  class space    used 3873K, capacity 3968K, committed 4040K, reserved 1048576K
2016-10-28T02:31:38.843-0400: 26.603: [GC (Allocation Failure) 2016-10-28T02:31:38.843-0400: 26.603: [ParNew
Desired survivor size 20112992 bytes, new threshold 8 (max 8)
- age   1:     185152 bytes,     185152 total
- age   2:     120624 bytes,     305776 total
- age   3:     178160 bytes,     483936 total
- age   4:     154472 bytes,     638408 total
- age   5:    2562304 bytes,    3200712 total
- age   6:     211696 bytes,    3412408 total
- age   7:    1871016 bytes,    5283424 total
- age   8:     218976 bytes,    5502400 total
: 93656K->5930K(109248K), 0.0150821 secs] 211286K->123804K(502464K), 0.0151634 secs] [Times: user=0.02 sys=0.02, real=0.01 secs] 
Heap after GC invocations=122 (full 1):
 par new generation   total 109248K, used 5930K [0x00000000e0000000, 0x00000000e8000000, 0x00000000e8000000)
  eden space 87424K,   0% used [0x00000000e0000000, 0x00000000e0000000, 0x00000000e5560000)
  from space 21824K,  27% used [0x00000000e5560000, 0x00000000e5b2a8d0, 0x00000000e6ab0000)
  to   space 21824K,   0% used [0x00000000e6ab0000, 0x00000000e6ab0000, 0x00000000e8000000)
 concurrent mark-sweep generation total 393216K, used 117874K [0x00000000e8000000, 0x0000000100000000, 0x0000000100000000)
 Metaspace       used 33447K, capacity 33878K, committed 34248K, reserved 1079296K
  class space    used 3873K, capacity 3968K, committed 4040K, reserved 1048576K
}
2016-10-28T02:31:38.858-0400: 26.618: Total time for which application threads were stopped: 0.0155508 seconds, Stopping threads took: 0.0001529 seconds
{Heap before GC invocations=122 (full 1):
 par new generation   total 109248K, used 93354K [0x00000000e0000000, 0x00000000e8000000, 0x00000000e8000000)
  eden space 87424K, 100% used [0x00000000e0000000, 0x00000000e5560000, 0x00000000e5560000)
  from space 21824K,  27% used [0x00000000e5560000, 0x00000000e5b2a8d0, 0x00000000e6ab0000)
  to   space 21824K,   0% used [0x00000000e6ab0000, 0x00000000e6ab0000, 0x00000000e8000000)
 concurrent mark-sweep generation total 393216K, used 117874K [0x00000000e8000000, 0x0000000100000000, 0x0000000100000000)
 Metaspace       used 33447K, capacity 33878K, committed 34248K, reserved 1079296K
  class space    used 3873K, capacity 3968K, committed 4040K, reserved 1048576K
2016-10-28T02:31:38.879-0400: 26.639: [GC (Allocation Failure) 2016-10-28T02:31:38.879-0400: 26.639: [ParNew
Desired survivor size 20112992 bytes, new threshold 8 (max 8)
- age   1:     140304 bytes,     140304 total
- age   2:     158192 bytes,     298496 total
- age   3:     120624 bytes,     419120 total
- age   4:     178160 bytes,     597280 total
- age   5:     154472 bytes,     751752 total
- age   6:    2562304 bytes,    3314056 total
- age   7:     211696 bytes,    3525752 total
- age   8:    1871016 bytes,    5396768 total
: 93354K->5504K(109248K), 0.0213149 secs] 211228K->123598K(502464K), 0.0214568 secs] [Times: user=0.02 sys=0.01, real=0.03 secs] 
Heap after GC invocations=123 (full 1):
 par new generation   total 109248K, used 5504K [0x00000000e0000000, 0x00000000e8000000, 0x00000000e8000000)
  eden space 87424K,   0% used [0x00000000e0000000, 0x00000000e0000000, 0x00000000e5560000)
  from space 21824K,  25% used [0x00000000e6ab0000, 0x00000000e7010360, 0x00000000e8000000)
  to   space 21824K,   0% used [0x00000000e5560000, 0x00000000e5560000, 0x00000000e6ab0000)
 concurrent mark-sweep generation total 393216K, used 118093K [0x00000000e8000000, 0x0000000100000000, 0x0000000100000000)
 Metaspace       used 33447K, capacity 33878K, committed 34248K, reserved 1079296K
  class space    used 3873K, capacity 3968K, committed 4040K, reserved 1048576K
}
2016-10-28T02:31:38.900-0400: 26.660: Total time for which application threads were stopped: 0.0217993 seconds, Stopping threads took: 0.0001128 seconds
{Heap before GC invocations=123 (full 1):
 par new generation   total 109248K, used 92928K [0x00000000e0000000, 0x00000000e8000000, 0x00000000e8000000)
  eden space 87424K, 100% used [0x00000000e0000000, 0x00000000e5560000, 0x00000000e5560000)
  from space 21824K,  25% used [0x00000000e6ab0000, 0x00000000e7010360, 0x00000000e8000000)
  to   space 21824K,   0% used [0x00000000e5560000, 0x00000000e5560000, 0x00000000e6ab0000)
 concurrent mark-sweep generation total 393216K, used 118093K [0x00000000e8000000, 0x0000000100000000, 0x0000000100000000)
 Metaspace       used 33447K, capacity 33878K, committed 34248K, reserved 1079296K
  class space    used 3873K, capacity 3968K, committed 4040K, reserved 1048576K
2016-10-28T02:31:38.920-0400: 26.680: [GC (Allocation Failure) 2016-10-28T02:31:38.920-0400: 26.680: [ParNew
Desired survivor size 20112992 bytes, new threshold 8 (max 8)
- age   1:     180368 bytes,     180368 total
- age   2:     113344 bytes,     293712 total
- age   3:     158192 bytes,     451904 total
- age   4:     120624 bytes,     572528 total
- age   5:     178160 bytes,     750688 total
- age   6:     154472 bytes,     905160 total
- age   7:    2562304 bytes,    3467464 total
- age   8:     211696 bytes,    3679160 total
: 92928K->4015K(109248K), 0.0391022 secs] 211022K->123941K(502464K), 0.0391723 secs] [Times: user=0.05 sys=0.05, real=0.04 secs] 
Heap after GC invocations=124 (full 1):
 par new generation   total 109248K, used 4015K [0x00000000e0000000, 0x00000000e8000000, 0x00000000e8000000)
  eden space 87424K,   0% used [0x00000000e0000000, 0x00000000e0000000, 0x00000000e5560000)
  from space 21824K,  18% used [0x00000000e5560000, 0x00000000e594bfe0, 0x00000000e6ab0000)
  to   space 21824K,   0% used [0x00000000e6ab0000, 0x00000000e6ab0000, 0x00000000e8000000)
 concurrent mark-sweep generation total 393216K, used 119925K [0x00000000e8000000, 0x0000000100000000, 0x0000000100000000)
 Metaspace       used 33447K, capacity 33878K, committed 34248K, reserved 1079296K
  class space    used 3873K, capacity 3968K, committed 4040K, reserved 1048576K
}
2016-10-28T02:31:38.959-0400: 26.719: Total time for which application threads were stopped: 0.0394907 seconds, Stopping threads took: 0.0001149 seconds
{Heap before GC invocations=124 (full 1):
 par new generation   total 109248K, used 91439K [0x00000000e0000000, 0x00000000e8000000, 0x00000000e8000000)
  eden space 87424K, 100% used [0x00000000e0000000, 0x00000000e5560000, 0x00000000e5560000)
  from space 21824K,  18% used [0x00000000e5560000, 0x00000000e594bfe0, 0x00000000e6ab0000)
  to   space 21824K,   0% used [0x00000000e6ab0000, 0x00000000e6ab0000, 0x00000000e8000000)
 concurrent mark-sweep generation total 393216K, used 119925K [0x00000000e8000000, 0x0000000100000000, 0x0000000100000000)
 Metaspace       used 33447K, capacity 33878K, committed 34248K, reserved 1079296K
  class space    used 3873K, capacity 3968K, committed 4040K, reserved 1048576K
2016-10-28T02:31:38.981-0400: 26.741: [GC (Allocation Failure) 2016-10-28T02:31:38.981-0400: 26.741: [ParNew
Desired survivor size 20112992 bytes, new threshold 8 (max 8)
- age   1:     149880 bytes,     149880 total
- age   2:     153408 bytes,     303288 total
- age   3:     113344 bytes,     416632 total
- age   4:     158192 bytes,     574824 total
- age   5:     120624 bytes,     695448 total
- age   6:     178160 bytes,     873608 total
- age   7:     154472 bytes,    1028080 total
- age   8:    2562304 bytes,    3590384 total
: 91439K->3823K(109248K), 0.0186814 secs] 211365K->123960K(502464K), 0.0189044 secs] [Times: user=0.01 sys=0.02, real=0.02 secs] 
Heap after GC invocations=125 (full 1):
 par new generation   total 109248K, used 3823K [0x00000000e0000000, 0x00000000e8000000, 0x00000000e8000000)
  eden space 87424K,   0% used [0x00000000e0000000, 0x00000000e0000000, 0x00000000e5560000)
  from space 21824K,  17% used [0x00000000e6ab0000, 0x00000000e6e6bc00, 0x00000000e8000000)
  to   space 21824K,   0% used [0x00000000e5560000, 0x00000000e5560000, 0x00000000e6ab0000)
 concurrent mark-sweep generation total 393216K, used 120137K [0x00000000e8000000, 0x0000000100000000, 0x0000000100000000)
 Metaspace       used 33447K, capacity 33878K, committed 34248K, reserved 1079296K
  class space    used 3873K, capacity 3968K, committed 4040K, reserved 1048576K
}
2016-10-28T02:31:39.000-0400: 26.760: Total time for which application threads were stopped: 0.0192373 seconds, Stopping threads took: 0.0001351 seconds
{Heap before GC invocations=125 (full 1):
 par new generation   total 109248K, used 91247K [0x00000000e0000000, 0x00000000e8000000, 0x00000000e8000000)
  eden space 87424K, 100% used [0x00000000e0000000, 0x00000000e5560000, 0x00000000e5560000)
  from space 21824K,  17% used [0x00000000e6ab0000, 0x00000000e6e6bc00, 0x00000000e8000000)
  to   space 21824K,   0% used [0x00000000e5560000, 0x00000000e5560000, 0x00000000e6ab0000)
 concurrent mark-sweep generation total 393216K, used 120137K [0x00000000e8000000, 0x0000000100000000, 0x0000000100000000)
 Metaspace       used 33447K, capacity 33878K, committed 34248K, reserved 1079296K
  class space    used 3873K, capacity 3968K, committed 4040K, reserved 1048576K
2016-10-28T02:31:39.020-0400: 26.780: [GC (Allocation Failure) 2016-10-28T02:31:39.020-0400: 26.780: [ParNew
Desired survivor size 20112992 bytes, new threshold 8 (max 8)
- age   1:     173112 bytes,     173112 total
- age   2:     122936 bytes,     296048 total
- age   3:     153408 bytes,     449456 total
- age   4:     113344 bytes,     562800 total
- age   5:     158240 bytes,     721040 total
- age   6:     120624 bytes,     841664 total
- age   7:     178160 bytes,    1019824 total
- age   8:     154472 bytes,    1174296 total
: 91247K->1372K(109248K), 0.0406652 secs] 211384K->124017K(502464K), 0.0407842 secs] [Times: user=0.06 sys=0.04, real=0.04 secs] 
Heap after GC invocations=126 (full 1):
 par new generation   total 109248K, used 1372K [0x00000000e0000000, 0x00000000e8000000, 0x00000000e8000000)
  eden space 87424K,   0% used [0x00000000e0000000, 0x00000000e0000000, 0x00000000e5560000)
  from space 21824K,   6% used [0x00000000e5560000, 0x00000000e56b7170, 0x00000000e6ab0000)
  to   space 21824K,   0% used [0x00000000e6ab0000, 0x00000000e6ab0000, 0x00000000e8000000)
 concurrent mark-sweep generation total 393216K, used 122645K [0x00000000e8000000, 0x0000000100000000, 0x0000000100000000)
 Metaspace       used 33447K, capacity 33878K, committed 34248K, reserved 1079296K
  class space    used 3873K, capacity 3968K, committed 4040K, reserved 1048576K
}
2016-10-28T02:31:39.061-0400: 26.821: Total time for which application threads were stopped: 0.0412004 seconds, Stopping threads took: 0.0001541 seconds
{Heap before GC invocations=126 (full 1):
 par new generation   total 109248K, used 88796K [0x00000000e0000000, 0x00000000e8000000, 0x00000000e8000000)
  eden space 87424K, 100% used [0x00000000e0000000, 0x00000000e5560000, 0x00000000e5560000)
  from space 21824K,   6% used [0x00000000e5560000, 0x00000000e56b7170, 0x00000000e6ab0000)
  to   space 21824K,   0% used [0x00000000e6ab0000, 0x00000000e6ab0000, 0x00000000e8000000)
 concurrent mark-sweep generation total 393216K, used 122645K [0x00000000e8000000, 0x0000000100000000, 0x0000000100000000)
 Metaspace       used 33447K, capacity 33878K, committed 34248K, reserved 1079296K
  class space    used 3873K, capacity 3968K, committed 4040K, reserved 1048576K
2016-10-28T02:31:39.083-0400: 26.843: [GC (Allocation Failure) 2016-10-28T02:31:39.083-0400: 26.843: [ParNew
Desired survivor size 20112992 bytes, new threshold 8 (max 8)
- age   1:     147584 bytes,     147584 total
- age   2:     146128 bytes,     293712 total
- age   3:     122912 bytes,     416624 total
- age   4:     153408 bytes,     570032 total
- age   5:     113344 bytes,     683376 total
- age   6:     158192 bytes,     841568 total
- age   7:     120624 bytes,     962192 total
- age   8:     178160 bytes,    1140352 total
: 88796K->1522K(109248K), 0.0179742 secs] 211441K->124324K(502464K), 0.0181054 secs] [Times: user=0.01 sys=0.02, real=0.02 secs] 
Heap after GC invocations=127 (full 1):
 par new generation   total 109248K, used 1522K [0x00000000e0000000, 0x00000000e8000000, 0x00000000e8000000)
  eden space 87424K,   0% used [0x00000000e0000000, 0x00000000e0000000, 0x00000000e5560000)
  from space 21824K,   6% used [0x00000000e6ab0000, 0x00000000e6c2cb20, 0x00000000e8000000)
  to   space 21824K,   0% used [0x00000000e5560000, 0x00000000e5560000, 0x00000000e6ab0000)
 concurrent mark-sweep generation total 393216K, used 122801K [0x00000000e8000000, 0x0000000100000000, 0x0000000100000000)
 Metaspace       used 33447K, capacity 33878K, committed 34248K, reserved 1079296K
  class space    used 3873K, capacity 3968K, committed 4040K, reserved 1048576K
}
2016-10-28T02:31:39.101-0400: 26.861: Total time for which application threads were stopped: 0.0185128 seconds, Stopping threads took: 0.0000897 seconds
{Heap before GC invocations=127 (full 1):
 par new generation   total 109248K, used 88946K [0x00000000e0000000, 0x00000000e8000000, 0x00000000e8000000)
  eden space 87424K, 100% used [0x00000000e0000000, 0x00000000e5560000, 0x00000000e5560000)
  from space 21824K,   6% used [0x00000000e6ab0000, 0x00000000e6c2cb20, 0x00000000e8000000)
  to   space 21824K,   0% used [0x00000000e5560000, 0x00000000e5560000, 0x00000000e6ab0000)
 concurrent mark-sweep generation total 393216K, used 122801K [0x00000000e8000000, 0x0000000100000000, 0x0000000100000000)
 Metaspace       used 33447K, capacity 33878K, committed 34248K, reserved 1079296K
  class space    used 3873K, capacity 3968K, committed 4040K, reserved 1048576K
2016-10-28T02:31:39.126-0400: 26.886: [GC (Allocation Failure) 2016-10-28T02:31:39.126-0400: 26.886: [ParNew
Desired survivor size 20112992 bytes, new threshold 8 (max 8)
- age   1:     148656 bytes,     148656 total
- age   2:     120624 bytes,     269280 total
- age   3:     146128 bytes,     415408 total
- age   4:     122912 bytes,     538320 total
- age   5:     153408 bytes,     691728 total
- age   6:     113344 bytes,     805072 total
- age   7:     158192 bytes,     963264 total
- age   8:     120624 bytes,    1083888 total
: 88946K->1402K(109248K), 0.0185471 secs] 211748K->124383K(502464K), 0.0186232 secs] [Times: user=0.03 sys=0.02, real=0.02 secs] 
Heap after GC invocations=128 (full 1):
 par new generation   total 109248K, used 1402K [0x00000000e0000000, 0x00000000e8000000, 0x00000000e8000000)
  eden space 87424K,   0% used [0x00000000e0000000, 0x00000000e0000000, 0x00000000e5560000)
  from space 21824K,   6% used [0x00000000e5560000, 0x00000000e56beab0, 0x00000000e6ab0000)
  to   space 21824K,   0% used [0x00000000e6ab0000, 0x00000000e6ab0000, 0x00000000e8000000)
 concurrent mark-sweep generation total 393216K, used 122980K [0x00000000e8000000, 0x0000000100000000, 0x0000000100000000)
 Metaspace       used 33447K, capacity 33878K, committed 34248K, reserved 1079296K
  class space    used 3873K, capacity 3968K, committed 4040K, reserved 1048576K
}
2016-10-28T02:31:39.145-0400: 26.905: Total time for which application threads were stopped: 0.0191070 seconds, Stopping threads took: 0.0000982 seconds
{Heap before GC invocations=128 (full 1):
 par new generation   total 109248K, used 88826K [0x00000000e0000000, 0x00000000e8000000, 0x00000000e8000000)
  eden space 87424K, 100% used [0x00000000e0000000, 0x00000000e5560000, 0x00000000e5560000)
  from space 21824K,   6% used [0x00000000e5560000, 0x00000000e56beab0, 0x00000000e6ab0000)
  to   space 21824K,   0% used [0x00000000e6ab0000, 0x00000000e6ab0000, 0x00000000e8000000)
 concurrent mark-sweep generation total 393216K, used 122980K [0x00000000e8000000, 0x0000000100000000, 0x0000000100000000)
 Metaspace       used 33447K, capacity 33878K, committed 34248K, reserved 1079296K
  class space    used 3873K, capacity 3968K, committed 4040K, reserved 1048576K
2016-10-28T02:31:39.164-0400: 26.924: [GC (Allocation Failure) 2016-10-28T02:31:39.165-0400: 26.925: [ParNew
Desired survivor size 20112992 bytes, new threshold 8 (max 8)
- age   1:    2030840 bytes,    2030840 total
- age   2:     121688 bytes,    2152528 total
- age   3:     120624 bytes,    2273152 total
- age   4:     146128 bytes,    2419280 total
- age   5:     122912 bytes,    2542192 total
- age   6:     153408 bytes,    2695600 total
- age   7:     113344 bytes,    2808944 total
- age   8:     158192 bytes,    2967136 total
: 88826K->3103K(109248K), 0.0254245 secs] 211807K->126207K(502464K), 0.0260351 secs] [Times: user=0.03 sys=0.01, real=0.03 secs] 
Heap after GC invocations=129 (full 1):
 par new generation   total 109248K, used 3103K [0x00000000e0000000, 0x00000000e8000000, 0x00000000e8000000)
  eden space 87424K,   0% used [0x00000000e0000000, 0x00000000e0000000, 0x00000000e5560000)
  from space 21824K,  14% used [0x00000000e6ab0000, 0x00000000e6db7d80, 0x00000000e8000000)
  to   space 21824K,   0% used [0x00000000e5560000, 0x00000000e5560000, 0x00000000e6ab0000)
 concurrent mark-sweep generation total 393216K, used 123104K [0x00000000e8000000, 0x0000000100000000, 0x0000000100000000)
 Metaspace       used 33447K, capacity 33878K, committed 34248K, reserved 1079296K
  class space    used 3873K, capacity 3968K, committed 4040K, reserved 1048576K
}
2016-10-28T02:31:39.190-0400: 26.950: Total time for which application threads were stopped: 0.0264039 seconds, Stopping threads took: 0.0001461 seconds
{Heap before GC invocations=129 (full 1):
 par new generation   total 109248K, used 90527K [0x00000000e0000000, 0x00000000e8000000, 0x00000000e8000000)
  eden space 87424K, 100% used [0x00000000e0000000, 0x00000000e5560000, 0x00000000e5560000)
  from space 21824K,  14% used [0x00000000e6ab0000, 0x00000000e6db7d80, 0x00000000e8000000)
  to   space 21824K,   0% used [0x00000000e5560000, 0x00000000e5560000, 0x00000000e6ab0000)
 concurrent mark-sweep generation total 393216K, used 123104K [0x00000000e8000000, 0x0000000100000000, 0x0000000100000000)
 Metaspace       used 33448K, capacity 33878K, committed 34248K, reserved 1079296K
  class space    used 3873K, capacity 3968K, committed 4040K, reserved 1048576K
2016-10-28T02:31:39.213-0400: 26.974: [GC (Allocation Failure) 2016-10-28T02:31:39.213-0400: 26.974: [ParNew
Desired survivor size 20112992 bytes, new threshold 8 (max 8)
- age   1:     148256 bytes,     148256 total
- age   2:    2003888 bytes,    2152144 total
- age   3:     121688 bytes,    2273832 total
- age   4:     120624 bytes,    2394456 total
- age   5:     146128 bytes,    2540584 total
- age   6:     122912 bytes,    2663496 total
- age   7:     153408 bytes,    2816904 total
- age   8:     113344 bytes,    2930248 total
: 90527K->3473K(109248K), 0.0190587 secs] 213631K->126737K(502464K), 0.0191263 secs] [Times: user=0.02 sys=0.01, real=0.02 secs] 
Heap after GC invocations=130 (full 1):
 par new generation   total 109248K, used 3473K [0x00000000e0000000, 0x00000000e8000000, 0x00000000e8000000)
  eden space 87424K,   0% used [0x00000000e0000000, 0x00000000e0000000, 0x00000000e5560000)
  from space 21824K,  15% used [0x00000000e5560000, 0x00000000e58c45e0, 0x00000000e6ab0000)
  to   space 21824K,   0% used [0x00000000e6ab0000, 0x00000000e6ab0000, 0x00000000e8000000)
 concurrent mark-sweep generation total 393216K, used 123264K [0x00000000e8000000, 0x0000000100000000, 0x0000000100000000)
 Metaspace       used 33448K, capacity 33878K, committed 34248K, reserved 1079296K
  class space    used 3873K, capacity 3968K, committed 4040K, reserved 1048576K
}
2016-10-28T02:31:39.233-0400: 26.993: Total time for which application threads were stopped: 0.0196104 seconds, Stopping threads took: 0.0000648 seconds
{Heap before GC invocations=130 (full 1):
 par new generation   total 109248K, used 90897K [0x00000000e0000000, 0x00000000e8000000, 0x00000000e8000000)
  eden space 87424K, 100% used [0x00000000e0000000, 0x00000000e5560000, 0x00000000e5560000)
  from space 21824K,  15% used [0x00000000e5560000, 0x00000000e58c45e0, 0x00000000e6ab0000)
  to   space 21824K,   0% used [0x00000000e6ab0000, 0x00000000e6ab0000, 0x00000000e8000000)
 concurrent mark-sweep generation total 393216K, used 123264K [0x00000000e8000000, 0x0000000100000000, 0x0000000100000000)
 Metaspace       used 33448K, capacity 33878K, committed 34248K, reserved 1079296K
  class space    used 3873K, capacity 3968K, committed 4040K, reserved 1048576K
2016-10-28T02:31:39.255-0400: 27.015: [GC (Allocation Failure) 2016-10-28T02:31:39.255-0400: 27.015: [ParNew
Desired survivor size 20112992 bytes, new threshold 8 (max 8)
- age   1:     214224 bytes,     214224 total
- age   2:     120912 bytes,     335136 total
- age   3:    2003888 bytes,    2339024 total
- age   4:     121688 bytes,    2460712 total
- age   5:     120624 bytes,    2581336 total
- age   6:     146128 bytes,    2727464 total
- age   7:     122912 bytes,    2850376 total
- age   8:     153408 bytes,    3003784 total
: 90897K->3224K(109248K), 0.0125036 secs] 214161K->126604K(502464K), 0.0125696 secs] [Times: user=0.03 sys=0.01, real=0.02 secs] 
Heap after GC invocations=131 (full 1):
 par new generation   total 109248K, used 3224K [0x00000000e0000000, 0x00000000e8000000, 0x00000000e8000000)
  eden space 87424K,   0% used [0x00000000e0000000, 0x00000000e0000000, 0x00000000e5560000)
  from space 21824K,  14% used [0x00000000e6ab0000, 0x00000000e6dd6350, 0x00000000e8000000)
  to   space 21824K,   0% used [0x00000000e5560000, 0x00000000e5560000, 0x00000000e6ab0000)
 concurrent mark-sweep generation total 393216K, used 123380K [0x00000000e8000000, 0x0000000100000000, 0x0000000100000000)
 Metaspace       used 33448K, capacity 33878K, committed 34248K, reserved 1079296K
  class space    used 3873K, capacity 3968K, committed 4040K, reserved 1048576K
}
2016-10-28T02:31:39.268-0400: 27.028: Total time for which application threads were stopped: 0.0129241 seconds, Stopping threads took: 0.0001157 seconds
{Heap before GC invocations=131 (full 1):
 par new generation   total 109248K, used 90648K [0x00000000e0000000, 0x00000000e8000000, 0x00000000e8000000)
  eden space 87424K, 100% used [0x00000000e0000000, 0x00000000e5560000, 0x00000000e5560000)
  from space 21824K,  14% used [0x00000000e6ab0000, 0x00000000e6dd6350, 0x00000000e8000000)
  to   space 21824K,   0% used [0x00000000e5560000, 0x00000000e5560000, 0x00000000e6ab0000)
 concurrent mark-sweep generation total 393216K, used 123380K [0x00000000e8000000, 0x0000000100000000, 0x0000000100000000)
 Metaspace       used 33448K, capacity 33878K, committed 34248K, reserved 1079296K
  class space    used 3873K, capacity 3968K, committed 4040K, reserved 1048576K
2016-10-28T02:31:39.288-0400: 27.048: [GC (Allocation Failure) 2016-10-28T02:31:39.288-0400: 27.048: [ParNew
Desired survivor size 20112992 bytes, new threshold 8 (max 8)
- age   1:     140328 bytes,     140328 total
- age   2:     187256 bytes,     327584 total
- age   3:     120912 bytes,     448496 total
- age   4:    2003888 bytes,    2452384 total
- age   5:     121688 bytes,    2574072 total
- age   6:     120624 bytes,    2694696 total
- age   7:     146128 bytes,    2840824 total
- age   8:     122912 bytes,    2963736 total
: 90648K->3320K(109248K), 0.0222716 secs] 214028K->126856K(502464K), 0.0223941 secs] [Times: user=0.04 sys=0.00, real=0.02 secs] 
Heap after GC invocations=132 (full 1):
 par new generation   total 109248K, used 3320K [0x00000000e0000000, 0x00000000e8000000, 0x00000000e8000000)
  eden space 87424K,   0% used [0x00000000e0000000, 0x00000000e0000000, 0x00000000e5560000)
  from space 21824K,  15% used [0x00000000e5560000, 0x00000000e589e350, 0x00000000e6ab0000)
  to   space 21824K,   0% used [0x00000000e6ab0000, 0x00000000e6ab0000, 0x00000000e8000000)
 concurrent mark-sweep generation total 393216K, used 123535K [0x00000000e8000000, 0x0000000100000000, 0x0000000100000000)
 Metaspace       used 33448K, capacity 33878K, committed 34248K, reserved 1079296K
  class space    used 3873K, capacity 3968K, committed 4040K, reserved 1048576K
}
2016-10-28T02:31:39.311-0400: 27.071: Total time for which application threads were stopped: 0.0227670 seconds, Stopping threads took: 0.0001516 seconds
{Heap before GC invocations=132 (full 1):
 par new generation   total 109248K, used 90744K [0x00000000e0000000, 0x00000000e8000000, 0x00000000e8000000)
  eden space 87424K, 100% used [0x00000000e0000000, 0x00000000e5560000, 0x00000000e5560000)
  from space 21824K,  15% used [0x00000000e5560000, 0x00000000e589e350, 0x00000000e6ab0000)
  to   space 21824K,   0% used [0x00000000e6ab0000, 0x00000000e6ab0000, 0x00000000e8000000)
 concurrent mark-sweep generation total 393216K, used 123535K [0x00000000e8000000, 0x0000000100000000, 0x0000000100000000)
 Metaspace       used 33448K, capacity 33878K, committed 34248K, reserved 1079296K
  class space    used 3873K, capacity 3968K, committed 4040K, reserved 1048576K
2016-10-28T02:31:39.332-0400: 27.092: [GC (Allocation Failure) 2016-10-28T02:31:39.332-0400: 27.092: [ParNew
Desired survivor size 20112992 bytes, new threshold 8 (max 8)
- age   1:     181632 bytes,     181632 total
- age   2:     113344 bytes,     294976 total
- age   3:     187256 bytes,     482232 total
- age   4:     120912 bytes,     603144 total
- age   5:    2003888 bytes,    2607032 total
- age   6:     121712 bytes,    2728744 total
- age   7:     120624 bytes,    2849368 total
- age   8:     146128 bytes,    2995496 total
: 90744K->3269K(109248K), 0.0180162 secs] 214280K->126929K(502464K), 0.0180852 secs] [Times: user=0.03 sys=0.01, real=0.02 secs] 
Heap after GC invocations=133 (full 1):
 par new generation   total 109248K, used 3269K [0x00000000e0000000, 0x00000000e8000000, 0x00000000e8000000)
  eden space 87424K,   0% used [0x00000000e0000000, 0x00000000e0000000, 0x00000000e5560000)
  from space 21824K,  14% used [0x00000000e6ab0000, 0x00000000e6de1420, 0x00000000e8000000)
  to   space 21824K,   0% used [0x00000000e5560000, 0x00000000e5560000, 0x00000000e6ab0000)
 concurrent mark-sweep generation total 393216K, used 123660K [0x00000000e8000000, 0x0000000100000000, 0x0000000100000000)
 Metaspace       used 33448K, capacity 33878K, committed 34248K, reserved 1079296K
  class space    used 3873K, capacity 3968K, committed 4040K, reserved 1048576K
}
2016-10-28T02:31:39.350-0400: 27.111: Total time for which application threads were stopped: 0.0185126 seconds, Stopping threads took: 0.0001652 seconds
{Heap before GC invocations=133 (full 1):
 par new generation   total 109248K, used 90693K [0x00000000e0000000, 0x00000000e8000000, 0x00000000e8000000)
  eden space 87424K, 100% used [0x00000000e0000000, 0x00000000e5560000, 0x00000000e5560000)
  from space 21824K,  14% used [0x00000000e6ab0000, 0x00000000e6de1420, 0x00000000e8000000)
  to   space 21824K,   0% used [0x00000000e5560000, 0x00000000e5560000, 0x00000000e6ab0000)
 concurrent mark-sweep generation total 393216K, used 123660K [0x00000000e8000000, 0x0000000100000000, 0x0000000100000000)
 Metaspace       used 33448K, capacity 33878K, committed 34248K, reserved 1079296K
  class space    used 3873K, capacity 3968K, committed 4040K, reserved 1048576K
2016-10-28T02:31:39.374-0400: 27.134: [GC (Allocation Failure) 2016-10-28T02:31:39.374-0400: 27.134: [ParNew
Desired survivor size 20112992 bytes, new threshold 8 (max 8)
- age   1:     149224 bytes,     149224 total
- age   2:     154664 bytes,     303888 total
- age   3:     113344 bytes,     417232 total
- age   4:     220040 bytes,     637272 total
- age   5:     120912 bytes,     758184 total
- age   6:    2222640 bytes,    2980824 total
- age   7:     121688 bytes,    3102512 total
- age   8:     120624 bytes,    3223136 total
: 90693K->3452K(109248K), 0.0222072 secs] 214353K->127261K(502464K), 0.0223684 secs] [Times: user=0.03 sys=0.01, real=0.02 secs] 
Heap after GC invocations=134 (full 1):
 par new generation   total 109248K, used 3452K [0x00000000e0000000, 0x00000000e8000000, 0x00000000e8000000)
  eden space 87424K,   0% used [0x00000000e0000000, 0x00000000e0000000, 0x00000000e5560000)
  from space 21824K,  15% used [0x00000000e5560000, 0x00000000e58bf1f0, 0x00000000e6ab0000)
  to   space 21824K,   0% used [0x00000000e6ab0000, 0x00000000e6ab0000, 0x00000000e8000000)
 concurrent mark-sweep generation total 393216K, used 123808K [0x00000000e8000000, 0x0000000100000000, 0x0000000100000000)
 Metaspace       used 33448K, capacity 33878K, committed 34248K, reserved 1079296K
  class space    used 3873K, capacity 3968K, committed 4040K, reserved 1048576K
}
2016-10-28T02:31:39.396-0400: 27.156: Total time for which application threads were stopped: 0.0227180 seconds, Stopping threads took: 0.0001219 seconds
{Heap before GC invocations=134 (full 1):
 par new generation   total 109248K, used 90876K [0x00000000e0000000, 0x00000000e8000000, 0x00000000e8000000)
  eden space 87424K, 100% used [0x00000000e0000000, 0x00000000e5560000, 0x00000000e5560000)
  from space 21824K,  15% used [0x00000000e5560000, 0x00000000e58bf1f0, 0x00000000e6ab0000)
  to   space 21824K,   0% used [0x00000000e6ab0000, 0x00000000e6ab0000, 0x00000000e8000000)
 concurrent mark-sweep generation total 393216K, used 123808K [0x00000000e8000000, 0x0000000100000000, 0x0000000100000000)
 Metaspace       used 33451K, capacity 33878K, committed 34248K, reserved 1079296K
  class space    used 3873K, capacity 3968K, committed 4040K, reserved 1048576K
2016-10-28T02:31:39.418-0400: 27.178: [GC (Allocation Failure) 2016-10-28T02:31:39.418-0400: 27.178: [ParNew
Desired survivor size 20112992 bytes, new threshold 8 (max 8)
- age   1:     173232 bytes,     173232 total
- age   2:     122264 bytes,     295496 total
- age   3:     154664 bytes,     450160 total
- age   4:     113344 bytes,     563504 total
- age   5:     187256 bytes,     750760 total
- age   6:     120912 bytes,     871672 total
- age   7:    2003888 bytes,    2875560 total
- age   8:     121688 bytes,    2997248 total
: 90876K->3330K(109248K), 0.0197733 secs] 214685K->127262K(502464K), 0.0198425 secs] [Times: user=0.04 sys=0.00, real=0.02 secs] 
Heap after GC invocations=135 (full 1):
 par new generation   total 109248K, used 3330K [0x00000000e0000000, 0x00000000e8000000, 0x00000000e8000000)
  eden space 87424K,   0% used [0x00000000e0000000, 0x00000000e0000000, 0x00000000e5560000)
  from space 21824K,  15% used [0x00000000e6ab0000, 0x00000000e6df0b30, 0x00000000e8000000)
  to   space 21824K,   0% used [0x00000000e5560000, 0x00000000e5560000, 0x00000000e6ab0000)
 concurrent mark-sweep generation total 393216K, used 123931K [0x00000000e8000000, 0x0000000100000000, 0x0000000100000000)
 Metaspace       used 33451K, capacity 33878K, committed 34248K, reserved 1079296K
  class space    used 3873K, capacity 3968K, committed 4040K, reserved 1048576K
}
2016-10-28T02:31:39.438-0400: 27.198: Total time for which application threads were stopped: 0.0203495 seconds, Stopping threads took: 0.0001589 seconds
{Heap before GC invocations=135 (full 1):
 par new generation   total 109248K, used 90754K [0x00000000e0000000, 0x00000000e8000000, 0x00000000e8000000)
  eden space 87424K, 100% used [0x00000000e0000000, 0x00000000e5560000, 0x00000000e5560000)
  from space 21824K,  15% used [0x00000000e6ab0000, 0x00000000e6df0b30, 0x00000000e8000000)
  to   space 21824K,   0% used [0x00000000e5560000, 0x00000000e5560000, 0x00000000e6ab0000)
 concurrent mark-sweep generation total 393216K, used 123931K [0x00000000e8000000, 0x0000000100000000, 0x0000000100000000)
 Metaspace       used 33451K, capacity 33878K, committed 34248K, reserved 1079296K
  class space    used 3873K, capacity 3968K, committed 4040K, reserved 1048576K
2016-10-28T02:31:39.461-0400: 27.221: [GC (Allocation Failure) 2016-10-28T02:31:39.461-0400: 27.221: [ParNew
Desired survivor size 20112992 bytes, new threshold 8 (max 8)
- age   1:     147608 bytes,     147608 total
- age   2:     146272 bytes,     293880 total
- age   3:     122288 bytes,     416168 total
- age   4:     154664 bytes,     570832 total
- age   5:     113344 bytes,     684176 total
- age   6:     187256 bytes,     871432 total
- age   7:     120912 bytes,     992344 total
- age   8:    2003888 bytes,    2996232 total
: 90754K->3058K(109248K), 0.0138249 secs] 214686K->127114K(502464K), 0.0140315 secs] [Times: user=0.02 sys=0.02, real=0.01 secs] 
Heap after GC invocations=136 (full 1):
 par new generation   total 109248K, used 3058K [0x00000000e0000000, 0x00000000e8000000, 0x00000000e8000000)
  eden space 87424K,   0% used [0x00000000e0000000, 0x00000000e0000000, 0x00000000e5560000)
  from space 21824K,  14% used [0x00000000e5560000, 0x00000000e585ca58, 0x00000000e6ab0000)
  to   space 21824K,   0% used [0x00000000e6ab0000, 0x00000000e6ab0000, 0x00000000e8000000)
 concurrent mark-sweep generation total 393216K, used 124056K [0x00000000e8000000, 0x0000000100000000, 0x0000000100000000)
 Metaspace       used 33451K, capacity 33878K, committed 34248K, reserved 1079296K
  class space    used 3873K, capacity 3968K, committed 4040K, reserved 1048576K
}
2016-10-28T02:31:39.475-0400: 27.235: Total time for which application threads were stopped: 0.0144297 seconds, Stopping threads took: 0.0001065 seconds
{Heap before GC invocations=136 (full 1):
 par new generation   total 109248K, used 90482K [0x00000000e0000000, 0x00000000e8000000, 0x00000000e8000000)
  eden space 87424K, 100% used [0x00000000e0000000, 0x00000000e5560000, 0x00000000e5560000)
  from space 21824K,  14% used [0x00000000e5560000, 0x00000000e585ca58, 0x00000000e6ab0000)
  to   space 21824K,   0% used [0x00000000e6ab0000, 0x00000000e6ab0000, 0x00000000e8000000)
 concurrent mark-sweep generation total 393216K, used 124056K [0x00000000e8000000, 0x0000000100000000, 0x0000000100000000)
 Metaspace       used 33451K, capacity 33878K, committed 34248K, reserved 1079296K
  class space    used 3873K, capacity 3968K, committed 4040K, reserved 1048576K
2016-10-28T02:31:39.497-0400: 27.257: [GC (Allocation Failure) 2016-10-28T02:31:39.497-0400: 27.258: [ParNew
Desired survivor size 20112992 bytes, new threshold 8 (max 8)
- age   1:     185840 bytes,     185840 total
- age   2:     120624 bytes,     306464 total
- age   3:     146272 bytes,     452736 total
- age   4:     122264 bytes,     575000 total
- age   5:     154664 bytes,     729664 total
- age   6:     113344 bytes,     843008 total
- age   7:     187256 bytes,    1030264 total
- age   8:     120912 bytes,    1151176 total
: 90482K->1585K(109248K), 0.0355603 secs] 214538K->127603K(502464K), 0.0356823 secs] [Times: user=0.05 sys=0.03, real=0.04 secs] 
Heap after GC invocations=137 (full 1):
 par new generation   total 109248K, used 1585K [0x00000000e0000000, 0x00000000e8000000, 0x00000000e8000000)
  eden space 87424K,   0% used [0x00000000e0000000, 0x00000000e0000000, 0x00000000e5560000)
  from space 21824K,   7% used [0x00000000e6ab0000, 0x00000000e6c3c688, 0x00000000e8000000)
  to   space 21824K,   0% used [0x00000000e5560000, 0x00000000e5560000, 0x00000000e6ab0000)
 concurrent mark-sweep generation total 393216K, used 126018K [0x00000000e8000000, 0x0000000100000000, 0x0000000100000000)
 Metaspace       used 33451K, capacity 33878K, committed 34248K, reserved 1079296K
  class space    used 3873K, capacity 3968K, committed 4040K, reserved 1048576K
}
2016-10-28T02:31:39.533-0400: 27.293: Total time for which application threads were stopped: 0.0360421 seconds, Stopping threads took: 0.0001360 seconds
{Heap before GC invocations=137 (full 1):
 par new generation   total 109248K, used 89009K [0x00000000e0000000, 0x00000000e8000000, 0x00000000e8000000)
  eden space 87424K, 100% used [0x00000000e0000000, 0x00000000e5560000, 0x00000000e5560000)
  from space 21824K,   7% used [0x00000000e6ab0000, 0x00000000e6c3c688, 0x00000000e8000000)
  to   space 21824K,   0% used [0x00000000e5560000, 0x00000000e5560000, 0x00000000e6ab0000)
 concurrent mark-sweep generation total 393216K, used 126018K [0x00000000e8000000, 0x0000000100000000, 0x0000000100000000)
 Metaspace       used 33451K, capacity 33878K, committed 34248K, reserved 1079296K
  class space    used 3873K, capacity 3968K, committed 4040K, reserved 1048576K
2016-10-28T02:31:39.553-0400: 27.313: [GC (Allocation Failure) 2016-10-28T02:31:39.553-0400: 27.313: [ParNew
Desired survivor size 20112992 bytes, new threshold 8 (max 8)
- age   1:     147760 bytes,     147760 total
- age   2:     158880 bytes,     306640 total
- age   3:     120624 bytes,     427264 total
- age   4:     146272 bytes,     573536 total
- age   5:     122264 bytes,     695800 total
- age   6:     154664 bytes,     850464 total
- age   7:     113344 bytes,     963808 total
- age   8:     187256 bytes,    1151064 total
: 89009K->1484K(109248K), 0.0131215 secs] 215027K->127626K(502464K), 0.0132599 secs] [Times: user=0.02 sys=0.01, real=0.01 secs] 
Heap after GC invocations=138 (full 1):
 par new generation   total 109248K, used 1484K [0x00000000e0000000, 0x00000000e8000000, 0x00000000e8000000)
  eden space 87424K,   0% used [0x00000000e0000000, 0x00000000e0000000, 0x00000000e5560000)
  from space 21824K,   6% used [0x00000000e5560000, 0x00000000e56d33a0, 0x00000000e6ab0000)
  to   space 21824K,   0% used [0x00000000e6ab0000, 0x00000000e6ab0000, 0x00000000e8000000)
 concurrent mark-sweep generation total 393216K, used 126141K [0x00000000e8000000, 0x0000000100000000, 0x0000000100000000)
 Metaspace       used 33451K, capacity 33878K, committed 34248K, reserved 1079296K
  class space    used 3873K, capacity 3968K, committed 4040K, reserved 1048576K
}
2016-10-28T02:31:39.566-0400: 27.327: Total time for which application threads were stopped: 0.0135640 seconds, Stopping threads took: 0.0000833 seconds
{Heap before GC invocations=138 (full 1):
 par new generation   total 109248K, used 88908K [0x00000000e0000000, 0x00000000e8000000, 0x00000000e8000000)
  eden space 87424K, 100% used [0x00000000e0000000, 0x00000000e5560000, 0x00000000e5560000)
  from space 21824K,   6% used [0x00000000e5560000, 0x00000000e56d33a0, 0x00000000e6ab0000)
  to   space 21824K,   0% used [0x00000000e6ab0000, 0x00000000e6ab0000, 0x00000000e8000000)
 concurrent mark-sweep generation total 393216K, used 126141K [0x00000000e8000000, 0x0000000100000000, 0x0000000100000000)
 Metaspace       used 33451K, capacity 33878K, committed 34248K, reserved 1079296K
  class space    used 3873K, capacity 3968K, committed 4040K, reserved 1048576K
2016-10-28T02:31:39.586-0400: 27.347: [GC (Allocation Failure) 2016-10-28T02:31:39.586-0400: 27.347: [ParNew
Desired survivor size 20112992 bytes, new threshold 8 (max 8)
- age   1:     140320 bytes,     140320 total
- age   2:     120624 bytes,     260944 total
- age   3:     158880 bytes,     419824 total
- age   4:     120624 bytes,     540448 total
- age   5:     146272 bytes,     686720 total
- age   6:     122264 bytes,     808984 total
- age   7:     154664 bytes,     963648 total
- age   8:     113344 bytes,    1076992 total
: 88908K->1452K(109248K), 0.0197115 secs] 215050K->127782K(502464K), 0.0198317 secs] [Times: user=0.02 sys=0.01, real=0.02 secs] 
Heap after GC invocations=139 (full 1):
 par new generation   total 109248K, used 1452K [0x00000000e0000000, 0x00000000e8000000, 0x00000000e8000000)
  eden space 87424K,   0% used [0x00000000e0000000, 0x00000000e0000000, 0x00000000e5560000)
  from space 21824K,   6% used [0x00000000e6ab0000, 0x00000000e6c1b1e0, 0x00000000e8000000)
  to   space 21824K,   0% used [0x00000000e5560000, 0x00000000e5560000, 0x00000000e6ab0000)
 concurrent mark-sweep generation total 393216K, used 126329K [0x00000000e8000000, 0x0000000100000000, 0x0000000100000000)
 Metaspace       used 33451K, capacity 33878K, committed 34248K, reserved 1079296K
  class space    used 3873K, capacity 3968K, committed 4040K, reserved 1048576K
}
2016-10-28T02:31:39.606-0400: 27.367: Total time for which application threads were stopped: 0.0203245 seconds, Stopping threads took: 0.0001603 seconds
{Heap before GC invocations=139 (full 1):
 par new generation   total 109248K, used 88876K [0x00000000e0000000, 0x00000000e8000000, 0x00000000e8000000)
  eden space 87424K, 100% used [0x00000000e0000000, 0x00000000e5560000, 0x00000000e5560000)
  from space 21824K,   6% used [0x00000000e6ab0000, 0x00000000e6c1b1e0, 0x00000000e8000000)
  to   space 21824K,   0% used [0x00000000e5560000, 0x00000000e5560000, 0x00000000e6ab0000)
 concurrent mark-sweep generation total 393216K, used 126329K [0x00000000e8000000, 0x0000000100000000, 0x0000000100000000)
 Metaspace       used 33451K, capacity 33878K, committed 34248K, reserved 1079296K
  class space    used 3873K, capacity 3968K, committed 4040K, reserved 1048576K
2016-10-28T02:31:39.629-0400: 27.390: [GC (Allocation Failure) 2016-10-28T02:31:39.630-0400: 27.390: [ParNew
Desired survivor size 20112992 bytes, new threshold 8 (max 8)
- age   1:     182944 bytes,     182944 total
- age   2:     113344 bytes,     296288 total
- age   3:     120624 bytes,     416912 total
- age   4:     158880 bytes,     575792 total
- age   5:     120624 bytes,     696416 total
- age   6:     146272 bytes,     842688 total
- age   7:     122264 bytes,     964952 total
- age   8:     154664 bytes,    1119616 total
: 88876K->1337K(109248K), 0.0176042 secs] 215206K->127783K(502464K), 0.0180675 secs] [Times: user=0.03 sys=0.01, real=0.02 secs] 
Heap after GC invocations=140 (full 1):
 par new generation   total 109248K, used 1337K [0x00000000e0000000, 0x00000000e8000000, 0x00000000e8000000)
  eden space 87424K,   0% used [0x00000000e0000000, 0x00000000e0000000, 0x00000000e5560000)
  from space 21824K,   6% used [0x00000000e5560000, 0x00000000e56ae4a0, 0x00000000e6ab0000)
  to   space 21824K,   0% used [0x00000000e6ab0000, 0x00000000e6ab0000, 0x00000000e8000000)
 concurrent mark-sweep generation total 393216K, used 126445K [0x00000000e8000000, 0x0000000100000000, 0x0000000100000000)
 Metaspace       used 33451K, capacity 33878K, committed 34248K, reserved 1079296K
  class space    used 3873K, capacity 3968K, committed 4040K, reserved 1048576K
}
2016-10-28T02:31:39.648-0400: 27.408: Total time for which application threads were stopped: 0.0184195 seconds, Stopping threads took: 0.0001258 seconds
{Heap before GC invocations=140 (full 1):
 par new generation   total 109248K, used 88761K [0x00000000e0000000, 0x00000000e8000000, 0x00000000e8000000)
  eden space 87424K, 100% used [0x00000000e0000000, 0x00000000e5560000, 0x00000000e5560000)
  from space 21824K,   6% used [0x00000000e5560000, 0x00000000e56ae4a0, 0x00000000e6ab0000)
  to   space 21824K,   0% used [0x00000000e6ab0000, 0x00000000e6ab0000, 0x00000000e8000000)
 concurrent mark-sweep generation total 393216K, used 126445K [0x00000000e8000000, 0x0000000100000000, 0x0000000100000000)
 Metaspace       used 33451K, capacity 33878K, committed 34248K, reserved 1079296K
  class space    used 3873K, capacity 3968K, committed 4040K, reserved 1048576K
2016-10-28T02:31:39.669-0400: 27.429: [GC (Allocation Failure) 2016-10-28T02:31:39.669-0400: 27.429: [ParNew
Desired survivor size 20112992 bytes, new threshold 8 (max 8)
- age   1:     147600 bytes,     147600 total
- age   2:     155984 bytes,     303584 total
- age   3:     113344 bytes,     416928 total
- age   4:     120624 bytes,     537552 total
- age   5:     158880 bytes,     696432 total
- age   6:     120624 bytes,     817056 total
- age   7:     146272 bytes,     963328 total
- age   8:     122264 bytes,    1085592 total
: 88761K->1413K(109248K), 0.0170270 secs] 215207K->128015K(502464K), 0.0171530 secs] [Times: user=0.02 sys=0.02, real=0.01 secs] 
Heap after GC invocations=141 (full 1):
 par new generation   total 109248K, used 1413K [0x00000000e0000000, 0x00000000e8000000, 0x00000000e8000000)
  eden space 87424K,   0% used [0x00000000e0000000, 0x00000000e0000000, 0x00000000e5560000)
  from space 21824K,   6% used [0x00000000e6ab0000, 0x00000000e6c11430, 0x00000000e8000000)
  to   space 21824K,   0% used [0x00000000e5560000, 0x00000000e5560000, 0x00000000e6ab0000)
 concurrent mark-sweep generation total 393216K, used 126602K [0x00000000e8000000, 0x0000000100000000, 0x0000000100000000)
 Metaspace       used 33451K, capacity 33878K, committed 34248K, reserved 1079296K
  class space    used 3873K, capacity 3968K, committed 4040K, reserved 1048576K
}
2016-10-28T02:31:39.687-0400: 27.447: Total time for which application threads were stopped: 0.0175632 seconds, Stopping threads took: 0.0001290 seconds
{Heap before GC invocations=141 (full 1):
 par new generation   total 109248K, used 88837K [0x00000000e0000000, 0x00000000e8000000, 0x00000000e8000000)
  eden space 87424K, 100% used [0x00000000e0000000, 0x00000000e5560000, 0x00000000e5560000)
  from space 21824K,   6% used [0x00000000e6ab0000, 0x00000000e6c11430, 0x00000000e8000000)
  to   space 21824K,   0% used [0x00000000e5560000, 0x00000000e5560000, 0x00000000e6ab0000)
 concurrent mark-sweep generation total 393216K, used 126602K [0x00000000e8000000, 0x0000000100000000, 0x0000000100000000)
 Metaspace       used 33451K, capacity 33878K, committed 34248K, reserved 1079296K
  class space    used 3873K, capacity 3968K, committed 4040K, reserved 1048576K
2016-10-28T02:31:39.709-0400: 27.469: [GC (Allocation Failure) 2016-10-28T02:31:39.709-0400: 27.469: [ParNew
Desired survivor size 20112992 bytes, new threshold 8 (max 8)
- age   1:     173080 bytes,     173080 total
- age   2:     120624 bytes,     293704 total
- age   3:     155984 bytes,     449688 total
- age   4:     113344 bytes,     563032 total
- age   5:     120624 bytes,     683656 total
- age   6:     158880 bytes,     842536 total
- age   7:     120624 bytes,     963160 total
- age   8:     146272 bytes,    1109432 total
: 88837K->1292K(109248K), 0.0182570 secs] 215439K->128019K(502464K), 0.0183317 secs] [Times: user=0.02 sys=0.01, real=0.02 secs] 
Heap after GC invocations=142 (full 1):
 par new generation   total 109248K, used 1292K [0x00000000e0000000, 0x00000000e8000000, 0x00000000e8000000)
  eden space 87424K,   0% used [0x00000000e0000000, 0x00000000e0000000, 0x00000000e5560000)
  from space 21824K,   5% used [0x00000000e5560000, 0x00000000e56a3330, 0x00000000e6ab0000)
  to   space 21824K,   0% used [0x00000000e6ab0000, 0x00000000e6ab0000, 0x00000000e8000000)
 concurrent mark-sweep generation total 393216K, used 126727K [0x00000000e8000000, 0x0000000100000000, 0x0000000100000000)
 Metaspace       used 33451K, capacity 33878K, committed 34248K, reserved 1079296K
  class space    used 3873K, capacity 3968K, committed 4040K, reserved 1048576K
}
2016-10-28T02:31:39.727-0400: 27.487: Total time for which application threads were stopped: 0.0189957 seconds, Stopping threads took: 0.0003898 seconds
{Heap before GC invocations=142 (full 1):
 par new generation   total 109248K, used 88716K [0x00000000e0000000, 0x00000000e8000000, 0x00000000e8000000)
  eden space 87424K, 100% used [0x00000000e0000000, 0x00000000e5560000, 0x00000000e5560000)
  from space 21824K,   5% used [0x00000000e5560000, 0x00000000e56a3330, 0x00000000e6ab0000)
  to   space 21824K,   0% used [0x00000000e6ab0000, 0x00000000e6ab0000, 0x00000000e8000000)
 concurrent mark-sweep generation total 393216K, used 126727K [0x00000000e8000000, 0x0000000100000000, 0x0000000100000000)
 Metaspace       used 33451K, capacity 33878K, committed 34248K, reserved 1079296K
  class space    used 3873K, capacity 3968K, committed 4040K, reserved 1048576K
2016-10-28T02:31:39.749-0400: 27.509: [GC (Allocation Failure) 2016-10-28T02:31:39.749-0400: 27.509: [ParNew
Desired survivor size 20112992 bytes, new threshold 8 (max 8)
- age   1:     181720 bytes,     181720 total
- age   2:     146128 bytes,     327848 total
- age   3:     120624 bytes,     448472 total
- age   4:     155984 bytes,     604456 total
- age   5:     113344 bytes,     717800 total
- age   6:     120624 bytes,     838424 total
- age   7:     158904 bytes,     997328 total
- age   8:     120624 bytes,    1117952 total
: 88716K->1685K(109248K), 0.0165083 secs] 215443K->128561K(502464K), 0.0165832 secs] [Times: user=0.03 sys=0.01, real=0.01 secs] 
Heap after GC invocations=143 (full 1):
 par new generation   total 109248K, used 1685K [0x00000000e0000000, 0x00000000e8000000, 0x00000000e8000000)
  eden space 87424K,   0% used [0x00000000e0000000, 0x00000000e0000000, 0x00000000e5560000)
  from space 21824K,   7% used [0x00000000e6ab0000, 0x00000000e6c55758, 0x00000000e8000000)
  to   space 21824K,   0% used [0x00000000e5560000, 0x00000000e5560000, 0x00000000e6ab0000)
 concurrent mark-sweep generation total 393216K, used 126875K [0x00000000e8000000, 0x0000000100000000, 0x0000000100000000)
 Metaspace       used 33451K, capacity 33878K, committed 34248K, reserved 1079296K
  class space    used 3873K, capacity 3968K, committed 4040K, reserved 1048576K
}
2016-10-28T02:31:39.765-0400: 27.526: Total time for which application threads were stopped: 0.0168976 seconds, Stopping threads took: 0.0001513 seconds
{Heap before GC invocations=143 (full 1):
 par new generation   total 109248K, used 89109K [0x00000000e0000000, 0x00000000e8000000, 0x00000000e8000000)
  eden space 87424K, 100% used [0x00000000e0000000, 0x00000000e5560000, 0x00000000e5560000)
  from space 21824K,   7% used [0x00000000e6ab0000, 0x00000000e6c55758, 0x00000000e8000000)
  to   space 21824K,   0% used [0x00000000e5560000, 0x00000000e5560000, 0x00000000e6ab0000)
 concurrent mark-sweep generation total 393216K, used 126875K [0x00000000e8000000, 0x0000000100000000, 0x0000000100000000)
 Metaspace       used 33451K, capacity 33878K, committed 34248K, reserved 1079296K
  class space    used 3873K, capacity 3968K, committed 4040K, reserved 1048576K
2016-10-28T02:31:39.789-0400: 27.549: [GC (Allocation Failure) 2016-10-28T02:31:39.789-0400: 27.549: [ParNew
Desired survivor size 20112992 bytes, new threshold 8 (max 8)
- age   1:    2270320 bytes,    2270320 total
- age   2:     154760 bytes,    2425080 total
- age   3:     146128 bytes,    2571208 total
- age   4:     120624 bytes,    2691832 total
- age   5:     155984 bytes,    2847816 total
- age   6:     113344 bytes,    2961160 total
- age   7:     120624 bytes,    3081784 total
- age   8:     158880 bytes,    3240664 total
: 89109K->3445K(109248K), 0.0145382 secs] 215985K->130444K(502464K), 0.0146457 secs] [Times: user=0.03 sys=0.00, real=0.01 secs] 
Heap after GC invocations=144 (full 1):
 par new generation   total 109248K, used 3445K [0x00000000e0000000, 0x00000000e8000000, 0x00000000e8000000)
  eden space 87424K,   0% used [0x00000000e0000000, 0x00000000e0000000, 0x00000000e5560000)
  from space 21824K,  15% used [0x00000000e5560000, 0x00000000e58bd690, 0x00000000e6ab0000)
  to   space 21824K,   0% used [0x00000000e6ab0000, 0x00000000e6ab0000, 0x00000000e8000000)
 concurrent mark-sweep generation total 393216K, used 126998K [0x00000000e8000000, 0x0000000100000000, 0x0000000100000000)
 Metaspace       used 33451K, capacity 33878K, committed 34248K, reserved 1079296K
  class space    used 3873K, capacity 3968K, committed 4040K, reserved 1048576K
}
2016-10-28T02:31:39.804-0400: 27.564: Total time for which application threads were stopped: 0.0150212 seconds, Stopping threads took: 0.0001203 seconds
{Heap before GC invocations=144 (full 1):
 par new generation   total 109248K, used 90869K [0x00000000e0000000, 0x00000000e8000000, 0x00000000e8000000)
  eden space 87424K, 100% used [0x00000000e0000000, 0x00000000e5560000, 0x00000000e5560000)
  from space 21824K,  15% used [0x00000000e5560000, 0x00000000e58bd690, 0x00000000e6ab0000)
  to   space 21824K,   0% used [0x00000000e6ab0000, 0x00000000e6ab0000, 0x00000000e8000000)
 concurrent mark-sweep generation total 393216K, used 126998K [0x00000000e8000000, 0x0000000100000000, 0x0000000100000000)
 Metaspace       used 33452K, capacity 33878K, committed 34248K, reserved 1079296K
  class space    used 3873K, capacity 3968K, committed 4040K, reserved 1048576K
2016-10-28T02:31:39.825-0400: 27.585: [GC (Allocation Failure) 2016-10-28T02:31:39.825-0400: 27.585: [ParNew
Desired survivor size 20112992 bytes, new threshold 8 (max 8)
- age   1:     140328 bytes,     140328 total
- age   2:    2243360 bytes,    2383688 total
- age   3:     154784 bytes,    2538472 total
- age   4:     146128 bytes,    2684600 total
- age   5:     120624 bytes,    2805224 total
- age   6:     155984 bytes,    2961208 total
- age   7:     113392 bytes,    3074600 total
- age   8:     120624 bytes,    3195224 total
: 90869K->3549K(109248K), 0.0230633 secs] 217868K->130708K(502464K), 0.0231811 secs] [Times: user=0.03 sys=0.01, real=0.03 secs] 
Heap after GC invocations=145 (full 1):
 par new generation   total 109248K, used 3549K [0x00000000e0000000, 0x00000000e8000000, 0x00000000e8000000)
  eden space 87424K,   0% used [0x00000000e0000000, 0x00000000e0000000, 0x00000000e5560000)
  from space 21824K,  16% used [0x00000000e6ab0000, 0x00000000e6e277b8, 0x00000000e8000000)
  to   space 21824K,   0% used [0x00000000e5560000, 0x00000000e5560000, 0x00000000e6ab0000)
 concurrent mark-sweep generation total 393216K, used 127159K [0x00000000e8000000, 0x0000000100000000, 0x0000000100000000)
 Metaspace       used 33452K, capacity 33878K, committed 34248K, reserved 1079296K
  class space    used 3873K, capacity 3968K, committed 4040K, reserved 1048576K
}
2016-10-28T02:31:39.848-0400: 27.609: Total time for which application threads were stopped: 0.0236152 seconds, Stopping threads took: 0.0001554 seconds
{Heap before GC invocations=145 (full 1):
 par new generation   total 109248K, used 90973K [0x00000000e0000000, 0x00000000e8000000, 0x00000000e8000000)
  eden space 87424K, 100% used [0x00000000e0000000, 0x00000000e5560000, 0x00000000e5560000)
  from space 21824K,  16% used [0x00000000e6ab0000, 0x00000000e6e277b8, 0x00000000e8000000)
  to   space 21824K,   0% used [0x00000000e5560000, 0x00000000e5560000, 0x00000000e6ab0000)
 concurrent mark-sweep generation total 393216K, used 127159K [0x00000000e8000000, 0x0000000100000000, 0x0000000100000000)
 Metaspace       used 33452K, capacity 33878K, committed 34248K, reserved 1079296K
  class space    used 3873K, capacity 3968K, committed 4040K, reserved 1048576K
2016-10-28T02:31:39.869-0400: 27.629: [GC (Allocation Failure) 2016-10-28T02:31:39.869-0400: 27.629: [ParNew
Desired survivor size 20112992 bytes, new threshold 8 (max 8)
- age   1:     182512 bytes,     182512 total
- age   2:     113344 bytes,     295856 total
- age   3:    2243360 bytes,    2539216 total
- age   4:     154760 bytes,    2693976 total
- age   5:     146128 bytes,    2840104 total
- age   6:     120624 bytes,    2960728 total
- age   7:     155984 bytes,    3116712 total
- age   8:     113344 bytes,    3230056 total
: 90973K->3500K(109248K), 0.0161074 secs] 218132K->130782K(502464K), 0.0161907 secs] [Times: user=0.02 sys=0.01, real=0.01 secs] 
Heap after GC invocations=146 (full 1):
 par new generation   total 109248K, used 3500K [0x00000000e0000000, 0x00000000e8000000, 0x00000000e8000000)
  eden space 87424K,   0% used [0x00000000e0000000, 0x00000000e0000000, 0x00000000e5560000)
  from space 21824K,  16% used [0x00000000e5560000, 0x00000000e58cb108, 0x00000000e6ab0000)
  to   space 21824K,   0% used [0x00000000e6ab0000, 0x00000000e6ab0000, 0x00000000e8000000)
 concurrent mark-sweep generation total 393216K, used 127282K [0x00000000e8000000, 0x0000000100000000, 0x0000000100000000)
 Metaspace       used 33452K, capacity 33878K, committed 34248K, reserved 1079296K
  class space    used 3873K, capacity 3968K, committed 4040K, reserved 1048576K
}
2016-10-28T02:31:39.885-0400: 27.645: Total time for which application threads were stopped: 0.0164583 seconds, Stopping threads took: 0.0001009 seconds
{Heap before GC invocations=146 (full 1):
 par new generation   total 109248K, used 90924K [0x00000000e0000000, 0x00000000e8000000, 0x00000000e8000000)
  eden space 87424K, 100% used [0x00000000e0000000, 0x00000000e5560000, 0x00000000e5560000)
  from space 21824K,  16% used [0x00000000e5560000, 0x00000000e58cb108, 0x00000000e6ab0000)
  to   space 21824K,   0% used [0x00000000e6ab0000, 0x00000000e6ab0000, 0x00000000e8000000)
 concurrent mark-sweep generation total 393216K, used 127282K [0x00000000e8000000, 0x0000000100000000, 0x0000000100000000)
 Metaspace       used 33455K, capacity 33878K, committed 34248K, reserved 1079296K
  class space    used 3873K, capacity 3968K, committed 4040K, reserved 1048576K
2016-10-28T02:31:39.907-0400: 27.667: [GC (Allocation Failure) 2016-10-28T02:31:39.907-0400: 27.667: [ParNew
Desired survivor size 20112992 bytes, new threshold 8 (max 8)
- age   1:     147984 bytes,     147984 total
- age   2:     155576 bytes,     303560 total
- age   3:     113368 bytes,     416928 total
- age   4:    2243456 bytes,    2660384 total
- age   5:     154880 bytes,    2815264 total
- age   6:     146224 bytes,    2961488 total
- age   7:     120672 bytes,    3082160 total
- age   8:     156056 bytes,    3238216 total
: 90924K->3507K(109248K), 0.0136789 secs] 218206K->130906K(502464K), 0.0141014 secs] [Times: user=0.01 sys=0.01, real=0.02 secs] 
Heap after GC invocations=147 (full 1):
 par new generation   total 109248K, used 3507K [0x00000000e0000000, 0x00000000e8000000, 0x00000000e8000000)
  eden space 87424K,   0% used [0x00000000e0000000, 0x00000000e0000000, 0x00000000e5560000)
  from space 21824K,  16% used [0x00000000e6ab0000, 0x00000000e6e1cfb0, 0x00000000e8000000)
  to   space 21824K,   0% used [0x00000000e5560000, 0x00000000e5560000, 0x00000000e6ab0000)
 concurrent mark-sweep generation total 393216K, used 127398K [0x00000000e8000000, 0x0000000100000000, 0x0000000100000000)
 Metaspace       used 33455K, capacity 33878K, committed 34248K, reserved 1079296K
  class space    used 3873K, capacity 3968K, committed 4040K, reserved 1048576K
}
2016-10-28T02:31:39.921-0400: 27.681: Total time for which application threads were stopped: 0.0145358 seconds, Stopping threads took: 0.0001369 seconds
{Heap before GC invocations=147 (full 1):
 par new generation   total 109248K, used 90931K [0x00000000e0000000, 0x00000000e8000000, 0x00000000e8000000)
  eden space 87424K, 100% used [0x00000000e0000000, 0x00000000e5560000, 0x00000000e5560000)
  from space 21824K,  16% used [0x00000000e6ab0000, 0x00000000e6e1cfb0, 0x00000000e8000000)
  to   space 21824K,   0% used [0x00000000e5560000, 0x00000000e5560000, 0x00000000e6ab0000)
 concurrent mark-sweep generation total 393216K, used 127398K [0x00000000e8000000, 0x0000000100000000, 0x0000000100000000)
 Metaspace       used 33455K, capacity 33878K, committed 34248K, reserved 1079296K
  class space    used 3873K, capacity 3968K, committed 4040K, reserved 1048576K
2016-10-28T02:31:39.943-0400: 27.703: [GC (Allocation Failure) 2016-10-28T02:31:39.943-0400: 27.703: [ParNew
Desired survivor size 20112992 bytes, new threshold 8 (max 8)
- age   1:     140296 bytes,     140296 total
- age   2:     120912 bytes,     261208 total
- age   3:     155552 bytes,     416760 total
- age   4:     113344 bytes,     530104 total
- age   5:    2243360 bytes,    2773464 total
- age   6:     154760 bytes,    2928224 total
- age   7:     146128 bytes,    3074352 total
- age   8:     120624 bytes,    3194976 total
: 90931K->3440K(109248K), 0.0168685 secs] 218330K->130996K(502464K), 0.0169395 secs] [Times: user=0.02 sys=0.01, real=0.02 secs] 
Heap after GC invocations=148 (full 1):
 par new generation   total 109248K, used 3440K [0x00000000e0000000, 0x00000000e8000000, 0x00000000e8000000)
  eden space 87424K,   0% used [0x00000000e0000000, 0x00000000e0000000, 0x00000000e5560000)
  from space 21824K,  15% used [0x00000000e5560000, 0x00000000e58bc020, 0x00000000e6ab0000)
  to   space 21824K,   0% used [0x00000000e6ab0000, 0x00000000e6ab0000, 0x00000000e8000000)
 concurrent mark-sweep generation total 393216K, used 127555K [0x00000000e8000000, 0x0000000100000000, 0x0000000100000000)
 Metaspace       used 33455K, capacity 33878K, committed 34248K, reserved 1079296K
  class space    used 3873K, capacity 3968K, committed 4040K, reserved 1048576K
}
2016-10-28T02:31:39.960-0400: 27.720: Total time for which application threads were stopped: 0.0181264 seconds, Stopping threads took: 0.0008604 seconds
{Heap before GC invocations=148 (full 1):
 par new generation   total 109248K, used 90864K [0x00000000e0000000, 0x00000000e8000000, 0x00000000e8000000)
  eden space 87424K, 100% used [0x00000000e0000000, 0x00000000e5560000, 0x00000000e5560000)
  from space 21824K,  15% used [0x00000000e5560000, 0x00000000e58bc020, 0x00000000e6ab0000)
  to   space 21824K,   0% used [0x00000000e6ab0000, 0x00000000e6ab0000, 0x00000000e8000000)
 concurrent mark-sweep generation total 393216K, used 127555K [0x00000000e8000000, 0x0000000100000000, 0x0000000100000000)
 Metaspace       used 33455K, capacity 33878K, committed 34248K, reserved 1079296K
  class space    used 3873K, capacity 3968K, committed 4040K, reserved 1048576K
2016-10-28T02:31:39.980-0400: 27.740: [GC (Allocation Failure) 2016-10-28T02:31:39.980-0400: 27.740: [ParNew
Desired survivor size 20112992 bytes, new threshold 8 (max 8)
- age   1:     181576 bytes,     181576 total
- age   2:     113344 bytes,     294920 total
- age   3:     120936 bytes,     415856 total
- age   4:     155552 bytes,     571408 total
- age   5:     113344 bytes,     684752 total
- age   6:    2243360 bytes,    2928112 total
- age   7:     154760 bytes,    3082872 total
- age   8:     146128 bytes,    3229000 total
: 90864K->3416K(109248K), 0.0157527 secs] 218420K->131095K(502464K), 0.0158878 secs] [Times: user=0.01 sys=0.02, real=0.01 secs] 
Heap after GC invocations=149 (full 1):
 par new generation   total 109248K, used 3416K [0x00000000e0000000, 0x00000000e8000000, 0x00000000e8000000)
  eden space 87424K,   0% used [0x00000000e0000000, 0x00000000e0000000, 0x00000000e5560000)
  from space 21824K,  15% used [0x00000000e6ab0000, 0x00000000e6e06020, 0x00000000e8000000)
  to   space 21824K,   0% used [0x00000000e5560000, 0x00000000e5560000, 0x00000000e6ab0000)
 concurrent mark-sweep generation total 393216K, used 127679K [0x00000000e8000000, 0x0000000100000000, 0x0000000100000000)
 Metaspace       used 33455K, capacity 33878K, committed 34248K, reserved 1079296K
  class space    used 3873K, capacity 3968K, committed 4040K, reserved 1048576K
}
2016-10-28T02:31:39.996-0400: 27.756: Total time for which application threads were stopped: 0.0162241 seconds, Stopping threads took: 0.0000840 seconds
{Heap before GC invocations=149 (full 1):
 par new generation   total 109248K, used 90840K [0x00000000e0000000, 0x00000000e8000000, 0x00000000e8000000)
  eden space 87424K, 100% used [0x00000000e0000000, 0x00000000e5560000, 0x00000000e5560000)
  from space 21824K,  15% used [0x00000000e6ab0000, 0x00000000e6e06020, 0x00000000e8000000)
  to   space 21824K,   0% used [0x00000000e5560000, 0x00000000e5560000, 0x00000000e6ab0000)
 concurrent mark-sweep generation total 393216K, used 127679K [0x00000000e8000000, 0x0000000100000000, 0x0000000100000000)
 Metaspace       used 33455K, capacity 33878K, committed 34248K, reserved 1079296K
  class space    used 3873K, capacity 3968K, committed 4040K, reserved 1048576K
2016-10-28T02:31:40.017-0400: 27.777: [GC (Allocation Failure) 2016-10-28T02:31:40.017-0400: 27.777: [ParNew
Desired survivor size 20112992 bytes, new threshold 8 (max 8)
- age   1:     147880 bytes,     147880 total
- age   2:     154616 bytes,     302496 total
- age   3:     113344 bytes,     415840 total
- age   4:     120912 bytes,     536752 total
- age   5:     155552 bytes,     692304 total
- age   6:     113344 bytes,     805648 total
- age   7:    2243360 bytes,    3049008 total
- age   8:     154760 bytes,    3203768 total
: 90840K->3430K(109248K), 0.0247478 secs] 218519K->131258K(502464K), 0.0248884 secs] [Times: user=0.04 sys=0.00, real=0.03 secs] 
Heap after GC invocations=150 (full 1):
 par new generation   total 109248K, used 3430K [0x00000000e0000000, 0x00000000e8000000, 0x00000000e8000000)
  eden space 87424K,   0% used [0x00000000e0000000, 0x00000000e0000000, 0x00000000e5560000)
  from space 21824K,  15% used [0x00000000e5560000, 0x00000000e58b9b40, 0x00000000e6ab0000)
  to   space 21824K,   0% used [0x00000000e6ab0000, 0x00000000e6ab0000, 0x00000000e8000000)
 concurrent mark-sweep generation total 393216K, used 127827K [0x00000000e8000000, 0x0000000100000000, 0x0000000100000000)
 Metaspace       used 33455K, capacity 33878K, committed 34248K, reserved 1079296K
  class space    used 3873K, capacity 3968K, committed 4040K, reserved 1048576K
}
2016-10-28T02:31:40.042-0400: 27.802: Total time for which application threads were stopped: 0.0252715 seconds, Stopping threads took: 0.0001463 seconds
{Heap before GC invocations=150 (full 1):
 par new generation   total 109248K, used 90854K [0x00000000e0000000, 0x00000000e8000000, 0x00000000e8000000)
  eden space 87424K, 100% used [0x00000000e0000000, 0x00000000e5560000, 0x00000000e5560000)
  from space 21824K,  15% used [0x00000000e5560000, 0x00000000e58b9b40, 0x00000000e6ab0000)
  to   space 21824K,   0% used [0x00000000e6ab0000, 0x00000000e6ab0000, 0x00000000e8000000)
 concurrent mark-sweep generation total 393216K, used 127827K [0x00000000e8000000, 0x0000000100000000, 0x0000000100000000)
 Metaspace       used 33455K, capacity 33878K, committed 34248K, reserved 1079296K
  class space    used 3873K, capacity 3968K, committed 4040K, reserved 1048576K
2016-10-28T02:31:40.063-0400: 27.823: [GC (Allocation Failure) 2016-10-28T02:31:40.063-0400: 27.823: [ParNew
Desired survivor size 20112992 bytes, new threshold 8 (max 8)
- age   1:     173088 bytes,     173088 total
- age   2:     120912 bytes,     294000 total
- age   3:     154616 bytes,     448616 total
- age   4:     113344 bytes,     561960 total
- age   5:     120912 bytes,     682872 total
- age   6:     155552 bytes,     838424 total
- age   7:     113344 bytes,     951768 total
- age   8:    2243360 bytes,    3195128 total
: 90854K->3490K(109248K), 0.0212637 secs] 218682K->131474K(502464K), 0.0214459 secs] [Times: user=0.03 sys=0.00, real=0.02 secs] 
Heap after GC invocations=151 (full 1):
 par new generation   total 109248K, used 3490K [0x00000000e0000000, 0x00000000e8000000, 0x00000000e8000000)
  eden space 87424K,   0% used [0x00000000e0000000, 0x00000000e0000000, 0x00000000e5560000)
  from space 21824K,  15% used [0x00000000e6ab0000, 0x00000000e6e189d8, 0x00000000e8000000)
  to   space 21824K,   0% used [0x00000000e5560000, 0x00000000e5560000, 0x00000000e6ab0000)
 concurrent mark-sweep generation total 393216K, used 127983K [0x00000000e8000000, 0x0000000100000000, 0x0000000100000000)
 Metaspace       used 33455K, capacity 33878K, committed 34248K, reserved 1079296K
  class space    used 3873K, capacity 3968K, committed 4040K, reserved 1048576K
}
2016-10-28T02:31:40.085-0400: 27.845: Total time for which application threads were stopped: 0.0217902 seconds, Stopping threads took: 0.0001163 seconds
{Heap before GC invocations=151 (full 1):
 par new generation   total 109248K, used 90914K [0x00000000e0000000, 0x00000000e8000000, 0x00000000e8000000)
  eden space 87424K, 100% used [0x00000000e0000000, 0x00000000e5560000, 0x00000000e5560000)
  from space 21824K,  15% used [0x00000000e6ab0000, 0x00000000e6e189d8, 0x00000000e8000000)
  to   space 21824K,   0% used [0x00000000e5560000, 0x00000000e5560000, 0x00000000e6ab0000)
 concurrent mark-sweep generation total 393216K, used 127983K [0x00000000e8000000, 0x0000000100000000, 0x0000000100000000)
 Metaspace       used 33455K, capacity 33878K, committed 34248K, reserved 1079296K
  class space    used 3873K, capacity 3968K, committed 4040K, reserved 1048576K
2016-10-28T02:31:40.112-0400: 27.872: [GC (Allocation Failure) 2016-10-28T02:31:40.112-0400: 27.872: [ParNew
Desired survivor size 20112992 bytes, new threshold 8 (max 8)
- age   1:    1719832 bytes,    1719832 total
- age   2:     146128 bytes,    1865960 total
- age   3:     120912 bytes,    1986872 total
- age   4:     154616 bytes,    2141488 total
- age   5:     113344 bytes,    2254832 total
- age   6:     120912 bytes,    2375744 total
- age   7:     155552 bytes,    2531296 total
- age   8:     113344 bytes,    2644640 total
: 90914K->2888K(109248K), 0.0408199 secs] 218898K->133068K(502464K), 0.0409492 secs] [Times: user=0.05 sys=0.05, real=0.04 secs] 
Heap after GC invocations=152 (full 1):
 par new generation   total 109248K, used 2888K [0x00000000e0000000, 0x00000000e8000000, 0x00000000e8000000)
  eden space 87424K,   0% used [0x00000000e0000000, 0x00000000e0000000, 0x00000000e5560000)
  from space 21824K,  13% used [0x00000000e5560000, 0x00000000e5832110, 0x00000000e6ab0000)
  to   space 21824K,   0% used [0x00000000e6ab0000, 0x00000000e6ab0000, 0x00000000e8000000)
 concurrent mark-sweep generation total 393216K, used 130179K [0x00000000e8000000, 0x0000000100000000, 0x0000000100000000)
 Metaspace       used 33455K, capacity 33878K, committed 34248K, reserved 1079296K
  class space    used 3873K, capacity 3968K, committed 4040K, reserved 1048576K
}
2016-10-28T02:31:40.153-0400: 27.913: Total time for which application threads were stopped: 0.0413876 seconds, Stopping threads took: 0.0001382 seconds
{Heap before GC invocations=152 (full 1):
 par new generation   total 109248K, used 90312K [0x00000000e0000000, 0x00000000e8000000, 0x00000000e8000000)
  eden space 87424K, 100% used [0x00000000e0000000, 0x00000000e5560000, 0x00000000e5560000)
  from space 21824K,  13% used [0x00000000e5560000, 0x00000000e5832110, 0x00000000e6ab0000)
  to   space 21824K,   0% used [0x00000000e6ab0000, 0x00000000e6ab0000, 0x00000000e8000000)
 concurrent mark-sweep generation total 393216K, used 130179K [0x00000000e8000000, 0x0000000100000000, 0x0000000100000000)
 Metaspace       used 33455K, capacity 33878K, committed 34248K, reserved 1079296K
  class space    used 3873K, capacity 3968K, committed 4040K, reserved 1048576K
2016-10-28T02:31:40.175-0400: 27.935: [GC (Allocation Failure) 2016-10-28T02:31:40.175-0400: 27.935: [ParNew
Desired survivor size 20112992 bytes, new threshold 8 (max 8)
- age   1:     180360 bytes,     180360 total
- age   2:    1692872 bytes,    1873232 total
- age   3:     146128 bytes,    2019360 total
- age   4:     120912 bytes,    2140272 total
- age   5:     154616 bytes,    2294888 total
- age   6:     113344 bytes,    2408232 total
- age   7:     120912 bytes,    2529144 total
- age   8:     155552 bytes,    2684696 total
: 90312K->3014K(109248K), 0.0133400 secs] 220492K->133310K(502464K), 0.0134087 secs] [Times: user=0.00 sys=0.01, real=0.02 secs] 
Heap after GC invocations=153 (full 1):
 par new generation   total 109248K, used 3014K [0x00000000e0000000, 0x00000000e8000000, 0x00000000e8000000)
  eden space 87424K,   0% used [0x00000000e0000000, 0x00000000e0000000, 0x00000000e5560000)
  from space 21824K,  13% used [0x00000000e6ab0000, 0x00000000e6da1960, 0x00000000e8000000)
  to   space 21824K,   0% used [0x00000000e5560000, 0x00000000e5560000, 0x00000000e6ab0000)
 concurrent mark-sweep generation total 393216K, used 130295K [0x00000000e8000000, 0x0000000100000000, 0x0000000100000000)
 Metaspace       used 33455K, capacity 33878K, committed 34248K, reserved 1079296K
  class space    used 3873K, capacity 3968K, committed 4040K, reserved 1048576K
}
2016-10-28T02:31:40.188-0400: 27.948: Total time for which application threads were stopped: 0.0136481 seconds, Stopping threads took: 0.0000865 seconds
{Heap before GC invocations=153 (full 1):
 par new generation   total 109248K, used 90438K [0x00000000e0000000, 0x00000000e8000000, 0x00000000e8000000)
  eden space 87424K, 100% used [0x00000000e0000000, 0x00000000e5560000, 0x00000000e5560000)
  from space 21824K,  13% used [0x00000000e6ab0000, 0x00000000e6da1960, 0x00000000e8000000)
  to   space 21824K,   0% used [0x00000000e5560000, 0x00000000e5560000, 0x00000000e6ab0000)
 concurrent mark-sweep generation total 393216K, used 130295K [0x00000000e8000000, 0x0000000100000000, 0x0000000100000000)
 Metaspace       used 33455K, capacity 33878K, committed 34248K, reserved 1079296K
  class space    used 3873K, capacity 3968K, committed 4040K, reserved 1048576K
2016-10-28T02:31:40.213-0400: 27.973: [GC (Allocation Failure) 2016-10-28T02:31:40.213-0400: 27.973: [ParNew
Desired survivor size 20112992 bytes, new threshold 8 (max 8)
- age   1:     139544 bytes,     139544 total
- age   2:     153408 bytes,     292952 total
- age   3:    1692872 bytes,    1985824 total
- age   4:     146128 bytes,    2131952 total
- age   5:     120912 bytes,    2252864 total
- age   6:     154616 bytes,    2407480 total
- age   7:     113344 bytes,    2520824 total
- age   8:     120912 bytes,    2641736 total
: 90438K->2841K(109248K), 0.0153792 secs] 220734K->133294K(502464K), 0.0155083 secs] [Times: user=0.01 sys=0.02, real=0.02 secs] 
Heap after GC invocations=154 (full 1):
 par new generation   total 109248K, used 2841K [0x00000000e0000000, 0x00000000e8000000, 0x00000000e8000000)
  eden space 87424K,   0% used [0x00000000e0000000, 0x00000000e0000000, 0x00000000e5560000)
  from space 21824K,  13% used [0x00000000e5560000, 0x00000000e58264d0, 0x00000000e6ab0000)
  to   space 21824K,   0% used [0x00000000e6ab0000, 0x00000000e6ab0000, 0x00000000e8000000)
 concurrent mark-sweep generation total 393216K, used 130453K [0x00000000e8000000, 0x0000000100000000, 0x0000000100000000)
 Metaspace       used 33455K, capacity 33878K, committed 34248K, reserved 1079296K
  class space    used 3873K, capacity 3968K, committed 4040K, reserved 1048576K
}
2016-10-28T02:31:40.228-0400: 27.988: Total time for which application threads were stopped: 0.0157840 seconds, Stopping threads took: 0.0001335 seconds
{Heap before GC invocations=154 (full 1):
 par new generation   total 109248K, used 90265K [0x00000000e0000000, 0x00000000e8000000, 0x00000000e8000000)
  eden space 87424K, 100% used [0x00000000e0000000, 0x00000000e5560000, 0x00000000e5560000)
  from space 21824K,  13% used [0x00000000e5560000, 0x00000000e58264d0, 0x00000000e6ab0000)
  to   space 21824K,   0% used [0x00000000e6ab0000, 0x00000000e6ab0000, 0x00000000e8000000)
 concurrent mark-sweep generation total 393216K, used 130453K [0x00000000e8000000, 0x0000000100000000, 0x0000000100000000)
 Metaspace       used 33455K, capacity 33878K, committed 34248K, reserved 1079296K
  class space    used 3873K, capacity 3968K, committed 4040K, reserved 1048576K
2016-10-28T02:31:40.248-0400: 28.008: [GC (Allocation Failure) 2016-10-28T02:31:40.248-0400: 28.008: [ParNew
Desired survivor size 20112992 bytes, new threshold 8 (max 8)
- age   1:     184920 bytes,     184920 total
- age   2:     112592 bytes,     297512 total
- age   3:     153408 bytes,     450920 total
- age   4:    1692872 bytes,    2143792 total
- age   5:     146128 bytes,    2289920 total
- age   6:     120912 bytes,    2410832 total
- age   7:     154616 bytes,    2565448 total
- age   8:     113344 bytes,    2678792 total
: 90265K->2981K(109248K), 0.0120129 secs] 220718K->133558K(502464K), 0.0120811 secs] [Times: user=0.02 sys=0.00, real=0.01 secs] 
Heap after GC invocations=155 (full 1):
 par new generation   total 109248K, used 2981K [0x00000000e0000000, 0x00000000e8000000, 0x00000000e8000000)
  eden space 87424K,   0% used [0x00000000e0000000, 0x00000000e0000000, 0x00000000e5560000)
  from space 21824K,  13% used [0x00000000e6ab0000, 0x00000000e6d996e0, 0x00000000e8000000)
  to   space 21824K,   0% used [0x00000000e5560000, 0x00000000e5560000, 0x00000000e6ab0000)
 concurrent mark-sweep generation total 393216K, used 130576K [0x00000000e8000000, 0x0000000100000000, 0x0000000100000000)
 Metaspace       used 33455K, capacity 33878K, committed 34248K, reserved 1079296K
  class space    used 3873K, capacity 3968K, committed 4040K, reserved 1048576K
}
2016-10-28T02:31:40.261-0400: 28.021: Total time for which application threads were stopped: 0.0126049 seconds, Stopping threads took: 0.0001498 seconds
{Heap before GC invocations=155 (full 1):
 par new generation   total 109248K, used 90405K [0x00000000e0000000, 0x00000000e8000000, 0x00000000e8000000)
  eden space 87424K, 100% used [0x00000000e0000000, 0x00000000e5560000, 0x00000000e5560000)
  from space 21824K,  13% used [0x00000000e6ab0000, 0x00000000e6d996e0, 0x00000000e8000000)
  to   space 21824K,   0% used [0x00000000e5560000, 0x00000000e5560000, 0x00000000e6ab0000)
 concurrent mark-sweep generation total 393216K, used 130576K [0x00000000e8000000, 0x0000000100000000, 0x0000000100000000)
 Metaspace       used 33455K, capacity 33878K, committed 34248K, reserved 1079296K
  class space    used 3873K, capacity 3968K, committed 4040K, reserved 1048576K
2016-10-28T02:31:40.282-0400: 28.042: [GC (Allocation Failure) 2016-10-28T02:31:40.282-0400: 28.042: [ParNew
Desired survivor size 20112992 bytes, new threshold 8 (max 8)
- age   1:     180656 bytes,     180656 total
- age   2:     157952 bytes,     338608 total
- age   3:     112592 bytes,     451200 total
- age   4:     153408 bytes,     604608 total
- age   5:    1692872 bytes,    2297480 total
- age   6:     146128 bytes,    2443608 total
- age   7:     120912 bytes,    2564520 total
- age   8:     154616 bytes,    2719136 total
: 90405K->2936K(109248K), 0.0152127 secs] 220982K->133628K(502464K), 0.0153607 secs] [Times: user=0.02 sys=0.01, real=0.01 secs] 
Heap after GC invocations=156 (full 1):
 par new generation   total 109248K, used 2936K [0x00000000e0000000, 0x00000000e8000000, 0x00000000e8000000)
  eden space 87424K,   0% used [0x00000000e0000000, 0x00000000e0000000, 0x00000000e5560000)
  from space 21824K,  13% used [0x00000000e5560000, 0x00000000e583e178, 0x00000000e6ab0000)
  to   space 21824K,   0% used [0x00000000e6ab0000, 0x00000000e6ab0000, 0x00000000e8000000)
 concurrent mark-sweep generation total 393216K, used 130692K [0x00000000e8000000, 0x0000000100000000, 0x0000000100000000)
 Metaspace       used 33455K, capacity 33878K, committed 34248K, reserved 1079296K
  class space    used 3873K, capacity 3968K, committed 4040K, reserved 1048576K
}
2016-10-28T02:31:40.298-0400: 28.058: Total time for which application threads were stopped: 0.0157103 seconds, Stopping threads took: 0.0001515 seconds
{Heap before GC invocations=156 (full 1):
 par new generation   total 109248K, used 90360K [0x00000000e0000000, 0x00000000e8000000, 0x00000000e8000000)
  eden space 87424K, 100% used [0x00000000e0000000, 0x00000000e5560000, 0x00000000e5560000)
  from space 21824K,  13% used [0x00000000e5560000, 0x00000000e583e178, 0x00000000e6ab0000)
  to   space 21824K,   0% used [0x00000000e6ab0000, 0x00000000e6ab0000, 0x00000000e8000000)
 concurrent mark-sweep generation total 393216K, used 130692K [0x00000000e8000000, 0x0000000100000000, 0x0000000100000000)
 Metaspace       used 33455K, capacity 33878K, committed 34248K, reserved 1079296K
  class space    used 3873K, capacity 3968K, committed 4040K, reserved 1048576K
2016-10-28T02:31:40.318-0400: 28.078: [GC (Allocation Failure) 2016-10-28T02:31:40.318-0400: 28.078: [ParNew
Desired survivor size 20112992 bytes, new threshold 8 (max 8)
- age   1:     157160 bytes,     157160 total
- age   2:     153792 bytes,     310952 total
- age   3:     158024 bytes,     468976 total
- age   4:     112688 bytes,     581664 total
- age   5:     153552 bytes,     735216 total
- age   6:    1692920 bytes,    2428136 total
- age   7:     146320 bytes,    2574456 total
- age   8:     120960 bytes,    2695416 total
: 90360K->3277K(109248K), 0.0146971 secs] 221052K->134126K(502464K), 0.0147648 secs] [Times: user=0.03 sys=0.00, real=0.02 secs] 
Heap after GC invocations=157 (full 1):
 par new generation   total 109248K, used 3277K [0x00000000e0000000, 0x00000000e8000000, 0x00000000e8000000)
  eden space 87424K,   0% used [0x00000000e0000000, 0x00000000e0000000, 0x00000000e5560000)
  from space 21824K,  15% used [0x00000000e6ab0000, 0x00000000e6de3460, 0x00000000e8000000)
  to   space 21824K,   0% used [0x00000000e5560000, 0x00000000e5560000, 0x00000000e6ab0000)
 concurrent mark-sweep generation total 393216K, used 130848K [0x00000000e8000000, 0x0000000100000000, 0x0000000100000000)
 Metaspace       used 33455K, capacity 33878K, committed 34248K, reserved 1079296K
  class space    used 3873K, capacity 3968K, committed 4040K, reserved 1048576K
}
2016-10-28T02:31:40.333-0400: 28.093: Total time for which application threads were stopped: 0.0150473 seconds, Stopping threads took: 0.0001366 seconds
{Heap before GC invocations=157 (full 1):
 par new generation   total 109248K, used 90701K [0x00000000e0000000, 0x00000000e8000000, 0x00000000e8000000)
  eden space 87424K, 100% used [0x00000000e0000000, 0x00000000e5560000, 0x00000000e5560000)
  from space 21824K,  15% used [0x00000000e6ab0000, 0x00000000e6de3460, 0x00000000e8000000)
  to   space 21824K,   0% used [0x00000000e5560000, 0x00000000e5560000, 0x00000000e6ab0000)
 concurrent mark-sweep generation total 393216K, used 130848K [0x00000000e8000000, 0x0000000100000000, 0x0000000100000000)
 Metaspace       used 33455K, capacity 33878K, committed 34248K, reserved 1079296K
  class space    used 3873K, capacity 3968K, committed 4040K, reserved 1048576K
2016-10-28T02:31:40.352-0400: 28.112: [GC (Allocation Failure) 2016-10-28T02:31:40.352-0400: 28.113: [ParNew
Desired survivor size 20112992 bytes, new threshold 8 (max 8)
- age   1:     182608 bytes,     182608 total
- age   2:     130016 bytes,     312624 total
- age   3:     153696 bytes,     466320 total
- age   4:     157976 bytes,     624296 total
- age   5:     112592 bytes,     736888 total
- age   6:     153408 bytes,     890296 total
- age   7:    1692896 bytes,    2583192 total
- age   8:     146200 bytes,    2729392 total
: 90701K->2860K(109248K), 0.0170169 secs] 221550K->133832K(502464K), 0.0171156 secs] [Times: user=0.02 sys=0.00, real=0.02 secs] 
Heap after GC invocations=158 (full 1):
 par new generation   total 109248K, used 2860K [0x00000000e0000000, 0x00000000e8000000, 0x00000000e8000000)
  eden space 87424K,   0% used [0x00000000e0000000, 0x00000000e0000000, 0x00000000e5560000)
  from space 21824K,  13% used [0x00000000e5560000, 0x00000000e582b1a0, 0x00000000e6ab0000)
  to   space 21824K,   0% used [0x00000000e6ab0000, 0x00000000e6ab0000, 0x00000000e8000000)
 concurrent mark-sweep generation total 393216K, used 130972K [0x00000000e8000000, 0x0000000100000000, 0x0000000100000000)
 Metaspace       used 33455K, capacity 33878K, committed 34248K, reserved 1079296K
  class space    used 3873K, capacity 3968K, committed 4040K, reserved 1048576K
}
2016-10-28T02:31:40.370-0400: 28.130: Total time for which application threads were stopped: 0.0174893 seconds, Stopping threads took: 0.0000806 seconds
{Heap before GC invocations=158 (full 1):
 par new generation   total 109248K, used 90284K [0x00000000e0000000, 0x00000000e8000000, 0x00000000e8000000)
  eden space 87424K, 100% used [0x00000000e0000000, 0x00000000e5560000, 0x00000000e5560000)
  from space 21824K,  13% used [0x00000000e5560000, 0x00000000e582b1a0, 0x00000000e6ab0000)
  to   space 21824K,   0% used [0x00000000e6ab0000, 0x00000000e6ab0000, 0x00000000e8000000)
 concurrent mark-sweep generation total 393216K, used 130972K [0x00000000e8000000, 0x0000000100000000, 0x0000000100000000)
 Metaspace       used 33455K, capacity 33878K, committed 34248K, reserved 1079296K
  class space    used 3873K, capacity 3968K, committed 4040K, reserved 1048576K
2016-10-28T02:31:40.390-0400: 28.150: [GC (Allocation Failure) 2016-10-28T02:31:40.390-0400: 28.150: [ParNew
Desired survivor size 20112992 bytes, new threshold 8 (max 8)
- age   1:     148048 bytes,     148048 total
- age   2:     155648 bytes,     303696 total
- age   3:     135216 bytes,     438912 total
- age   4:     169416 bytes,     608328 total
- age   5:     178776 bytes,     787104 total
- age   6:     126208 bytes,     913312 total
- age   7:     170096 bytes,    1083408 total
- age   8:    1713792 bytes,    2797200 total
: 90284K->3146K(109248K), 0.0165161 secs] 221256K->134267K(502464K), 0.0166445 secs] [Times: user=0.01 sys=0.02, real=0.01 secs] 
Heap after GC invocations=159 (full 1):
 par new generation   total 109248K, used 3146K [0x00000000e0000000, 0x00000000e8000000, 0x00000000e8000000)
  eden space 87424K,   0% used [0x00000000e0000000, 0x00000000e0000000, 0x00000000e5560000)
  from space 21824K,  14% used [0x00000000e6ab0000, 0x00000000e6dc2b38, 0x00000000e8000000)
  to   space 21824K,   0% used [0x00000000e5560000, 0x00000000e5560000, 0x00000000e6ab0000)
 concurrent mark-sweep generation total 393216K, used 131120K [0x00000000e8000000, 0x0000000100000000, 0x0000000100000000)
 Metaspace       used 33455K, capacity 33878K, committed 34248K, reserved 1079296K
  class space    used 3873K, capacity 3968K, committed 4040K, reserved 1048576K
}
2016-10-28T02:31:40.407-0400: 28.167: Total time for which application threads were stopped: 0.0170409 seconds, Stopping threads took: 0.0001322 seconds
{Heap before GC invocations=159 (full 1):
 par new generation   total 109248K, used 90570K [0x00000000e0000000, 0x00000000e8000000, 0x00000000e8000000)
  eden space 87424K, 100% used [0x00000000e0000000, 0x00000000e5560000, 0x00000000e5560000)
  from space 21824K,  14% used [0x00000000e6ab0000, 0x00000000e6dc2b38, 0x00000000e8000000)
  to   space 21824K,   0% used [0x00000000e5560000, 0x00000000e5560000, 0x00000000e6ab0000)
 concurrent mark-sweep generation total 393216K, used 131120K [0x00000000e8000000, 0x0000000100000000, 0x0000000100000000)
 Metaspace       used 33455K, capacity 33878K, committed 34248K, reserved 1079296K
  class space    used 3873K, capacity 3968K, committed 4040K, reserved 1048576K
2016-10-28T02:31:40.430-0400: 28.190: [GC (Allocation Failure) 2016-10-28T02:31:40.430-0400: 28.190: [ParNew
Desired survivor size 20112992 bytes, new threshold 8 (max 8)
- age   1:     173192 bytes,     173192 total
- age   2:     120912 bytes,     294104 total
- age   3:     155552 bytes,     449656 total
- age   4:     130016 bytes,     579672 total
- age   5:     153696 bytes,     733368 total
- age   6:     157952 bytes,     891320 total
- age   7:     112592 bytes,    1003912 total
- age   8:     153408 bytes,    1157320 total
: 90570K->1439K(109248K), 0.0344800 secs] 221691K->134218K(502464K), 0.0346424 secs] [Times: user=0.04 sys=0.04, real=0.03 secs] 
Heap after GC invocations=160 (full 1):
 par new generation   total 109248K, used 1439K [0x00000000e0000000, 0x00000000e8000000, 0x00000000e8000000)
  eden space 87424K,   0% used [0x00000000e0000000, 0x00000000e0000000, 0x00000000e5560000)
  from space 21824K,   6% used [0x00000000e5560000, 0x00000000e56c7c88, 0x00000000e6ab0000)
  to   space 21824K,   0% used [0x00000000e6ab0000, 0x00000000e6ab0000, 0x00000000e8000000)
 concurrent mark-sweep generation total 393216K, used 132778K [0x00000000e8000000, 0x0000000100000000, 0x0000000100000000)
 Metaspace       used 33455K, capacity 33878K, committed 34248K, reserved 1079296K
  class space    used 3873K, capacity 3968K, committed 4040K, reserved 1048576K
}
2016-10-28T02:31:40.464-0400: 28.225: Total time for which application threads were stopped: 0.0350003 seconds, Stopping threads took: 0.0001311 seconds
{Heap before GC invocations=160 (full 1):
 par new generation   total 109248K, used 88863K [0x00000000e0000000, 0x00000000e8000000, 0x00000000e8000000)
  eden space 87424K, 100% used [0x00000000e0000000, 0x00000000e5560000, 0x00000000e5560000)
  from space 21824K,   6% used [0x00000000e5560000, 0x00000000e56c7c88, 0x00000000e6ab0000)
  to   space 21824K,   0% used [0x00000000e6ab0000, 0x00000000e6ab0000, 0x00000000e8000000)
 concurrent mark-sweep generation total 393216K, used 132778K [0x00000000e8000000, 0x0000000100000000, 0x0000000100000000)
 Metaspace       used 33456K, capacity 33878K, committed 34248K, reserved 1079296K
  class space    used 3873K, capacity 3968K, committed 4040K, reserved 1048576K
2016-10-28T02:31:40.488-0400: 28.248: [GC (Allocation Failure) 2016-10-28T02:31:40.488-0400: 28.248: [ParNew
Desired survivor size 20112992 bytes, new threshold 8 (max 8)
- age   1:    2502024 bytes,    2502024 total
- age   2:     146128 bytes,    2648152 total
- age   3:     120912 bytes,    2769064 total
- age   4:     155552 bytes,    2924616 total
- age   5:     130016 bytes,    3054632 total
- age   6:     153696 bytes,    3208328 total
- age   7:     157952 bytes,    3366280 total
- age   8:     112592 bytes,    3478872 total
: 88863K->3654K(109248K), 0.0216405 secs] 221642K->136588K(502464K), 0.0217628 secs] [Times: user=0.03 sys=0.00, real=0.02 secs] 
Heap after GC invocations=161 (full 1):
 par new generation   total 109248K, used 3654K [0x00000000e0000000, 0x00000000e8000000, 0x00000000e8000000)
  eden space 87424K,   0% used [0x00000000e0000000, 0x00000000e0000000, 0x00000000e5560000)
  from space 21824K,  16% used [0x00000000e6ab0000, 0x00000000e6e418b8, 0x00000000e8000000)
  to   space 21824K,   0% used [0x00000000e5560000, 0x00000000e5560000, 0x00000000e6ab0000)
 concurrent mark-sweep generation total 393216K, used 132934K [0x00000000e8000000, 0x0000000100000000, 0x0000000100000000)
 Metaspace       used 33456K, capacity 33878K, committed 34248K, reserved 1079296K
  class space    used 3873K, capacity 3968K, committed 4040K, reserved 1048576K
}
2016-10-28T02:31:40.510-0400: 28.270: Total time for which application threads were stopped: 0.0222544 seconds, Stopping threads took: 0.0002892 seconds
{Heap before GC invocations=161 (full 1):
 par new generation   total 109248K, used 91078K [0x00000000e0000000, 0x00000000e8000000, 0x00000000e8000000)
  eden space 87424K, 100% used [0x00000000e0000000, 0x00000000e5560000, 0x00000000e5560000)
  from space 21824K,  16% used [0x00000000e6ab0000, 0x00000000e6e418b8, 0x00000000e8000000)
  to   space 21824K,   0% used [0x00000000e5560000, 0x00000000e5560000, 0x00000000e6ab0000)
 concurrent mark-sweep generation total 393216K, used 132934K [0x00000000e8000000, 0x0000000100000000, 0x0000000100000000)
 Metaspace       used 33456K, capacity 33878K, committed 34248K, reserved 1079296K
  class space    used 3873K, capacity 3968K, committed 4040K, reserved 1048576K
2016-10-28T02:31:40.531-0400: 28.291: [GC (Allocation Failure) 2016-10-28T02:31:40.531-0400: 28.291: [ParNew
Desired survivor size 20112992 bytes, new threshold 8 (max 8)
- age   1:     180368 bytes,     180368 total
- age   2:    2475064 bytes,    2655432 total
- age   3:     146128 bytes,    2801560 total
- age   4:     120912 bytes,    2922472 total
- age   5:     155552 bytes,    3078024 total
- age   6:     130016 bytes,    3208040 total
- age   7:     153696 bytes,    3361736 total
- age   8:     157952 bytes,    3519688 total
: 91078K->3963K(109248K), 0.0219820 secs] 224012K->137012K(502464K), 0.0220495 secs] [Times: user=0.02 sys=0.01, real=0.02 secs] 
Heap after GC invocations=162 (full 1):
 par new generation   total 109248K, used 3963K [0x00000000e0000000, 0x00000000e8000000, 0x00000000e8000000)
  eden space 87424K,   0% used [0x00000000e0000000, 0x00000000e0000000, 0x00000000e5560000)
  from space 21824K,  18% used [0x00000000e5560000, 0x00000000e593ec88, 0x00000000e6ab0000)
  to   space 21824K,   0% used [0x00000000e6ab0000, 0x00000000e6ab0000, 0x00000000e8000000)
 concurrent mark-sweep generation total 393216K, used 133049K [0x00000000e8000000, 0x0000000100000000, 0x0000000100000000)
 Metaspace       used 33456K, capacity 33878K, committed 34248K, reserved 1079296K
  class space    used 3873K, capacity 3968K, committed 4040K, reserved 1048576K
}
2016-10-28T02:31:40.553-0400: 28.314: Total time for which application threads were stopped: 0.0224090 seconds, Stopping threads took: 0.0001379 seconds
{Heap before GC invocations=162 (full 1):
 par new generation   total 109248K, used 91387K [0x00000000e0000000, 0x00000000e8000000, 0x00000000e8000000)
  eden space 87424K, 100% used [0x00000000e0000000, 0x00000000e5560000, 0x00000000e5560000)
  from space 21824K,  18% used [0x00000000e5560000, 0x00000000e593ec88, 0x00000000e6ab0000)
  to   space 21824K,   0% used [0x00000000e6ab0000, 0x00000000e6ab0000, 0x00000000e8000000)
 concurrent mark-sweep generation total 393216K, used 133049K [0x00000000e8000000, 0x0000000100000000, 0x0000000100000000)
 Metaspace       used 33456K, capacity 33878K, committed 34248K, reserved 1079296K
  class space    used 3873K, capacity 3968K, committed 4040K, reserved 1048576K
2016-10-28T02:31:40.576-0400: 28.337: [GC (Allocation Failure) 2016-10-28T02:31:40.577-0400: 28.337: [ParNew
Desired survivor size 20112992 bytes, new threshold 8 (max 8)
- age   1:     140296 bytes,     140296 total
- age   2:     153408 bytes,     293704 total
- age   3:    2475064 bytes,    2768768 total
- age   4:     146128 bytes,    2914896 total
- age   5:     120912 bytes,    3035808 total
- age   6:     155552 bytes,    3191360 total
- age   7:     130016 bytes,    3321376 total
- age   8:     153696 bytes,    3475072 total
: 91387K->3606K(109248K), 0.0268635 secs] 224436K->136816K(502464K), 0.0270377 secs] [Times: user=0.04 sys=0.00, real=0.03 secs] 
Heap after GC invocations=163 (full 1):
 par new generation   total 109248K, used 3606K [0x00000000e0000000, 0x00000000e8000000, 0x00000000e8000000)
  eden space 87424K,   0% used [0x00000000e0000000, 0x00000000e0000000, 0x00000000e5560000)
  from space 21824K,  16% used [0x00000000e6ab0000, 0x00000000e6e35be0, 0x00000000e8000000)
  to   space 21824K,   0% used [0x00000000e5560000, 0x00000000e5560000, 0x00000000e6ab0000)
 concurrent mark-sweep generation total 393216K, used 133209K [0x00000000e8000000, 0x0000000100000000, 0x0000000100000000)
 Metaspace       used 33456K, capacity 33878K, committed 34248K, reserved 1079296K
  class space    used 3873K, capacity 3968K, committed 4040K, reserved 1048576K
}
2016-10-28T02:31:40.604-0400: 28.364: Total time for which application threads were stopped: 0.0274227 seconds, Stopping threads took: 0.0001140 seconds
{Heap before GC invocations=163 (full 1):
 par new generation   total 109248K, used 91030K [0x00000000e0000000, 0x00000000e8000000, 0x00000000e8000000)
  eden space 87424K, 100% used [0x00000000e0000000, 0x00000000e5560000, 0x00000000e5560000)
  from space 21824K,  16% used [0x00000000e6ab0000, 0x00000000e6e35be0, 0x00000000e8000000)
  to   space 21824K,   0% used [0x00000000e5560000, 0x00000000e5560000, 0x00000000e6ab0000)
 concurrent mark-sweep generation total 393216K, used 133209K [0x00000000e8000000, 0x0000000100000000, 0x0000000100000000)
 Metaspace       used 33456K, capacity 33878K, committed 34248K, reserved 1079296K
  class space    used 3873K, capacity 3968K, committed 4040K, reserved 1048576K
2016-10-28T02:31:40.628-0400: 28.388: [GC (Allocation Failure) 2016-10-28T02:31:40.628-0400: 28.388: [ParNew
Desired survivor size 20112992 bytes, new threshold 8 (max 8)
- age   1:     148928 bytes,     148928 total
- age   2:     113344 bytes,     262272 total
- age   3:     153408 bytes,     415680 total
- age   4:    2475064 bytes,    2890744 total
- age   5:     146128 bytes,    3036872 total
- age   6:     120912 bytes,    3157784 total
- age   7:     155552 bytes,    3313336 total
- age   8:     130016 bytes,    3443352 total
: 91030K->3774K(109248K), 0.0189645 secs] 224240K->137138K(502464K), 0.0191551 secs] [Times: user=0.02 sys=0.01, real=0.01 secs] 
Heap after GC invocations=164 (full 1):
 par new generation   total 109248K, used 3774K [0x00000000e0000000, 0x00000000e8000000, 0x00000000e8000000)
  eden space 87424K,   0% used [0x00000000e0000000, 0x00000000e0000000, 0x00000000e5560000)
  from space 21824K,  17% used [0x00000000e5560000, 0x00000000e590f978, 0x00000000e6ab0000)
  to   space 21824K,   0% used [0x00000000e6ab0000, 0x00000000e6ab0000, 0x00000000e8000000)
 concurrent mark-sweep generation total 393216K, used 133364K [0x00000000e8000000, 0x0000000100000000, 0x0000000100000000)
 Metaspace       used 33456K, capacity 33878K, committed 34248K, reserved 1079296K
  class space    used 3873K, capacity 3968K, committed 4040K, reserved 1048576K
}
2016-10-28T02:31:40.647-0400: 28.407: Total time for which application threads were stopped: 0.0196396 seconds, Stopping threads took: 0.0001121 seconds
{Heap before GC invocations=164 (full 1):
 par new generation   total 109248K, used 91198K [0x00000000e0000000, 0x00000000e8000000, 0x00000000e8000000)
  eden space 87424K, 100% used [0x00000000e0000000, 0x00000000e5560000, 0x00000000e5560000)
  from space 21824K,  17% used [0x00000000e5560000, 0x00000000e590f978, 0x00000000e6ab0000)
  to   space 21824K,   0% used [0x00000000e6ab0000, 0x00000000e6ab0000, 0x00000000e8000000)
 concurrent mark-sweep generation total 393216K, used 133364K [0x00000000e8000000, 0x0000000100000000, 0x0000000100000000)
 Metaspace       used 33456K, capacity 33878K, committed 34248K, reserved 1079296K
  class space    used 3873K, capacity 3968K, committed 4040K, reserved 1048576K
2016-10-28T02:31:40.669-0400: 28.429: [GC (Allocation Failure) 2016-10-28T02:31:40.669-0400: 28.429: [ParNew
Desired survivor size 20112992 bytes, new threshold 8 (max 8)
- age   1:     180368 bytes,     180368 total
- age   2:     121976 bytes,     302344 total
- age   3:     113344 bytes,     415688 total
- age   4:     153408 bytes,     569096 total
- age   5:    2475064 bytes,    3044160 total
- age   6:     146128 bytes,    3190288 total
- age   7:     120912 bytes,    3311200 total
- age   8:     155552 bytes,    3466752 total
: 91198K->3702K(109248K), 0.0141289 secs] 224562K->137199K(502464K), 0.0143300 secs] [Times: user=0.01 sys=0.01, real=0.01 secs] 
Heap after GC invocations=165 (full 1):
 par new generation   total 109248K, used 3702K [0x00000000e0000000, 0x00000000e8000000, 0x00000000e8000000)
  eden space 87424K,   0% used [0x00000000e0000000, 0x00000000e0000000, 0x00000000e5560000)
  from space 21824K,  16% used [0x00000000e6ab0000, 0x00000000e6e4db00, 0x00000000e8000000)
  to   space 21824K,   0% used [0x00000000e5560000, 0x00000000e5560000, 0x00000000e6ab0000)
 concurrent mark-sweep generation total 393216K, used 133496K [0x00000000e8000000, 0x0000000100000000, 0x0000000100000000)
 Metaspace       used 33456K, capacity 33878K, committed 34248K, reserved 1079296K
  class space    used 3873K, capacity 3968K, committed 4040K, reserved 1048576K
}
2016-10-28T02:31:40.683-0400: 28.443: Total time for which application threads were stopped: 0.0147257 seconds, Stopping threads took: 0.0001744 seconds
{Heap before GC invocations=165 (full 1):
 par new generation   total 109248K, used 91126K [0x00000000e0000000, 0x00000000e8000000, 0x00000000e8000000)
  eden space 87424K, 100% used [0x00000000e0000000, 0x00000000e5560000, 0x00000000e5560000)
  from space 21824K,  16% used [0x00000000e6ab0000, 0x00000000e6e4db00, 0x00000000e8000000)
  to   space 21824K,   0% used [0x00000000e5560000, 0x00000000e5560000, 0x00000000e6ab0000)
 concurrent mark-sweep generation total 393216K, used 133496K [0x00000000e8000000, 0x0000000100000000, 0x0000000100000000)
 Metaspace       used 33456K, capacity 33878K, committed 34248K, reserved 1079296K
  class space    used 3873K, capacity 3968K, committed 4040K, reserved 1048576K
2016-10-28T02:31:40.708-0400: 28.468: [GC (Allocation Failure) 2016-10-28T02:31:40.708-0400: 28.468: [ParNew
Desired survivor size 20112992 bytes, new threshold 8 (max 8)
- age   1:     140304 bytes,     140304 total
- age   2:     153408 bytes,     293712 total
- age   3:     121976 bytes,     415688 total
- age   4:     113344 bytes,     529032 total
- age   5:     153432 bytes,     682464 total
- age   6:    2475064 bytes,    3157528 total
- age   7:     146128 bytes,    3303656 total
- age   8:     120912 bytes,    3424568 total
: 91126K->3595K(109248K), 0.0175111 secs] 224623K->137249K(502464K), 0.0175923 secs] [Times: user=0.01 sys=0.02, real=0.01 secs] 
Heap after GC invocations=166 (full 1):
 par new generation   total 109248K, used 3595K [0x00000000e0000000, 0x00000000e8000000, 0x00000000e8000000)
  eden space 87424K,   0% used [0x00000000e0000000, 0x00000000e0000000, 0x00000000e5560000)
  from space 21824K,  16% used [0x00000000e5560000, 0x00000000e58e2f08, 0x00000000e6ab0000)
  to   space 21824K,   0% used [0x00000000e6ab0000, 0x00000000e6ab0000, 0x00000000e8000000)
 concurrent mark-sweep generation total 393216K, used 133654K [0x00000000e8000000, 0x0000000100000000, 0x0000000100000000)
 Metaspace       used 33456K, capacity 33878K, committed 34248K, reserved 1079296K
  class space    used 3873K, capacity 3968K, committed 4040K, reserved 1048576K
}
2016-10-28T02:31:40.725-0400: 28.486: Total time for which application threads were stopped: 0.0180292 seconds, Stopping threads took: 0.0001482 seconds
{Heap before GC invocations=166 (full 1):
 par new generation   total 109248K, used 91019K [0x00000000e0000000, 0x00000000e8000000, 0x00000000e8000000)
  eden space 87424K, 100% used [0x00000000e0000000, 0x00000000e5560000, 0x00000000e5560000)
  from space 21824K,  16% used [0x00000000e5560000, 0x00000000e58e2f08, 0x00000000e6ab0000)
  to   space 21824K,   0% used [0x00000000e6ab0000, 0x00000000e6ab0000, 0x00000000e8000000)
 concurrent mark-sweep generation total 393216K, used 133654K [0x00000000e8000000, 0x0000000100000000, 0x0000000100000000)
 Metaspace       used 33456K, capacity 33878K, committed 34248K, reserved 1079296K
  class space    used 3873K, capacity 3968K, committed 4040K, reserved 1048576K
2016-10-28T02:31:40.750-0400: 28.510: [GC (Allocation Failure) 2016-10-28T02:31:40.750-0400: 28.510: [ParNew
Desired survivor size 20112992 bytes, new threshold 8 (max 8)
- age   1:     212184 bytes,     212184 total
- age   2:     113344 bytes,     325528 total
- age   3:     153408 bytes,     478936 total
- age   4:     121976 bytes,     600912 total
- age   5:     113344 bytes,     714256 total
- age   6:     153408 bytes,     867664 total
- age   7:    2475064 bytes,    3342728 total
- age   8:     146128 bytes,    3488856 total
: 91019K->3858K(109248K), 0.0186264 secs] 224673K->137636K(502464K), 0.0188299 secs] [Times: user=0.02 sys=0.01, real=0.02 secs] 
Heap after GC invocations=167 (full 1):
 par new generation   total 109248K, used 3858K [0x00000000e0000000, 0x00000000e8000000, 0x00000000e8000000)
  eden space 87424K,   0% used [0x00000000e0000000, 0x00000000e0000000, 0x00000000e5560000)
  from space 21824K,  17% used [0x00000000e6ab0000, 0x00000000e6e74b88, 0x00000000e8000000)
  to   space 21824K,   0% used [0x00000000e5560000, 0x00000000e5560000, 0x00000000e6ab0000)
 concurrent mark-sweep generation total 393216K, used 133777K [0x00000000e8000000, 0x0000000100000000, 0x0000000100000000)
 Metaspace       used 33456K, capacity 33878K, committed 34248K, reserved 1079296K
  class space    used 3873K, capacity 3968K, committed 4040K, reserved 1048576K
}
2016-10-28T02:31:40.769-0400: 28.529: Total time for which application threads were stopped: 0.0192543 seconds, Stopping threads took: 0.0001432 seconds
{Heap before GC invocations=167 (full 1):
 par new generation   total 109248K, used 91282K [0x00000000e0000000, 0x00000000e8000000, 0x00000000e8000000)
  eden space 87424K, 100% used [0x00000000e0000000, 0x00000000e5560000, 0x00000000e5560000)
  from space 21824K,  17% used [0x00000000e6ab0000, 0x00000000e6e74b88, 0x00000000e8000000)
  to   space 21824K,   0% used [0x00000000e5560000, 0x00000000e5560000, 0x00000000e6ab0000)
 concurrent mark-sweep generation total 393216K, used 133777K [0x00000000e8000000, 0x0000000100000000, 0x0000000100000000)
 Metaspace       used 33456K, capacity 33878K, committed 34248K, reserved 1079296K
  class space    used 3873K, capacity 3968K, committed 4040K, reserved 1048576K
2016-10-28T02:31:40.792-0400: 28.552: [GC (Allocation Failure) 2016-10-28T02:31:40.792-0400: 28.552: [ParNew
Desired survivor size 20112992 bytes, new threshold 8 (max 8)
- age   1:     147824 bytes,     147824 total
- age   2:     186376 bytes,     334200 total
- age   3:     113344 bytes,     447544 total
- age   4:     153408 bytes,     600952 total
- age   5:     121976 bytes,     722928 total
- age   6:     113344 bytes,     836272 total
- age   7:     153408 bytes,     989680 total
- age   8:    2475064 bytes,    3464744 total
: 91282K->3606K(109248K), 0.0135502 secs] 225060K->137532K(502464K), 0.0136229 secs] [Times: user=0.02 sys=0.00, real=0.01 secs] 
Heap after GC invocations=168 (full 1):
 par new generation   total 109248K, used 3606K [0x00000000e0000000, 0x00000000e8000000, 0x00000000e8000000)
  eden space 87424K,   0% used [0x00000000e0000000, 0x00000000e0000000, 0x00000000e5560000)
  from space 21824K,  16% used [0x00000000e5560000, 0x00000000e58e5a70, 0x00000000e6ab0000)
  to   space 21824K,   0% used [0x00000000e6ab0000, 0x00000000e6ab0000, 0x00000000e8000000)
 concurrent mark-sweep generation total 393216K, used 133925K [0x00000000e8000000, 0x0000000100000000, 0x0000000100000000)
 Metaspace       used 33456K, capacity 33878K, committed 34248K, reserved 1079296K
  class space    used 3873K, capacity 3968K, committed 4040K, reserved 1048576K
}
2016-10-28T02:31:40.806-0400: 28.566: Total time for which application threads were stopped: 0.0139834 seconds, Stopping threads took: 0.0001566 seconds
{Heap before GC invocations=168 (full 1):
 par new generation   total 109248K, used 91030K [0x00000000e0000000, 0x00000000e8000000, 0x00000000e8000000)
  eden space 87424K, 100% used [0x00000000e0000000, 0x00000000e5560000, 0x00000000e5560000)
  from space 21824K,  16% used [0x00000000e5560000, 0x00000000e58e5a70, 0x00000000e6ab0000)
  to   space 21824K,   0% used [0x00000000e6ab0000, 0x00000000e6ab0000, 0x00000000e8000000)
 concurrent mark-sweep generation total 393216K, used 133925K [0x00000000e8000000, 0x0000000100000000, 0x0000000100000000)
 Metaspace       used 33456K, capacity 33878K, committed 34248K, reserved 1079296K
  class space    used 3873K, capacity 3968K, committed 4040K, reserved 1048576K
2016-10-28T02:31:40.828-0400: 28.588: [GC (Allocation Failure) 2016-10-28T02:31:40.828-0400: 28.588: [ParNew
Desired survivor size 20112992 bytes, new threshold 8 (max 8)
- age   1:     173088 bytes,     173088 total
- age   2:     120848 bytes,     293936 total
- age   3:     186376 bytes,     480312 total
- age   4:     113344 bytes,     593656 total
- age   5:     153408 bytes,     747064 total
- age   6:     121976 bytes,     869040 total
- age   7:     113344 bytes,     982384 total
- age   8:     153408 bytes,    1135792 total
: 91030K->1644K(109248K), 0.0507019 secs] 224956K->137992K(502464K), 0.0509950 secs] [Times: user=0.04 sys=0.07, real=0.04 secs] 
Heap after GC invocations=169 (full 1):
 par new generation   total 109248K, used 1644K [0x00000000e0000000, 0x00000000e8000000, 0x00000000e8000000)
  eden space 87424K,   0% used [0x00000000e0000000, 0x00000000e0000000, 0x00000000e5560000)
  from space 21824K,   7% used [0x00000000e6ab0000, 0x00000000e6c4b108, 0x00000000e8000000)
  to   space 21824K,   0% used [0x00000000e5560000, 0x00000000e5560000, 0x00000000e6ab0000)
 concurrent mark-sweep generation total 393216K, used 136347K [0x00000000e8000000, 0x0000000100000000, 0x0000000100000000)
 Metaspace       used 33456K, capacity 33878K, committed 34248K, reserved 1079296K
  class space    used 3873K, capacity 3968K, committed 4040K, reserved 1048576K
}
2016-10-28T02:31:40.879-0400: 28.639: Total time for which application threads were stopped: 0.0515177 seconds, Stopping threads took: 0.0001189 seconds
{Heap before GC invocations=169 (full 1):
 par new generation   total 109248K, used 89068K [0x00000000e0000000, 0x00000000e8000000, 0x00000000e8000000)
  eden space 87424K, 100% used [0x00000000e0000000, 0x00000000e5560000, 0x00000000e5560000)
  from space 21824K,   7% used [0x00000000e6ab0000, 0x00000000e6c4b108, 0x00000000e8000000)
  to   space 21824K,   0% used [0x00000000e5560000, 0x00000000e5560000, 0x00000000e6ab0000)
 concurrent mark-sweep generation total 393216K, used 136347K [0x00000000e8000000, 0x0000000100000000, 0x0000000100000000)
 Metaspace       used 33456K, capacity 33878K, committed 34248K, reserved 1079296K
  class space    used 3873K, capacity 3968K, committed 4040K, reserved 1048576K
2016-10-28T02:31:40.902-0400: 28.662: [GC (Allocation Failure) 2016-10-28T02:31:40.902-0400: 28.662: [ParNew
Desired survivor size 20112992 bytes, new threshold 8 (max 8)
- age   1:     148648 bytes,     148648 total
- age   2:     146128 bytes,     294776 total
- age   3:     120848 bytes,     415624 total
- age   4:     186376 bytes,     602000 total
- age   5:     113344 bytes,     715344 total
- age   6:     153408 bytes,     868752 total
- age   7:     121976 bytes,     990728 total
- age   8:     113344 bytes,    1104072 total
: 89068K->1332K(109248K), 0.0177302 secs] 225416K->137835K(502464K), 0.0177985 secs] [Times: user=0.03 sys=0.01, real=0.02 secs] 
Heap after GC invocations=170 (full 1):
 par new generation   total 109248K, used 1332K [0x00000000e0000000, 0x00000000e8000000, 0x00000000e8000000)
  eden space 87424K,   0% used [0x00000000e0000000, 0x00000000e0000000, 0x00000000e5560000)
  from space 21824K,   6% used [0x00000000e5560000, 0x00000000e56ad220, 0x00000000e6ab0000)
  to   space 21824K,   0% used [0x00000000e6ab0000, 0x00000000e6ab0000, 0x00000000e8000000)
 concurrent mark-sweep generation total 393216K, used 136503K [0x00000000e8000000, 0x0000000100000000, 0x0000000100000000)
 Metaspace       used 33456K, capacity 33878K, committed 34248K, reserved 1079296K
  class space    used 3873K, capacity 3968K, committed 4040K, reserved 1048576K
}
2016-10-28T02:31:40.920-0400: 28.680: Total time for which application threads were stopped: 0.0183414 seconds, Stopping threads took: 0.0001810 seconds
{Heap before GC invocations=170 (full 1):
 par new generation   total 109248K, used 88756K [0x00000000e0000000, 0x00000000e8000000, 0x00000000e8000000)
  eden space 87424K, 100% used [0x00000000e0000000, 0x00000000e5560000, 0x00000000e5560000)
  from space 21824K,   6% used [0x00000000e5560000, 0x00000000e56ad220, 0x00000000e6ab0000)
  to   space 21824K,   0% used [0x00000000e6ab0000, 0x00000000e6ab0000, 0x00000000e8000000)
 concurrent mark-sweep generation total 393216K, used 136503K [0x00000000e8000000, 0x0000000100000000, 0x0000000100000000)
 Metaspace       used 33456K, capacity 33878K, committed 34248K, reserved 1079296K
  class space    used 3873K, capacity 3968K, committed 4040K, reserved 1048576K
2016-10-28T02:31:40.945-0400: 28.705: [GC (Allocation Failure) 2016-10-28T02:31:40.945-0400: 28.705: [ParNew
Desired survivor size 20112992 bytes, new threshold 8 (max 8)
- age   1:     147872 bytes,     147872 total
- age   2:     121688 bytes,     269560 total
- age   3:     146128 bytes,     415688 total
- age   4:     120848 bytes,     536536 total
- age   5:     186376 bytes,     722912 total
- age   6:     113344 bytes,     836256 total
- age   7:     153408 bytes,     989664 total
- age   8:     121976 bytes,    1111640 total
: 88756K->1736K(109248K), 0.0211794 secs] 225259K->138355K(502464K), 0.0213207 secs] [Times: user=0.03 sys=0.00, real=0.02 secs] 
Heap after GC invocations=171 (full 1):
 par new generation   total 109248K, used 1736K [0x00000000e0000000, 0x00000000e8000000, 0x00000000e8000000)
  eden space 87424K,   0% used [0x00000000e0000000, 0x00000000e0000000, 0x00000000e5560000)
  from space 21824K,   7% used [0x00000000e6ab0000, 0x00000000e6c622c8, 0x00000000e8000000)
  to   space 21824K,   0% used [0x00000000e5560000, 0x00000000e5560000, 0x00000000e6ab0000)
 concurrent mark-sweep generation total 393216K, used 136619K [0x00000000e8000000, 0x0000000100000000, 0x0000000100000000)
 Metaspace       used 33456K, capacity 33878K, committed 34248K, reserved 1079296K
  class space    used 3873K, capacity 3968K, committed 4040K, reserved 1048576K
}
2016-10-28T02:31:40.966-0400: 28.726: Total time for which application threads were stopped: 0.0216906 seconds, Stopping threads took: 0.0000837 seconds
{Heap before GC invocations=171 (full 1):
 par new generation   total 109248K, used 89160K [0x00000000e0000000, 0x00000000e8000000, 0x00000000e8000000)
  eden space 87424K, 100% used [0x00000000e0000000, 0x00000000e5560000, 0x00000000e5560000)
  from space 21824K,   7% used [0x00000000e6ab0000, 0x00000000e6c622c8, 0x00000000e8000000)
  to   space 21824K,   0% used [0x00000000e5560000, 0x00000000e5560000, 0x00000000e6ab0000)
 concurrent mark-sweep generation total 393216K, used 136619K [0x00000000e8000000, 0x0000000100000000, 0x0000000100000000)
 Metaspace       used 33456K, capacity 33878K, committed 34248K, reserved 1079296K
  class space    used 3873K, capacity 3968K, committed 4040K, reserved 1048576K
2016-10-28T02:31:40.986-0400: 28.746: [GC (Allocation Failure) 2016-10-28T02:31:40.986-0400: 28.746: [ParNew
Desired survivor size 20112992 bytes, new threshold 8 (max 8)
- age   1:     180376 bytes,     180376 total
- age   2:     120912 bytes,     301288 total
- age   3:     121688 bytes,     422976 total
- age   4:     146128 bytes,     569104 total
- age   5:     120848 bytes,     689952 total
- age   6:     186376 bytes,     876328 total
- age   7:     113344 bytes,     989672 total
- age   8:     153408 bytes,    1143080 total
: 89160K->1333K(109248K), 0.0167717 secs] 225779K->138076K(502464K), 0.0168816 secs] [Times: user=0.04 sys=0.00, real=0.02 secs] 
Heap after GC invocations=172 (full 1):
 par new generation   total 109248K, used 1333K [0x00000000e0000000, 0x00000000e8000000, 0x00000000e8000000)
  eden space 87424K,   0% used [0x00000000e0000000, 0x00000000e0000000, 0x00000000e5560000)
  from space 21824K,   6% used [0x00000000e5560000, 0x00000000e56ad430, 0x00000000e6ab0000)
  to   space 21824K,   0% used [0x00000000e6ab0000, 0x00000000e6ab0000, 0x00000000e8000000)
 concurrent mark-sweep generation total 393216K, used 136743K [0x00000000e8000000, 0x0000000100000000, 0x0000000100000000)
 Metaspace       used 33456K, capacity 33878K, committed 34248K, reserved 1079296K
  class space    used 3873K, capacity 3968K, committed 4040K, reserved 1048576K
}
2016-10-28T02:31:41.002-0400: 28.763: Total time for which application threads were stopped: 0.0173003 seconds, Stopping threads took: 0.0002562 seconds
{Heap before GC invocations=172 (full 1):
 par new generation   total 109248K, used 88757K [0x00000000e0000000, 0x00000000e8000000, 0x00000000e8000000)
  eden space 87424K, 100% used [0x00000000e0000000, 0x00000000e5560000, 0x00000000e5560000)
  from space 21824K,   6% used [0x00000000e5560000, 0x00000000e56ad430, 0x00000000e6ab0000)
  to   space 21824K,   0% used [0x00000000e6ab0000, 0x00000000e6ab0000, 0x00000000e8000000)
 concurrent mark-sweep generation total 393216K, used 136743K [0x00000000e8000000, 0x0000000100000000, 0x0000000100000000)
 Metaspace       used 33456K, capacity 33878K, committed 34248K, reserved 1079296K
  class space    used 3873K, capacity 3968K, committed 4040K, reserved 1048576K
2016-10-28T02:31:41.025-0400: 28.785: [GC (Allocation Failure) 2016-10-28T02:31:41.025-0400: 28.785: [ParNew
Desired survivor size 20112992 bytes, new threshold 8 (max 8)
- age   1:     141368 bytes,     141368 total
- age   2:     153408 bytes,     294776 total
- age   3:     120912 bytes,     415688 total
- age   4:     121688 bytes,     537376 total
- age   5:     146128 bytes,     683504 total
- age   6:     120848 bytes,     804352 total
- age   7:     186376 bytes,     990728 total
- age   8:     113344 bytes,    1104072 total
: 88757K->1588K(109248K), 0.0131559 secs] 225500K->138487K(502464K), 0.0132254 secs] [Times: user=0.03 sys=0.01, real=0.01 secs] 
Heap after GC invocations=173 (full 1):
 par new generation   total 109248K, used 1588K [0x00000000e0000000, 0x00000000e8000000, 0x00000000e8000000)
  eden space 87424K,   0% used [0x00000000e0000000, 0x00000000e0000000, 0x00000000e5560000)
  from space 21824K,   7% used [0x00000000e6ab0000, 0x00000000e6c3d188, 0x00000000e8000000)
  to   space 21824K,   0% used [0x00000000e5560000, 0x00000000e5560000, 0x00000000e6ab0000)
 concurrent mark-sweep generation total 393216K, used 136898K [0x00000000e8000000, 0x0000000100000000, 0x0000000100000000)
 Metaspace       used 33456K, capacity 33878K, committed 34248K, reserved 1079296K
  class space    used 3873K, capacity 3968K, committed 4040K, reserved 1048576K
}
2016-10-28T02:31:41.038-0400: 28.798: Total time for which application threads were stopped: 0.0135871 seconds, Stopping threads took: 0.0001411 seconds
{Heap before GC invocations=173 (full 1):
 par new generation   total 109248K, used 89012K [0x00000000e0000000, 0x00000000e8000000, 0x00000000e8000000)
  eden space 87424K, 100% used [0x00000000e0000000, 0x00000000e5560000, 0x00000000e5560000)
  from space 21824K,   7% used [0x00000000e6ab0000, 0x00000000e6c3d188, 0x00000000e8000000)
  to   space 21824K,   0% used [0x00000000e5560000, 0x00000000e5560000, 0x00000000e6ab0000)
 concurrent mark-sweep generation total 393216K, used 136898K [0x00000000e8000000, 0x0000000100000000, 0x0000000100000000)
 Metaspace       used 33456K, capacity 33878K, committed 34248K, reserved 1079296K
  class space    used 3873K, capacity 3968K, committed 4040K, reserved 1048576K
2016-10-28T02:31:41.059-0400: 28.820: [GC (Allocation Failure) 2016-10-28T02:31:41.060-0400: 28.820: [ParNew
Desired survivor size 20112992 bytes, new threshold 8 (max 8)
- age   1:     180648 bytes,     180648 total
- age   2:     114408 bytes,     295056 total
- age   3:     153408 bytes,     448464 total
- age   4:     120912 bytes,     569376 total
- age   5:     121688 bytes,     691064 total
- age   6:     146128 bytes,     837192 total
- age   7:     120848 bytes,     958040 total
- age   8:     186376 bytes,    1144416 total
: 89012K->1275K(109248K), 0.0141093 secs] 225911K->138290K(502464K), 0.0142689 secs] [Times: user=0.01 sys=0.01, real=0.01 secs] 
Heap after GC invocations=174 (full 1):
 par new generation   total 109248K, used 1275K [0x00000000e0000000, 0x00000000e8000000, 0x00000000e8000000)
  eden space 87424K,   0% used [0x00000000e0000000, 0x00000000e0000000, 0x00000000e5560000)
  from space 21824K,   5% used [0x00000000e5560000, 0x00000000e569ede0, 0x00000000e6ab0000)
  to   space 21824K,   0% used [0x00000000e6ab0000, 0x00000000e6ab0000, 0x00000000e8000000)
 concurrent mark-sweep generation total 393216K, used 137014K [0x00000000e8000000, 0x0000000100000000, 0x0000000100000000)
 Metaspace       used 33456K, capacity 33878K, committed 34248K, reserved 1079296K
  class space    used 3873K, capacity 3968K, committed 4040K, reserved 1048576K
}
2016-10-28T02:31:41.074-0400: 28.834: Total time for which application threads were stopped: 0.0146972 seconds, Stopping threads took: 0.0001468 seconds
{Heap before GC invocations=174 (full 1):
 par new generation   total 109248K, used 88699K [0x00000000e0000000, 0x00000000e8000000, 0x00000000e8000000)
  eden space 87424K, 100% used [0x00000000e0000000, 0x00000000e5560000, 0x00000000e5560000)
  from space 21824K,   5% used [0x00000000e5560000, 0x00000000e569ede0, 0x00000000e6ab0000)
  to   space 21824K,   0% used [0x00000000e6ab0000, 0x00000000e6ab0000, 0x00000000e8000000)
 concurrent mark-sweep generation total 393216K, used 137014K [0x00000000e8000000, 0x0000000100000000, 0x0000000100000000)
 Metaspace       used 33456K, capacity 33878K, committed 34248K, reserved 1079296K
  class space    used 3873K, capacity 3968K, committed 4040K, reserved 1048576K
2016-10-28T02:31:41.096-0400: 28.856: [GC (Allocation Failure) 2016-10-28T02:31:41.096-0400: 28.856: [ParNew
Desired survivor size 20112992 bytes, new threshold 8 (max 8)
- age   1:     147608 bytes,     147608 total
- age   2:     153696 bytes,     301304 total
- age   3:     114408 bytes,     415712 total
- age   4:     153408 bytes,     569120 total
- age   5:     120912 bytes,     690032 total
- age   6:     121688 bytes,     811720 total
- age   7:     146128 bytes,     957848 total
- age   8:     120848 bytes,    1078696 total
: 88699K->1755K(109248K), 0.0148188 secs] 225714K->138957K(502464K), 0.0149364 secs] [Times: user=0.02 sys=0.01, real=0.02 secs] 
Heap after GC invocations=175 (full 1):
 par new generation   total 109248K, used 1755K [0x00000000e0000000, 0x00000000e8000000, 0x00000000e8000000)
  eden space 87424K,   0% used [0x00000000e0000000, 0x00000000e0000000, 0x00000000e5560000)
  from space 21824K,   8% used [0x00000000e6ab0000, 0x00000000e6c66db0, 0x00000000e8000000)
  to   space 21824K,   0% used [0x00000000e5560000, 0x00000000e5560000, 0x00000000e6ab0000)
 concurrent mark-sweep generation total 393216K, used 137202K [0x00000000e8000000, 0x0000000100000000, 0x0000000100000000)
 Metaspace       used 33456K, capacity 33878K, committed 34248K, reserved 1079296K
  class space    used 3873K, capacity 3968K, committed 4040K, reserved 1048576K
}
2016-10-28T02:31:41.111-0400: 28.871: Total time for which application threads were stopped: 0.0152543 seconds, Stopping threads took: 0.0000973 seconds
{Heap before GC invocations=175 (full 1):
 par new generation   total 109248K, used 89179K [0x00000000e0000000, 0x00000000e8000000, 0x00000000e8000000)
  eden space 87424K, 100% used [0x00000000e0000000, 0x00000000e5560000, 0x00000000e5560000)
  from space 21824K,   8% used [0x00000000e6ab0000, 0x00000000e6c66db0, 0x00000000e8000000)
  to   space 21824K,   0% used [0x00000000e5560000, 0x00000000e5560000, 0x00000000e6ab0000)
 concurrent mark-sweep generation total 393216K, used 137202K [0x00000000e8000000, 0x0000000100000000, 0x0000000100000000)
 Metaspace       used 33456K, capacity 33878K, committed 34248K, reserved 1079296K
  class space    used 3873K, capacity 3968K, committed 4040K, reserved 1048576K
2016-10-28T02:31:41.132-0400: 28.893: [GC (Allocation Failure) 2016-10-28T02:31:41.133-0400: 28.893: [ParNew
Desired survivor size 20112992 bytes, new threshold 8 (max 8)
- age   1:     179336 bytes,     179336 total
- age   2:     120624 bytes,     299960 total
- age   3:     153696 bytes,     453656 total
- age   4:     114408 bytes,     568064 total
- age   5:     153408 bytes,     721472 total
- age   6:     120912 bytes,     842384 total
- age   7:     121688 bytes,     964072 total
- age   8:     146128 bytes,    1110200 total
: 89179K->1356K(109248K), 0.0139647 secs] 226381K->138682K(502464K), 0.0141128 secs] [Times: user=0.02 sys=0.01, real=0.01 secs] 
Heap after GC invocations=176 (full 1):
 par new generation   total 109248K, used 1356K [0x00000000e0000000, 0x00000000e8000000, 0x00000000e8000000)
  eden space 87424K,   0% used [0x00000000e0000000, 0x00000000e0000000, 0x00000000e5560000)
  from space 21824K,   6% used [0x00000000e5560000, 0x00000000e56b3280, 0x00000000e6ab0000)
  to   space 21824K,   0% used [0x00000000e6ab0000, 0x00000000e6ab0000, 0x00000000e8000000)
 concurrent mark-sweep generation total 393216K, used 137325K [0x00000000e8000000, 0x0000000100000000, 0x0000000100000000)
 Metaspace       used 33456K, capacity 33878K, committed 34248K, reserved 1079296K
  class space    used 3873K, capacity 3968K, committed 4040K, reserved 1048576K
}
2016-10-28T02:31:41.147-0400: 28.907: Total time for which application threads were stopped: 0.0144970 seconds, Stopping threads took: 0.0000887 seconds
{Heap before GC invocations=176 (full 1):
 par new generation   total 109248K, used 88780K [0x00000000e0000000, 0x00000000e8000000, 0x00000000e8000000)
  eden space 87424K, 100% used [0x00000000e0000000, 0x00000000e5560000, 0x00000000e5560000)
  from space 21824K,   6% used [0x00000000e5560000, 0x00000000e56b3280, 0x00000000e6ab0000)
  to   space 21824K,   0% used [0x00000000e6ab0000, 0x00000000e6ab0000, 0x00000000e8000000)
 concurrent mark-sweep generation total 393216K, used 137325K [0x00000000e8000000, 0x0000000100000000, 0x0000000100000000)
 Metaspace       used 33456K, capacity 33878K, committed 34248K, reserved 1079296K
  class space    used 3873K, capacity 3968K, committed 4040K, reserved 1048576K
2016-10-28T02:31:41.170-0400: 28.930: [GC (Allocation Failure) 2016-10-28T02:31:41.170-0400: 28.930: [ParNew
Desired survivor size 20112992 bytes, new threshold 8 (max 8)
- age   1:     147608 bytes,     147608 total
- age   2:     152376 bytes,     299984 total
- age   3:     120648 bytes,     420632 total
- age   4:     153720 bytes,     574352 total
- age   5:     114408 bytes,     688760 total
- age   6:     153408 bytes,     842168 total
- age   7:     120936 bytes,     963104 total
- age   8:     121688 bytes,    1084792 total
: 88780K->1450K(109248K), 0.0150424 secs] 226106K->138924K(502464K), 0.0152027 secs] [Times: user=0.02 sys=0.00, real=0.01 secs] 
Heap after GC invocations=177 (full 1):
 par new generation   total 109248K, used 1450K [0x00000000e0000000, 0x00000000e8000000, 0x00000000e8000000)
  eden space 87424K,   0% used [0x00000000e0000000, 0x00000000e0000000, 0x00000000e5560000)
  from space 21824K,   6% used [0x00000000e6ab0000, 0x00000000e6c1a978, 0x00000000e8000000)
  to   space 21824K,   0% used [0x00000000e5560000, 0x00000000e5560000, 0x00000000e6ab0000)
 concurrent mark-sweep generation total 393216K, used 137473K [0x00000000e8000000, 0x0000000100000000, 0x0000000100000000)
 Metaspace       used 33456K, capacity 33878K, committed 34248K, reserved 1079296K
  class space    used 3873K, capacity 3968K, committed 4040K, reserved 1048576K
}
2016-10-28T02:31:41.185-0400: 28.945: Total time for which application threads were stopped: 0.0157283 seconds, Stopping threads took: 0.0002067 seconds
{Heap before GC invocations=177 (full 1):
 par new generation   total 109248K, used 88874K [0x00000000e0000000, 0x00000000e8000000, 0x00000000e8000000)
  eden space 87424K, 100% used [0x00000000e0000000, 0x00000000e5560000, 0x00000000e5560000)
  from space 21824K,   6% used [0x00000000e6ab0000, 0x00000000e6c1a978, 0x00000000e8000000)
  to   space 21824K,   0% used [0x00000000e5560000, 0x00000000e5560000, 0x00000000e6ab0000)
 concurrent mark-sweep generation total 393216K, used 137473K [0x00000000e8000000, 0x0000000100000000, 0x0000000100000000)
 Metaspace       used 33456K, capacity 33878K, committed 34248K, reserved 1079296K
  class space    used 3873K, capacity 3968K, committed 4040K, reserved 1048576K
2016-10-28T02:31:41.205-0400: 28.965: [GC (Allocation Failure) 2016-10-28T02:31:41.205-0400: 28.965: [ParNew
Desired survivor size 20112992 bytes, new threshold 8 (max 8)
- age   1:     147584 bytes,     147584 total
- age   2:     120624 bytes,     268208 total
- age   3:     152376 bytes,     420584 total
- age   4:     120624 bytes,     541208 total
- age   5:     153696 bytes,     694904 total
- age   6:     114408 bytes,     809312 total
- age   7:     153408 bytes,     962720 total
- age   8:     120912 bytes,    1083632 total
: 88874K->1304K(109248K), 0.0207568 secs] 226348K->138902K(502464K), 0.0209096 secs] [Times: user=0.01 sys=0.02, real=0.02 secs] 
Heap after GC invocations=178 (full 1):
 par new generation   total 109248K, used 1304K [0x00000000e0000000, 0x00000000e8000000, 0x00000000e8000000)
  eden space 87424K,   0% used [0x00000000e0000000, 0x00000000e0000000, 0x00000000e5560000)
  from space 21824K,   5% used [0x00000000e5560000, 0x00000000e56a63b0, 0x00000000e6ab0000)
  to   space 21824K,   0% used [0x00000000e6ab0000, 0x00000000e6ab0000, 0x00000000e8000000)
 concurrent mark-sweep generation total 393216K, used 137597K [0x00000000e8000000, 0x0000000100000000, 0x0000000100000000)
 Metaspace       used 33456K, capacity 33878K, committed 34248K, reserved 1079296K
  class space    used 3873K, capacity 3968K, committed 4040K, reserved 1048576K
}
2016-10-28T02:31:41.226-0400: 28.986: Total time for which application threads were stopped: 0.0214973 seconds, Stopping threads took: 0.0001198 seconds
{Heap before GC invocations=178 (full 1):
 par new generation   total 109248K, used 88728K [0x00000000e0000000, 0x00000000e8000000, 0x00000000e8000000)
  eden space 87424K, 100% used [0x00000000e0000000, 0x00000000e5560000, 0x00000000e5560000)
  from space 21824K,   5% used [0x00000000e5560000, 0x00000000e56a63b0, 0x00000000e6ab0000)
  to   space 21824K,   0% used [0x00000000e6ab0000, 0x00000000e6ab0000, 0x00000000e8000000)
 concurrent mark-sweep generation total 393216K, used 137597K [0x00000000e8000000, 0x0000000100000000, 0x0000000100000000)
 Metaspace       used 33456K, capacity 33878K, committed 34248K, reserved 1079296K
  class space    used 3873K, capacity 3968K, committed 4040K, reserved 1048576K
2016-10-28T02:31:41.250-0400: 29.010: [GC (Allocation Failure) 2016-10-28T02:31:41.250-0400: 29.010: [ParNew
Desired survivor size 20112992 bytes, new threshold 8 (max 8)
- age   1:     206952 bytes,     206952 total
- age   2:     120624 bytes,     327576 total
- age   3:     120624 bytes,     448200 total
- age   4:     152376 bytes,     600576 total
- age   5:     120624 bytes,     721200 total
- age   6:     153696 bytes,     874896 total
- age   7:     114408 bytes,     989304 total
- age   8:     153408 bytes,    1142712 total
: 88728K->1591K(109248K), 0.0130013 secs] 226326K->139312K(502464K), 0.0131351 secs] [Times: user=0.01 sys=0.01, real=0.01 secs] 
Heap after GC invocations=179 (full 1):
 par new generation   total 109248K, used 1591K [0x00000000e0000000, 0x00000000e8000000, 0x00000000e8000000)
  eden space 87424K,   0% used [0x00000000e0000000, 0x00000000e0000000, 0x00000000e5560000)
  from space 21824K,   7% used [0x00000000e6ab0000, 0x00000000e6c3dd98, 0x00000000e8000000)
  to   space 21824K,   0% used [0x00000000e5560000, 0x00000000e5560000, 0x00000000e6ab0000)
 concurrent mark-sweep generation total 393216K, used 137721K [0x00000000e8000000, 0x0000000100000000, 0x0000000100000000)
 Metaspace       used 33456K, capacity 33878K, committed 34248K, reserved 1079296K
  class space    used 3873K, capacity 3968K, committed 4040K, reserved 1048576K
}
2016-10-28T02:31:41.263-0400: 29.024: Total time for which application threads were stopped: 0.0134788 seconds, Stopping threads took: 0.0001356 seconds
{Heap before GC invocations=179 (full 1):
 par new generation   total 109248K, used 89015K [0x00000000e0000000, 0x00000000e8000000, 0x00000000e8000000)
  eden space 87424K, 100% used [0x00000000e0000000, 0x00000000e5560000, 0x00000000e5560000)
  from space 21824K,   7% used [0x00000000e6ab0000, 0x00000000e6c3dd98, 0x00000000e8000000)
  to   space 21824K,   0% used [0x00000000e5560000, 0x00000000e5560000, 0x00000000e6ab0000)
 concurrent mark-sweep generation total 393216K, used 137721K [0x00000000e8000000, 0x0000000100000000, 0x0000000100000000)
 Metaspace       used 33456K, capacity 33878K, committed 34248K, reserved 1079296K
  class space    used 3873K, capacity 3968K, committed 4040K, reserved 1048576K
2016-10-28T02:31:41.285-0400: 29.045: [GC (Allocation Failure) 2016-10-28T02:31:41.285-0400: 29.045: [ParNew
Desired survivor size 20112992 bytes, new threshold 8 (max 8)
- age   1:    2792640 bytes,    2792640 total
- age   2:     179976 bytes,    2972616 total
- age   3:     120624 bytes,    3093240 total
- age   4:     120624 bytes,    3213864 total
- age   5:     152376 bytes,    3366240 total
- age   6:     120624 bytes,    3486864 total
- age   7:     153696 bytes,    3640560 total
- age   8:     114408 bytes,    3754968 total
: 89015K->3907K(109248K), 0.0169924 secs] 226736K->141783K(502464K), 0.0171224 secs] [Times: user=0.02 sys=0.01, real=0.02 secs] 
Heap after GC invocations=180 (full 1):
 par new generation   total 109248K, used 3907K [0x00000000e0000000, 0x00000000e8000000, 0x00000000e8000000)
  eden space 87424K,   0% used [0x00000000e0000000, 0x00000000e0000000, 0x00000000e5560000)
  from space 21824K,  17% used [0x00000000e5560000, 0x00000000e5930c90, 0x00000000e6ab0000)
  to   space 21824K,   0% used [0x00000000e6ab0000, 0x00000000e6ab0000, 0x00000000e8000000)
 concurrent mark-sweep generation total 393216K, used 137876K [0x00000000e8000000, 0x0000000100000000, 0x0000000100000000)
 Metaspace       used 33456K, capacity 33878K, committed 34248K, reserved 1079296K
  class space    used 3873K, capacity 3968K, committed 4040K, reserved 1048576K
}
2016-10-28T02:31:41.302-0400: 29.063: Total time for which application threads were stopped: 0.0174716 seconds, Stopping threads took: 0.0001016 seconds
{Heap before GC invocations=180 (full 1):
 par new generation   total 109248K, used 91331K [0x00000000e0000000, 0x00000000e8000000, 0x00000000e8000000)
  eden space 87424K, 100% used [0x00000000e0000000, 0x00000000e5560000, 0x00000000e5560000)
  from space 21824K,  17% used [0x00000000e5560000, 0x00000000e5930c90, 0x00000000e6ab0000)
  to   space 21824K,   0% used [0x00000000e6ab0000, 0x00000000e6ab0000, 0x00000000e8000000)
 concurrent mark-sweep generation total 393216K, used 137876K [0x00000000e8000000, 0x0000000100000000, 0x0000000100000000)
 Metaspace       used 33456K, capacity 33878K, committed 34248K, reserved 1079296K
  class space    used 3873K, capacity 3968K, committed 4040K, reserved 1048576K
2016-10-28T02:31:41.324-0400: 29.084: [GC (Allocation Failure) 2016-10-28T02:31:41.324-0400: 29.084: [ParNew
Desired survivor size 20112992 bytes, new threshold 8 (max 8)
- age   1:     179648 bytes,     179648 total
- age   2:    2765680 bytes,    2945328 total
- age   3:     179976 bytes,    3125304 total
- age   4:     120624 bytes,    3245928 total
- age   5:     120624 bytes,    3366552 total
- age   6:     152376 bytes,    3518928 total
- age   7:     120624 bytes,    3639552 total
- age   8:     153696 bytes,    3793248 total
: 91331K->4274K(109248K), 0.0155978 secs] 229207K->142268K(502464K), 0.0156838 secs] [Times: user=0.01 sys=0.01, real=0.02 secs] 
Heap after GC invocations=181 (full 1):
 par new generation   total 109248K, used 4274K [0x00000000e0000000, 0x00000000e8000000, 0x00000000e8000000)
  eden space 87424K,   0% used [0x00000000e0000000, 0x00000000e0000000, 0x00000000e5560000)
  from space 21824K,  19% used [0x00000000e6ab0000, 0x00000000e6edcb98, 0x00000000e8000000)
  to   space 21824K,   0% used [0x00000000e5560000, 0x00000000e5560000, 0x00000000e6ab0000)
 concurrent mark-sweep generation total 393216K, used 137993K [0x00000000e8000000, 0x0000000100000000, 0x0000000100000000)
 Metaspace       used 33456K, capacity 33878K, committed 34248K, reserved 1079296K
  class space    used 3873K, capacity 3968K, committed 4040K, reserved 1048576K
}
2016-10-28T02:31:41.339-0400: 29.100: Total time for which application threads were stopped: 0.0161026 seconds, Stopping threads took: 0.0001209 seconds
{Heap before GC invocations=181 (full 1):
 par new generation   total 109248K, used 91698K [0x00000000e0000000, 0x00000000e8000000, 0x00000000e8000000)
  eden space 87424K, 100% used [0x00000000e0000000, 0x00000000e5560000, 0x00000000e5560000)
  from space 21824K,  19% used [0x00000000e6ab0000, 0x00000000e6edcb98, 0x00000000e8000000)
  to   space 21824K,   0% used [0x00000000e5560000, 0x00000000e5560000, 0x00000000e6ab0000)
 concurrent mark-sweep generation total 393216K, used 137993K [0x00000000e8000000, 0x0000000100000000, 0x0000000100000000)
 Metaspace       used 33457K, capacity 33878K, committed 34248K, reserved 1079296K
  class space    used 3873K, capacity 3968K, committed 4040K, reserved 1048576K
2016-10-28T02:31:41.362-0400: 29.123: [GC (Allocation Failure) 2016-10-28T02:31:41.362-0400: 29.123: [ParNew
Desired survivor size 20112992 bytes, new threshold 8 (max 8)
- age   1:     141368 bytes,     141368 total
- age   2:     152656 bytes,     294024 total
- age   3:    2765680 bytes,    3059704 total
- age   4:     179976 bytes,    3239680 total
- age   5:     120624 bytes,    3360304 total
- age   6:     120624 bytes,    3480928 total
- age   7:     152376 bytes,    3633304 total
- age   8:     120624 bytes,    3753928 total
: 91698K->3890K(109248K), 0.0138897 secs] 229692K->142039K(502464K), 0.0139605 secs] [Times: user=0.02 sys=0.01, real=0.01 secs] 
Heap after GC invocations=182 (full 1):
 par new generation   total 109248K, used 3890K [0x00000000e0000000, 0x00000000e8000000, 0x00000000e8000000)
  eden space 87424K,   0% used [0x00000000e0000000, 0x00000000e0000000, 0x00000000e5560000)
  from space 21824K,  17% used [0x00000000e5560000, 0x00000000e592c9a0, 0x00000000e6ab0000)
  to   space 21824K,   0% used [0x00000000e6ab0000, 0x00000000e6ab0000, 0x00000000e8000000)
 concurrent mark-sweep generation total 393216K, used 138149K [0x00000000e8000000, 0x0000000100000000, 0x0000000100000000)
 Metaspace       used 33457K, capacity 33878K, committed 34248K, reserved 1079296K
  class space    used 3873K, capacity 3968K, committed 4040K, reserved 1048576K
}
2016-10-28T02:31:41.376-0400: 29.137: Total time for which application threads were stopped: 0.0144014 seconds, Stopping threads took: 0.0002555 seconds
{Heap before GC invocations=182 (full 1):
 par new generation   total 109248K, used 91314K [0x00000000e0000000, 0x00000000e8000000, 0x00000000e8000000)
  eden space 87424K, 100% used [0x00000000e0000000, 0x00000000e5560000, 0x00000000e5560000)
  from space 21824K,  17% used [0x00000000e5560000, 0x00000000e592c9a0, 0x00000000e6ab0000)
  to   space 21824K,   0% used [0x00000000e6ab0000, 0x00000000e6ab0000, 0x00000000e8000000)
 concurrent mark-sweep generation total 393216K, used 138149K [0x00000000e8000000, 0x0000000100000000, 0x0000000100000000)
 Metaspace       used 33457K, capacity 33878K, committed 34248K, reserved 1079296K
  class space    used 3873K, capacity 3968K, committed 4040K, reserved 1048576K
2016-10-28T02:31:41.421-0400: 29.181: [GC (Allocation Failure) 2016-10-28T02:31:41.421-0400: 29.181: [ParNew
Desired survivor size 20112992 bytes, new threshold 8 (max 8)
- age   1:     180408 bytes,     180408 total
- age   2:     114408 bytes,     294816 total
- age   3:     152656 bytes,     447472 total
- age   4:    2765680 bytes,    3213152 total
- age   5:     179976 bytes,    3393128 total
- age   6:     120624 bytes,    3513752 total
- age   7:     120624 bytes,    3634376 total
- age   8:     152376 bytes,    3786752 total
: 91314K->4281K(109248K), 0.0238812 secs] 229463K->142553K(502464K), 0.0240231 secs] [Times: user=0.03 sys=0.01, real=0.02 secs] 
Heap after GC invocations=183 (full 1):
 par new generation   total 109248K, used 4281K [0x00000000e0000000, 0x00000000e8000000, 0x00000000e8000000)
  eden space 87424K,   0% used [0x00000000e0000000, 0x00000000e0000000, 0x00000000e5560000)
  from space 21824K,  19% used [0x00000000e6ab0000, 0x00000000e6ede530, 0x00000000e8000000)
  to   space 21824K,   0% used [0x00000000e5560000, 0x00000000e5560000, 0x00000000e6ab0000)
 concurrent mark-sweep generation total 393216K, used 138272K [0x00000000e8000000, 0x0000000100000000, 0x0000000100000000)
 Metaspace       used 33457K, capacity 33878K, committed 34248K, reserved 1079296K
  class space    used 3873K, capacity 3968K, committed 4040K, reserved 1048576K
}
2016-10-28T02:31:41.445-0400: 29.205: Total time for which application threads were stopped: 0.0243399 seconds, Stopping threads took: 0.0001203 seconds
{Heap before GC invocations=183 (full 1):
 par new generation   total 109248K, used 91705K [0x00000000e0000000, 0x00000000e8000000, 0x00000000e8000000)
  eden space 87424K, 100% used [0x00000000e0000000, 0x00000000e5560000, 0x00000000e5560000)
  from space 21824K,  19% used [0x00000000e6ab0000, 0x00000000e6ede530, 0x00000000e8000000)
  to   space 21824K,   0% used [0x00000000e5560000, 0x00000000e5560000, 0x00000000e6ab0000)
 concurrent mark-sweep generation total 393216K, used 138272K [0x00000000e8000000, 0x0000000100000000, 0x0000000100000000)
 Metaspace       used 33457K, capacity 33878K, committed 34248K, reserved 1079296K
  class space    used 3873K, capacity 3968K, committed 4040K, reserved 1048576K
2016-10-28T02:31:41.468-0400: 29.229: [GC (Allocation Failure) 2016-10-28T02:31:41.468-0400: 29.229: [ParNew
Desired survivor size 20112992 bytes, new threshold 8 (max 8)
- age   1:     147864 bytes,     147864 total
- age   2:     153440 bytes,     301304 total
- age   3:     114408 bytes,     415712 total
- age   4:     152656 bytes,     568368 total
- age   5:    2765680 bytes,    3334048 total
- age   6:     179976 bytes,    3514024 total
- age   7:     120624 bytes,    3634648 total
- age   8:     120624 bytes,    3755272 total
: 91705K->3908K(109248K), 0.0168971 secs] 229977K->142335K(502464K), 0.0169732 secs] [Times: user=0.03 sys=0.00, real=0.01 secs] 
Heap after GC invocations=184 (full 1):
 par new generation   total 109248K, used 3908K [0x00000000e0000000, 0x00000000e8000000, 0x00000000e8000000)
  eden space 87424K,   0% used [0x00000000e0000000, 0x00000000e0000000, 0x00000000e5560000)
  from space 21824K,  17% used [0x00000000e5560000, 0x00000000e5931310, 0x00000000e6ab0000)
  to   space 21824K,   0% used [0x00000000e6ab0000, 0x00000000e6ab0000, 0x00000000e8000000)
 concurrent mark-sweep generation total 393216K, used 138426K [0x00000000e8000000, 0x0000000100000000, 0x0000000100000000)
 Metaspace       used 33457K, capacity 33878K, committed 34248K, reserved 1079296K
  class space    used 3873K, capacity 3968K, committed 4040K, reserved 1048576K
}
2016-10-28T02:31:41.486-0400: 29.246: Total time for which application threads were stopped: 0.0172685 seconds, Stopping threads took: 0.0000910 seconds
{Heap before GC invocations=184 (full 1):
 par new generation   total 109248K, used 91332K [0x00000000e0000000, 0x00000000e8000000, 0x00000000e8000000)
  eden space 87424K, 100% used [0x00000000e0000000, 0x00000000e5560000, 0x00000000e5560000)
  from space 21824K,  17% used [0x00000000e5560000, 0x00000000e5931310, 0x00000000e6ab0000)
  to   space 21824K,   0% used [0x00000000e6ab0000, 0x00000000e6ab0000, 0x00000000e8000000)
 concurrent mark-sweep generation total 393216K, used 138426K [0x00000000e8000000, 0x0000000100000000, 0x0000000100000000)
 Metaspace       used 33472K, capacity 33878K, committed 34248K, reserved 1079296K
  class space    used 3873K, capacity 3968K, committed 4040K, reserved 1048576K
2016-10-28T02:31:41.507-0400: 29.268: [GC (Allocation Failure) 2016-10-28T02:31:41.508-0400: 29.268: [ParNew
Desired survivor size 20112992 bytes, new threshold 8 (max 8)
- age   1:     141376 bytes,     141376 total
- age   2:     120912 bytes,     262288 total
- age   3:     153440 bytes,     415728 total
- age   4:     114408 bytes,     530136 total
- age   5:     152656 bytes,     682792 total
- age   6:    2765680 bytes,    3448472 total
- age   7:     179976 bytes,    3628448 total
- age   8:     120624 bytes,    3749072 total
: 91332K->4142K(109248K), 0.0177399 secs] 229759K->142691K(502464K), 0.0178949 secs] [Times: user=0.03 sys=0.00, real=0.01 secs] 
Heap after GC invocations=185 (full 1):
 par new generation   total 109248K, used 4142K [0x00000000e0000000, 0x00000000e8000000, 0x00000000e8000000)
  eden space 87424K,   0% used [0x00000000e0000000, 0x00000000e0000000, 0x00000000e5560000)
  from space 21824K,  18% used [0x00000000e6ab0000, 0x00000000e6ebb978, 0x00000000e8000000)
  to   space 21824K,   0% used [0x00000000e5560000, 0x00000000e5560000, 0x00000000e6ab0000)
 concurrent mark-sweep generation total 393216K, used 138549K [0x00000000e8000000, 0x0000000100000000, 0x0000000100000000)
 Metaspace       used 33472K, capacity 33878K, committed 34248K, reserved 1079296K
  class space    used 3873K, capacity 3968K, committed 4040K, reserved 1048576K
}
2016-10-28T02:31:41.525-0400: 29.286: Total time for which application threads were stopped: 0.0184726 seconds, Stopping threads took: 0.0003141 seconds
{Heap before GC invocations=185 (full 1):
 par new generation   total 109248K, used 91566K [0x00000000e0000000, 0x00000000e8000000, 0x00000000e8000000)
  eden space 87424K, 100% used [0x00000000e0000000, 0x00000000e5560000, 0x00000000e5560000)
  from space 21824K,  18% used [0x00000000e6ab0000, 0x00000000e6ebb978, 0x00000000e8000000)
  to   space 21824K,   0% used [0x00000000e5560000, 0x00000000e5560000, 0x00000000e6ab0000)
 concurrent mark-sweep generation total 393216K, used 138549K [0x00000000e8000000, 0x0000000100000000, 0x0000000100000000)
 Metaspace       used 33472K, capacity 33878K, committed 34248K, reserved 1079296K
  class space    used 3873K, capacity 3968K, committed 4040K, reserved 1048576K
2016-10-28T02:31:41.548-0400: 29.308: [GC (Allocation Failure) 2016-10-28T02:31:41.548-0400: 29.308: [ParNew
Desired survivor size 20112992 bytes, new threshold 8 (max 8)
- age   1:     180376 bytes,     180376 total
- age   2:     114408 bytes,     294784 total
- age   3:     120912 bytes,     415696 total
- age   4:     153440 bytes,     569136 total
- age   5:     114408 bytes,     683544 total
- age   6:     152656 bytes,     836200 total
- age   7:    2765680 bytes,    3601880 total
- age   8:     179976 bytes,    3781856 total
: 91566K->3977K(109248K), 0.0193252 secs] 230115K->142650K(502464K), 0.0194156 secs] [Times: user=0.04 sys=0.01, real=0.02 secs] 
Heap after GC invocations=186 (full 1):
 par new generation   total 109248K, used 3977K [0x00000000e0000000, 0x00000000e8000000, 0x00000000e8000000)
  eden space 87424K,   0% used [0x00000000e0000000, 0x00000000e0000000, 0x00000000e5560000)
  from space 21824K,  18% used [0x00000000e5560000, 0x00000000e59426c0, 0x00000000e6ab0000)
  to   space 21824K,   0% used [0x00000000e6ab0000, 0x00000000e6ab0000, 0x00000000e8000000)
 concurrent mark-sweep generation total 393216K, used 138672K [0x00000000e8000000, 0x0000000100000000, 0x0000000100000000)
 Metaspace       used 33472K, capacity 33878K, committed 34248K, reserved 1079296K
  class space    used 3873K, capacity 3968K, committed 4040K, reserved 1048576K
}
2016-10-28T02:31:41.567-0400: 29.327: Total time for which application threads were stopped: 0.0197828 seconds, Stopping threads took: 0.0000859 seconds
{Heap before GC invocations=186 (full 1):
 par new generation   total 109248K, used 91401K [0x00000000e0000000, 0x00000000e8000000, 0x00000000e8000000)
  eden space 87424K, 100% used [0x00000000e0000000, 0x00000000e5560000, 0x00000000e5560000)
  from space 21824K,  18% used [0x00000000e5560000, 0x00000000e59426c0, 0x00000000e6ab0000)
  to   space 21824K,   0% used [0x00000000e6ab0000, 0x00000000e6ab0000, 0x00000000e8000000)
 concurrent mark-sweep generation total 393216K, used 138672K [0x00000000e8000000, 0x0000000100000000, 0x0000000100000000)
 Metaspace       used 33472K, capacity 33878K, committed 34248K, reserved 1079296K
  class space    used 3873K, capacity 3968K, committed 4040K, reserved 1048576K
2016-10-28T02:31:41.590-0400: 29.350: [GC (Allocation Failure) 2016-10-28T02:31:41.590-0400: 29.350: [ParNew
Desired survivor size 20112992 bytes, new threshold 8 (max 8)
- age   1:     147864 bytes,     147864 total
- age   2:     153408 bytes,     301272 total
- age   3:     114408 bytes,     415680 total
- age   4:     120912 bytes,     536592 total
- age   5:     153440 bytes,     690032 total
- age   6:     114408 bytes,     804440 total
- age   7:     152656 bytes,     957096 total
- age   8:    2765680 bytes,    3722776 total
: 91401K->4003K(109248K), 0.0193709 secs] 230074K->142857K(502464K), 0.0195314 secs] [Times: user=0.03 sys=0.01, real=0.02 secs] 
Heap after GC invocations=187 (full 1):
 par new generation   total 109248K, used 4003K [0x00000000e0000000, 0x00000000e8000000, 0x00000000e8000000)
  eden space 87424K,   0% used [0x00000000e0000000, 0x00000000e0000000, 0x00000000e5560000)
  from space 21824K,  18% used [0x00000000e6ab0000, 0x00000000e6e98ea0, 0x00000000e8000000)
  to   space 21824K,   0% used [0x00000000e5560000, 0x00000000e5560000, 0x00000000e6ab0000)
 concurrent mark-sweep generation total 393216K, used 138853K [0x00000000e8000000, 0x0000000100000000, 0x0000000100000000)
 Metaspace       used 33472K, capacity 33878K, committed 34248K, reserved 1079296K
  class space    used 3873K, capacity 3968K, committed 4040K, reserved 1048576K
}
2016-10-28T02:31:41.609-0400: 29.369: Total time for which application threads were stopped: 0.0199703 seconds, Stopping threads took: 0.0001337 seconds
{Heap before GC invocations=187 (full 1):
 par new generation   total 109248K, used 91427K [0x00000000e0000000, 0x00000000e8000000, 0x00000000e8000000)
  eden space 87424K, 100% used [0x00000000e0000000, 0x00000000e5560000, 0x00000000e5560000)
  from space 21824K,  18% used [0x00000000e6ab0000, 0x00000000e6e98ea0, 0x00000000e8000000)
  to   space 21824K,   0% used [0x00000000e5560000, 0x00000000e5560000, 0x00000000e6ab0000)
 concurrent mark-sweep generation total 393216K, used 138853K [0x00000000e8000000, 0x0000000100000000, 0x0000000100000000)
 Metaspace       used 33472K, capacity 33878K, committed 34248K, reserved 1079296K
  class space    used 3873K, capacity 3968K, committed 4040K, reserved 1048576K
2016-10-28T02:31:41.633-0400: 29.394: [GC (Allocation Failure) 2016-10-28T02:31:41.633-0400: 29.394: [ParNew
Desired survivor size 20112992 bytes, new threshold 8 (max 8)
- age   1:     173888 bytes,     173888 total
- age   2:     120912 bytes,     294800 total
- age   3:     153408 bytes,     448208 total
- age   4:     114408 bytes,     562616 total
- age   5:     120912 bytes,     683528 total
- age   6:     153440 bytes,     836968 total
- age   7:     114408 bytes,     951376 total
- age   8:     152656 bytes,    1104032 total
: 91427K->1318K(109248K), 0.0419507 secs] 230281K->142878K(502464K), 0.0420170 secs] [Times: user=0.06 sys=0.06, real=0.04 secs] 
Heap after GC invocations=188 (full 1):
 par new generation   total 109248K, used 1318K [0x00000000e0000000, 0x00000000e8000000, 0x00000000e8000000)
  eden space 87424K,   0% used [0x00000000e0000000, 0x00000000e0000000, 0x00000000e5560000)
  from space 21824K,   6% used [0x00000000e5560000, 0x00000000e56a9a80, 0x00000000e6ab0000)
  to   space 21824K,   0% used [0x00000000e6ab0000, 0x00000000e6ab0000, 0x00000000e8000000)
 concurrent mark-sweep generation total 393216K, used 141559K [0x00000000e8000000, 0x0000000100000000, 0x0000000100000000)
 Metaspace       used 33472K, capacity 33878K, committed 34248K, reserved 1079296K
  class space    used 3873K, capacity 3968K, committed 4040K, reserved 1048576K
}
2016-10-28T02:31:41.676-0400: 29.436: Total time for which application threads were stopped: 0.0423365 seconds, Stopping threads took: 0.0001186 seconds
{Heap before GC invocations=188 (full 1):
 par new generation   total 109248K, used 88742K [0x00000000e0000000, 0x00000000e8000000, 0x00000000e8000000)
  eden space 87424K, 100% used [0x00000000e0000000, 0x00000000e5560000, 0x00000000e5560000)
  from space 21824K,   6% used [0x00000000e5560000, 0x00000000e56a9a80, 0x00000000e6ab0000)
  to   space 21824K,   0% used [0x00000000e6ab0000, 0x00000000e6ab0000, 0x00000000e8000000)
 concurrent mark-sweep generation total 393216K, used 141559K [0x00000000e8000000, 0x0000000100000000, 0x0000000100000000)
 Metaspace       used 33472K, capacity 33878K, committed 34248K, reserved 1079296K
  class space    used 3873K, capacity 3968K, committed 4040K, reserved 1048576K
2016-10-28T02:31:41.698-0400: 29.458: [GC (Allocation Failure) 2016-10-28T02:31:41.698-0400: 29.458: [ParNew
Desired survivor size 20112992 bytes, new threshold 8 (max 8)
- age   1:     147056 bytes,     147056 total
- age   2:     147192 bytes,     294248 total
- age   3:     120912 bytes,     415160 total
- age   4:     153408 bytes,     568568 total
- age   5:     114408 bytes,     682976 total
- age   6:     120912 bytes,     803888 total
- age   7:     153440 bytes,     957328 total
- age   8:     114408 bytes,    1071736 total
: 88742K->1324K(109248K), 0.0145432 secs] 230302K->143038K(502464K), 0.0146735 secs] [Times: user=0.02 sys=0.00, real=0.02 secs] 
Heap after GC invocations=189 (full 1):
 par new generation   total 109248K, used 1324K [0x00000000e0000000, 0x00000000e8000000, 0x00000000e8000000)
  eden space 87424K,   0% used [0x00000000e0000000, 0x00000000e0000000, 0x00000000e5560000)
  from space 21824K,   6% used [0x00000000e6ab0000, 0x00000000e6bfb0b0, 0x00000000e8000000)
  to   space 21824K,   0% used [0x00000000e5560000, 0x00000000e5560000, 0x00000000e6ab0000)
 concurrent mark-sweep generation total 393216K, used 141714K [0x00000000e8000000, 0x0000000100000000, 0x0000000100000000)
 Metaspace       used 33472K, capacity 33878K, committed 34248K, reserved 1079296K
  class space    used 3873K, capacity 3968K, committed 4040K, reserved 1048576K
}
2016-10-28T02:31:41.712-0400: 29.472: Total time for which application threads were stopped: 0.0149933 seconds, Stopping threads took: 0.0001317 seconds
{Heap before GC invocations=189 (full 1):
 par new generation   total 109248K, used 88748K [0x00000000e0000000, 0x00000000e8000000, 0x00000000e8000000)
  eden space 87424K, 100% used [0x00000000e0000000, 0x00000000e5560000, 0x00000000e5560000)
  from space 21824K,   6% used [0x00000000e6ab0000, 0x00000000e6bfb0b0, 0x00000000e8000000)
  to   space 21824K,   0% used [0x00000000e5560000, 0x00000000e5560000, 0x00000000e6ab0000)
 concurrent mark-sweep generation total 393216K, used 141714K [0x00000000e8000000, 0x0000000100000000, 0x0000000100000000)
 Metaspace       used 33472K, capacity 33878K, committed 34248K, reserved 1079296K
  class space    used 3873K, capacity 3968K, committed 4040K, reserved 1048576K
2016-10-28T02:31:41.735-0400: 29.495: [GC (Allocation Failure) 2016-10-28T02:31:41.735-0400: 29.495: [ParNew
Desired survivor size 20112992 bytes, new threshold 8 (max 8)
- age   1:     180168 bytes,     180168 total
- age   2:     120624 bytes,     300792 total
- age   3:     147192 bytes,     447984 total
- age   4:     120912 bytes,     568896 total
- age   5:     153408 bytes,     722304 total
- age   6:     114408 bytes,     836712 total
- age   7:     120912 bytes,     957624 total
- age   8:     153440 bytes,    1111064 total
: 88748K->1836K(109248K), 0.0191993 secs] 230462K->143668K(502464K), 0.0192671 secs] [Times: user=0.02 sys=0.03, real=0.02 secs] 
Heap after GC invocations=190 (full 1):
 par new generation   total 109248K, used 1836K [0x00000000e0000000, 0x00000000e8000000, 0x00000000e8000000)
  eden space 87424K,   0% used [0x00000000e0000000, 0x00000000e0000000, 0x00000000e5560000)
  from space 21824K,   8% used [0x00000000e5560000, 0x00000000e572b2a8, 0x00000000e6ab0000)
  to   space 21824K,   0% used [0x00000000e6ab0000, 0x00000000e6ab0000, 0x00000000e8000000)
 concurrent mark-sweep generation total 393216K, used 141831K [0x00000000e8000000, 0x0000000100000000, 0x0000000100000000)
 Metaspace       used 33472K, capacity 33878K, committed 34248K, reserved 1079296K
  class space    used 3873K, capacity 3968K, committed 4040K, reserved 1048576K
}
2016-10-28T02:31:41.754-0400: 29.514: Total time for which application threads were stopped: 0.0196036 seconds, Stopping threads took: 0.0001089 seconds
{Heap before GC invocations=190 (full 1):
 par new generation   total 109248K, used 89260K [0x00000000e0000000, 0x00000000e8000000, 0x00000000e8000000)
  eden space 87424K, 100% used [0x00000000e0000000, 0x00000000e5560000, 0x00000000e5560000)
  from space 21824K,   8% used [0x00000000e5560000, 0x00000000e572b2a8, 0x00000000e6ab0000)
  to   space 21824K,   0% used [0x00000000e6ab0000, 0x00000000e6ab0000, 0x00000000e8000000)
 concurrent mark-sweep generation total 393216K, used 141831K [0x00000000e8000000, 0x0000000100000000, 0x0000000100000000)
 Metaspace       used 33472K, capacity 33878K, committed 34248K, reserved 1079296K
  class space    used 3873K, capacity 3968K, committed 4040K, reserved 1048576K
2016-10-28T02:31:41.774-0400: 29.534: [GC (Allocation Failure) 2016-10-28T02:31:41.774-0400: 29.534: [ParNew
Desired survivor size 20112992 bytes, new threshold 8 (max 8)
- age   1:     174704 bytes,     174704 total
- age   2:     153696 bytes,     328400 total
- age   3:     120624 bytes,     449024 total
- age   4:     147192 bytes,     596216 total
- age   5:     120912 bytes,     717128 total
- age   6:     153408 bytes,     870536 total
- age   7:     114408 bytes,     984944 total
- age   8:     120912 bytes,    1105856 total
: 89260K->1304K(109248K), 0.0162563 secs] 231092K->143291K(502464K), 0.0164721 secs] [Times: user=0.02 sys=0.00, real=0.02 secs] 
Heap after GC invocations=191 (full 1):
 par new generation   total 109248K, used 1304K [0x00000000e0000000, 0x00000000e8000000, 0x00000000e8000000)
  eden space 87424K,   0% used [0x00000000e0000000, 0x00000000e0000000, 0x00000000e5560000)
  from space 21824K,   5% used [0x00000000e6ab0000, 0x00000000e6bf6150, 0x00000000e8000000)
  to   space 21824K,   0% used [0x00000000e5560000, 0x00000000e5560000, 0x00000000e6ab0000)
 concurrent mark-sweep generation total 393216K, used 141986K [0x00000000e8000000, 0x0000000100000000, 0x0000000100000000)
 Metaspace       used 33472K, capacity 33878K, committed 34248K, reserved 1079296K
  class space    used 3873K, capacity 3968K, committed 4040K, reserved 1048576K
}
2016-10-28T02:31:41.790-0400: 29.550: Total time for which application threads were stopped: 0.0168927 seconds, Stopping threads took: 0.0001498 seconds
{Heap before GC invocations=191 (full 1):
 par new generation   total 109248K, used 88728K [0x00000000e0000000, 0x00000000e8000000, 0x00000000e8000000)
  eden space 87424K, 100% used [0x00000000e0000000, 0x00000000e5560000, 0x00000000e5560000)
  from space 21824K,   5% used [0x00000000e6ab0000, 0x00000000e6bf6150, 0x00000000e8000000)
  to   space 21824K,   0% used [0x00000000e5560000, 0x00000000e5560000, 0x00000000e6ab0000)
 concurrent mark-sweep generation total 393216K, used 141986K [0x00000000e8000000, 0x0000000100000000, 0x0000000100000000)
 Metaspace       used 33472K, capacity 33878K, committed 34248K, reserved 1079296K
  class space    used 3873K, capacity 3968K, committed 4040K, reserved 1048576K
2016-10-28T02:31:41.813-0400: 29.573: [GC (Allocation Failure) 2016-10-28T02:31:41.813-0400: 29.573: [ParNew
Desired survivor size 20112992 bytes, new threshold 8 (max 8)
- age   1:     147064 bytes,     147064 total
- age   2:     148272 bytes,     295336 total
- age   3:     153696 bytes,     449032 total
- age   4:     120624 bytes,     569656 total
- age   5:     147192 bytes,     716848 total
- age   6:     120912 bytes,     837760 total
- age   7:     153408 bytes,     991168 total
- age   8:     114408 bytes,    1105576 total
: 88728K->1630K(109248K), 0.0245876 secs] 230715K->143741K(502464K), 0.0247364 secs] [Times: user=0.03 sys=0.01, real=0.02 secs] 
Heap after GC invocations=192 (full 1):
 par new generation   total 109248K, used 1630K [0x00000000e0000000, 0x00000000e8000000, 0x00000000e8000000)
  eden space 87424K,   0% used [0x00000000e0000000, 0x00000000e0000000, 0x00000000e5560000)
  from space 21824K,   7% used [0x00000000e5560000, 0x00000000e56f7bb8, 0x00000000e6ab0000)
  to   space 21824K,   0% used [0x00000000e6ab0000, 0x00000000e6ab0000, 0x00000000e8000000)
 concurrent mark-sweep generation total 393216K, used 142110K [0x00000000e8000000, 0x0000000100000000, 0x0000000100000000)
 Metaspace       used 33472K, capacity 33878K, committed 34248K, reserved 1079296K
  class space    used 3873K, capacity 3968K, committed 4040K, reserved 1048576K
}
2016-10-28T02:31:41.838-0400: 29.598: Total time for which application threads were stopped: 0.0250902 seconds, Stopping threads took: 0.0001356 seconds
{Heap before GC invocations=192 (full 1):
 par new generation   total 109248K, used 89054K [0x00000000e0000000, 0x00000000e8000000, 0x00000000e8000000)
  eden space 87424K, 100% used [0x00000000e0000000, 0x00000000e5560000, 0x00000000e5560000)
  from space 21824K,   7% used [0x00000000e5560000, 0x00000000e56f7bb8, 0x00000000e6ab0000)
  to   space 21824K,   0% used [0x00000000e6ab0000, 0x00000000e6ab0000, 0x00000000e8000000)
 concurrent mark-sweep generation total 393216K, used 142110K [0x00000000e8000000, 0x0000000100000000, 0x0000000100000000)
 Metaspace       used 33472K, capacity 33878K, committed 34248K, reserved 1079296K
  class space    used 3873K, capacity 3968K, committed 4040K, reserved 1048576K
2016-10-28T02:31:41.859-0400: 29.619: [GC (Allocation Failure) 2016-10-28T02:31:41.859-0400: 29.619: [ParNew
Desired survivor size 20112992 bytes, new threshold 8 (max 8)
- age   1:     180880 bytes,     180880 total
- age   2:     120624 bytes,     301504 total
- age   3:     148272 bytes,     449776 total
- age   4:     153696 bytes,     603472 total
- age   5:     120624 bytes,     724096 total
- age   6:     147192 bytes,     871288 total
- age   7:     120912 bytes,     992200 total
- age   8:     153408 bytes,    1145608 total
: 89054K->1308K(109248K), 0.0178376 secs] 231165K->143535K(502464K), 0.0180046 secs] [Times: user=0.02 sys=0.02, real=0.02 secs] 
Heap after GC invocations=193 (full 1):
 par new generation   total 109248K, used 1308K [0x00000000e0000000, 0x00000000e8000000, 0x00000000e8000000)
  eden space 87424K,   0% used [0x00000000e0000000, 0x00000000e0000000, 0x00000000e5560000)
  from space 21824K,   5% used [0x00000000e6ab0000, 0x00000000e6bf72a8, 0x00000000e8000000)
  to   space 21824K,   0% used [0x00000000e5560000, 0x00000000e5560000, 0x00000000e6ab0000)
 concurrent mark-sweep generation total 393216K, used 142227K [0x00000000e8000000, 0x0000000100000000, 0x0000000100000000)
 Metaspace       used 33472K, capacity 33878K, committed 34248K, reserved 1079296K
  class space    used 3873K, capacity 3968K, committed 4040K, reserved 1048576K
}
2016-10-28T02:31:41.877-0400: 29.637: Total time for which application threads were stopped: 0.0185099 seconds, Stopping threads took: 0.0000870 seconds
{Heap before GC invocations=193 (full 1):
 par new generation   total 109248K, used 88732K [0x00000000e0000000, 0x00000000e8000000, 0x00000000e8000000)
  eden space 87424K, 100% used [0x00000000e0000000, 0x00000000e5560000, 0x00000000e5560000)
  from space 21824K,   5% used [0x00000000e6ab0000, 0x00000000e6bf72a8, 0x00000000e8000000)
  to   space 21824K,   0% used [0x00000000e5560000, 0x00000000e5560000, 0x00000000e6ab0000)
 concurrent mark-sweep generation total 393216K, used 142227K [0x00000000e8000000, 0x0000000100000000, 0x0000000100000000)
 Metaspace       used 33472K, capacity 33878K, committed 34248K, reserved 1079296K
  class space    used 3873K, capacity 3968K, committed 4040K, reserved 1048576K
2016-10-28T02:31:41.898-0400: 29.658: [GC (Allocation Failure) 2016-10-28T02:31:41.898-0400: 29.658: [ParNew
Desired survivor size 20112992 bytes, new threshold 8 (max 8)
- age   1:     141128 bytes,     141128 total
- age   2:     154448 bytes,     295576 total
- age   3:     120624 bytes,     416200 total
- age   4:     148272 bytes,     564472 total
- age   5:     153696 bytes,     718168 total
- age   6:     120624 bytes,     838792 total
- age   7:     147192 bytes,     985984 total
- age   8:     120912 bytes,    1106896 total
: 88732K->1646K(109248K), 0.0141189 secs] 230959K->144028K(502464K), 0.0141858 secs] [Times: user=0.02 sys=0.01, real=0.02 secs] 
Heap after GC invocations=194 (full 1):
 par new generation   total 109248K, used 1646K [0x00000000e0000000, 0x00000000e8000000, 0x00000000e8000000)
  eden space 87424K,   0% used [0x00000000e0000000, 0x00000000e0000000, 0x00000000e5560000)
  from space 21824K,   7% used [0x00000000e5560000, 0x00000000e56fb9a8, 0x00000000e6ab0000)
  to   space 21824K,   0% used [0x00000000e6ab0000, 0x00000000e6ab0000, 0x00000000e8000000)
 concurrent mark-sweep generation total 393216K, used 142382K [0x00000000e8000000, 0x0000000100000000, 0x0000000100000000)
 Metaspace       used 33472K, capacity 33878K, committed 34248K, reserved 1079296K
  class space    used 3873K, capacity 3968K, committed 4040K, reserved 1048576K
}
2016-10-28T02:31:41.913-0400: 29.673: Total time for which application threads were stopped: 0.0145082 seconds, Stopping threads took: 0.0000862 seconds
{Heap before GC invocations=194 (full 1):
 par new generation   total 109248K, used 89070K [0x00000000e0000000, 0x00000000e8000000, 0x00000000e8000000)
  eden space 87424K, 100% used [0x00000000e0000000, 0x00000000e5560000, 0x00000000e5560000)
  from space 21824K,   7% used [0x00000000e5560000, 0x00000000e56fb9a8, 0x00000000e6ab0000)
  to   space 21824K,   0% used [0x00000000e6ab0000, 0x00000000e6ab0000, 0x00000000e8000000)
 concurrent mark-sweep generation total 393216K, used 142382K [0x00000000e8000000, 0x0000000100000000, 0x0000000100000000)
 Metaspace       used 33472K, capacity 33878K, committed 34248K, reserved 1079296K
  class space    used 3873K, capacity 3968K, committed 4040K, reserved 1048576K
2016-10-28T02:31:41.932-0400: 29.692: [GC (Allocation Failure) 2016-10-28T02:31:41.932-0400: 29.693: [ParNew
Desired survivor size 20112992 bytes, new threshold 8 (max 8)
- age   1:     179840 bytes,     179840 total
- age   2:     114696 bytes,     294536 total
- age   3:     154448 bytes,     448984 total
- age   4:     120624 bytes,     569608 total
- age   5:     148272 bytes,     717880 total
- age   6:     153696 bytes,     871576 total
- age   7:     120624 bytes,     992200 total
- age   8:     147192 bytes,    1139392 total
: 89070K->1360K(109248K), 0.0184532 secs] 231452K->143866K(502464K), 0.0185361 secs] [Times: user=0.02 sys=0.01, real=0.02 secs] 
Heap after GC invocations=195 (full 1):
 par new generation   total 109248K, used 1360K [0x00000000e0000000, 0x00000000e8000000, 0x00000000e8000000)
  eden space 87424K,   0% used [0x00000000e0000000, 0x00000000e0000000, 0x00000000e5560000)
  from space 21824K,   6% used [0x00000000e6ab0000, 0x00000000e6c04320, 0x00000000e8000000)
  to   space 21824K,   0% used [0x00000000e5560000, 0x00000000e5560000, 0x00000000e6ab0000)
 concurrent mark-sweep generation total 393216K, used 142505K [0x00000000e8000000, 0x0000000100000000, 0x0000000100000000)
 Metaspace       used 33472K, capacity 33878K, committed 34248K, reserved 1079296K
  class space    used 3873K, capacity 3968K, committed 4040K, reserved 1048576K
}
2016-10-28T02:31:41.951-0400: 29.711: Total time for which application threads were stopped: 0.0189818 seconds, Stopping threads took: 0.0001183 seconds
{Heap before GC invocations=195 (full 1):
 par new generation   total 109248K, used 88784K [0x00000000e0000000, 0x00000000e8000000, 0x00000000e8000000)
  eden space 87424K, 100% used [0x00000000e0000000, 0x00000000e5560000, 0x00000000e5560000)
  from space 21824K,   6% used [0x00000000e6ab0000, 0x00000000e6c04320, 0x00000000e8000000)
  to   space 21824K,   0% used [0x00000000e5560000, 0x00000000e5560000, 0x00000000e6ab0000)
 concurrent mark-sweep generation total 393216K, used 142505K [0x00000000e8000000, 0x0000000100000000, 0x0000000100000000)
 Metaspace       used 33472K, capacity 33878K, committed 34248K, reserved 1079296K
  class space    used 3873K, capacity 3968K, committed 4040K, reserved 1048576K
2016-10-28T02:31:41.975-0400: 29.735: [GC (Allocation Failure) 2016-10-28T02:31:41.975-0400: 29.735: [ParNew
Desired survivor size 20112992 bytes, new threshold 8 (max 8)
- age   1:     147120 bytes,     147120 total
- age   2:     153408 bytes,     300528 total
- age   3:     114696 bytes,     415224 total
- age   4:     154472 bytes,     569696 total
- age   5:     120624 bytes,     690320 total
- age   6:     148272 bytes,     838592 total
- age   7:     153720 bytes,     992312 total
- age   8:     120624 bytes,    1112936 total
: 88784K->1379K(109248K), 0.0215951 secs] 231290K->144034K(502464K), 0.0217483 secs] [Times: user=0.03 sys=0.01, real=0.02 secs] 
Heap after GC invocations=196 (full 1):
 par new generation   total 109248K, used 1379K [0x00000000e0000000, 0x00000000e8000000, 0x00000000e8000000)
  eden space 87424K,   0% used [0x00000000e0000000, 0x00000000e0000000, 0x00000000e5560000)
  from space 21824K,   6% used [0x00000000e5560000, 0x00000000e56b8fa0, 0x00000000e6ab0000)
  to   space 21824K,   0% used [0x00000000e6ab0000, 0x00000000e6ab0000, 0x00000000e8000000)
 concurrent mark-sweep generation total 393216K, used 142655K [0x00000000e8000000, 0x0000000100000000, 0x0000000100000000)
 Metaspace       used 33472K, capacity 33878K, committed 34248K, reserved 1079296K
  class space    used 3873K, capacity 3968K, committed 4040K, reserved 1048576K
}
2016-10-28T02:31:41.997-0400: 29.757: Total time for which application threads were stopped: 0.0220841 seconds, Stopping threads took: 0.0001379 seconds
{Heap before GC invocations=196 (full 1):
 par new generation   total 109248K, used 88803K [0x00000000e0000000, 0x00000000e8000000, 0x00000000e8000000)
  eden space 87424K, 100% used [0x00000000e0000000, 0x00000000e5560000, 0x00000000e5560000)
  from space 21824K,   6% used [0x00000000e5560000, 0x00000000e56b8fa0, 0x00000000e6ab0000)
  to   space 21824K,   0% used [0x00000000e6ab0000, 0x00000000e6ab0000, 0x00000000e8000000)
 concurrent mark-sweep generation total 393216K, used 142655K [0x00000000e8000000, 0x0000000100000000, 0x0000000100000000)
 Metaspace       used 33473K, capacity 33878K, committed 34248K, reserved 1079296K
  class space    used 3873K, capacity 3968K, committed 4040K, reserved 1048576K
2016-10-28T02:31:42.019-0400: 29.779: [GC (Allocation Failure) 2016-10-28T02:31:42.019-0400: 29.779: [ParNew
Desired survivor size 20112992 bytes, new threshold 8 (max 8)
- age   1:     182240 bytes,     182240 total
- age   2:     120656 bytes,     302896 total
- age   3:     153408 bytes,     456304 total
- age   4:     114696 bytes,     571000 total
- age   5:     154448 bytes,     725448 total
- age   6:     120624 bytes,     846072 total
- age   7:     148272 bytes,     994344 total
- age   8:     153696 bytes,    1148040 total
: 88803K->1406K(109248K), 0.0282440 secs] 231458K->144184K(502464K), 0.0283576 secs] [Times: user=0.04 sys=0.01, real=0.03 secs] 
Heap after GC invocations=197 (full 1):
 par new generation   total 109248K, used 1406K [0x00000000e0000000, 0x00000000e8000000, 0x00000000e8000000)
  eden space 87424K,   0% used [0x00000000e0000000, 0x00000000e0000000, 0x00000000e5560000)
  from space 21824K,   6% used [0x00000000e6ab0000, 0x00000000e6c0f9a8, 0x00000000e8000000)
  to   space 21824K,   0% used [0x00000000e5560000, 0x00000000e5560000, 0x00000000e6ab0000)
 concurrent mark-sweep generation total 393216K, used 142778K [0x00000000e8000000, 0x0000000100000000, 0x0000000100000000)
 Metaspace       used 33473K, capacity 33878K, committed 34248K, reserved 1079296K
  class space    used 3873K, capacity 3968K, committed 4040K, reserved 1048576K
}
2016-10-28T02:31:42.048-0400: 29.808: Total time for which application threads were stopped: 0.0288515 seconds, Stopping threads took: 0.0000952 seconds
{Heap before GC invocations=197 (full 1):
 par new generation   total 109248K, used 88830K [0x00000000e0000000, 0x00000000e8000000, 0x00000000e8000000)
  eden space 87424K, 100% used [0x00000000e0000000, 0x00000000e5560000, 0x00000000e5560000)
  from space 21824K,   6% used [0x00000000e6ab0000, 0x00000000e6c0f9a8, 0x00000000e8000000)
  to   space 21824K,   0% used [0x00000000e5560000, 0x00000000e5560000, 0x00000000e6ab0000)
 concurrent mark-sweep generation total 393216K, used 142778K [0x00000000e8000000, 0x0000000100000000, 0x0000000100000000)
 Metaspace       used 33473K, capacity 33878K, committed 34248K, reserved 1079296K
  class space    used 3873K, capacity 3968K, committed 4040K, reserved 1048576K
2016-10-28T02:31:42.067-0400: 29.827: [GC (Allocation Failure) 2016-10-28T02:31:42.067-0400: 29.827: [ParNew
Desired survivor size 20112992 bytes, new threshold 8 (max 8)
- age   1:     139776 bytes,     139776 total
- age   2:     155816 bytes,     295592 total
- age   3:     120656 bytes,     416248 total
- age   4:     153408 bytes,     569656 total
- age   5:     114696 bytes,     684352 total
- age   6:     154448 bytes,     838800 total
- age   7:     120648 bytes,     959448 total
- age   8:     148272 bytes,    1107720 total
: 88830K->1350K(109248K), 0.0218333 secs] 231608K->144283K(502464K), 0.0220169 secs] [Times: user=0.03 sys=0.01, real=0.02 secs] 
Heap after GC invocations=198 (full 1):
 par new generation   total 109248K, used 1350K [0x00000000e0000000, 0x00000000e8000000, 0x00000000e8000000)
  eden space 87424K,   0% used [0x00000000e0000000, 0x00000000e0000000, 0x00000000e5560000)
  from space 21824K,   6% used [0x00000000e5560000, 0x00000000e56b1880, 0x00000000e6ab0000)
  to   space 21824K,   0% used [0x00000000e6ab0000, 0x00000000e6ab0000, 0x00000000e8000000)
 concurrent mark-sweep generation total 393216K, used 142933K [0x00000000e8000000, 0x0000000100000000, 0x0000000100000000)
 Metaspace       used 33473K, capacity 33878K, committed 34248K, reserved 1079296K
  class space    used 3873K, capacity 3968K, committed 4040K, reserved 1048576K
}
2016-10-28T02:31:42.089-0400: 29.849: Total time for which application threads were stopped: 0.0224832 seconds, Stopping threads took: 0.0001341 seconds
{Heap before GC invocations=198 (full 1):
 par new generation   total 109248K, used 88774K [0x00000000e0000000, 0x00000000e8000000, 0x00000000e8000000)
  eden space 87424K, 100% used [0x00000000e0000000, 0x00000000e5560000, 0x00000000e5560000)
  from space 21824K,   6% used [0x00000000e5560000, 0x00000000e56b1880, 0x00000000e6ab0000)
  to   space 21824K,   0% used [0x00000000e6ab0000, 0x00000000e6ab0000, 0x00000000e8000000)
 concurrent mark-sweep generation total 393216K, used 142933K [0x00000000e8000000, 0x0000000100000000, 0x0000000100000000)
 Metaspace       used 33473K, capacity 33878K, committed 34248K, reserved 1079296K
  class space    used 3873K, capacity 3968K, committed 4040K, reserved 1048576K
2016-10-28T02:31:42.109-0400: 29.869: [GC (Allocation Failure) 2016-10-28T02:31:42.109-0400: 29.869: [ParNew
Desired survivor size 20112992 bytes, new threshold 8 (max 8)
- age   1:     146856 bytes,     146856 total
- age   2:     113344 bytes,     260200 total
- age   3:     155816 bytes,     416016 total
- age   4:     120656 bytes,     536672 total
- age   5:     153408 bytes,     690080 total
- age   6:     114696 bytes,     804776 total
- age   7:     154448 bytes,     959224 total
- age   8:     120624 bytes,    1079848 total
: 88774K->1337K(109248K), 0.0208227 secs] 231707K->144421K(502464K), 0.0209194 secs] [Times: user=0.03 sys=0.01, real=0.02 secs] 
Heap after GC invocations=199 (full 1):
 par new generation   total 109248K, used 1337K [0x00000000e0000000, 0x00000000e8000000, 0x00000000e8000000)
  eden space 87424K,   0% used [0x00000000e0000000, 0x00000000e0000000, 0x00000000e5560000)
  from space 21824K,   6% used [0x00000000e6ab0000, 0x00000000e6bfe770, 0x00000000e8000000)
  to   space 21824K,   0% used [0x00000000e5560000, 0x00000000e5560000, 0x00000000e6ab0000)
 concurrent mark-sweep generation total 393216K, used 143083K [0x00000000e8000000, 0x0000000100000000, 0x0000000100000000)
 Metaspace       used 33473K, capacity 33878K, committed 34248K, reserved 1079296K
  class space    used 3873K, capacity 3968K, committed 4040K, reserved 1048576K
}
2016-10-28T02:31:42.130-0400: 29.890: Total time for which application threads were stopped: 0.0212158 seconds, Stopping threads took: 0.0000723 seconds
{Heap before GC invocations=199 (full 1):
 par new generation   total 109248K, used 88761K [0x00000000e0000000, 0x00000000e8000000, 0x00000000e8000000)
  eden space 87424K, 100% used [0x00000000e0000000, 0x00000000e5560000, 0x00000000e5560000)
  from space 21824K,   6% used [0x00000000e6ab0000, 0x00000000e6bfe770, 0x00000000e8000000)
  to   space 21824K,   0% used [0x00000000e5560000, 0x00000000e5560000, 0x00000000e6ab0000)
 concurrent mark-sweep generation total 393216K, used 143083K [0x00000000e8000000, 0x0000000100000000, 0x0000000100000000)
 Metaspace       used 33473K, capacity 33878K, committed 34248K, reserved 1079296K
  class space    used 3873K, capacity 3968K, committed 4040K, reserved 1048576K
2016-10-28T02:31:42.166-0400: 29.926: [GC (Allocation Failure) 2016-10-28T02:31:42.166-0400: 29.926: [ParNew
Desired survivor size 20112992 bytes, new threshold 8 (max 8)
- age   1:    2279240 bytes,    2279240 total
- age   2:     120912 bytes,    2400152 total
- age   3:     113344 bytes,    2513496 total
- age   4:     155816 bytes,    2669312 total
- age   5:     120680 bytes,    2789992 total
- age   6:     153408 bytes,    2943400 total
- age   7:     114696 bytes,    3058096 total
- age   8:     154448 bytes,    3212544 total
: 88761K->3632K(109248K), 0.0148338 secs] 231845K->146839K(502464K), 0.0152371 secs] [Times: user=0.02 sys=0.01, real=0.02 secs] 
Heap after GC invocations=200 (full 1):
 par new generation   total 109248K, used 3632K [0x00000000e0000000, 0x00000000e8000000, 0x00000000e8000000)
  eden space 87424K,   0% used [0x00000000e0000000, 0x00000000e0000000, 0x00000000e5560000)
  from space 21824K,  16% used [0x00000000e5560000, 0x00000000e58ec3b0, 0x00000000e6ab0000)
  to   space 21824K,   0% used [0x00000000e6ab0000, 0x00000000e6ab0000, 0x00000000e8000000)
 concurrent mark-sweep generation total 393216K, used 143206K [0x00000000e8000000, 0x0000000100000000, 0x0000000100000000)
 Metaspace       used 33473K, capacity 33878K, committed 34248K, reserved 1079296K
  class space    used 3873K, capacity 3968K, committed 4040K, reserved 1048576K
}
2016-10-28T02:31:42.181-0400: 29.941: Total time for which application threads were stopped: 0.0155870 seconds, Stopping threads took: 0.0000926 seconds
{Heap before GC invocations=200 (full 1):
 par new generation   total 109248K, used 91056K [0x00000000e0000000, 0x00000000e8000000, 0x00000000e8000000)
  eden space 87424K, 100% used [0x00000000e0000000, 0x00000000e5560000, 0x00000000e5560000)
  from space 21824K,  16% used [0x00000000e5560000, 0x00000000e58ec3b0, 0x00000000e6ab0000)
  to   space 21824K,   0% used [0x00000000e6ab0000, 0x00000000e6ab0000, 0x00000000e8000000)
 concurrent mark-sweep generation total 393216K, used 143206K [0x00000000e8000000, 0x0000000100000000, 0x0000000100000000)
 Metaspace       used 33473K, capacity 33878K, committed 34248K, reserved 1079296K
  class space    used 3873K, capacity 3968K, committed 4040K, reserved 1048576K
2016-10-28T02:31:42.201-0400: 29.962: [GC (Allocation Failure) 2016-10-28T02:31:42.201-0400: 29.962: [ParNew
Desired survivor size 20112992 bytes, new threshold 8 (max 8)
- age   1:     140816 bytes,     140816 total
- age   2:    2252792 bytes,    2393608 total
- age   3:     120912 bytes,    2514520 total
- age   4:     113368 bytes,    2627888 total
- age   5:     155840 bytes,    2783728 total
- age   6:     120656 bytes,    2904384 total
- age   7:     153408 bytes,    3057792 total
- age   8:     114696 bytes,    3172488 total
: 91056K->3483K(109248K), 0.0192168 secs] 234263K->146846K(502464K), 0.0192920 secs] [Times: user=0.03 sys=0.00, real=0.02 secs] 
Heap after GC invocations=201 (full 1):
 par new generation   total 109248K, used 3483K [0x00000000e0000000, 0x00000000e8000000, 0x00000000e8000000)
  eden space 87424K,   0% used [0x00000000e0000000, 0x00000000e0000000, 0x00000000e5560000)
  from space 21824K,  15% used [0x00000000e6ab0000, 0x00000000e6e16d48, 0x00000000e8000000)
  to   space 21824K,   0% used [0x00000000e5560000, 0x00000000e5560000, 0x00000000e6ab0000)
 concurrent mark-sweep generation total 393216K, used 143363K [0x00000000e8000000, 0x0000000100000000, 0x0000000100000000)
 Metaspace       used 33473K, capacity 33878K, committed 34248K, reserved 1079296K
  class space    used 3873K, capacity 3968K, committed 4040K, reserved 1048576K
}
2016-10-28T02:31:42.221-0400: 29.981: Total time for which application threads were stopped: 0.0196221 seconds, Stopping threads took: 0.0000866 seconds
{Heap before GC invocations=201 (full 1):
 par new generation   total 109248K, used 90907K [0x00000000e0000000, 0x00000000e8000000, 0x00000000e8000000)
  eden space 87424K, 100% used [0x00000000e0000000, 0x00000000e5560000, 0x00000000e5560000)
  from space 21824K,  15% used [0x00000000e6ab0000, 0x00000000e6e16d48, 0x00000000e8000000)
  to   space 21824K,   0% used [0x00000000e5560000, 0x00000000e5560000, 0x00000000e6ab0000)
 concurrent mark-sweep generation total 393216K, used 143363K [0x00000000e8000000, 0x0000000100000000, 0x0000000100000000)
 Metaspace       used 33473K, capacity 33878K, committed 34248K, reserved 1079296K
  class space    used 3873K, capacity 3968K, committed 4040K, reserved 1048576K
2016-10-28T02:31:42.243-0400: 30.003: [GC (Allocation Failure) 2016-10-28T02:31:42.243-0400: 30.003: [ParNew
Desired survivor size 20112992 bytes, new threshold 8 (max 8)
- age   1:    3155656 bytes,    3155656 total
- age   2:     114384 bytes,    3270040 total
- age   3:    2252792 bytes,    5522832 total
- age   4:     120912 bytes,    5643744 total
- age   5:     113344 bytes,    5757088 total
- age   6:     155816 bytes,    5912904 total
- age   7:     120656 bytes,    6033560 total
- age   8:     153408 bytes,    6186968 total
: 90907K->6468K(109248K), 0.0177297 secs] 234270K->149948K(502464K), 0.0178848 secs] [Times: user=0.02 sys=0.02, real=0.02 secs] 
Heap after GC invocations=202 (full 1):
 par new generation   total 109248K, used 6468K [0x00000000e0000000, 0x00000000e8000000, 0x00000000e8000000)
  eden space 87424K,   0% used [0x00000000e0000000, 0x00000000e0000000, 0x00000000e5560000)
  from space 21824K,  29% used [0x00000000e5560000, 0x00000000e5bb1120, 0x00000000e6ab0000)
  to   space 21824K,   0% used [0x00000000e6ab0000, 0x00000000e6ab0000, 0x00000000e8000000)
 concurrent mark-sweep generation total 393216K, used 143480K [0x00000000e8000000, 0x0000000100000000, 0x0000000100000000)
 Metaspace       used 33473K, capacity 33878K, committed 34248K, reserved 1079296K
  class space    used 3873K, capacity 3968K, committed 4040K, reserved 1048576K
}
2016-10-28T02:31:42.261-0400: 30.021: Total time for which application threads were stopped: 0.0182137 seconds, Stopping threads took: 0.0001415 seconds
{Heap before GC invocations=202 (full 1):
 par new generation   total 109248K, used 93892K [0x00000000e0000000, 0x00000000e8000000, 0x00000000e8000000)
  eden space 87424K, 100% used [0x00000000e0000000, 0x00000000e5560000, 0x00000000e5560000)
  from space 21824K,  29% used [0x00000000e5560000, 0x00000000e5bb1120, 0x00000000e6ab0000)
  to   space 21824K,   0% used [0x00000000e6ab0000, 0x00000000e6ab0000, 0x00000000e8000000)
 concurrent mark-sweep generation total 393216K, used 143480K [0x00000000e8000000, 0x0000000100000000, 0x0000000100000000)
 Metaspace       used 33473K, capacity 33878K, committed 34248K, reserved 1079296K
  class space    used 3873K, capacity 3968K, committed 4040K, reserved 1048576K
2016-10-28T02:31:42.285-0400: 30.045: [GC (Allocation Failure) 2016-10-28T02:31:42.285-0400: 30.045: [ParNew
Desired survivor size 20112992 bytes, new threshold 8 (max 8)
- age   1:     174584 bytes,     174584 total
- age   2:    3725016 bytes,    3899600 total
- age   3:     114384 bytes,    4013984 total
- age   4:    2252792 bytes,    6266776 total
- age   5:     120912 bytes,    6387688 total
- age   6:     113344 bytes,    6501032 total
- age   7:     155840 bytes,    6656872 total
- age   8:     120656 bytes,    6777528 total
: 93892K->6877K(109248K), 0.0183668 secs] 237372K->150513K(502464K), 0.0185054 secs] [Times: user=0.03 sys=0.01, real=0.02 secs] 
Heap after GC invocations=203 (full 1):
 par new generation   total 109248K, used 6877K [0x00000000e0000000, 0x00000000e8000000, 0x00000000e8000000)
  eden space 87424K,   0% used [0x00000000e0000000, 0x00000000e0000000, 0x00000000e5560000)
  from space 21824K,  31% used [0x00000000e6ab0000, 0x00000000e71676c0, 0x00000000e8000000)
  to   space 21824K,   0% used [0x00000000e5560000, 0x00000000e5560000, 0x00000000e6ab0000)
 concurrent mark-sweep generation total 393216K, used 143635K [0x00000000e8000000, 0x0000000100000000, 0x0000000100000000)
 Metaspace       used 33473K, capacity 33878K, committed 34248K, reserved 1079296K
  class space    used 3873K, capacity 3968K, committed 4040K, reserved 1048576K
}
2016-10-28T02:31:42.303-0400: 30.063: Total time for which application threads were stopped: 0.0188568 seconds, Stopping threads took: 0.0001352 seconds
{Heap before GC invocations=203 (full 1):
 par new generation   total 109248K, used 94301K [0x00000000e0000000, 0x00000000e8000000, 0x00000000e8000000)
  eden space 87424K, 100% used [0x00000000e0000000, 0x00000000e5560000, 0x00000000e5560000)
  from space 21824K,  31% used [0x00000000e6ab0000, 0x00000000e71676c0, 0x00000000e8000000)
  to   space 21824K,   0% used [0x00000000e5560000, 0x00000000e5560000, 0x00000000e6ab0000)
 concurrent mark-sweep generation total 393216K, used 143635K [0x00000000e8000000, 0x0000000100000000, 0x0000000100000000)
 Metaspace       used 33473K, capacity 33878K, committed 34248K, reserved 1079296K
  class space    used 3873K, capacity 3968K, committed 4040K, reserved 1048576K
2016-10-28T02:31:42.323-0400: 30.083: [GC (Allocation Failure) 2016-10-28T02:31:42.323-0400: 30.083: [ParNew
Desired survivor size 20112992 bytes, new threshold 8 (max 8)
- age   1:     147336 bytes,     147336 total
- age   2:     148128 bytes,     295464 total
- age   3:    3129216 bytes,    3424680 total
- age   4:     114384 bytes,    3539064 total
- age   5:    2252792 bytes,    5791856 total
- age   6:     120912 bytes,    5912768 total
- age   7:     113344 bytes,    6026112 total
- age   8:     155816 bytes,    6181928 total
: 94301K->6529K(109248K), 0.0187815 secs] 237937K->150288K(502464K), 0.0188917 secs] [Times: user=0.03 sys=0.01, real=0.02 secs] 
Heap after GC invocations=204 (full 1):
 par new generation   total 109248K, used 6529K [0x00000000e0000000, 0x00000000e8000000, 0x00000000e8000000)
  eden space 87424K,   0% used [0x00000000e0000000, 0x00000000e0000000, 0x00000000e5560000)
  from space 21824K,  29% used [0x00000000e5560000, 0x00000000e5bc06f0, 0x00000000e6ab0000)
  to   space 21824K,   0% used [0x00000000e6ab0000, 0x00000000e6ab0000, 0x00000000e8000000)
 concurrent mark-sweep generation total 393216K, used 143758K [0x00000000e8000000, 0x0000000100000000, 0x0000000100000000)
 Metaspace       used 33473K, capacity 33878K, committed 34248K, reserved 1079296K
  class space    used 3873K, capacity 3968K, committed 4040K, reserved 1048576K
}
2016-10-28T02:31:42.342-0400: 30.102: Total time for which application threads were stopped: 0.0193163 seconds, Stopping threads took: 0.0001473 seconds
{Heap before GC invocations=204 (full 1):
 par new generation   total 109248K, used 93953K [0x00000000e0000000, 0x00000000e8000000, 0x00000000e8000000)
  eden space 87424K, 100% used [0x00000000e0000000, 0x00000000e5560000, 0x00000000e5560000)
  from space 21824K,  29% used [0x00000000e5560000, 0x00000000e5bc06f0, 0x00000000e6ab0000)
  to   space 21824K,   0% used [0x00000000e6ab0000, 0x00000000e6ab0000, 0x00000000e8000000)
 concurrent mark-sweep generation total 393216K, used 143758K [0x00000000e8000000, 0x0000000100000000, 0x0000000100000000)
 Metaspace       used 33473K, capacity 33878K, committed 34248K, reserved 1079296K
  class space    used 3873K, capacity 3968K, committed 4040K, reserved 1048576K
2016-10-28T02:31:42.362-0400: 30.123: [GC (Allocation Failure) 2016-10-28T02:31:42.363-0400: 30.123: [ParNew
Desired survivor size 20112992 bytes, new threshold 8 (max 8)
- age   1:     178792 bytes,     178792 total
- age   2:     120912 bytes,     299704 total
- age   3:     148128 bytes,     447832 total
- age   4:    3129216 bytes,    3577048 total
- age   5:     114384 bytes,    3691432 total
- age   6:    2252792 bytes,    5944224 total
- age   7:     120912 bytes,    6065136 total
- age   8:     113344 bytes,    6178480 total
: 93953K->6299K(109248K), 0.0201711 secs] 237712K->150215K(502464K), 0.0206536 secs] [Times: user=0.02 sys=0.02, real=0.02 secs] 
Heap after GC invocations=205 (full 1):
 par new generation   total 109248K, used 6299K [0x00000000e0000000, 0x00000000e8000000, 0x00000000e8000000)
  eden space 87424K,   0% used [0x00000000e0000000, 0x00000000e0000000, 0x00000000e5560000)
  from space 21824K,  28% used [0x00000000e6ab0000, 0x00000000e70d6c98, 0x00000000e8000000)
  to   space 21824K,   0% used [0x00000000e5560000, 0x00000000e5560000, 0x00000000e6ab0000)
 concurrent mark-sweep generation total 393216K, used 143916K [0x00000000e8000000, 0x0000000100000000, 0x0000000100000000)
 Metaspace       used 33473K, capacity 33878K, committed 34248K, reserved 1079296K
  class space    used 3873K, capacity 3968K, committed 4040K, reserved 1048576K
}
2016-10-28T02:31:42.383-0400: 30.143: Total time for which application threads were stopped: 0.0209449 seconds, Stopping threads took: 0.0000679 seconds
{Heap before GC invocations=205 (full 1):
 par new generation   total 109248K, used 93723K [0x00000000e0000000, 0x00000000e8000000, 0x00000000e8000000)
  eden space 87424K, 100% used [0x00000000e0000000, 0x00000000e5560000, 0x00000000e5560000)
  from space 21824K,  28% used [0x00000000e6ab0000, 0x00000000e70d6c98, 0x00000000e8000000)
  to   space 21824K,   0% used [0x00000000e5560000, 0x00000000e5560000, 0x00000000e6ab0000)
 concurrent mark-sweep generation total 393216K, used 143916K [0x00000000e8000000, 0x0000000100000000, 0x0000000100000000)
 Metaspace       used 33473K, capacity 33878K, committed 34248K, reserved 1079296K
  class space    used 3873K, capacity 3968K, committed 4040K, reserved 1048576K
2016-10-28T02:31:42.405-0400: 30.165: [GC (Allocation Failure) 2016-10-28T02:31:42.405-0400: 30.165: [ParNew
Desired survivor size 20112992 bytes, new threshold 8 (max 8)
- age   1:     148376 bytes,     148376 total
- age   2:     152368 bytes,     300744 total
- age   3:     120912 bytes,     421656 total
- age   4:     148128 bytes,     569784 total
- age   5:    3129216 bytes,    3699000 total
- age   6:     114384 bytes,    3813384 total
- age   7:    2252792 bytes,    6066176 total
- age   8:     120912 bytes,    6187088 total
: 93723K->6487K(109248K), 0.0197313 secs] 237639K->150520K(502464K), 0.0198019 secs] [Times: user=0.01 sys=0.01, real=0.02 secs] 
Heap after GC invocations=206 (full 1):
 par new generation   total 109248K, used 6487K [0x00000000e0000000, 0x00000000e8000000, 0x00000000e8000000)
  eden space 87424K,   0% used [0x00000000e0000000, 0x00000000e0000000, 0x00000000e5560000)
  from space 21824K,  29% used [0x00000000e5560000, 0x00000000e5bb5ff0, 0x00000000e6ab0000)
  to   space 21824K,   0% used [0x00000000e6ab0000, 0x00000000e6ab0000, 0x00000000e8000000)
 concurrent mark-sweep generation total 393216K, used 144032K [0x00000000e8000000, 0x0000000100000000, 0x0000000100000000)
 Metaspace       used 33473K, capacity 33878K, committed 34248K, reserved 1079296K
  class space    used 3873K, capacity 3968K, committed 4040K, reserved 1048576K
}
2016-10-28T02:31:42.425-0400: 30.185: Total time for which application threads were stopped: 0.0204565 seconds, Stopping threads took: 0.0003946 seconds
{Heap before GC invocations=206 (full 1):
 par new generation   total 109248K, used 93911K [0x00000000e0000000, 0x00000000e8000000, 0x00000000e8000000)
  eden space 87424K, 100% used [0x00000000e0000000, 0x00000000e5560000, 0x00000000e5560000)
  from space 21824K,  29% used [0x00000000e5560000, 0x00000000e5bb5ff0, 0x00000000e6ab0000)
  to   space 21824K,   0% used [0x00000000e6ab0000, 0x00000000e6ab0000, 0x00000000e8000000)
 concurrent mark-sweep generation total 393216K, used 144032K [0x00000000e8000000, 0x0000000100000000, 0x0000000100000000)
 Metaspace       used 33473K, capacity 33878K, committed 34248K, reserved 1079296K
  class space    used 3873K, capacity 3968K, committed 4040K, reserved 1048576K
2016-10-28T02:31:42.443-0400: 30.203: [GC (Allocation Failure) 2016-10-28T02:31:42.443-0400: 30.203: [ParNew
Desired survivor size 20112992 bytes, new threshold 8 (max 8)
- age   1:     172880 bytes,     172880 total
- age   2:     121944 bytes,     294824 total
- age   3:     152368 bytes,     447192 total
- age   4:     120912 bytes,     568104 total
- age   5:     148128 bytes,     716232 total
- age   6:    3129216 bytes,    3845448 total
- age   7:     114384 bytes,    3959832 total
- age   8:    2252792 bytes,    6212624 total
: 93911K->6305K(109248K), 0.0193737 secs] 237944K->150461K(502464K), 0.0195881 secs] [Times: user=0.02 sys=0.00, real=0.02 secs] 
Heap after GC invocations=207 (full 1):
 par new generation   total 109248K, used 6305K [0x00000000e0000000, 0x00000000e8000000, 0x00000000e8000000)
  eden space 87424K,   0% used [0x00000000e0000000, 0x00000000e0000000, 0x00000000e5560000)
  from space 21824K,  28% used [0x00000000e6ab0000, 0x00000000e70d84a0, 0x00000000e8000000)
  to   space 21824K,   0% used [0x00000000e5560000, 0x00000000e5560000, 0x00000000e6ab0000)
 concurrent mark-sweep generation total 393216K, used 144155K [0x00000000e8000000, 0x0000000100000000, 0x0000000100000000)
 Metaspace       used 33473K, capacity 33878K, committed 34248K, reserved 1079296K
  class space    used 3873K, capacity 3968K, committed 4040K, reserved 1048576K
}
2016-10-28T02:31:42.463-0400: 30.223: Total time for which application threads were stopped: 0.0200198 seconds, Stopping threads took: 0.0001672 seconds
{Heap before GC invocations=207 (full 1):
 par new generation   total 109248K, used 93729K [0x00000000e0000000, 0x00000000e8000000, 0x00000000e8000000)
  eden space 87424K, 100% used [0x00000000e0000000, 0x00000000e5560000, 0x00000000e5560000)
  from space 21824K,  28% used [0x00000000e6ab0000, 0x00000000e70d84a0, 0x00000000e8000000)
  to   space 21824K,   0% used [0x00000000e5560000, 0x00000000e5560000, 0x00000000e6ab0000)
 concurrent mark-sweep generation total 393216K, used 144155K [0x00000000e8000000, 0x0000000100000000, 0x0000000100000000)
 Metaspace       used 33473K, capacity 33878K, committed 34248K, reserved 1079296K
  class space    used 3873K, capacity 3968K, committed 4040K, reserved 1048576K
2016-10-28T02:31:42.485-0400: 30.245: [GC (Allocation Failure) 2016-10-28T02:31:42.485-0400: 30.245: [ParNew
Desired survivor size 20112992 bytes, new threshold 8 (max 8)
- age   1:     147080 bytes,     147080 total
- age   2:     146448 bytes,     293528 total
- age   3:     121944 bytes,     415472 total
- age   4:     152368 bytes,     567840 total
- age   5:     120912 bytes,     688752 total
- age   6:     148128 bytes,     836880 total
- age   7:    3129216 bytes,    3966096 total
- age   8:     114384 bytes,    4080480 total
: 93729K->4464K(109248K), 0.0397019 secs] 237885K->150825K(502464K), 0.0397909 secs] [Times: user=0.05 sys=0.03, real=0.04 secs] 
Heap after GC invocations=208 (full 1):
 par new generation   total 109248K, used 4464K [0x00000000e0000000, 0x00000000e8000000, 0x00000000e8000000)
  eden space 87424K,   0% used [0x00000000e0000000, 0x00000000e0000000, 0x00000000e5560000)
  from space 21824K,  20% used [0x00000000e5560000, 0x00000000e59bc298, 0x00000000e6ab0000)
  to   space 21824K,   0% used [0x00000000e6ab0000, 0x00000000e6ab0000, 0x00000000e8000000)
 concurrent mark-sweep generation total 393216K, used 146361K [0x00000000e8000000, 0x0000000100000000, 0x0000000100000000)
 Metaspace       used 33473K, capacity 33878K, committed 34248K, reserved 1079296K
  class space    used 3873K, capacity 3968K, committed 4040K, reserved 1048576K
}
2016-10-28T02:31:42.525-0400: 30.285: Total time for which application threads were stopped: 0.0402252 seconds, Stopping threads took: 0.0001365 seconds
{Heap before GC invocations=208 (full 1):
 par new generation   total 109248K, used 91888K [0x00000000e0000000, 0x00000000e8000000, 0x00000000e8000000)
  eden space 87424K, 100% used [0x00000000e0000000, 0x00000000e5560000, 0x00000000e5560000)
  from space 21824K,  20% used [0x00000000e5560000, 0x00000000e59bc298, 0x00000000e6ab0000)
  to   space 21824K,   0% used [0x00000000e6ab0000, 0x00000000e6ab0000, 0x00000000e8000000)
 concurrent mark-sweep generation total 393216K, used 146361K [0x00000000e8000000, 0x0000000100000000, 0x0000000100000000)
 Metaspace       used 33473K, capacity 33878K, committed 34248K, reserved 1079296K
  class space    used 3873K, capacity 3968K, committed 4040K, reserved 1048576K
2016-10-28T02:31:42.546-0400: 30.306: [GC (Allocation Failure) 2016-10-28T02:31:42.546-0400: 30.306: [ParNew
Desired survivor size 20112992 bytes, new threshold 8 (max 8)
- age   1:     182272 bytes,     182272 total
- age   2:     120624 bytes,     302896 total
- age   3:     146472 bytes,     449368 total
- age   4:     121944 bytes,     571312 total
- age   5:     152368 bytes,     723680 total
- age   6:     120912 bytes,     844592 total
- age   7:     148128 bytes,     992720 total
- age   8:    3129216 bytes,    4121936 total
: 91888K->4380K(109248K), 0.0185925 secs] 238249K->150859K(502464K), 0.0187394 secs] [Times: user=0.02 sys=0.02, real=0.02 secs] 
Heap after GC invocations=209 (full 1):
 par new generation   total 109248K, used 4380K [0x00000000e0000000, 0x00000000e8000000, 0x00000000e8000000)
  eden space 87424K,   0% used [0x00000000e0000000, 0x00000000e0000000, 0x00000000e5560000)
  from space 21824K,  20% used [0x00000000e6ab0000, 0x00000000e6ef7348, 0x00000000e8000000)
  to   space 21824K,   0% used [0x00000000e5560000, 0x00000000e5560000, 0x00000000e6ab0000)
 concurrent mark-sweep generation total 393216K, used 146478K [0x00000000e8000000, 0x0000000100000000, 0x0000000100000000)
 Metaspace       used 33473K, capacity 33878K, committed 34248K, reserved 1079296K
  class space    used 3873K, capacity 3968K, committed 4040K, reserved 1048576K
}
2016-10-28T02:31:42.565-0400: 30.325: Total time for which application threads were stopped: 0.0190504 seconds, Stopping threads took: 0.0001076 seconds
{Heap before GC invocations=209 (full 1):
 par new generation   total 109248K, used 91804K [0x00000000e0000000, 0x00000000e8000000, 0x00000000e8000000)
  eden space 87424K, 100% used [0x00000000e0000000, 0x00000000e5560000, 0x00000000e5560000)
  from space 21824K,  20% used [0x00000000e6ab0000, 0x00000000e6ef7348, 0x00000000e8000000)
  to   space 21824K,   0% used [0x00000000e5560000, 0x00000000e5560000, 0x00000000e6ab0000)
 concurrent mark-sweep generation total 393216K, used 146478K [0x00000000e8000000, 0x0000000100000000, 0x0000000100000000)
 Metaspace       used 33473K, capacity 33878K, committed 34248K, reserved 1079296K
  class space    used 3873K, capacity 3968K, committed 4040K, reserved 1048576K
2016-10-28T02:31:42.585-0400: 30.345: [GC (Allocation Failure) 2016-10-28T02:31:42.585-0400: 30.345: [ParNew
Desired survivor size 20112992 bytes, new threshold 8 (max 8)
- age   1:     138736 bytes,     138736 total
- age   2:     155840 bytes,     294576 total
- age   3:     120624 bytes,     415200 total
- age   4:     146448 bytes,     561648 total
- age   5:     121944 bytes,     683592 total
- age   6:     152368 bytes,     835960 total
- age   7:     120912 bytes,     956872 total
- age   8:     148128 bytes,    1105000 total
: 91804K->1473K(109248K), 0.0540148 secs] 238283K->151012K(502464K), 0.0541178 secs] [Times: user=0.10 sys=0.04, real=0.06 secs] 
Heap after GC invocations=210 (full 1):
 par new generation   total 109248K, used 1473K [0x00000000e0000000, 0x00000000e8000000, 0x00000000e8000000)
  eden space 87424K,   0% used [0x00000000e0000000, 0x00000000e0000000, 0x00000000e5560000)
  from space 21824K,   6% used [0x00000000e5560000, 0x00000000e56d0630, 0x00000000e6ab0000)
  to   space 21824K,   0% used [0x00000000e6ab0000, 0x00000000e6ab0000, 0x00000000e8000000)
 concurrent mark-sweep generation total 393216K, used 149539K [0x00000000e8000000, 0x0000000100000000, 0x0000000100000000)
 Metaspace       used 33473K, capacity 33878K, committed 34248K, reserved 1079296K
  class space    used 3873K, capacity 3968K, committed 4040K, reserved 1048576K
}
2016-10-28T02:31:42.640-0400: 30.400: Total time for which application threads were stopped: 0.0546433 seconds, Stopping threads took: 0.0001447 seconds
{Heap before GC invocations=210 (full 1):
 par new generation   total 109248K, used 88897K [0x00000000e0000000, 0x00000000e8000000, 0x00000000e8000000)
  eden space 87424K, 100% used [0x00000000e0000000, 0x00000000e5560000, 0x00000000e5560000)
  from space 21824K,   6% used [0x00000000e5560000, 0x00000000e56d0630, 0x00000000e6ab0000)
  to   space 21824K,   0% used [0x00000000e6ab0000, 0x00000000e6ab0000, 0x00000000e8000000)
 concurrent mark-sweep generation total 393216K, used 149539K [0x00000000e8000000, 0x0000000100000000, 0x0000000100000000)
 Metaspace       used 33473K, capacity 33878K, committed 34248K, reserved 1079296K
  class space    used 3873K, capacity 3968K, committed 4040K, reserved 1048576K
2016-10-28T02:31:42.661-0400: 30.421: [GC (Allocation Failure) 2016-10-28T02:31:42.661-0400: 30.421: [ParNew
Desired survivor size 20112992 bytes, new threshold 8 (max 8)
- age   1:     146408 bytes,     146408 total
- age   2:     112304 bytes,     258712 total
- age   3:     155840 bytes,     414552 total
- age   4:     120624 bytes,     535176 total
- age   5:     146448 bytes,     681624 total
- age   6:     121944 bytes,     803568 total
- age   7:     152368 bytes,     955936 total
- age   8:     120912 bytes,    1076848 total
: 88897K->1219K(109248K), 0.0187619 secs] 238436K->150908K(502464K), 0.0188971 secs] [Times: user=0.03 sys=0.01, real=0.02 secs] 
Heap after GC invocations=211 (full 1):
 par new generation   total 109248K, used 1219K [0x00000000e0000000, 0x00000000e8000000, 0x00000000e8000000)
  eden space 87424K,   0% used [0x00000000e0000000, 0x00000000e0000000, 0x00000000e5560000)
  from space 21824K,   5% used [0x00000000e6ab0000, 0x00000000e6be0d90, 0x00000000e8000000)
  to   space 21824K,   0% used [0x00000000e5560000, 0x00000000e5560000, 0x00000000e6ab0000)
 concurrent mark-sweep generation total 393216K, used 149689K [0x00000000e8000000, 0x0000000100000000, 0x0000000100000000)
 Metaspace       used 33473K, capacity 33878K, committed 34248K, reserved 1079296K
  class space    used 3873K, capacity 3968K, committed 4040K, reserved 1048576K
}
2016-10-28T02:31:42.680-0400: 30.440: Total time for which application threads were stopped: 0.0192269 seconds, Stopping threads took: 0.0001272 seconds
{Heap before GC invocations=211 (full 1):
 par new generation   total 109248K, used 88643K [0x00000000e0000000, 0x00000000e8000000, 0x00000000e8000000)
  eden space 87424K, 100% used [0x00000000e0000000, 0x00000000e5560000, 0x00000000e5560000)
  from space 21824K,   5% used [0x00000000e6ab0000, 0x00000000e6be0d90, 0x00000000e8000000)
  to   space 21824K,   0% used [0x00000000e5560000, 0x00000000e5560000, 0x00000000e6ab0000)
 concurrent mark-sweep generation total 393216K, used 149689K [0x00000000e8000000, 0x0000000100000000, 0x0000000100000000)
 Metaspace       used 33473K, capacity 33878K, committed 34248K, reserved 1079296K
  class space    used 3873K, capacity 3968K, committed 4040K, reserved 1048576K
2016-10-28T02:31:42.704-0400: 30.465: [GC (Allocation Failure) 2016-10-28T02:31:42.704-0400: 30.465: [ParNew
Desired survivor size 20112992 bytes, new threshold 8 (max 8)
- age   1:     181016 bytes,     181016 total
- age   2:     120808 bytes,     301824 total
- age   3:     112304 bytes,     414128 total
- age   4:     155840 bytes,     569968 total
- age   5:     120624 bytes,     690592 total
- age   6:     146448 bytes,     837040 total
- age   7:     121944 bytes,     958984 total
- age   8:     152368 bytes,    1111352 total
: 88643K->1560K(109248K), 0.0156029 secs] 238332K->151373K(502464K), 0.0158098 secs] [Times: user=0.02 sys=0.01, real=0.02 secs] 
Heap after GC invocations=212 (full 1):
 par new generation   total 109248K, used 1560K [0x00000000e0000000, 0x00000000e8000000, 0x00000000e8000000)
  eden space 87424K,   0% used [0x00000000e0000000, 0x00000000e0000000, 0x00000000e5560000)
  from space 21824K,   7% used [0x00000000e5560000, 0x00000000e56e6350, 0x00000000e6ab0000)
  to   space 21824K,   0% used [0x00000000e6ab0000, 0x00000000e6ab0000, 0x00000000e8000000)
 concurrent mark-sweep generation total 393216K, used 149812K [0x00000000e8000000, 0x0000000100000000, 0x0000000100000000)
 Metaspace       used 33473K, capacity 33878K, committed 34248K, reserved 1079296K
  class space    used 3873K, capacity 3968K, committed 4040K, reserved 1048576K
}
2016-10-28T02:31:42.720-0400: 30.480: Total time for which application threads were stopped: 0.0160903 seconds, Stopping threads took: 0.0000850 seconds
{Heap before GC invocations=212 (full 1):
 par new generation   total 109248K, used 88984K [0x00000000e0000000, 0x00000000e8000000, 0x00000000e8000000)
  eden space 87424K, 100% used [0x00000000e0000000, 0x00000000e5560000, 0x00000000e5560000)
  from space 21824K,   7% used [0x00000000e5560000, 0x00000000e56e6350, 0x00000000e6ab0000)
  to   space 21824K,   0% used [0x00000000e6ab0000, 0x00000000e6ab0000, 0x00000000e8000000)
 concurrent mark-sweep generation total 393216K, used 149812K [0x00000000e8000000, 0x0000000100000000, 0x0000000100000000)
 Metaspace       used 33473K, capacity 33878K, committed 34248K, reserved 1079296K
  class space    used 3873K, capacity 3968K, committed 4040K, reserved 1048576K
2016-10-28T02:31:42.750-0400: 30.510: [GC (Allocation Failure) 2016-10-28T02:31:42.750-0400: 30.510: [ParNew
Desired survivor size 20112992 bytes, new threshold 8 (max 8)
- age   1:     139776 bytes,     139776 total
- age   2:     154576 bytes,     294352 total
- age   3:     120808 bytes,     415160 total
- age   4:     112304 bytes,     527464 total
- age   5:     155840 bytes,     683304 total
- age   6:     120624 bytes,     803928 total
- age   7:     146448 bytes,     950376 total
- age   8:     121944 bytes,    1072320 total
: 88984K->1406K(109248K), 0.0152883 secs] 238797K->151373K(502464K), 0.0153961 secs] [Times: user=0.03 sys=0.01, real=0.01 secs] 
Heap after GC invocations=213 (full 1):
 par new generation   total 109248K, used 1406K [0x00000000e0000000, 0x00000000e8000000, 0x00000000e8000000)
  eden space 87424K,   0% used [0x00000000e0000000, 0x00000000e0000000, 0x00000000e5560000)
  from space 21824K,   6% used [0x00000000e6ab0000, 0x00000000e6c0fb70, 0x00000000e8000000)
  to   space 21824K,   0% used [0x00000000e5560000, 0x00000000e5560000, 0x00000000e6ab0000)
 concurrent mark-sweep generation total 393216K, used 149966K [0x00000000e8000000, 0x0000000100000000, 0x0000000100000000)
 Metaspace       used 33473K, capacity 33878K, committed 34248K, reserved 1079296K
  class space    used 3873K, capacity 3968K, committed 4040K, reserved 1048576K
}
2016-10-28T02:31:42.765-0400: 30.525: Total time for which application threads were stopped: 0.0159546 seconds, Stopping threads took: 0.0001538 seconds
{Heap before GC invocations=213 (full 1):
 par new generation   total 109248K, used 88830K [0x00000000e0000000, 0x00000000e8000000, 0x00000000e8000000)
  eden space 87424K, 100% used [0x00000000e0000000, 0x00000000e5560000, 0x00000000e5560000)
  from space 21824K,   6% used [0x00000000e6ab0000, 0x00000000e6c0fb70, 0x00000000e8000000)
  to   space 21824K,   0% used [0x00000000e5560000, 0x00000000e5560000, 0x00000000e6ab0000)
 concurrent mark-sweep generation total 393216K, used 149966K [0x00000000e8000000, 0x0000000100000000, 0x0000000100000000)
 Metaspace       used 33473K, capacity 33878K, committed 34248K, reserved 1079296K
  class space    used 3873K, capacity 3968K, committed 4040K, reserved 1048576K
2016-10-28T02:31:42.789-0400: 30.549: [GC (Allocation Failure) 2016-10-28T02:31:42.789-0400: 30.549: [ParNew
Desired survivor size 20112992 bytes, new threshold 8 (max 8)
- age   1:     179848 bytes,     179848 total
- age   2:     113344 bytes,     293192 total
- age   3:     154576 bytes,     447768 total
- age   4:     120808 bytes,     568576 total
- age   5:     112328 bytes,     680904 total
- age   6:     155840 bytes,     836744 total
- age   7:     120624 bytes,     957368 total
- age   8:     146448 bytes,    1103816 total
: 88830K->1261K(109248K), 0.0185553 secs] 238797K->151352K(502464K), 0.0187194 secs] [Times: user=0.02 sys=0.02, real=0.02 secs] 
Heap after GC invocations=214 (full 1):
 par new generation   total 109248K, used 1261K [0x00000000e0000000, 0x00000000e8000000, 0x00000000e8000000)
  eden space 87424K,   0% used [0x00000000e0000000, 0x00000000e0000000, 0x00000000e5560000)
  from space 21824K,   5% used [0x00000000e5560000, 0x00000000e569b510, 0x00000000e6ab0000)
  to   space 21824K,   0% used [0x00000000e6ab0000, 0x00000000e6ab0000, 0x00000000e8000000)
 concurrent mark-sweep generation total 393216K, used 150091K [0x00000000e8000000, 0x0000000100000000, 0x0000000100000000)
 Metaspace       used 33473K, capacity 33878K, committed 34248K, reserved 1079296K
  class space    used 3873K, capacity 3968K, committed 4040K, reserved 1048576K
}
2016-10-28T02:31:42.807-0400: 30.568: Total time for which application threads were stopped: 0.0191213 seconds, Stopping threads took: 0.0001455 seconds
{Heap before GC invocations=214 (full 1):
 par new generation   total 109248K, used 88685K [0x00000000e0000000, 0x00000000e8000000, 0x00000000e8000000)
  eden space 87424K, 100% used [0x00000000e0000000, 0x00000000e5560000, 0x00000000e5560000)
  from space 21824K,   5% used [0x00000000e5560000, 0x00000000e569b510, 0x00000000e6ab0000)
  to   space 21824K,   0% used [0x00000000e6ab0000, 0x00000000e6ab0000, 0x00000000e8000000)
 concurrent mark-sweep generation total 393216K, used 150091K [0x00000000e8000000, 0x0000000100000000, 0x0000000100000000)
 Metaspace       used 33473K, capacity 33878K, committed 34248K, reserved 1079296K
  class space    used 3873K, capacity 3968K, committed 4040K, reserved 1048576K
2016-10-28T02:31:42.832-0400: 30.592: [GC (Allocation Failure) 2016-10-28T02:31:42.832-0400: 30.593: [ParNew
Desired survivor size 20112992 bytes, new threshold 8 (max 8)
- age   1:     181216 bytes,     181216 total
- age   2:     153408 bytes,     334624 total
- age   3:     113344 bytes,     447968 total
- age   4:     154576 bytes,     602544 total
- age   5:     120808 bytes,     723352 total
- age   6:     112304 bytes,     835656 total
- age   7:     155840 bytes,     991496 total
- age   8:     120624 bytes,    1112120 total
: 88685K->1579K(109248K), 0.0205029 secs] 238776K->151819K(502464K), 0.0205783 secs] [Times: user=0.01 sys=0.03, real=0.02 secs] 
Heap after GC invocations=215 (full 1):
 par new generation   total 109248K, used 1579K [0x00000000e0000000, 0x00000000e8000000, 0x00000000e8000000)
  eden space 87424K,   0% used [0x00000000e0000000, 0x00000000e0000000, 0x00000000e5560000)
  from space 21824K,   7% used [0x00000000e6ab0000, 0x00000000e6c3ad78, 0x00000000e8000000)
  to   space 21824K,   0% used [0x00000000e5560000, 0x00000000e5560000, 0x00000000e6ab0000)
 concurrent mark-sweep generation total 393216K, used 150239K [0x00000000e8000000, 0x0000000100000000, 0x0000000100000000)
 Metaspace       used 33473K, capacity 33878K, committed 34248K, reserved 1079296K
  class space    used 3873K, capacity 3968K, committed 4040K, reserved 1048576K
}
2016-10-28T02:31:42.853-0400: 30.613: Total time for which application threads were stopped: 0.0209524 seconds, Stopping threads took: 0.0001199 seconds
{Heap before GC invocations=215 (full 1):
 par new generation   total 109248K, used 89003K [0x00000000e0000000, 0x00000000e8000000, 0x00000000e8000000)
  eden space 87424K, 100% used [0x00000000e0000000, 0x00000000e5560000, 0x00000000e5560000)
  from space 21824K,   7% used [0x00000000e6ab0000, 0x00000000e6c3ad78, 0x00000000e8000000)
  to   space 21824K,   0% used [0x00000000e5560000, 0x00000000e5560000, 0x00000000e6ab0000)
 concurrent mark-sweep generation total 393216K, used 150239K [0x00000000e8000000, 0x0000000100000000, 0x0000000100000000)
 Metaspace       used 33473K, capacity 33878K, committed 34248K, reserved 1079296K
  class space    used 3873K, capacity 3968K, committed 4040K, reserved 1048576K
2016-10-28T02:31:42.877-0400: 30.637: [GC (Allocation Failure) 2016-10-28T02:31:42.877-0400: 30.637: [ParNew
Desired survivor size 20112992 bytes, new threshold 8 (max 8)
- age   1:     173976 bytes,     173976 total
- age   2:     154760 bytes,     328736 total
- age   3:     153408 bytes,     482144 total
- age   4:     113344 bytes,     595488 total
- age   5:     154576 bytes,     750064 total
- age   6:     120808 bytes,     870872 total
- age   7:     112304 bytes,     983176 total
- age   8:     155840 bytes,    1139016 total
: 89003K->1231K(109248K), 0.0252938 secs] 239243K->151594K(502464K), 0.0254574 secs] [Times: user=0.02 sys=0.02, real=0.03 secs] 
Heap after GC invocations=216 (full 1):
 par new generation   total 109248K, used 1231K [0x00000000e0000000, 0x00000000e8000000, 0x00000000e8000000)
  eden space 87424K,   0% used [0x00000000e0000000, 0x00000000e0000000, 0x00000000e5560000)
  from space 21824K,   5% used [0x00000000e5560000, 0x00000000e5693e10, 0x00000000e6ab0000)
  to   space 21824K,   0% used [0x00000000e6ab0000, 0x00000000e6ab0000, 0x00000000e8000000)
 concurrent mark-sweep generation total 393216K, used 150362K [0x00000000e8000000, 0x0000000100000000, 0x0000000100000000)
 Metaspace       used 33473K, capacity 33878K, committed 34248K, reserved 1079296K
  class space    used 3873K, capacity 3968K, committed 4040K, reserved 1048576K
}
2016-10-28T02:31:42.902-0400: 30.662: Total time for which application threads were stopped: 0.0258406 seconds, Stopping threads took: 0.0001101 seconds
{Heap before GC invocations=216 (full 1):
 par new generation   total 109248K, used 88655K [0x00000000e0000000, 0x00000000e8000000, 0x00000000e8000000)
  eden space 87424K, 100% used [0x00000000e0000000, 0x00000000e5560000, 0x00000000e5560000)
  from space 21824K,   5% used [0x00000000e5560000, 0x00000000e5693e10, 0x00000000e6ab0000)
  to   space 21824K,   0% used [0x00000000e6ab0000, 0x00000000e6ab0000, 0x00000000e8000000)
 concurrent mark-sweep generation total 393216K, used 150362K [0x00000000e8000000, 0x0000000100000000, 0x0000000100000000)
 Metaspace       used 33473K, capacity 33878K, committed 34248K, reserved 1079296K
  class space    used 3873K, capacity 3968K, committed 4040K, reserved 1048576K
2016-10-28T02:31:42.925-0400: 30.685: [GC (Allocation Failure) 2016-10-28T02:31:42.925-0400: 30.685: [ParNew
Desired survivor size 20112992 bytes, new threshold 8 (max 8)
- age   1:     147336 bytes,     147336 total
- age   2:     147544 bytes,     294880 total
- age   3:     154760 bytes,     449640 total
- age   4:     153408 bytes,     603048 total
- age   5:     113344 bytes,     716392 total
- age   6:     154576 bytes,     870968 total
- age   7:     120808 bytes,     991776 total
- age   8:     112304 bytes,    1104080 total
: 88655K->1536K(109248K), 0.0216553 secs] 239018K->152056K(502464K), 0.0217845 secs] [Times: user=0.02 sys=0.02, real=0.02 secs] 
Heap after GC invocations=217 (full 1):
 par new generation   total 109248K, used 1536K [0x00000000e0000000, 0x00000000e8000000, 0x00000000e8000000)
  eden space 87424K,   0% used [0x00000000e0000000, 0x00000000e0000000, 0x00000000e5560000)
  from space 21824K,   7% used [0x00000000e6ab0000, 0x00000000e6c30150, 0x00000000e8000000)
  to   space 21824K,   0% used [0x00000000e5560000, 0x00000000e5560000, 0x00000000e6ab0000)
 concurrent mark-sweep generation total 393216K, used 150520K [0x00000000e8000000, 0x0000000100000000, 0x0000000100000000)
 Metaspace       used 33473K, capacity 33878K, committed 34248K, reserved 1079296K
  class space    used 3873K, capacity 3968K, committed 4040K, reserved 1048576K
}
2016-10-28T02:31:42.947-0400: 30.707: Total time for which application threads were stopped: 0.0221640 seconds, Stopping threads took: 0.0001131 seconds
{Heap before GC invocations=217 (full 1):
 par new generation   total 109248K, used 88960K [0x00000000e0000000, 0x00000000e8000000, 0x00000000e8000000)
  eden space 87424K, 100% used [0x00000000e0000000, 0x00000000e5560000, 0x00000000e5560000)
  from space 21824K,   7% used [0x00000000e6ab0000, 0x00000000e6c30150, 0x00000000e8000000)
  to   space 21824K,   0% used [0x00000000e5560000, 0x00000000e5560000, 0x00000000e6ab0000)
 concurrent mark-sweep generation total 393216K, used 150520K [0x00000000e8000000, 0x0000000100000000, 0x0000000100000000)
 Metaspace       used 33473K, capacity 33878K, committed 34248K, reserved 1079296K
  class space    used 3873K, capacity 3968K, committed 4040K, reserved 1048576K
2016-10-28T02:31:42.971-0400: 30.731: [GC (Allocation Failure) 2016-10-28T02:31:42.972-0400: 30.732: [ParNew
Desired survivor size 20112992 bytes, new threshold 8 (max 8)
- age   1:     150384 bytes,     150384 total
- age   2:     120912 bytes,     271296 total
- age   3:     147544 bytes,     418840 total
- age   4:     154760 bytes,     573600 total
- age   5:     153408 bytes,     727008 total
- age   6:     113344 bytes,     840352 total
- age   7:     154576 bytes,     994928 total
- age   8:     120808 bytes,    1115736 total
: 88960K->1464K(109248K), 0.0148733 secs] 239480K->152100K(502464K), 0.0154313 secs] [Times: user=0.01 sys=0.01, real=0.01 secs] 
Heap after GC invocations=218 (full 1):
 par new generation   total 109248K, used 1464K [0x00000000e0000000, 0x00000000e8000000, 0x00000000e8000000)
  eden space 87424K,   0% used [0x00000000e0000000, 0x00000000e0000000, 0x00000000e5560000)
  from space 21824K,   6% used [0x00000000e5560000, 0x00000000e56ce348, 0x00000000e6ab0000)
  to   space 21824K,   0% used [0x00000000e6ab0000, 0x00000000e6ab0000, 0x00000000e8000000)
 concurrent mark-sweep generation total 393216K, used 150635K [0x00000000e8000000, 0x0000000100000000, 0x0000000100000000)
 Metaspace       used 33473K, capacity 33878K, committed 34248K, reserved 1079296K
  class space    used 3873K, capacity 3968K, committed 4040K, reserved 1048576K
}
2016-10-28T02:31:42.987-0400: 30.747: Total time for which application threads were stopped: 0.0157596 seconds, Stopping threads took: 0.0001250 seconds
{Heap before GC invocations=218 (full 1):
 par new generation   total 109248K, used 88888K [0x00000000e0000000, 0x00000000e8000000, 0x00000000e8000000)
  eden space 87424K, 100% used [0x00000000e0000000, 0x00000000e5560000, 0x00000000e5560000)
  from space 21824K,   6% used [0x00000000e5560000, 0x00000000e56ce348, 0x00000000e6ab0000)
  to   space 21824K,   0% used [0x00000000e6ab0000, 0x00000000e6ab0000, 0x00000000e8000000)
 concurrent mark-sweep generation total 393216K, used 150635K [0x00000000e8000000, 0x0000000100000000, 0x0000000100000000)
 Metaspace       used 33473K, capacity 33878K, committed 34248K, reserved 1079296K
  class space    used 3873K, capacity 3968K, committed 4040K, reserved 1048576K
2016-10-28T02:31:43.011-0400: 30.771: [GC (Allocation Failure) 2016-10-28T02:31:43.011-0400: 30.771: [ParNew
Desired survivor size 20112992 bytes, new threshold 8 (max 8)
- age   1:     172864 bytes,     172864 total
- age   2:     123936 bytes,     296800 total
- age   3:     120912 bytes,     417712 total
- age   4:     147544 bytes,     565256 total
- age   5:     154760 bytes,     720016 total
- age   6:     153408 bytes,     873424 total
- age   7:     113344 bytes,     986768 total
- age   8:     154576 bytes,    1141344 total
: 88888K->1407K(109248K), 0.0187700 secs] 239524K->152166K(502464K), 0.0189494 secs] [Times: user=0.02 sys=0.02, real=0.02 secs] 
Heap after GC invocations=219 (full 1):
 par new generation   total 109248K, used 1407K [0x00000000e0000000, 0x00000000e8000000, 0x00000000e8000000)
  eden space 87424K,   0% used [0x00000000e0000000, 0x00000000e0000000, 0x00000000e5560000)
  from space 21824K,   6% used [0x00000000e6ab0000, 0x00000000e6c0fec0, 0x00000000e8000000)
  to   space 21824K,   0% used [0x00000000e5560000, 0x00000000e5560000, 0x00000000e6ab0000)
 concurrent mark-sweep generation total 393216K, used 150758K [0x00000000e8000000, 0x0000000100000000, 0x0000000100000000)
 Metaspace       used 33473K, capacity 33878K, committed 34248K, reserved 1079296K
  class space    used 3873K, capacity 3968K, committed 4040K, reserved 1048576K
}
2016-10-28T02:31:43.030-0400: 30.790: Total time for which application threads were stopped: 0.0194224 seconds, Stopping threads took: 0.0001622 seconds
{Heap before GC invocations=219 (full 1):
 par new generation   total 109248K, used 88831K [0x00000000e0000000, 0x00000000e8000000, 0x00000000e8000000)
  eden space 87424K, 100% used [0x00000000e0000000, 0x00000000e5560000, 0x00000000e5560000)
  from space 21824K,   6% used [0x00000000e6ab0000, 0x00000000e6c0fec0, 0x00000000e8000000)
  to   space 21824K,   0% used [0x00000000e5560000, 0x00000000e5560000, 0x00000000e6ab0000)
 concurrent mark-sweep generation total 393216K, used 150758K [0x00000000e8000000, 0x0000000100000000, 0x0000000100000000)
 Metaspace       used 33473K, capacity 33878K, committed 34248K, reserved 1079296K
  class space    used 3873K, capacity 3968K, committed 4040K, reserved 1048576K
2016-10-28T02:31:43.052-0400: 30.812: [GC (Allocation Failure) 2016-10-28T02:31:43.052-0400: 30.812: [ParNew
Desired survivor size 20112992 bytes, new threshold 8 (max 8)
- age   1:     147064 bytes,     147064 total
- age   2:     146416 bytes,     293480 total
- age   3:     123936 bytes,     417416 total
- age   4:     120912 bytes,     538328 total
- age   5:     147544 bytes,     685872 total
- age   6:     154760 bytes,     840632 total
- age   7:     153408 bytes,     994040 total
- age   8:     113344 bytes,    1107384 total
: 88831K->1346K(109248K), 0.0180896 secs] 239590K->152262K(502464K), 0.0181926 secs] [Times: user=0.02 sys=0.01, real=0.02 secs] 
Heap after GC invocations=220 (full 1):
 par new generation   total 109248K, used 1346K [0x00000000e0000000, 0x00000000e8000000, 0x00000000e8000000)
  eden space 87424K,   0% used [0x00000000e0000000, 0x00000000e0000000, 0x00000000e5560000)
  from space 21824K,   6% used [0x00000000e5560000, 0x00000000e56b0b60, 0x00000000e6ab0000)
  to   space 21824K,   0% used [0x00000000e6ab0000, 0x00000000e6ab0000, 0x00000000e8000000)
 concurrent mark-sweep generation total 393216K, used 150915K [0x00000000e8000000, 0x0000000100000000, 0x0000000100000000)
 Metaspace       used 33473K, capacity 33878K, committed 34248K, reserved 1079296K
  class space    used 3873K, capacity 3968K, committed 4040K, reserved 1048576K
}
2016-10-28T02:31:43.070-0400: 30.831: Total time for which application threads were stopped: 0.0186212 seconds, Stopping threads took: 0.0001448 seconds
{Heap before GC invocations=220 (full 1):
 par new generation   total 109248K, used 88770K [0x00000000e0000000, 0x00000000e8000000, 0x00000000e8000000)
  eden space 87424K, 100% used [0x00000000e0000000, 0x00000000e5560000, 0x00000000e5560000)
  from space 21824K,   6% used [0x00000000e5560000, 0x00000000e56b0b60, 0x00000000e6ab0000)
  to   space 21824K,   0% used [0x00000000e6ab0000, 0x00000000e6ab0000, 0x00000000e8000000)
 concurrent mark-sweep generation total 393216K, used 150915K [0x00000000e8000000, 0x0000000100000000, 0x0000000100000000)
 Metaspace       used 33473K, capacity 33878K, committed 34248K, reserved 1079296K
  class space    used 3873K, capacity 3968K, committed 4040K, reserved 1048576K
2016-10-28T02:31:43.094-0400: 30.854: [GC (Allocation Failure) 2016-10-28T02:31:43.094-0400: 30.854: [ParNew
Desired survivor size 20112992 bytes, new threshold 8 (max 8)
- age   1:     181984 bytes,     181984 total
- age   2:     120624 bytes,     302608 total
- age   3:     146416 bytes,     449024 total
- age   4:     123936 bytes,     572960 total
- age   5:     120912 bytes,     693872 total
- age   6:     147544 bytes,     841416 total
- age   7:     154760 bytes,     996176 total
- age   8:     153408 bytes,    1149584 total
: 88770K->1433K(109248K), 0.0135985 secs] 239686K->152464K(502464K), 0.0136892 secs] [Times: user=0.01 sys=0.01, real=0.02 secs] 
Heap after GC invocations=221 (full 1):
 par new generation   total 109248K, used 1433K [0x00000000e0000000, 0x00000000e8000000, 0x00000000e8000000)
  eden space 87424K,   0% used [0x00000000e0000000, 0x00000000e0000000, 0x00000000e5560000)
  from space 21824K,   6% used [0x00000000e6ab0000, 0x00000000e6c16440, 0x00000000e8000000)
  to   space 21824K,   0% used [0x00000000e5560000, 0x00000000e5560000, 0x00000000e6ab0000)
 concurrent mark-sweep generation total 393216K, used 151031K [0x00000000e8000000, 0x0000000100000000, 0x0000000100000000)
 Metaspace       used 33473K, capacity 33878K, committed 34248K, reserved 1079296K
  class space    used 3873K, capacity 3968K, committed 4040K, reserved 1048576K
}
2016-10-28T02:31:43.107-0400: 30.867: Total time for which application threads were stopped: 0.0139468 seconds, Stopping threads took: 0.0000665 seconds
{Heap before GC invocations=221 (full 1):
 par new generation   total 109248K, used 88857K [0x00000000e0000000, 0x00000000e8000000, 0x00000000e8000000)
  eden space 87424K, 100% used [0x00000000e0000000, 0x00000000e5560000, 0x00000000e5560000)
  from space 21824K,   6% used [0x00000000e6ab0000, 0x00000000e6c16440, 0x00000000e8000000)
  to   space 21824K,   0% used [0x00000000e5560000, 0x00000000e5560000, 0x00000000e6ab0000)
 concurrent mark-sweep generation total 393216K, used 151031K [0x00000000e8000000, 0x0000000100000000, 0x0000000100000000)
 Metaspace       used 33473K, capacity 33878K, committed 34248K, reserved 1079296K
  class space    used 3873K, capacity 3968K, committed 4040K, reserved 1048576K
2016-10-28T02:31:43.130-0400: 30.890: [GC (Allocation Failure) 2016-10-28T02:31:43.130-0400: 30.890: [ParNew
Desired survivor size 20112992 bytes, new threshold 8 (max 8)
- age   1:     139784 bytes,     139784 total
- age   2:     155552 bytes,     295336 total
- age   3:     120624 bytes,     415960 total
- age   4:     146416 bytes,     562376 total
- age   5:     123936 bytes,     686312 total
- age   6:     120912 bytes,     807224 total
- age   7:     147544 bytes,     954768 total
- age   8:     154760 bytes,    1109528 total
: 88857K->1551K(109248K), 0.0273337 secs] 239888K->152738K(502464K), 0.0275150 secs] [Times: user=0.05 sys=0.00, real=0.02 secs] 
Heap after GC invocations=222 (full 1):
 par new generation   total 109248K, used 1551K [0x00000000e0000000, 0x00000000e8000000, 0x00000000e8000000)
  eden space 87424K,   0% used [0x00000000e0000000, 0x00000000e0000000, 0x00000000e5560000)
  from space 21824K,   7% used [0x00000000e5560000, 0x00000000e56e3e30, 0x00000000e6ab0000)
  to   space 21824K,   0% used [0x00000000e6ab0000, 0x00000000e6ab0000, 0x00000000e8000000)
 concurrent mark-sweep generation total 393216K, used 151186K [0x00000000e8000000, 0x0000000100000000, 0x0000000100000000)
 Metaspace       used 33473K, capacity 33878K, committed 34248K, reserved 1079296K
  class space    used 3873K, capacity 3968K, committed 4040K, reserved 1048576K
}
2016-10-28T02:31:43.157-0400: 30.917: Total time for which application threads were stopped: 0.0279970 seconds, Stopping threads took: 0.0001895 seconds
{Heap before GC invocations=222 (full 1):
 par new generation   total 109248K, used 88975K [0x00000000e0000000, 0x00000000e8000000, 0x00000000e8000000)
  eden space 87424K, 100% used [0x00000000e0000000, 0x00000000e5560000, 0x00000000e5560000)
  from space 21824K,   7% used [0x00000000e5560000, 0x00000000e56e3e30, 0x00000000e6ab0000)
  to   space 21824K,   0% used [0x00000000e6ab0000, 0x00000000e6ab0000, 0x00000000e8000000)
 concurrent mark-sweep generation total 393216K, used 151186K [0x00000000e8000000, 0x0000000100000000, 0x0000000100000000)
 Metaspace       used 33474K, capacity 33878K, committed 34248K, reserved 1079296K
  class space    used 3873K, capacity 3968K, committed 4040K, reserved 1048576K
2016-10-28T02:31:43.180-0400: 30.940: [GC (Allocation Failure) 2016-10-28T02:31:43.180-0400: 30.940: [ParNew
Desired survivor size 20112992 bytes, new threshold 8 (max 8)
- age   1:     146768 bytes,     146768 total
- age   2:     113344 bytes,     260112 total
- age   3:     155552 bytes,     415664 total
- age   4:     120624 bytes,     536288 total
- age   5:     146416 bytes,     682704 total
- age   6:     123936 bytes,     806640 total
- age   7:     120912 bytes,     927552 total
- age   8:     147544 bytes,    1075096 total
: 88975K->1229K(109248K), 0.0162598 secs] 240162K->152572K(502464K), 0.0163980 secs] [Times: user=0.01 sys=0.01, real=0.01 secs] 
Heap after GC invocations=223 (full 1):
 par new generation   total 109248K, used 1229K [0x00000000e0000000, 0x00000000e8000000, 0x00000000e8000000)
  eden space 87424K,   0% used [0x00000000e0000000, 0x00000000e0000000, 0x00000000e5560000)
  from space 21824K,   5% used [0x00000000e6ab0000, 0x00000000e6be3488, 0x00000000e8000000)
  to   space 21824K,   0% used [0x00000000e5560000, 0x00000000e5560000, 0x00000000e6ab0000)
 concurrent mark-sweep generation total 393216K, used 151342K [0x00000000e8000000, 0x0000000100000000, 0x0000000100000000)
 Metaspace       used 33474K, capacity 33878K, committed 34248K, reserved 1079296K
  class space    used 3873K, capacity 3968K, committed 4040K, reserved 1048576K
}
2016-10-28T02:31:43.196-0400: 30.956: Total time for which application threads were stopped: 0.0167729 seconds, Stopping threads took: 0.0001715 seconds
{Heap before GC invocations=223 (full 1):
 par new generation   total 109248K, used 88653K [0x00000000e0000000, 0x00000000e8000000, 0x00000000e8000000)
  eden space 87424K, 100% used [0x00000000e0000000, 0x00000000e5560000, 0x00000000e5560000)
  from space 21824K,   5% used [0x00000000e6ab0000, 0x00000000e6be3488, 0x00000000e8000000)
  to   space 21824K,   0% used [0x00000000e5560000, 0x00000000e5560000, 0x00000000e6ab0000)
 concurrent mark-sweep generation total 393216K, used 151342K [0x00000000e8000000, 0x0000000100000000, 0x0000000100000000)
 Metaspace       used 33474K, capacity 33878K, committed 34248K, reserved 1079296K
  class space    used 3873K, capacity 3968K, committed 4040K, reserved 1048576K
2016-10-28T02:31:43.217-0400: 30.977: [GC (Allocation Failure) 2016-10-28T02:31:43.217-0400: 30.977: [ParNew
Desired survivor size 20112992 bytes, new threshold 8 (max 8)
- age   1:     181176 bytes,     181176 total
- age   2:     120472 bytes,     301648 total
- age   3:     113344 bytes,     414992 total
- age   4:     155552 bytes,     570544 total
- age   5:     120624 bytes,     691168 total
- age   6:     146416 bytes,     837584 total
- age   7:     123936 bytes,     961520 total
- age   8:     120912 bytes,    1082432 total
: 88653K->1617K(109248K), 0.0262383 secs] 239996K->153109K(502464K), 0.0263674 secs] [Times: user=0.04 sys=0.02, real=0.03 secs] 
Heap after GC invocations=224 (full 1):
 par new generation   total 109248K, used 1617K [0x00000000e0000000, 0x00000000e8000000, 0x00000000e8000000)
  eden space 87424K,   0% used [0x00000000e0000000, 0x00000000e0000000, 0x00000000e5560000)
  from space 21824K,   7% used [0x00000000e5560000, 0x00000000e56f4400, 0x00000000e6ab0000)
  to   space 21824K,   0% used [0x00000000e6ab0000, 0x00000000e6ab0000, 0x00000000e8000000)
 concurrent mark-sweep generation total 393216K, used 151492K [0x00000000e8000000, 0x0000000100000000, 0x0000000100000000)
 Metaspace       used 33474K, capacity 33878K, committed 34248K, reserved 1079296K
  class space    used 3873K, capacity 3968K, committed 4040K, reserved 1048576K
}
2016-10-28T02:31:43.244-0400: 31.004: Total time for which application threads were stopped: 0.0266439 seconds, Stopping threads took: 0.0000685 seconds
{Heap before GC invocations=224 (full 1):
 par new generation   total 109248K, used 89041K [0x00000000e0000000, 0x00000000e8000000, 0x00000000e8000000)
  eden space 87424K, 100% used [0x00000000e0000000, 0x00000000e5560000, 0x00000000e5560000)
  from space 21824K,   7% used [0x00000000e5560000, 0x00000000e56f4400, 0x00000000e6ab0000)
  to   space 21824K,   0% used [0x00000000e6ab0000, 0x00000000e6ab0000, 0x00000000e8000000)
 concurrent mark-sweep generation total 393216K, used 151492K [0x00000000e8000000, 0x0000000100000000, 0x0000000100000000)
 Metaspace       used 33474K, capacity 33878K, committed 34248K, reserved 1079296K
  class space    used 3873K, capacity 3968K, committed 4040K, reserved 1048576K
2016-10-28T02:31:43.265-0400: 31.025: [GC (Allocation Failure) 2016-10-28T02:31:43.265-0400: 31.025: [ParNew
Desired survivor size 20112992 bytes, new threshold 8 (max 8)
- age   1:     140088 bytes,     140088 total
- age   2:     154768 bytes,     294856 total
- age   3:     120472 bytes,     415328 total
- age   4:     113344 bytes,     528672 total
- age   5:     155552 bytes,     684224 total
- age   6:     120624 bytes,     804848 total
- age   7:     146416 bytes,     951264 total
- age   8:     123936 bytes,    1075200 total
: 89041K->1270K(109248K), 0.0129427 secs] 240533K->152886K(502464K), 0.0131074 secs] [Times: user=0.02 sys=0.01, real=0.01 secs] 
Heap after GC invocations=225 (full 1):
 par new generation   total 109248K, used 1270K [0x00000000e0000000, 0x00000000e8000000, 0x00000000e8000000)
  eden space 87424K,   0% used [0x00000000e0000000, 0x00000000e0000000, 0x00000000e5560000)
  from space 21824K,   5% used [0x00000000e6ab0000, 0x00000000e6bed8e0, 0x00000000e8000000)
  to   space 21824K,   0% used [0x00000000e5560000, 0x00000000e5560000, 0x00000000e6ab0000)
 concurrent mark-sweep generation total 393216K, used 151615K [0x00000000e8000000, 0x0000000100000000, 0x0000000100000000)
 Metaspace       used 33474K, capacity 33878K, committed 34248K, reserved 1079296K
  class space    used 3873K, capacity 3968K, committed 4040K, reserved 1048576K
}
2016-10-28T02:31:43.278-0400: 31.038: Total time for which application threads were stopped: 0.0134411 seconds, Stopping threads took: 0.0000924 seconds
{Heap before GC invocations=225 (full 1):
 par new generation   total 109248K, used 88694K [0x00000000e0000000, 0x00000000e8000000, 0x00000000e8000000)
  eden space 87424K, 100% used [0x00000000e0000000, 0x00000000e5560000, 0x00000000e5560000)
  from space 21824K,   5% used [0x00000000e6ab0000, 0x00000000e6bed8e0, 0x00000000e8000000)
  to   space 21824K,   0% used [0x00000000e5560000, 0x00000000e5560000, 0x00000000e6ab0000)
 concurrent mark-sweep generation total 393216K, used 151615K [0x00000000e8000000, 0x0000000100000000, 0x0000000100000000)
 Metaspace       used 33474K, capacity 33878K, committed 34248K, reserved 1079296K
  class space    used 3873K, capacity 3968K, committed 4040K, reserved 1048576K
2016-10-28T02:31:43.301-0400: 31.061: [GC (Allocation Failure) 2016-10-28T02:31:43.301-0400: 31.061: [ParNew
Desired survivor size 20112992 bytes, new threshold 8 (max 8)
- age   1:    3526360 bytes,    3526360 total
- age   2:     113632 bytes,    3639992 total
- age   3:     154744 bytes,    3794736 total
- age   4:     120472 bytes,    3915208 total
- age   5:     113344 bytes,    4028552 total
- age   6:     155552 bytes,    4184104 total
- age   7:     120624 bytes,    4304728 total
- age   8:     146416 bytes,    4451144 total
: 88694K->4825K(109248K), 0.0260207 secs] 240310K->156567K(502464K), 0.0261279 secs] [Times: user=0.03 sys=0.01, real=0.03 secs] 
Heap after GC invocations=226 (full 1):
 par new generation   total 109248K, used 4825K [0x00000000e0000000, 0x00000000e8000000, 0x00000000e8000000)
  eden space 87424K,   0% used [0x00000000e0000000, 0x00000000e0000000, 0x00000000e5560000)
  from space 21824K,  22% used [0x00000000e5560000, 0x00000000e5a165d0, 0x00000000e6ab0000)
  to   space 21824K,   0% used [0x00000000e6ab0000, 0x00000000e6ab0000, 0x00000000e8000000)
 concurrent mark-sweep generation total 393216K, used 151742K [0x00000000e8000000, 0x0000000100000000, 0x0000000100000000)
 Metaspace       used 33474K, capacity 33878K, committed 34248K, reserved 1079296K
  class space    used 3873K, capacity 3968K, committed 4040K, reserved 1048576K
}
2016-10-28T02:31:43.327-0400: 31.088: Total time for which application threads were stopped: 0.0264746 seconds, Stopping threads took: 0.0001005 seconds
{Heap before GC invocations=226 (full 1):
 par new generation   total 109248K, used 92249K [0x00000000e0000000, 0x00000000e8000000, 0x00000000e8000000)
  eden space 87424K, 100% used [0x00000000e0000000, 0x00000000e5560000, 0x00000000e5560000)
  from space 21824K,  22% used [0x00000000e5560000, 0x00000000e5a165d0, 0x00000000e6ab0000)
  to   space 21824K,   0% used [0x00000000e6ab0000, 0x00000000e6ab0000, 0x00000000e8000000)
 concurrent mark-sweep generation total 393216K, used 151742K [0x00000000e8000000, 0x0000000100000000, 0x0000000100000000)
 Metaspace       used 33474K, capacity 33878K, committed 34248K, reserved 1079296K
  class space    used 3873K, capacity 3968K, committed 4040K, reserved 1048576K
2016-10-28T02:31:43.348-0400: 31.108: [GC (Allocation Failure) 2016-10-28T02:31:43.348-0400: 31.108: [ParNew
Desired survivor size 20112992 bytes, new threshold 8 (max 8)
- age   1:     187456 bytes,     187456 total
- age   2:    3499920 bytes,    3687376 total
- age   3:     113632 bytes,    3801008 total
- age   4:     154744 bytes,    3955752 total
- age   5:     120472 bytes,    4076224 total
- age   6:     113344 bytes,    4189568 total
- age   7:     155552 bytes,    4345120 total
- age   8:     120624 bytes,    4465744 total
: 92249K->4678K(109248K), 0.0139949 secs] 243991K->156568K(502464K), 0.0141251 secs] [Times: user=0.01 sys=0.01, real=0.01 secs] 
Heap after GC invocations=227 (full 1):
 par new generation   total 109248K, used 4678K [0x00000000e0000000, 0x00000000e8000000, 0x00000000e8000000)
  eden space 87424K,   0% used [0x00000000e0000000, 0x00000000e0000000, 0x00000000e5560000)
  from space 21824K,  21% used [0x00000000e6ab0000, 0x00000000e6f41840, 0x00000000e8000000)
  to   space 21824K,   0% used [0x00000000e5560000, 0x00000000e5560000, 0x00000000e6ab0000)
 concurrent mark-sweep generation total 393216K, used 151890K [0x00000000e8000000, 0x0000000100000000, 0x0000000100000000)
 Metaspace       used 33474K, capacity 33878K, committed 34248K, reserved 1079296K
  class space    used 3873K, capacity 3968K, committed 4040K, reserved 1048576K
}
2016-10-28T02:31:43.362-0400: 31.122: Total time for which application threads were stopped: 0.0145703 seconds, Stopping threads took: 0.0001078 seconds
{Heap before GC invocations=227 (full 1):
 par new generation   total 109248K, used 92102K [0x00000000e0000000, 0x00000000e8000000, 0x00000000e8000000)
  eden space 87424K, 100% used [0x00000000e0000000, 0x00000000e5560000, 0x00000000e5560000)
  from space 21824K,  21% used [0x00000000e6ab0000, 0x00000000e6f41840, 0x00000000e8000000)
  to   space 21824K,   0% used [0x00000000e5560000, 0x00000000e5560000, 0x00000000e6ab0000)
 concurrent mark-sweep generation total 393216K, used 151890K [0x00000000e8000000, 0x0000000100000000, 0x0000000100000000)
 Metaspace       used 33474K, capacity 33878K, committed 34248K, reserved 1079296K
  class space    used 3873K, capacity 3968K, committed 4040K, reserved 1048576K
2016-10-28T02:31:43.384-0400: 31.144: [GC (Allocation Failure) 2016-10-28T02:31:43.384-0400: 31.144: [ParNew
Desired survivor size 20112992 bytes, new threshold 8 (max 8)
- age   1:     172560 bytes,     172560 total
- age   2:     161024 bytes,     333584 total
- age   3:    3499920 bytes,    3833504 total
- age   4:     113632 bytes,    3947136 total
- age   5:     154744 bytes,    4101880 total
- age   6:     120472 bytes,    4222352 total
- age   7:     113344 bytes,    4335696 total
- age   8:     155552 bytes,    4491248 total
: 92102K->4715K(109248K), 0.0168506 secs] 243992K->156729K(502464K), 0.0169599 secs] [Times: user=0.00 sys=0.02, real=0.02 secs] 
Heap after GC invocations=228 (full 1):
 par new generation   total 109248K, used 4715K [0x00000000e0000000, 0x00000000e8000000, 0x00000000e8000000)
  eden space 87424K,   0% used [0x00000000e0000000, 0x00000000e0000000, 0x00000000e5560000)
  from space 21824K,  21% used [0x00000000e5560000, 0x00000000e59fadd0, 0x00000000e6ab0000)
  to   space 21824K,   0% used [0x00000000e6ab0000, 0x00000000e6ab0000, 0x00000000e8000000)
 concurrent mark-sweep generation total 393216K, used 152013K [0x00000000e8000000, 0x0000000100000000, 0x0000000100000000)
 Metaspace       used 33474K, capacity 33878K, committed 34248K, reserved 1079296K
  class space    used 3873K, capacity 3968K, committed 4040K, reserved 1048576K
}
2016-10-28T02:31:43.401-0400: 31.161: Total time for which application threads were stopped: 0.0173294 seconds, Stopping threads took: 0.0001151 seconds
{Heap before GC invocations=228 (full 1):
 par new generation   total 109248K, used 92139K [0x00000000e0000000, 0x00000000e8000000, 0x00000000e8000000)
  eden space 87424K, 100% used [0x00000000e0000000, 0x00000000e5560000, 0x00000000e5560000)
  from space 21824K,  21% used [0x00000000e5560000, 0x00000000e59fadd0, 0x00000000e6ab0000)
  to   space 21824K,   0% used [0x00000000e6ab0000, 0x00000000e6ab0000, 0x00000000e8000000)
 concurrent mark-sweep generation total 393216K, used 152013K [0x00000000e8000000, 0x0000000100000000, 0x0000000100000000)
 Metaspace       used 33474K, capacity 33878K, committed 34248K, reserved 1079296K
  class space    used 3873K, capacity 3968K, committed 4040K, reserved 1048576K
2016-10-28T02:31:43.424-0400: 31.184: [GC (Allocation Failure) 2016-10-28T02:31:43.424-0400: 31.185: [ParNew
Desired survivor size 20112992 bytes, new threshold 8 (max 8)
- age   1:     147112 bytes,     147112 total
- age   2:     146128 bytes,     293240 total
- age   3:     161024 bytes,     454264 total
- age   4:    3499920 bytes,    3954184 total
- age   5:     113632 bytes,    4067816 total
- age   6:     154744 bytes,    4222560 total
- age   7:     120472 bytes,    4343032 total
- age   8:     113344 bytes,    4456376 total
: 92139K->4671K(109248K), 0.0206907 secs] 244153K->156842K(502464K), 0.0208312 secs] [Times: user=0.02 sys=0.02, real=0.02 secs] 
Heap after GC invocations=229 (full 1):
 par new generation   total 109248K, used 4671K [0x00000000e0000000, 0x00000000e8000000, 0x00000000e8000000)
  eden space 87424K,   0% used [0x00000000e0000000, 0x00000000e0000000, 0x00000000e5560000)
  from space 21824K,  21% used [0x00000000e6ab0000, 0x00000000e6f3fca0, 0x00000000e8000000)
  to   space 21824K,   0% used [0x00000000e5560000, 0x00000000e5560000, 0x00000000e6ab0000)
 concurrent mark-sweep generation total 393216K, used 152171K [0x00000000e8000000, 0x0000000100000000, 0x0000000100000000)
 Metaspace       used 33474K, capacity 33878K, committed 34248K, reserved 1079296K
  class space    used 3873K, capacity 3968K, committed 4040K, reserved 1048576K
}
2016-10-28T02:31:43.445-0400: 31.205: Total time for which application threads were stopped: 0.0211143 seconds, Stopping threads took: 0.0000948 seconds
{Heap before GC invocations=229 (full 1):
 par new generation   total 109248K, used 92095K [0x00000000e0000000, 0x00000000e8000000, 0x00000000e8000000)
  eden space 87424K, 100% used [0x00000000e0000000, 0x00000000e5560000, 0x00000000e5560000)
  from space 21824K,  21% used [0x00000000e6ab0000, 0x00000000e6f3fca0, 0x00000000e8000000)
  to   space 21824K,   0% used [0x00000000e5560000, 0x00000000e5560000, 0x00000000e6ab0000)
 concurrent mark-sweep generation total 393216K, used 152171K [0x00000000e8000000, 0x0000000100000000, 0x0000000100000000)
 Metaspace       used 33474K, capacity 33878K, committed 34248K, reserved 1079296K
  class space    used 3873K, capacity 3968K, committed 4040K, reserved 1048576K
2016-10-28T02:31:43.468-0400: 31.228: [GC (Allocation Failure) 2016-10-28T02:31:43.468-0400: 31.228: [ParNew
Desired survivor size 20112992 bytes, new threshold 8 (max 8)
- age   1:     279000 bytes,     279000 total
- age   2:     120624 bytes,     399624 total
- age   3:     146128 bytes,     545752 total
- age   4:     161024 bytes,     706776 total
- age   5:    3835040 bytes,    4541816 total
- age   6:     113632 bytes,    4655448 total
- age   7:     154744 bytes,    4810192 total
- age   8:     120472 bytes,    4930664 total
: 92095K->5019K(109248K), 0.0188059 secs] 244266K->157306K(502464K), 0.0189344 secs] [Times: user=0.03 sys=0.00, real=0.01 secs] 
Heap after GC invocations=230 (full 1):
 par new generation   total 109248K, used 5019K [0x00000000e0000000, 0x00000000e8000000, 0x00000000e8000000)
  eden space 87424K,   0% used [0x00000000e0000000, 0x00000000e0000000, 0x00000000e5560000)
  from space 21824K,  22% used [0x00000000e5560000, 0x00000000e5a46da0, 0x00000000e6ab0000)
  to   space 21824K,   0% used [0x00000000e6ab0000, 0x00000000e6ab0000, 0x00000000e8000000)
 concurrent mark-sweep generation total 393216K, used 152287K [0x00000000e8000000, 0x0000000100000000, 0x0000000100000000)
 Metaspace       used 33474K, capacity 33878K, committed 34248K, reserved 1079296K
  class space    used 3873K, capacity 3968K, committed 4040K, reserved 1048576K
}
2016-10-28T02:31:43.487-0400: 31.247: Total time for which application threads were stopped: 0.0193122 seconds, Stopping threads took: 0.0001308 seconds
{Heap before GC invocations=230 (full 1):
 par new generation   total 109248K, used 92443K [0x00000000e0000000, 0x00000000e8000000, 0x00000000e8000000)
  eden space 87424K, 100% used [0x00000000e0000000, 0x00000000e5560000, 0x00000000e5560000)
  from space 21824K,  22% used [0x00000000e5560000, 0x00000000e5a46da0, 0x00000000e6ab0000)
  to   space 21824K,   0% used [0x00000000e6ab0000, 0x00000000e6ab0000, 0x00000000e8000000)
 concurrent mark-sweep generation total 393216K, used 152287K [0x00000000e8000000, 0x0000000100000000, 0x0000000100000000)
 Metaspace       used 33474K, capacity 33878K, committed 34248K, reserved 1079296K
  class space    used 3873K, capacity 3968K, committed 4040K, reserved 1048576K
2016-10-28T02:31:43.510-0400: 31.270: [GC (Allocation Failure) 2016-10-28T02:31:43.510-0400: 31.270: [ParNew
Desired survivor size 20112992 bytes, new threshold 8 (max 8)
- age   1:     230624 bytes,     230624 total
- age   2:     252536 bytes,     483160 total
- age   3:     120624 bytes,     603784 total
- age   4:     146128 bytes,     749912 total
- age   5:     161024 bytes,     910936 total
- age   6:    3499920 bytes,    4410856 total
- age   7:     113632 bytes,    4524488 total
- age   8:     154744 bytes,    4679232 total
: 92443K->5005K(109248K), 0.0218566 secs] 244730K->157415K(502464K), 0.0219919 secs] [Times: user=0.03 sys=0.01, real=0.02 secs] 
Heap after GC invocations=231 (full 1):
 par new generation   total 109248K, used 5005K [0x00000000e0000000, 0x00000000e8000000, 0x00000000e8000000)
  eden space 87424K,   0% used [0x00000000e0000000, 0x00000000e0000000, 0x00000000e5560000)
  from space 21824K,  22% used [0x00000000e6ab0000, 0x00000000e6f93480, 0x00000000e8000000)
  to   space 21824K,   0% used [0x00000000e5560000, 0x00000000e5560000, 0x00000000e6ab0000)
 concurrent mark-sweep generation total 393216K, used 152410K [0x00000000e8000000, 0x0000000100000000, 0x0000000100000000)
 Metaspace       used 33474K, capacity 33878K, committed 34248K, reserved 1079296K
  class space    used 3873K, capacity 3968K, committed 4040K, reserved 1048576K
}
2016-10-28T02:31:43.532-0400: 31.292: Total time for which application threads were stopped: 0.0223053 seconds, Stopping threads took: 0.0001319 seconds
{Heap before GC invocations=231 (full 1):
 par new generation   total 109248K, used 92429K [0x00000000e0000000, 0x00000000e8000000, 0x00000000e8000000)
  eden space 87424K, 100% used [0x00000000e0000000, 0x00000000e5560000, 0x00000000e5560000)
  from space 21824K,  22% used [0x00000000e6ab0000, 0x00000000e6f93480, 0x00000000e8000000)
  to   space 21824K,   0% used [0x00000000e5560000, 0x00000000e5560000, 0x00000000e6ab0000)
 concurrent mark-sweep generation total 393216K, used 152410K [0x00000000e8000000, 0x0000000100000000, 0x0000000100000000)
 Metaspace       used 33474K, capacity 33878K, committed 34248K, reserved 1079296K
  class space    used 3873K, capacity 3968K, committed 4040K, reserved 1048576K
2016-10-28T02:31:43.554-0400: 31.314: [GC (Allocation Failure) 2016-10-28T02:31:43.554-0400: 31.314: [ParNew
Desired survivor size 20112992 bytes, new threshold 8 (max 8)
- age   1:    4997056 bytes,    4997056 total
- age   2:     204200 bytes,    5201256 total
- age   3:     252536 bytes,    5453792 total
- age   4:     120624 bytes,    5574416 total
- age   5:     146128 bytes,    5720544 total
- age   6:     161024 bytes,    5881568 total
- age   7:    3499920 bytes,    9381488 total
- age   8:     113632 bytes,    9495120 total
: 92429K->9543K(109248K), 0.0182262 secs] 244839K->162110K(502464K), 0.0182949 secs] [Times: user=0.03 sys=0.01, real=0.02 secs] 
Heap after GC invocations=232 (full 1):
 par new generation   total 109248K, used 9543K [0x00000000e0000000, 0x00000000e8000000, 0x00000000e8000000)
  eden space 87424K,   0% used [0x00000000e0000000, 0x00000000e0000000, 0x00000000e5560000)
  from space 21824K,  43% used [0x00000000e5560000, 0x00000000e5eb1e20, 0x00000000e6ab0000)
  to   space 21824K,   0% used [0x00000000e6ab0000, 0x00000000e6ab0000, 0x00000000e8000000)
 concurrent mark-sweep generation total 393216K, used 152566K [0x00000000e8000000, 0x0000000100000000, 0x0000000100000000)
 Metaspace       used 33474K, capacity 33878K, committed 34248K, reserved 1079296K
  class space    used 3873K, capacity 3968K, committed 4040K, reserved 1048576K
}
2016-10-28T02:31:43.573-0400: 31.333: Total time for which application threads were stopped: 0.0186032 seconds, Stopping threads took: 0.0000820 seconds
{Heap before GC invocations=232 (full 1):
 par new generation   total 109248K, used 96967K [0x00000000e0000000, 0x00000000e8000000, 0x00000000e8000000)
  eden space 87424K, 100% used [0x00000000e0000000, 0x00000000e5560000, 0x00000000e5560000)
  from space 21824K,  43% used [0x00000000e5560000, 0x00000000e5eb1e20, 0x00000000e6ab0000)
  to   space 21824K,   0% used [0x00000000e6ab0000, 0x00000000e6ab0000, 0x00000000e8000000)
 concurrent mark-sweep generation total 393216K, used 152566K [0x00000000e8000000, 0x0000000100000000, 0x0000000100000000)
 Metaspace       used 33474K, capacity 33878K, committed 34248K, reserved 1079296K
  class space    used 3873K, capacity 3968K, committed 4040K, reserved 1048576K
2016-10-28T02:31:43.600-0400: 31.360: [GC (Allocation Failure) 2016-10-28T02:31:43.600-0400: 31.360: [ParNew
Desired survivor size 20112992 bytes, new threshold 8 (max 8)
- age   1:     279432 bytes,     279432 total
- age   2:    4970624 bytes,    5250056 total
- age   3:     204200 bytes,    5454256 total
- age   4:     252536 bytes,    5706792 total
- age   5:     120624 bytes,    5827416 total
- age   6:     146128 bytes,    5973544 total
- age   7:     161024 bytes,    6134568 total
- age   8:    3499920 bytes,    9634488 total
: 96967K->9918K(109248K), 0.0178536 secs] 249534K->162600K(502464K), 0.0179244 secs] [Times: user=0.03 sys=0.01, real=0.01 secs] 
Heap after GC invocations=233 (full 1):
 par new generation   total 109248K, used 9918K [0x00000000e0000000, 0x00000000e8000000, 0x00000000e8000000)
  eden space 87424K,   0% used [0x00000000e0000000, 0x00000000e0000000, 0x00000000e5560000)
  from space 21824K,  45% used [0x00000000e6ab0000, 0x00000000e745f810, 0x00000000e8000000)
  to   space 21824K,   0% used [0x00000000e5560000, 0x00000000e5560000, 0x00000000e6ab0000)
 concurrent mark-sweep generation total 393216K, used 152682K [0x00000000e8000000, 0x0000000100000000, 0x0000000100000000)
 Metaspace       used 33474K, capacity 33878K, committed 34248K, reserved 1079296K
  class space    used 3873K, capacity 3968K, committed 4040K, reserved 1048576K
}
2016-10-28T02:31:43.618-0400: 31.378: Total time for which application threads were stopped: 0.0183427 seconds, Stopping threads took: 0.0001832 seconds
{Heap before GC invocations=233 (full 1):
 par new generation   total 109248K, used 97342K [0x00000000e0000000, 0x00000000e8000000, 0x00000000e8000000)
  eden space 87424K, 100% used [0x00000000e0000000, 0x00000000e5560000, 0x00000000e5560000)
  from space 21824K,  45% used [0x00000000e6ab0000, 0x00000000e745f810, 0x00000000e8000000)
  to   space 21824K,   0% used [0x00000000e5560000, 0x00000000e5560000, 0x00000000e6ab0000)
 concurrent mark-sweep generation total 393216K, used 152682K [0x00000000e8000000, 0x0000000100000000, 0x0000000100000000)
 Metaspace       used 33474K, capacity 33878K, committed 34248K, reserved 1079296K
  class space    used 3873K, capacity 3968K, committed 4040K, reserved 1048576K
2016-10-28T02:31:43.642-0400: 31.402: [GC (Allocation Failure) 2016-10-28T02:31:43.642-0400: 31.402: [ParNew
Desired survivor size 20112992 bytes, new threshold 8 (max 8)
- age   1:     239160 bytes,     239160 total
- age   2:     253000 bytes,     492160 total
- age   3:    4970624 bytes,    5462784 total
- age   4:     204200 bytes,    5666984 total
- age   5:     252536 bytes,    5919520 total
- age   6:     120624 bytes,    6040144 total
- age   7:     146128 bytes,    6186272 total
- age   8:     161024 bytes,    6347296 total
: 97342K->6647K(109248K), 0.0610357 secs] 250024K->162753K(502464K), 0.0612939 secs] [Times: user=0.09 sys=0.07, real=0.06 secs] 
Heap after GC invocations=234 (full 1):
 par new generation   total 109248K, used 6647K [0x00000000e0000000, 0x00000000e8000000, 0x00000000e8000000)
  eden space 87424K,   0% used [0x00000000e0000000, 0x00000000e0000000, 0x00000000e5560000)
  from space 21824K,  30% used [0x00000000e5560000, 0x00000000e5bddf10, 0x00000000e6ab0000)
  to   space 21824K,   0% used [0x00000000e6ab0000, 0x00000000e6ab0000, 0x00000000e8000000)
 concurrent mark-sweep generation total 393216K, used 156106K [0x00000000e8000000, 0x0000000100000000, 0x0000000100000000)
 Metaspace       used 33474K, capacity 33878K, committed 34248K, reserved 1079296K
  class space    used 3873K, capacity 3968K, committed 4040K, reserved 1048576K
}
2016-10-28T02:31:43.703-0400: 31.463: Total time for which application threads were stopped: 0.0618217 seconds, Stopping threads took: 0.0001702 seconds
{Heap before GC invocations=234 (full 1):
 par new generation   total 109248K, used 94071K [0x00000000e0000000, 0x00000000e8000000, 0x00000000e8000000)
  eden space 87424K, 100% used [0x00000000e0000000, 0x00000000e5560000, 0x00000000e5560000)
  from space 21824K,  30% used [0x00000000e5560000, 0x00000000e5bddf10, 0x00000000e6ab0000)
  to   space 21824K,   0% used [0x00000000e6ab0000, 0x00000000e6ab0000, 0x00000000e8000000)
 concurrent mark-sweep generation total 393216K, used 156106K [0x00000000e8000000, 0x0000000100000000, 0x0000000100000000)
 Metaspace       used 33474K, capacity 33878K, committed 34248K, reserved 1079296K
  class space    used 3873K, capacity 3968K, committed 4040K, reserved 1048576K
2016-10-28T02:31:43.725-0400: 31.485: [GC (Allocation Failure) 2016-10-28T02:31:43.725-0400: 31.485: [ParNew
Desired survivor size 20112992 bytes, new threshold 8 (max 8)
- age   1:    1401472 bytes,    1401472 total
- age   2:     212736 bytes,    1614208 total
- age   3:     253000 bytes,    1867208 total
- age   4:    4970648 bytes,    6837856 total
- age   5:     204224 bytes,    7042080 total
- age   6:     252536 bytes,    7294616 total
- age   7:     120624 bytes,    7415240 total
- age   8:     146152 bytes,    7561392 total
: 94071K->7719K(109248K), 0.0174162 secs] 250177K->163988K(502464K), 0.0174979 secs] [Times: user=0.03 sys=0.02, real=0.02 secs] 
Heap after GC invocations=235 (full 1):
 par new generation   total 109248K, used 7719K [0x00000000e0000000, 0x00000000e8000000, 0x00000000e8000000)
  eden space 87424K,   0% used [0x00000000e0000000, 0x00000000e0000000, 0x00000000e5560000)
  from space 21824K,  35% used [0x00000000e6ab0000, 0x00000000e7239e68, 0x00000000e8000000)
  to   space 21824K,   0% used [0x00000000e5560000, 0x00000000e5560000, 0x00000000e6ab0000)
 concurrent mark-sweep generation total 393216K, used 156268K [0x00000000e8000000, 0x0000000100000000, 0x0000000100000000)
 Metaspace       used 33474K, capacity 33878K, committed 34248K, reserved 1079296K
  class space    used 3873K, capacity 3968K, committed 4040K, reserved 1048576K
}
2016-10-28T02:31:43.743-0400: 31.503: Total time for which application threads were stopped: 0.0178241 seconds, Stopping threads took: 0.0001062 seconds
{Heap before GC invocations=235 (full 1):
 par new generation   total 109248K, used 95143K [0x00000000e0000000, 0x00000000e8000000, 0x00000000e8000000)
  eden space 87424K, 100% used [0x00000000e0000000, 0x00000000e5560000, 0x00000000e5560000)
  from space 21824K,  35% used [0x00000000e6ab0000, 0x00000000e7239e68, 0x00000000e8000000)
  to   space 21824K,   0% used [0x00000000e5560000, 0x00000000e5560000, 0x00000000e6ab0000)
 concurrent mark-sweep generation total 393216K, used 156268K [0x00000000e8000000, 0x0000000100000000, 0x0000000100000000)
 Metaspace       used 33476K, capacity 33878K, committed 34248K, reserved 1079296K
  class space    used 3873K, capacity 3968K, committed 4040K, reserved 1048576K
2016-10-28T02:31:43.763-0400: 31.523: [GC (Allocation Failure) 2016-10-28T02:31:43.763-0400: 31.523: [ParNew
Desired survivor size 20112992 bytes, new threshold 8 (max 8)
- age   1:    2558256 bytes,    2558256 total
- age   2:    1375000 bytes,    3933256 total
- age   3:     212736 bytes,    4145992 total
- age   4:     253000 bytes,    4398992 total
- age   5:    4970624 bytes,    9369616 total
- age   6:     204200 bytes,    9573816 total
- age   7:     252536 bytes,    9826352 total
- age   8:     120648 bytes,    9947000 total
: 95143K->9987K(109248K), 0.0155789 secs] 251412K->166403K(502464K), 0.0160305 secs] [Times: user=0.02 sys=0.00, real=0.01 secs] 
Heap after GC invocations=236 (full 1):
 par new generation   total 109248K, used 9987K [0x00000000e0000000, 0x00000000e8000000, 0x00000000e8000000)
  eden space 87424K,   0% used [0x00000000e0000000, 0x00000000e0000000, 0x00000000e5560000)
  from space 21824K,  45% used [0x00000000e5560000, 0x00000000e5f20d28, 0x00000000e6ab0000)
  to   space 21824K,   0% used [0x00000000e6ab0000, 0x00000000e6ab0000, 0x00000000e8000000)
 concurrent mark-sweep generation total 393216K, used 156416K [0x00000000e8000000, 0x0000000100000000, 0x0000000100000000)
 Metaspace       used 33476K, capacity 33878K, committed 34248K, reserved 1079296K
  class space    used 3873K, capacity 3968K, committed 4040K, reserved 1048576K
}
2016-10-28T02:31:43.779-0400: 31.539: Total time for which application threads were stopped: 0.0164759 seconds, Stopping threads took: 0.0001718 seconds
{Heap before GC invocations=236 (full 1):
 par new generation   total 109248K, used 97411K [0x00000000e0000000, 0x00000000e8000000, 0x00000000e8000000)
  eden space 87424K, 100% used [0x00000000e0000000, 0x00000000e5560000, 0x00000000e5560000)
  from space 21824K,  45% used [0x00000000e5560000, 0x00000000e5f20d28, 0x00000000e6ab0000)
  to   space 21824K,   0% used [0x00000000e6ab0000, 0x00000000e6ab0000, 0x00000000e8000000)
 concurrent mark-sweep generation total 393216K, used 156416K [0x00000000e8000000, 0x0000000100000000, 0x0000000100000000)
 Metaspace       used 33476K, capacity 33878K, committed 34248K, reserved 1079296K
  class space    used 3873K, capacity 3968K, committed 4040K, reserved 1048576K
2016-10-28T02:31:43.801-0400: 31.561: [GC (Allocation Failure) 2016-10-28T02:31:43.801-0400: 31.561: [ParNew
Desired survivor size 20112992 bytes, new threshold 8 (max 8)
- age   1:     239168 bytes,     239168 total
- age   2:    2531800 bytes,    2770968 total
- age   3:    1375000 bytes,    4145968 total
- age   4:     212736 bytes,    4358704 total
- age   5:     253000 bytes,    4611704 total
- age   6:    4970624 bytes,    9582328 total
- age   7:     204200 bytes,    9786528 total
- age   8:     252536 bytes,   10039064 total
: 97411K->10114K(109248K), 0.0143074 secs] 253827K->166654K(502464K), 0.0143806 secs] [Times: user=0.02 sys=0.02, real=0.01 secs] 
Heap after GC invocations=237 (full 1):
 par new generation   total 109248K, used 10114K [0x00000000e0000000, 0x00000000e8000000, 0x00000000e8000000)
  eden space 87424K,   0% used [0x00000000e0000000, 0x00000000e0000000, 0x00000000e5560000)
  from space 21824K,  46% used [0x00000000e6ab0000, 0x00000000e74908a0, 0x00000000e8000000)
  to   space 21824K,   0% used [0x00000000e5560000, 0x00000000e5560000, 0x00000000e6ab0000)
 concurrent mark-sweep generation total 393216K, used 156539K [0x00000000e8000000, 0x0000000100000000, 0x0000000100000000)
 Metaspace       used 33476K, capacity 33878K, committed 34248K, reserved 1079296K
  class space    used 3873K, capacity 3968K, committed 4040K, reserved 1048576K
}
2016-10-28T02:31:43.816-0400: 31.576: Total time for which application threads were stopped: 0.0147068 seconds, Stopping threads took: 0.0001415 seconds
{Heap before GC invocations=237 (full 1):
 par new generation   total 109248K, used 97538K [0x00000000e0000000, 0x00000000e8000000, 0x00000000e8000000)
  eden space 87424K, 100% used [0x00000000e0000000, 0x00000000e5560000, 0x00000000e5560000)
  from space 21824K,  46% used [0x00000000e6ab0000, 0x00000000e74908a0, 0x00000000e8000000)
  to   space 21824K,   0% used [0x00000000e5560000, 0x00000000e5560000, 0x00000000e6ab0000)
 concurrent mark-sweep generation total 393216K, used 156539K [0x00000000e8000000, 0x0000000100000000, 0x0000000100000000)
 Metaspace       used 33476K, capacity 33878K, committed 34248K, reserved 1079296K
  class space    used 3873K, capacity 3968K, committed 4040K, reserved 1048576K
2016-10-28T02:31:43.837-0400: 31.597: [GC (Allocation Failure) 2016-10-28T02:31:43.837-0400: 31.597: [ParNew
Desired survivor size 20112992 bytes, new threshold 8 (max 8)
- age   1:     278200 bytes,     278200 total
- age   2:     212736 bytes,     490936 total
- age   3:    2531800 bytes,    3022736 total
- age   4:    1375000 bytes,    4397736 total
- age   5:     212736 bytes,    4610472 total
- age   6:     253000 bytes,    4863472 total
- age   7:    4970624 bytes,    9834096 total
- age   8:     204200 bytes,   10038296 total
: 97538K->10181K(109248K), 0.0164015 secs] 254078K->166973K(502464K), 0.0165406 secs] [Times: user=0.02 sys=0.01, real=0.02 secs] 
Heap after GC invocations=238 (full 1):
 par new generation   total 109248K, used 10181K [0x00000000e0000000, 0x00000000e8000000, 0x00000000e8000000)
  eden space 87424K,   0% used [0x00000000e0000000, 0x00000000e0000000, 0x00000000e5560000)
  from space 21824K,  46% used [0x00000000e5560000, 0x00000000e5f515e8, 0x00000000e6ab0000)
  to   space 21824K,   0% used [0x00000000e6ab0000, 0x00000000e6ab0000, 0x00000000e8000000)
 concurrent mark-sweep generation total 393216K, used 156791K [0x00000000e8000000, 0x0000000100000000, 0x0000000100000000)
 Metaspace       used 33476K, capacity 33878K, committed 34248K, reserved 1079296K
  class space    used 3873K, capacity 3968K, committed 4040K, reserved 1048576K
}
2016-10-28T02:31:43.854-0400: 31.614: Total time for which application threads were stopped: 0.0168635 seconds, Stopping threads took: 0.0001062 seconds
{Heap before GC invocations=238 (full 1):
 par new generation   total 109248K, used 97605K [0x00000000e0000000, 0x00000000e8000000, 0x00000000e8000000)
  eden space 87424K, 100% used [0x00000000e0000000, 0x00000000e5560000, 0x00000000e5560000)
  from space 21824K,  46% used [0x00000000e5560000, 0x00000000e5f515e8, 0x00000000e6ab0000)
  to   space 21824K,   0% used [0x00000000e6ab0000, 0x00000000e6ab0000, 0x00000000e8000000)
 concurrent mark-sweep generation total 393216K, used 156791K [0x00000000e8000000, 0x0000000100000000, 0x0000000100000000)
 Metaspace       used 33476K, capacity 33878K, committed 34248K, reserved 1079296K
  class space    used 3873K, capacity 3968K, committed 4040K, reserved 1048576K
2016-10-28T02:31:43.873-0400: 31.633: [GC (Allocation Failure) 2016-10-28T02:31:43.873-0400: 31.633: [ParNew
Desired survivor size 20112992 bytes, new threshold 8 (max 8)
- age   1:     246392 bytes,     246392 total
- age   2:     251760 bytes,     498152 total
- age   3:     212736 bytes,     710888 total
- age   4:    2531800 bytes,    3242688 total
- age   5:    1375000 bytes,    4617688 total
- age   6:     212736 bytes,    4830424 total
- age   7:     253000 bytes,    5083424 total
- age   8:    4970624 bytes,   10054048 total
: 97605K->10703K(109248K), 0.0221572 secs] 254397K->167700K(502464K), 0.0222358 secs] [Times: user=0.04 sys=0.00, real=0.02 secs] 
Heap after GC invocations=239 (full 1):
 par new generation   total 109248K, used 10703K [0x00000000e0000000, 0x00000000e8000000, 0x00000000e8000000)
  eden space 87424K,   0% used [0x00000000e0000000, 0x00000000e0000000, 0x00000000e5560000)
  from space 21824K,  49% used [0x00000000e6ab0000, 0x00000000e7523e78, 0x00000000e8000000)
  to   space 21824K,   0% used [0x00000000e5560000, 0x00000000e5560000, 0x00000000e6ab0000)
 concurrent mark-sweep generation total 393216K, used 156996K [0x00000000e8000000, 0x0000000100000000, 0x0000000100000000)
 Metaspace       used 33476K, capacity 33878K, committed 34248K, reserved 1079296K
  class space    used 3873K, capacity 3968K, committed 4040K, reserved 1048576K
}
2016-10-28T02:31:43.895-0400: 31.655: Total time for which application threads were stopped: 0.0225668 seconds, Stopping threads took: 0.0001245 seconds
{Heap before GC invocations=239 (full 1):
 par new generation   total 109248K, used 98127K [0x00000000e0000000, 0x00000000e8000000, 0x00000000e8000000)
  eden space 87424K, 100% used [0x00000000e0000000, 0x00000000e5560000, 0x00000000e5560000)
  from space 21824K,  49% used [0x00000000e6ab0000, 0x00000000e7523e78, 0x00000000e8000000)
  to   space 21824K,   0% used [0x00000000e5560000, 0x00000000e5560000, 0x00000000e6ab0000)
 concurrent mark-sweep generation total 393216K, used 156996K [0x00000000e8000000, 0x0000000100000000, 0x0000000100000000)
 Metaspace       used 33476K, capacity 33878K, committed 34248K, reserved 1079296K
  class space    used 3873K, capacity 3968K, committed 4040K, reserved 1048576K
2016-10-28T02:31:43.916-0400: 31.676: [GC (Allocation Failure) 2016-10-28T02:31:43.917-0400: 31.677: [ParNew
Desired survivor size 20112992 bytes, new threshold 8 (max 8)
- age   1:     206392 bytes,     206392 total
- age   2:     220328 bytes,     426720 total
- age   3:     251760 bytes,     678480 total
- age   4:     212736 bytes,     891216 total
- age   5:    2531800 bytes,    3423016 total
- age   6:    1375000 bytes,    4798016 total
- age   7:     212736 bytes,    5010752 total
- age   8:     253000 bytes,    5263752 total
: 98127K->6462K(109248K), 0.0568417 secs] 255124K->168318K(502464K), 0.0574405 secs] [Times: user=0.09 sys=0.06, real=0.06 secs] 
Heap after GC invocations=240 (full 1):
 par new generation   total 109248K, used 6462K [0x00000000e0000000, 0x00000000e8000000, 0x00000000e8000000)
  eden space 87424K,   0% used [0x00000000e0000000, 0x00000000e0000000, 0x00000000e5560000)
  from space 21824K,  29% used [0x00000000e5560000, 0x00000000e5bafac0, 0x00000000e6ab0000)
  to   space 21824K,   0% used [0x00000000e6ab0000, 0x00000000e6ab0000, 0x00000000e8000000)
 concurrent mark-sweep generation total 393216K, used 161855K [0x00000000e8000000, 0x0000000100000000, 0x0000000100000000)
 Metaspace       used 33476K, capacity 33878K, committed 34248K, reserved 1079296K
  class space    used 3873K, capacity 3968K, committed 4040K, reserved 1048576K
}
2016-10-28T02:31:43.974-0400: 31.734: Total time for which application threads were stopped: 0.0578320 seconds, Stopping threads took: 0.0001210 seconds
{Heap before GC invocations=240 (full 1):
 par new generation   total 109248K, used 93886K [0x00000000e0000000, 0x00000000e8000000, 0x00000000e8000000)
  eden space 87424K, 100% used [0x00000000e0000000, 0x00000000e5560000, 0x00000000e5560000)
  from space 21824K,  29% used [0x00000000e5560000, 0x00000000e5bafac0, 0x00000000e6ab0000)
  to   space 21824K,   0% used [0x00000000e6ab0000, 0x00000000e6ab0000, 0x00000000e8000000)
 concurrent mark-sweep generation total 393216K, used 161855K [0x00000000e8000000, 0x0000000100000000, 0x0000000100000000)
 Metaspace       used 33476K, capacity 33878K, committed 34248K, reserved 1079296K
  class space    used 3873K, capacity 3968K, committed 4040K, reserved 1048576K
2016-10-28T02:31:43.995-0400: 31.755: [GC (Allocation Failure) 2016-10-28T02:31:43.995-0400: 31.755: [ParNew
Desired survivor size 20112992 bytes, new threshold 8 (max 8)
- age   1:     278200 bytes,     278200 total
- age   2:     179952 bytes,     458152 total
- age   3:     220328 bytes,     678480 total
- age   4:     251760 bytes,     930240 total
- age   5:     212736 bytes,    1142976 total
- age   6:    2531800 bytes,    3674776 total
- age   7:    1375000 bytes,    5049776 total
- age   8:     212736 bytes,    5262512 total
: 93886K->6144K(109248K), 0.0193644 secs] 255742K->168252K(502464K), 0.0194308 secs] [Times: user=0.02 sys=0.02, real=0.02 secs] 
Heap after GC invocations=241 (full 1):
 par new generation   total 109248K, used 6144K [0x00000000e0000000, 0x00000000e8000000, 0x00000000e8000000)
  eden space 87424K,   0% used [0x00000000e0000000, 0x00000000e0000000, 0x00000000e5560000)
  from space 21824K,  28% used [0x00000000e6ab0000, 0x00000000e70b0000, 0x00000000e8000000)
  to   space 21824K,   0% used [0x00000000e5560000, 0x00000000e5560000, 0x00000000e6ab0000)
 concurrent mark-sweep generation total 393216K, used 162108K [0x00000000e8000000, 0x0000000100000000, 0x0000000100000000)
 Metaspace       used 33476K, capacity 33878K, committed 34248K, reserved 1079296K
  class space    used 3873K, capacity 3968K, committed 4040K, reserved 1048576K
}
2016-10-28T02:31:44.014-0400: 31.774: Total time for which application threads were stopped: 0.0197900 seconds, Stopping threads took: 0.0001185 seconds
{Heap before GC invocations=241 (full 1):
 par new generation   total 109248K, used 93568K [0x00000000e0000000, 0x00000000e8000000, 0x00000000e8000000)
  eden space 87424K, 100% used [0x00000000e0000000, 0x00000000e5560000, 0x00000000e5560000)
  from space 21824K,  28% used [0x00000000e6ab0000, 0x00000000e70b0000, 0x00000000e8000000)
  to   space 21824K,   0% used [0x00000000e5560000, 0x00000000e5560000, 0x00000000e6ab0000)
 concurrent mark-sweep generation total 393216K, used 162108K [0x00000000e8000000, 0x0000000100000000, 0x0000000100000000)
 Metaspace       used 33477K, capacity 33878K, committed 34248K, reserved 1079296K
  class space    used 3873K, capacity 3968K, committed 4040K, reserved 1048576K
2016-10-28T02:31:44.037-0400: 31.797: [GC (Allocation Failure) 2016-10-28T02:31:44.037-0400: 31.797: [ParNew
Desired survivor size 20112992 bytes, new threshold 8 (max 8)
- age   1:     247768 bytes,     247768 total
- age   2:     251760 bytes,     499528 total
- age   3:     179952 bytes,     679480 total
- age   4:     220328 bytes,     899808 total
- age   5:     251760 bytes,    1151568 total
- age   6:     212736 bytes,    1364304 total
- age   7:    2531800 bytes,    3896104 total
- age   8:    1375000 bytes,    5271104 total
: 93568K->5551K(109248K), 0.0168620 secs] 255676K->167873K(502464K), 0.0170103 secs] [Times: user=0.02 sys=0.01, real=0.02 secs] 
Heap after GC invocations=242 (full 1):
 par new generation   total 109248K, used 5551K [0x00000000e0000000, 0x00000000e8000000, 0x00000000e8000000)
  eden space 87424K,   0% used [0x00000000e0000000, 0x00000000e0000000, 0x00000000e5560000)
  from space 21824K,  25% used [0x00000000e5560000, 0x00000000e5acbf38, 0x00000000e6ab0000)
  to   space 21824K,   0% used [0x00000000e6ab0000, 0x00000000e6ab0000, 0x00000000e8000000)
 concurrent mark-sweep generation total 393216K, used 162321K [0x00000000e8000000, 0x0000000100000000, 0x0000000100000000)
 Metaspace       used 33477K, capacity 33878K, committed 34248K, reserved 1079296K
  class space    used 3873K, capacity 3968K, committed 4040K, reserved 1048576K
}
2016-10-28T02:31:44.054-0400: 31.814: Total time for which application threads were stopped: 0.0173144 seconds, Stopping threads took: 0.0000763 seconds
{Heap before GC invocations=242 (full 1):
 par new generation   total 109248K, used 92975K [0x00000000e0000000, 0x00000000e8000000, 0x00000000e8000000)
  eden space 87424K, 100% used [0x00000000e0000000, 0x00000000e5560000, 0x00000000e5560000)
  from space 21824K,  25% used [0x00000000e5560000, 0x00000000e5acbf38, 0x00000000e6ab0000)
  to   space 21824K,   0% used [0x00000000e6ab0000, 0x00000000e6ab0000, 0x00000000e8000000)
 concurrent mark-sweep generation total 393216K, used 162321K [0x00000000e8000000, 0x0000000100000000, 0x0000000100000000)
 Metaspace       used 33477K, capacity 33878K, committed 34248K, reserved 1079296K
  class space    used 3873K, capacity 3968K, committed 4040K, reserved 1048576K
2016-10-28T02:31:44.074-0400: 31.834: [GC (Allocation Failure) 2016-10-28T02:31:44.074-0400: 31.834: [ParNew
Desired survivor size 20112992 bytes, new threshold 8 (max 8)
- age   1:    2908024 bytes,    2908024 total
- age   2:     221336 bytes,    3129360 total
- age   3:     251760 bytes,    3381120 total
- age   4:     179952 bytes,    3561072 total
- age   5:     220328 bytes,    3781400 total
- age   6:     251760 bytes,    4033160 total
- age   7:     212736 bytes,    4245896 total
- age   8:    2531800 bytes,    6777696 total
: 92975K->8175K(109248K), 0.0355629 secs] 255297K->171844K(502464K), 0.0358100 secs] [Times: user=0.06 sys=0.02, real=0.04 secs] 
Heap after GC invocations=243 (full 1):
 par new generation   total 109248K, used 8175K [0x00000000e0000000, 0x00000000e8000000, 0x00000000e8000000)
  eden space 87424K,   0% used [0x00000000e0000000, 0x00000000e0000000, 0x00000000e5560000)
  from space 21824K,  37% used [0x00000000e6ab0000, 0x00000000e72abe08, 0x00000000e8000000)
  to   space 21824K,   0% used [0x00000000e5560000, 0x00000000e5560000, 0x00000000e6ab0000)
 concurrent mark-sweep generation total 393216K, used 163669K [0x00000000e8000000, 0x0000000100000000, 0x0000000100000000)
 Metaspace       used 33477K, capacity 33878K, committed 34248K, reserved 1079296K
  class space    used 3873K, capacity 3968K, committed 4040K, reserved 1048576K
}
2016-10-28T02:31:44.110-0400: 31.870: Total time for which application threads were stopped: 0.0362258 seconds, Stopping threads took: 0.0001092 seconds
{Heap before GC invocations=243 (full 1):
 par new generation   total 109248K, used 95599K [0x00000000e0000000, 0x00000000e8000000, 0x00000000e8000000)
  eden space 87424K, 100% used [0x00000000e0000000, 0x00000000e5560000, 0x00000000e5560000)
  from space 21824K,  37% used [0x00000000e6ab0000, 0x00000000e72abe08, 0x00000000e8000000)
  to   space 21824K,   0% used [0x00000000e5560000, 0x00000000e5560000, 0x00000000e6ab0000)
 concurrent mark-sweep generation total 393216K, used 163669K [0x00000000e8000000, 0x0000000100000000, 0x0000000100000000)
 Metaspace       used 33477K, capacity 33878K, committed 34248K, reserved 1079296K
  class space    used 3873K, capacity 3968K, committed 4040K, reserved 1048576K
2016-10-28T02:31:44.130-0400: 31.890: [GC (Allocation Failure) 2016-10-28T02:31:44.130-0400: 31.890: [ParNew
Desired survivor size 20112992 bytes, new threshold 8 (max 8)
- age   1:     247024 bytes,     247024 total
- age   2:    2881432 bytes,    3128456 total
- age   3:     221336 bytes,    3349792 total
- age   4:     251760 bytes,    3601552 total
- age   5:     179952 bytes,    3781504 total
- age   6:     220328 bytes,    4001832 total
- age   7:     251784 bytes,    4253616 total
- age   8:     212736 bytes,    4466352 total
: 95599K->5170K(109248K), 0.0417228 secs] 259268K->171317K(502464K), 0.0417902 secs] [Times: user=0.04 sys=0.06, real=0.04 secs] 
Heap after GC invocations=244 (full 1):
 par new generation   total 109248K, used 5170K [0x00000000e0000000, 0x00000000e8000000, 0x00000000e8000000)
  eden space 87424K,   0% used [0x00000000e0000000, 0x00000000e0000000, 0x00000000e5560000)
  from space 21824K,  23% used [0x00000000e5560000, 0x00000000e5a6cb08, 0x00000000e6ab0000)
  to   space 21824K,   0% used [0x00000000e6ab0000, 0x00000000e6ab0000, 0x00000000e8000000)
 concurrent mark-sweep generation total 393216K, used 166147K [0x00000000e8000000, 0x0000000100000000, 0x0000000100000000)
 Metaspace       used 33477K, capacity 33878K, committed 34248K, reserved 1079296K
  class space    used 3873K, capacity 3968K, committed 4040K, reserved 1048576K
}
2016-10-28T02:31:44.172-0400: 31.932: Total time for which application threads were stopped: 0.0421315 seconds, Stopping threads took: 0.0001049 seconds
{Heap before GC invocations=244 (full 1):
 par new generation   total 109248K, used 92594K [0x00000000e0000000, 0x00000000e8000000, 0x00000000e8000000)
  eden space 87424K, 100% used [0x00000000e0000000, 0x00000000e5560000, 0x00000000e5560000)
  from space 21824K,  23% used [0x00000000e5560000, 0x00000000e5a6cb08, 0x00000000e6ab0000)
  to   space 21824K,   0% used [0x00000000e6ab0000, 0x00000000e6ab0000, 0x00000000e8000000)
 concurrent mark-sweep generation total 393216K, used 166147K [0x00000000e8000000, 0x0000000100000000, 0x0000000100000000)
 Metaspace       used 33477K, capacity 33878K, committed 34248K, reserved 1079296K
  class space    used 3873K, capacity 3968K, committed 4040K, reserved 1048576K
2016-10-28T02:31:44.195-0400: 31.955: [GC (Allocation Failure) 2016-10-28T02:31:44.195-0400: 31.955: [ParNew
Desired survivor size 20112992 bytes, new threshold 8 (max 8)
- age   1:     214704 bytes,     214704 total
- age   2:     220568 bytes,     435272 total
- age   3:    2881432 bytes,    3316704 total
- age   4:     254120 bytes,    3570824 total
- age   5:     284544 bytes,    3855368 total
- age   6:     179952 bytes,    4035320 total
- age   7:     253112 bytes,    4288432 total
- age   8:     284544 bytes,    4572976 total
: 92594K->4850K(109248K), 0.0237588 secs] 258741K->171211K(502464K), 0.0238239 secs] [Times: user=0.03 sys=0.01, real=0.02 secs] 
Heap after GC invocations=245 (full 1):
 par new generation   total 109248K, used 4850K [0x00000000e0000000, 0x00000000e8000000, 0x00000000e8000000)
  eden space 87424K,   0% used [0x00000000e0000000, 0x00000000e0000000, 0x00000000e5560000)
  from space 21824K,  22% used [0x00000000e6ab0000, 0x00000000e6f6cb88, 0x00000000e8000000)
  to   space 21824K,   0% used [0x00000000e5560000, 0x00000000e5560000, 0x00000000e6ab0000)
 concurrent mark-sweep generation total 393216K, used 166360K [0x00000000e8000000, 0x0000000100000000, 0x0000000100000000)
 Metaspace       used 33477K, capacity 33878K, committed 34248K, reserved 1079296K
  class space    used 3873K, capacity 3968K, committed 4040K, reserved 1048576K
}
2016-10-28T02:31:44.219-0400: 31.979: Total time for which application threads were stopped: 0.0241167 seconds, Stopping threads took: 0.0001036 seconds
{Heap before GC invocations=245 (full 1):
 par new generation   total 109248K, used 92274K [0x00000000e0000000, 0x00000000e8000000, 0x00000000e8000000)
  eden space 87424K, 100% used [0x00000000e0000000, 0x00000000e5560000, 0x00000000e5560000)
  from space 21824K,  22% used [0x00000000e6ab0000, 0x00000000e6f6cb88, 0x00000000e8000000)
  to   space 21824K,   0% used [0x00000000e5560000, 0x00000000e5560000, 0x00000000e6ab0000)
 concurrent mark-sweep generation total 393216K, used 166360K [0x00000000e8000000, 0x0000000100000000, 0x0000000100000000)
 Metaspace       used 33477K, capacity 33878K, committed 34248K, reserved 1079296K
  class space    used 3873K, capacity 3968K, committed 4040K, reserved 1048576K
2016-10-28T02:31:44.240-0400: 32.000: [GC (Allocation Failure) 2016-10-28T02:31:44.240-0400: 32.000: [ParNew
Desired survivor size 20112992 bytes, new threshold 8 (max 8)
- age   1:     270936 bytes,     270936 total
- age   2:     188272 bytes,     459208 total
- age   3:     220592 bytes,     679800 total
- age   4:    2881432 bytes,    3561232 total
- age   5:     221336 bytes,    3782568 total
- age   6:     251760 bytes,    4034328 total
- age   7:     179952 bytes,    4214280 total
- age   8:     220352 bytes,    4434632 total
: 92274K->4692K(109248K), 0.0267487 secs] 258635K->171303K(502464K), 0.0268332 secs] [Times: user=0.03 sys=0.01, real=0.02 secs] 
Heap after GC invocations=246 (full 1):
 par new generation   total 109248K, used 4692K [0x00000000e0000000, 0x00000000e8000000, 0x00000000e8000000)
  eden space 87424K,   0% used [0x00000000e0000000, 0x00000000e0000000, 0x00000000e5560000)
  from space 21824K,  21% used [0x00000000e5560000, 0x00000000e59f5048, 0x00000000e6ab0000)
  to   space 21824K,   0% used [0x00000000e6ab0000, 0x00000000e6ab0000, 0x00000000e8000000)
 concurrent mark-sweep generation total 393216K, used 166611K [0x00000000e8000000, 0x0000000100000000, 0x0000000100000000)
 Metaspace       used 33477K, capacity 33878K, committed 34248K, reserved 1079296K
  class space    used 3873K, capacity 3968K, committed 4040K, reserved 1048576K
}
2016-10-28T02:31:44.266-0400: 32.027: Total time for which application threads were stopped: 0.0274924 seconds, Stopping threads took: 0.0003030 seconds
{Heap before GC invocations=246 (full 1):
 par new generation   total 109248K, used 92116K [0x00000000e0000000, 0x00000000e8000000, 0x00000000e8000000)
  eden space 87424K, 100% used [0x00000000e0000000, 0x00000000e5560000, 0x00000000e5560000)
  from space 21824K,  21% used [0x00000000e5560000, 0x00000000e59f5048, 0x00000000e6ab0000)
  to   space 21824K,   0% used [0x00000000e6ab0000, 0x00000000e6ab0000, 0x00000000e8000000)
 concurrent mark-sweep generation total 393216K, used 166611K [0x00000000e8000000, 0x0000000100000000, 0x0000000100000000)
 Metaspace       used 33477K, capacity 33878K, committed 34248K, reserved 1079296K
  class space    used 3873K, capacity 3968K, committed 4040K, reserved 1048576K
2016-10-28T02:31:44.288-0400: 32.048: [GC (Allocation Failure) 2016-10-28T02:31:44.288-0400: 32.049: [ParNew
Desired survivor size 20112992 bytes, new threshold 8 (max 8)
- age   1:    5589928 bytes,    5589928 total
- age   2:     244480 bytes,    5834408 total
- age   3:     188272 bytes,    6022680 total
- age   4:     220568 bytes,    6243248 total
- age   5:    2881432 bytes,    9124680 total
- age   6:     221336 bytes,    9346016 total
- age   7:     251760 bytes,    9597776 total
- age   8:     179952 bytes,    9777728 total
: 92116K->9808K(109248K), 0.0209459 secs] 258727K->176640K(502464K), 0.0211024 secs] [Times: user=0.04 sys=0.00, real=0.02 secs] 
Heap after GC invocations=247 (full 1):
 par new generation   total 109248K, used 9808K [0x00000000e0000000, 0x00000000e8000000, 0x00000000e8000000)
  eden space 87424K,   0% used [0x00000000e0000000, 0x00000000e0000000, 0x00000000e5560000)
  from space 21824K,  44% used [0x00000000e6ab0000, 0x00000000e7444208, 0x00000000e8000000)
  to   space 21824K,   0% used [0x00000000e5560000, 0x00000000e5560000, 0x00000000e6ab0000)
 concurrent mark-sweep generation total 393216K, used 166832K [0x00000000e8000000, 0x0000000100000000, 0x0000000100000000)
 Metaspace       used 33477K, capacity 33878K, committed 34248K, reserved 1079296K
  class space    used 3873K, capacity 3968K, committed 4040K, reserved 1048576K
}
2016-10-28T02:31:44.310-0400: 32.070: Total time for which application threads were stopped: 0.0214060 seconds, Stopping threads took: 0.0000850 seconds
{Heap before GC invocations=247 (full 1):
 par new generation   total 109248K, used 97232K [0x00000000e0000000, 0x00000000e8000000, 0x00000000e8000000)
  eden space 87424K, 100% used [0x00000000e0000000, 0x00000000e5560000, 0x00000000e5560000)
  from space 21824K,  44% used [0x00000000e6ab0000, 0x00000000e7444208, 0x00000000e8000000)
  to   space 21824K,   0% used [0x00000000e5560000, 0x00000000e5560000, 0x00000000e6ab0000)
 concurrent mark-sweep generation total 393216K, used 166832K [0x00000000e8000000, 0x0000000100000000, 0x0000000100000000)
 Metaspace       used 33477K, capacity 33878K, committed 34248K, reserved 1079296K
  class space    used 3873K, capacity 3968K, committed 4040K, reserved 1048576K
2016-10-28T02:31:44.332-0400: 32.092: [GC (Allocation Failure) 2016-10-28T02:31:44.332-0400: 32.092: [ParNew
Desired survivor size 20112992 bytes, new threshold 8 (max 8)
- age   1:     247496 bytes,     247496 total
- age   2:    5563504 bytes,    5811000 total
- age   3:     244480 bytes,    6055480 total
- age   4:     188272 bytes,    6243752 total
- age   5:     220568 bytes,    6464320 total
- age   6:    2881432 bytes,    9345752 total
- age   7:     221336 bytes,    9567088 total
- age   8:     251760 bytes,    9818848 total
: 97232K->10442K(109248K), 0.0261096 secs] 264064K->177455K(502464K), 0.0261804 secs] [Times: user=0.03 sys=0.01, real=0.02 secs] 
Heap after GC invocations=248 (full 1):
 par new generation   total 109248K, used 10442K [0x00000000e0000000, 0x00000000e8000000, 0x00000000e8000000)
  eden space 87424K,   0% used [0x00000000e0000000, 0x00000000e0000000, 0x00000000e5560000)
  from space 21824K,  47% used [0x00000000e5560000, 0x00000000e5f92988, 0x00000000e6ab0000)
  to   space 21824K,   0% used [0x00000000e6ab0000, 0x00000000e6ab0000, 0x00000000e8000000)
 concurrent mark-sweep generation total 393216K, used 167013K [0x00000000e8000000, 0x0000000100000000, 0x0000000100000000)
 Metaspace       used 33477K, capacity 33878K, committed 34248K, reserved 1079296K
  class space    used 3873K, capacity 3968K, committed 4040K, reserved 1048576K
}
2016-10-28T02:31:44.358-0400: 32.118: Total time for which application threads were stopped: 0.0264267 seconds, Stopping threads took: 0.0000686 seconds
{Heap before GC invocations=248 (full 1):
 par new generation   total 109248K, used 97866K [0x00000000e0000000, 0x00000000e8000000, 0x00000000e8000000)
  eden space 87424K, 100% used [0x00000000e0000000, 0x00000000e5560000, 0x00000000e5560000)
  from space 21824K,  47% used [0x00000000e5560000, 0x00000000e5f92988, 0x00000000e6ab0000)
  to   space 21824K,   0% used [0x00000000e6ab0000, 0x00000000e6ab0000, 0x00000000e8000000)
 concurrent mark-sweep generation total 393216K, used 167013K [0x00000000e8000000, 0x0000000100000000, 0x0000000100000000)
 Metaspace       used 33477K, capacity 33878K, committed 34248K, reserved 1079296K
  class space    used 3873K, capacity 3968K, committed 4040K, reserved 1048576K
2016-10-28T02:31:44.379-0400: 32.139: [GC (Allocation Failure) 2016-10-28T02:31:44.379-0400: 32.139: [ParNew
Desired survivor size 20112992 bytes, new threshold 8 (max 8)
- age   1:    1538496 bytes,    1538496 total
- age   2:     221080 bytes,    1759576 total
- age   3:    5563504 bytes,    7323080 total
- age   4:     244480 bytes,    7567560 total
- age   5:     188272 bytes,    7755832 total
- age   6:     220568 bytes,    7976400 total
- age   7:    2979808 bytes,   10956208 total
- age   8:     286904 bytes,   11243112 total
: 97866K->11248K(109248K), 0.0228941 secs] 264879K->178513K(502464K), 0.0231768 secs] [Times: user=0.03 sys=0.02, real=0.03 secs] 
Heap after GC invocations=249 (full 1):
 par new generation   total 109248K, used 11248K [0x00000000e0000000, 0x00000000e8000000, 0x00000000e8000000)
  eden space 87424K,   0% used [0x00000000e0000000, 0x00000000e0000000, 0x00000000e5560000)
  from space 21824K,  51% used [0x00000000e6ab0000, 0x00000000e75ac2b0, 0x00000000e8000000)
  to   space 21824K,   0% used [0x00000000e5560000, 0x00000000e5560000, 0x00000000e6ab0000)
 concurrent mark-sweep generation total 393216K, used 167264K [0x00000000e8000000, 0x0000000100000000, 0x0000000100000000)
 Metaspace       used 33477K, capacity 33878K, committed 34248K, reserved 1079296K
  class space    used 3873K, capacity 3968K, committed 4040K, reserved 1048576K
}
2016-10-28T02:31:44.402-0400: 32.162: Total time for which application threads were stopped: 0.0235570 seconds, Stopping threads took: 0.0001521 seconds
{Heap before GC invocations=249 (full 1):
 par new generation   total 109248K, used 98672K [0x00000000e0000000, 0x00000000e8000000, 0x00000000e8000000)
  eden space 87424K, 100% used [0x00000000e0000000, 0x00000000e5560000, 0x00000000e5560000)
  from space 21824K,  51% used [0x00000000e6ab0000, 0x00000000e75ac2b0, 0x00000000e8000000)
  to   space 21824K,   0% used [0x00000000e5560000, 0x00000000e5560000, 0x00000000e6ab0000)
 concurrent mark-sweep generation total 393216K, used 167264K [0x00000000e8000000, 0x0000000100000000, 0x0000000100000000)
 Metaspace       used 33477K, capacity 33878K, committed 34248K, reserved 1079296K
  class space    used 3873K, capacity 3968K, committed 4040K, reserved 1048576K
2016-10-28T02:31:44.425-0400: 32.185: [GC (Allocation Failure) 2016-10-28T02:31:44.425-0400: 32.185: [ParNew
Desired survivor size 20112992 bytes, new threshold 8 (max 8)
- age   1:    2847496 bytes,    2847496 total
- age   2:    1512080 bytes,    4359576 total
- age   3:     221080 bytes,    4580656 total
- age   4:    5563504 bytes,   10144160 total
- age   5:     244480 bytes,   10388640 total
- age   6:     188272 bytes,   10576912 total
- age   7:     220568 bytes,   10797480 total
- age   8:    2979784 bytes,   13777264 total
: 98672K->13728K(109248K), 0.0259910 secs] 265937K->181213K(502464K), 0.0260597 secs] [Times: user=0.02 sys=0.03, real=0.03 secs] 
Heap after GC invocations=250 (full 1):
 par new generation   total 109248K, used 13728K [0x00000000e0000000, 0x00000000e8000000, 0x00000000e8000000)
  eden space 87424K,   0% used [0x00000000e0000000, 0x00000000e0000000, 0x00000000e5560000)
  from space 21824K,  62% used [0x00000000e5560000, 0x00000000e62c8050, 0x00000000e6ab0000)
  to   space 21824K,   0% used [0x00000000e6ab0000, 0x00000000e6ab0000, 0x00000000e8000000)
 concurrent mark-sweep generation total 393216K, used 167485K [0x00000000e8000000, 0x0000000100000000, 0x0000000100000000)
 Metaspace       used 33477K, capacity 33878K, committed 34248K, reserved 1079296K
  class space    used 3873K, capacity 3968K, committed 4040K, reserved 1048576K
}
2016-10-28T02:31:44.451-0400: 32.211: Total time for which application threads were stopped: 0.0263553 seconds, Stopping threads took: 0.0000947 seconds
{Heap before GC invocations=250 (full 1):
 par new generation   total 109248K, used 101152K [0x00000000e0000000, 0x00000000e8000000, 0x00000000e8000000)
  eden space 87424K, 100% used [0x00000000e0000000, 0x00000000e5560000, 0x00000000e5560000)
  from space 21824K,  62% used [0x00000000e5560000, 0x00000000e62c8050, 0x00000000e6ab0000)
  to   space 21824K,   0% used [0x00000000e6ab0000, 0x00000000e6ab0000, 0x00000000e8000000)
 concurrent mark-sweep generation total 393216K, used 167485K [0x00000000e8000000, 0x0000000100000000, 0x0000000100000000)
 Metaspace       used 33477K, capacity 33878K, committed 34248K, reserved 1079296K
  class space    used 3873K, capacity 3968K, committed 4040K, reserved 1048576K
2016-10-28T02:31:44.471-0400: 32.231: [GC (Allocation Failure) 2016-10-28T02:31:44.471-0400: 32.231: [ParNew
Desired survivor size 20112992 bytes, new threshold 8 (max 8)
- age   1:     239200 bytes,     239200 total
- age   2:    2821072 bytes,    3060272 total
- age   3:    1512080 bytes,    4572352 total
- age   4:     221080 bytes,    4793432 total
- age   5:    5563504 bytes,   10356936 total
- age   6:     244480 bytes,   10601416 total
- age   7:     188272 bytes,   10789688 total
- age   8:     220568 bytes,   11010256 total
: 101152K->11959K(109248K), 0.0431406 secs] 268637K->182264K(502464K), 0.0432954 secs] [Times: user=0.08 sys=0.04, real=0.04 secs] 
Heap after GC invocations=251 (full 1):
 par new generation   total 109248K, used 11959K [0x00000000e0000000, 0x00000000e8000000, 0x00000000e8000000)
  eden space 87424K,   0% used [0x00000000e0000000, 0x00000000e0000000, 0x00000000e5560000)
  from space 21824K,  54% used [0x00000000e6ab0000, 0x00000000e765de10, 0x00000000e8000000)
  to   space 21824K,   0% used [0x00000000e5560000, 0x00000000e5560000, 0x00000000e6ab0000)
 concurrent mark-sweep generation total 393216K, used 170304K [0x00000000e8000000, 0x0000000100000000, 0x0000000100000000)
 Metaspace       used 33477K, capacity 33878K, committed 34248K, reserved 1079296K
  class space    used 3873K, capacity 3968K, committed 4040K, reserved 1048576K
}
2016-10-28T02:31:44.514-0400: 32.274: Total time for which application threads were stopped: 0.0436210 seconds, Stopping threads took: 0.0000978 seconds
{Heap before GC invocations=251 (full 1):
 par new generation   total 109248K, used 99383K [0x00000000e0000000, 0x00000000e8000000, 0x00000000e8000000)
  eden space 87424K, 100% used [0x00000000e0000000, 0x00000000e5560000, 0x00000000e5560000)
  from space 21824K,  54% used [0x00000000e6ab0000, 0x00000000e765de10, 0x00000000e8000000)
  to   space 21824K,   0% used [0x00000000e5560000, 0x00000000e5560000, 0x00000000e6ab0000)
 concurrent mark-sweep generation total 393216K, used 170304K [0x00000000e8000000, 0x0000000100000000, 0x0000000100000000)
 Metaspace       used 33477K, capacity 33878K, committed 34248K, reserved 1079296K
  class space    used 3873K, capacity 3968K, committed 4040K, reserved 1048576K
2016-10-28T02:31:44.535-0400: 32.295: [GC (Allocation Failure) 2016-10-28T02:31:44.535-0400: 32.295: [ParNew
Desired survivor size 20112992 bytes, new threshold 8 (max 8)
- age   1:     278184 bytes,     278184 total
- age   2:     212760 bytes,     490944 total
- age   3:    2821072 bytes,    3312016 total
- age   4:    1512080 bytes,    4824096 total
- age   5:     221080 bytes,    5045176 total
- age   6:    5563504 bytes,   10608680 total
- age   7:     244480 bytes,   10853160 total
- age   8:     188272 bytes,   11041432 total
: 99383K->11215K(109248K), 0.0134410 secs] 269688K->181740K(502464K), 0.0136105 secs] [Times: user=0.02 sys=0.01, real=0.02 secs] 
Heap after GC invocations=252 (full 1):
 par new generation   total 109248K, used 11215K [0x00000000e0000000, 0x00000000e8000000, 0x00000000e8000000)
  eden space 87424K,   0% used [0x00000000e0000000, 0x00000000e0000000, 0x00000000e5560000)
  from space 21824K,  51% used [0x00000000e5560000, 0x00000000e6053c88, 0x00000000e6ab0000)
  to   space 21824K,   0% used [0x00000000e6ab0000, 0x00000000e6ab0000, 0x00000000e8000000)
 concurrent mark-sweep generation total 393216K, used 170525K [0x00000000e8000000, 0x0000000100000000, 0x0000000100000000)
 Metaspace       used 33477K, capacity 33878K, committed 34248K, reserved 1079296K
  class space    used 3873K, capacity 3968K, committed 4040K, reserved 1048576K
}
2016-10-28T02:31:44.549-0400: 32.309: Total time for which application threads were stopped: 0.0140151 seconds, Stopping threads took: 0.0001289 seconds
{Heap before GC invocations=252 (full 1):
 par new generation   total 109248K, used 98639K [0x00000000e0000000, 0x00000000e8000000, 0x00000000e8000000)
  eden space 87424K, 100% used [0x00000000e0000000, 0x00000000e5560000, 0x00000000e5560000)
  from space 21824K,  51% used [0x00000000e5560000, 0x00000000e6053c88, 0x00000000e6ab0000)
  to   space 21824K,   0% used [0x00000000e6ab0000, 0x00000000e6ab0000, 0x00000000e8000000)
 concurrent mark-sweep generation total 393216K, used 170525K [0x00000000e8000000, 0x0000000100000000, 0x0000000100000000)
 Metaspace       used 33477K, capacity 33878K, committed 34248K, reserved 1079296K
  class space    used 3873K, capacity 3968K, committed 4040K, reserved 1048576K
2016-10-28T02:31:44.571-0400: 32.331: [GC (Allocation Failure) 2016-10-28T02:31:44.571-0400: 32.331: [ParNew
Desired survivor size 20112992 bytes, new threshold 8 (max 8)
- age   1:    4012504 bytes,    4012504 total
- age   2:     251760 bytes,    4264264 total
- age   3:     212760 bytes,    4477024 total
- age   4:    2821072 bytes,    7298096 total
- age   5:    1512080 bytes,    8810176 total
- age   6:     221080 bytes,    9031256 total
- age   7:    5563504 bytes,   14594760 total
- age   8:     244480 bytes,   14839240 total
: 98639K->16112K(109248K), 0.0222300 secs] 269164K->186827K(502464K), 0.0224426 secs] [Times: user=0.04 sys=0.01, real=0.02 secs] 
Heap after GC invocations=253 (full 1):
 par new generation   total 109248K, used 16112K [0x00000000e0000000, 0x00000000e8000000, 0x00000000e8000000)
  eden space 87424K,   0% used [0x00000000e0000000, 0x00000000e0000000, 0x00000000e5560000)
  from space 21824K,  73% used [0x00000000e6ab0000, 0x00000000e7a6c2f0, 0x00000000e8000000)
  to   space 21824K,   0% used [0x00000000e5560000, 0x00000000e5560000, 0x00000000e6ab0000)
 concurrent mark-sweep generation total 393216K, used 170714K [0x00000000e8000000, 0x0000000100000000, 0x0000000100000000)
 Metaspace       used 33477K, capacity 33878K, committed 34248K, reserved 1079296K
  class space    used 3873K, capacity 3968K, committed 4040K, reserved 1048576K
}
2016-10-28T02:31:44.593-0400: 32.354: Total time for which application threads were stopped: 0.0229023 seconds, Stopping threads took: 0.0001766 seconds
{Heap before GC invocations=253 (full 1):
 par new generation   total 109248K, used 103536K [0x00000000e0000000, 0x00000000e8000000, 0x00000000e8000000)
  eden space 87424K, 100% used [0x00000000e0000000, 0x00000000e5560000, 0x00000000e5560000)
  from space 21824K,  73% used [0x00000000e6ab0000, 0x00000000e7a6c2f0, 0x00000000e8000000)
  to   space 21824K,   0% used [0x00000000e5560000, 0x00000000e5560000, 0x00000000e6ab0000)
 concurrent mark-sweep generation total 393216K, used 170714K [0x00000000e8000000, 0x0000000100000000, 0x0000000100000000)
 Metaspace       used 33477K, capacity 33878K, committed 34248K, reserved 1079296K
  class space    used 3873K, capacity 3968K, committed 4040K, reserved 1048576K
2016-10-28T02:31:44.614-0400: 32.374: [GC (Allocation Failure) 2016-10-28T02:31:44.614-0400: 32.374: [ParNew
Desired survivor size 20112992 bytes, new threshold 8 (max 8)
- age   1:     239200 bytes,     239200 total
- age   2:    3985952 bytes,    4225152 total
- age   3:     251760 bytes,    4476912 total
- age   4:     212760 bytes,    4689672 total
- age   5:    2821072 bytes,    7510744 total
- age   6:    1512080 bytes,    9022824 total
- age   7:     221080 bytes,    9243904 total
- age   8:    5563504 bytes,   14807408 total
: 103536K->15016K(109248K), 0.0215538 secs] 274251K->185975K(502464K), 0.0219593 secs] [Times: user=0.02 sys=0.02, real=0.02 secs] 
Heap after GC invocations=254 (full 1):
 par new generation   total 109248K, used 15016K [0x00000000e0000000, 0x00000000e8000000, 0x00000000e8000000)
  eden space 87424K,   0% used [0x00000000e0000000, 0x00000000e0000000, 0x00000000e5560000)
  from space 21824K,  68% used [0x00000000e5560000, 0x00000000e640a380, 0x00000000e6ab0000)
  to   space 21824K,   0% used [0x00000000e6ab0000, 0x00000000e6ab0000, 0x00000000e8000000)
 concurrent mark-sweep generation total 393216K, used 170959K [0x00000000e8000000, 0x0000000100000000, 0x0000000100000000)
 Metaspace       used 33477K, capacity 33878K, committed 34248K, reserved 1079296K
  class space    used 3873K, capacity 3968K, committed 4040K, reserved 1048576K
}
2016-10-28T02:31:44.636-0400: 32.396: Total time for which application threads were stopped: 0.0222901 seconds, Stopping threads took: 0.0001170 seconds
{Heap before GC invocations=254 (full 1):
 par new generation   total 109248K, used 102440K [0x00000000e0000000, 0x00000000e8000000, 0x00000000e8000000)
  eden space 87424K, 100% used [0x00000000e0000000, 0x00000000e5560000, 0x00000000e5560000)
  from space 21824K,  68% used [0x00000000e5560000, 0x00000000e640a380, 0x00000000e6ab0000)
  to   space 21824K,   0% used [0x00000000e6ab0000, 0x00000000e6ab0000, 0x00000000e8000000)
 concurrent mark-sweep generation total 393216K, used 170959K [0x00000000e8000000, 0x0000000100000000, 0x0000000100000000)
 Metaspace       used 33477K, capacity 33878K, committed 34248K, reserved 1079296K
  class space    used 3873K, capacity 3968K, committed 4040K, reserved 1048576K
2016-10-28T02:31:44.655-0400: 32.415: [GC (Allocation Failure) 2016-10-28T02:31:44.655-0400: 32.415: [ParNew
Desired survivor size 20112992 bytes, new threshold 8 (max 8)
- age   1:     246440 bytes,     246440 total
- age   2:     212768 bytes,     459208 total
- age   3:    3985952 bytes,    4445160 total
- age   4:     251760 bytes,    4696920 total
- age   5:     212760 bytes,    4909680 total
- age   6:    2821072 bytes,    7730752 total
- age   7:    1512080 bytes,    9242832 total
- age   8:     221080 bytes,    9463912 total
: 102440K->10230K(109248K), 0.0597305 secs] 273399K->186628K(502464K), 0.0598290 secs] [Times: user=0.14 sys=0.06, real=0.06 secs] 
Heap after GC invocations=255 (full 1):
 par new generation   total 109248K, used 10230K [0x00000000e0000000, 0x00000000e8000000, 0x00000000e8000000)
  eden space 87424K,   0% used [0x00000000e0000000, 0x00000000e0000000, 0x00000000e5560000)
  from space 21824K,  46% used [0x00000000e6ab0000, 0x00000000e74adb58, 0x00000000e8000000)
  to   space 21824K,   0% used [0x00000000e5560000, 0x00000000e5560000, 0x00000000e6ab0000)
 concurrent mark-sweep generation total 393216K, used 176397K [0x00000000e8000000, 0x0000000100000000, 0x0000000100000000)
 Metaspace       used 33477K, capacity 33878K, committed 34248K, reserved 1079296K
  class space    used 3873K, capacity 3968K, committed 4040K, reserved 1048576K
}
2016-10-28T02:31:44.715-0400: 32.475: Total time for which application threads were stopped: 0.0601161 seconds, Stopping threads took: 0.0000659 seconds
{Heap before GC invocations=255 (full 1):
 par new generation   total 109248K, used 97654K [0x00000000e0000000, 0x00000000e8000000, 0x00000000e8000000)
  eden space 87424K, 100% used [0x00000000e0000000, 0x00000000e5560000, 0x00000000e5560000)
  from space 21824K,  46% used [0x00000000e6ab0000, 0x00000000e74adb58, 0x00000000e8000000)
  to   space 21824K,   0% used [0x00000000e5560000, 0x00000000e5560000, 0x00000000e6ab0000)
 concurrent mark-sweep generation total 393216K, used 176397K [0x00000000e8000000, 0x0000000100000000, 0x0000000100000000)
 Metaspace       used 33477K, capacity 33878K, committed 34248K, reserved 1079296K
  class space    used 3873K, capacity 3968K, committed 4040K, reserved 1048576K
2016-10-28T02:31:44.736-0400: 32.496: [GC (Allocation Failure) 2016-10-28T02:31:44.736-0400: 32.496: [ParNew
Desired survivor size 20112992 bytes, new threshold 8 (max 8)
- age   1:     245424 bytes,     245424 total
- age   2:     220016 bytes,     465440 total
- age   3:     212768 bytes,     678208 total
- age   4:    3985952 bytes,    4664160 total
- age   5:     251760 bytes,    4915920 total
- age   6:     212760 bytes,    5128680 total
- age   7:    2821072 bytes,    7949752 total
- age   8:    1512080 bytes,    9461832 total
: 97654K->9807K(109248K), 0.0173320 secs] 274052K->186425K(502464K), 0.0174661 secs] [Times: user=0.02 sys=0.02, real=0.02 secs] 
Heap after GC invocations=256 (full 1):
 par new generation   total 109248K, used 9807K [0x00000000e0000000, 0x00000000e8000000, 0x00000000e8000000)
  eden space 87424K,   0% used [0x00000000e0000000, 0x00000000e0000000, 0x00000000e5560000)
  from space 21824K,  44% used [0x00000000e5560000, 0x00000000e5ef3df0, 0x00000000e6ab0000)
  to   space 21824K,   0% used [0x00000000e6ab0000, 0x00000000e6ab0000, 0x00000000e8000000)
 concurrent mark-sweep generation total 393216K, used 176618K [0x00000000e8000000, 0x0000000100000000, 0x0000000100000000)
 Metaspace       used 33477K, capacity 33878K, committed 34248K, reserved 1079296K
  class space    used 3873K, capacity 3968K, committed 4040K, reserved 1048576K
}
2016-10-28T02:31:44.753-0400: 32.513: Total time for which application threads were stopped: 0.0177911 seconds, Stopping threads took: 0.0001141 seconds
{Heap before GC invocations=256 (full 1):
 par new generation   total 109248K, used 97231K [0x00000000e0000000, 0x00000000e8000000, 0x00000000e8000000)
  eden space 87424K, 100% used [0x00000000e0000000, 0x00000000e5560000, 0x00000000e5560000)
  from space 21824K,  44% used [0x00000000e5560000, 0x00000000e5ef3df0, 0x00000000e6ab0000)
  to   space 21824K,   0% used [0x00000000e6ab0000, 0x00000000e6ab0000, 0x00000000e8000000)
 concurrent mark-sweep generation total 393216K, used 176618K [0x00000000e8000000, 0x0000000100000000, 0x0000000100000000)
 Metaspace       used 33477K, capacity 33878K, committed 34248K, reserved 1079296K
  class space    used 3873K, capacity 3968K, committed 4040K, reserved 1048576K
2016-10-28T02:31:44.774-0400: 32.534: [GC (Allocation Failure) 2016-10-28T02:31:44.774-0400: 32.534: [ParNew
Desired survivor size 20112992 bytes, new threshold 8 (max 8)
- age   1:     278928 bytes,     278928 total
- age   2:     218976 bytes,     497904 total
- age   3:     220016 bytes,     717920 total
- age   4:     212768 bytes,     930688 total
- age   5:    3985952 bytes,    4916640 total
- age   6:     251760 bytes,    5168400 total
- age   7:     212760 bytes,    5381160 total
- age   8:    2821072 bytes,    8202232 total
: 97231K->8349K(109248K), 0.0268897 secs] 273849K->186449K(502464K), 0.0269821 secs] [Times: user=0.04 sys=0.02, real=0.03 secs] 
Heap after GC invocations=257 (full 1):
 par new generation   total 109248K, used 8349K [0x00000000e0000000, 0x00000000e8000000, 0x00000000e8000000)
  eden space 87424K,   0% used [0x00000000e0000000, 0x00000000e0000000, 0x00000000e5560000)
  from space 21824K,  38% used [0x00000000e6ab0000, 0x00000000e72d7590, 0x00000000e8000000)
  to   space 21824K,   0% used [0x00000000e5560000, 0x00000000e5560000, 0x00000000e6ab0000)
 concurrent mark-sweep generation total 393216K, used 178100K [0x00000000e8000000, 0x0000000100000000, 0x0000000100000000)
 Metaspace       used 33477K, capacity 33878K, committed 34248K, reserved 1079296K
  class space    used 3873K, capacity 3968K, committed 4040K, reserved 1048576K
}
2016-10-28T02:31:44.801-0400: 32.561: Total time for which application threads were stopped: 0.0274179 seconds, Stopping threads took: 0.0001323 seconds
{Heap before GC invocations=257 (full 1):
 par new generation   total 109248K, used 95773K [0x00000000e0000000, 0x00000000e8000000, 0x00000000e8000000)
  eden space 87424K, 100% used [0x00000000e0000000, 0x00000000e5560000, 0x00000000e5560000)
  from space 21824K,  38% used [0x00000000e6ab0000, 0x00000000e72d7590, 0x00000000e8000000)
  to   space 21824K,   0% used [0x00000000e5560000, 0x00000000e5560000, 0x00000000e6ab0000)
 concurrent mark-sweep generation total 393216K, used 178100K [0x00000000e8000000, 0x0000000100000000, 0x0000000100000000)
 Metaspace       used 33477K, capacity 33878K, committed 34248K, reserved 1079296K
  class space    used 3873K, capacity 3968K, committed 4040K, reserved 1048576K
2016-10-28T02:31:44.820-0400: 32.580: [GC (Allocation Failure) 2016-10-28T02:31:44.820-0400: 32.580: [ParNew
Desired survivor size 20112992 bytes, new threshold 8 (max 8)
- age   1:     245424 bytes,     245424 total
- age   2:     252512 bytes,     497936 total
- age   3:     218976 bytes,     716912 total
- age   4:     220016 bytes,     936928 total
- age   5:     212792 bytes,    1149720 total
- age   6:    3985952 bytes,    5135672 total
- age   7:     251760 bytes,    5387432 total
- age   8:     212760 bytes,    5600192 total
: 95773K->7106K(109248K), 0.0417895 secs] 273873K->187967K(502464K), 0.0419817 secs] [Times: user=0.04 sys=0.07, real=0.04 secs] 
Heap after GC invocations=258 (full 1):
 par new generation   total 109248K, used 7106K [0x00000000e0000000, 0x00000000e8000000, 0x00000000e8000000)
  eden space 87424K,   0% used [0x00000000e0000000, 0x00000000e0000000, 0x00000000e5560000)
  from space 21824K,  32% used [0x00000000e5560000, 0x00000000e5c50a30, 0x00000000e6ab0000)
  to   space 21824K,   0% used [0x00000000e6ab0000, 0x00000000e6ab0000, 0x00000000e8000000)
 concurrent mark-sweep generation total 393216K, used 180860K [0x00000000e8000000, 0x0000000100000000, 0x0000000100000000)
 Metaspace       used 33477K, capacity 33878K, committed 34248K, reserved 1079296K
  class space    used 3873K, capacity 3968K, committed 4040K, reserved 1048576K
}
2016-10-28T02:31:44.862-0400: 32.622: Total time for which application threads were stopped: 0.0424819 seconds, Stopping threads took: 0.0001690 seconds
{Heap before GC invocations=258 (full 1):
 par new generation   total 109248K, used 94530K [0x00000000e0000000, 0x00000000e8000000, 0x00000000e8000000)
  eden space 87424K, 100% used [0x00000000e0000000, 0x00000000e5560000, 0x00000000e5560000)
  from space 21824K,  32% used [0x00000000e5560000, 0x00000000e5c50a30, 0x00000000e6ab0000)
  to   space 21824K,   0% used [0x00000000e6ab0000, 0x00000000e6ab0000, 0x00000000e8000000)
 concurrent mark-sweep generation total 393216K, used 180860K [0x00000000e8000000, 0x0000000100000000, 0x0000000100000000)
 Metaspace       used 33477K, capacity 33878K, committed 34248K, reserved 1079296K
  class space    used 3873K, capacity 3968K, committed 4040K, reserved 1048576K
2016-10-28T02:31:44.882-0400: 32.642: [GC (Allocation Failure) 2016-10-28T02:31:44.882-0400: 32.642: [ParNew
Desired survivor size 20112992 bytes, new threshold 8 (max 8)
- age   1:     213064 bytes,     213064 total
- age   2:     218976 bytes,     432040 total
- age   3:     252488 bytes,     684528 total
- age   4:     218976 bytes,     903504 total
- age   5:     220016 bytes,    1123520 total
- age   6:     212768 bytes,    1336288 total
- age   7:    3985952 bytes,    5322240 total
- age   8:     251760 bytes,    5574000 total
: 94530K->6600K(109248K), 0.0142567 secs] 275391K->187674K(502464K), 0.0143794 secs] [Times: user=0.03 sys=0.01, real=0.01 secs] 
Heap after GC invocations=259 (full 1):
 par new generation   total 109248K, used 6600K [0x00000000e0000000, 0x00000000e8000000, 0x00000000e8000000)
  eden space 87424K,   0% used [0x00000000e0000000, 0x00000000e0000000, 0x00000000e5560000)
  from space 21824K,  30% used [0x00000000e6ab0000, 0x00000000e71223d8, 0x00000000e8000000)
  to   space 21824K,   0% used [0x00000000e5560000, 0x00000000e5560000, 0x00000000e6ab0000)
 concurrent mark-sweep generation total 393216K, used 181073K [0x00000000e8000000, 0x0000000100000000, 0x0000000100000000)
 Metaspace       used 33477K, capacity 33878K, committed 34248K, reserved 1079296K
  class space    used 3873K, capacity 3968K, committed 4040K, reserved 1048576K
}
2016-10-28T02:31:44.897-0400: 32.657: Total time for which application threads were stopped: 0.0147672 seconds, Stopping threads took: 0.0001625 seconds
{Heap before GC invocations=259 (full 1):
 par new generation   total 109248K, used 94024K [0x00000000e0000000, 0x00000000e8000000, 0x00000000e8000000)
  eden space 87424K, 100% used [0x00000000e0000000, 0x00000000e5560000, 0x00000000e5560000)
  from space 21824K,  30% used [0x00000000e6ab0000, 0x00000000e71223d8, 0x00000000e8000000)
  to   space 21824K,   0% used [0x00000000e5560000, 0x00000000e5560000, 0x00000000e6ab0000)
 concurrent mark-sweep generation total 393216K, used 181073K [0x00000000e8000000, 0x0000000100000000, 0x0000000100000000)
 Metaspace       used 33477K, capacity 33878K, committed 34248K, reserved 1079296K
  class space    used 3873K, capacity 3968K, committed 4040K, reserved 1048576K
2016-10-28T02:31:44.917-0400: 32.677: [GC (Allocation Failure) 2016-10-28T02:31:44.917-0400: 32.677: [ParNew
Desired survivor size 20112992 bytes, new threshold 8 (max 8)
- age   1:     271536 bytes,     271536 total
- age   2:     187392 bytes,     458928 total
- age   3:     218976 bytes,     677904 total
- age   4:     252488 bytes,     930392 total
- age   5:     218976 bytes,    1149368 total
- age   6:     220016 bytes,    1369384 total
- age   7:     212768 bytes,    1582152 total
- age   8:    3985952 bytes,    5568104 total
: 94024K->5978K(109248K), 0.0249767 secs] 275098K->187303K(502464K), 0.0251084 secs] [Times: user=0.03 sys=0.00, real=0.03 secs] 
Heap after GC invocations=260 (full 1):
 par new generation   total 109248K, used 5978K [0x00000000e0000000, 0x00000000e8000000, 0x00000000e8000000)
  eden space 87424K,   0% used [0x00000000e0000000, 0x00000000e0000000, 0x00000000e5560000)
  from space 21824K,  27% used [0x00000000e5560000, 0x00000000e5b36ac8, 0x00000000e6ab0000)
  to   space 21824K,   0% used [0x00000000e6ab0000, 0x00000000e6ab0000, 0x00000000e8000000)
 concurrent mark-sweep generation total 393216K, used 181324K [0x00000000e8000000, 0x0000000100000000, 0x0000000100000000)
 Metaspace       used 33477K, capacity 33878K, committed 34248K, reserved 1079296K
  class space    used 3873K, capacity 3968K, committed 4040K, reserved 1048576K
}
2016-10-28T02:31:44.942-0400: 32.703: Total time for which application threads were stopped: 0.0254305 seconds, Stopping threads took: 0.0001133 seconds
{Heap before GC invocations=260 (full 1):
 par new generation   total 109248K, used 93402K [0x00000000e0000000, 0x00000000e8000000, 0x00000000e8000000)
  eden space 87424K, 100% used [0x00000000e0000000, 0x00000000e5560000, 0x00000000e5560000)
  from space 21824K,  27% used [0x00000000e5560000, 0x00000000e5b36ac8, 0x00000000e6ab0000)
  to   space 21824K,   0% used [0x00000000e6ab0000, 0x00000000e6ab0000, 0x00000000e8000000)
 concurrent mark-sweep generation total 393216K, used 181324K [0x00000000e8000000, 0x0000000100000000, 0x0000000100000000)
 Metaspace       used 33477K, capacity 33878K, committed 34248K, reserved 1079296K
  class space    used 3873K, capacity 3968K, committed 4040K, reserved 1048576K
2016-10-28T02:31:44.965-0400: 32.725: [GC (Allocation Failure) 2016-10-28T02:31:44.965-0400: 32.725: [ParNew
Desired survivor size 20112992 bytes, new threshold 8 (max 8)
- age   1:    3211296 bytes,    3211296 total
- age   2:     245104 bytes,    3456400 total
- age   3:     187392 bytes,    3643792 total
- age   4:     218976 bytes,    3862768 total
- age   5:     252488 bytes,    4115256 total
- age   6:     218976 bytes,    4334232 total
- age   7:     220016 bytes,    4554248 total
- age   8:     212768 bytes,    4767016 total
: 93402K->4965K(109248K), 0.0485350 secs] 274727K->190187K(502464K), 0.0486045 secs] [Times: user=0.07 sys=0.07, real=0.05 secs] 
Heap after GC invocations=261 (full 1):
 par new generation   total 109248K, used 4965K [0x00000000e0000000, 0x00000000e8000000, 0x00000000e8000000)
  eden space 87424K,   0% used [0x00000000e0000000, 0x00000000e0000000, 0x00000000e5560000)
  from space 21824K,  22% used [0x00000000e6ab0000, 0x00000000e6f89470, 0x00000000e8000000)
  to   space 21824K,   0% used [0x00000000e5560000, 0x00000000e5560000, 0x00000000e6ab0000)
 concurrent mark-sweep generation total 393216K, used 185222K [0x00000000e8000000, 0x0000000100000000, 0x0000000100000000)
 Metaspace       used 33477K, capacity 33878K, committed 34248K, reserved 1079296K
  class space    used 3873K, capacity 3968K, committed 4040K, reserved 1048576K
}
2016-10-28T02:31:45.013-0400: 32.773: Total time for which application threads were stopped: 0.0489348 seconds, Stopping threads took: 0.0001394 seconds
{Heap before GC invocations=261 (full 1):
 par new generation   total 109248K, used 92389K [0x00000000e0000000, 0x00000000e8000000, 0x00000000e8000000)
  eden space 87424K, 100% used [0x00000000e0000000, 0x00000000e5560000, 0x00000000e5560000)
  from space 21824K,  22% used [0x00000000e6ab0000, 0x00000000e6f89470, 0x00000000e8000000)
  to   space 21824K,   0% used [0x00000000e5560000, 0x00000000e5560000, 0x00000000e6ab0000)
 concurrent mark-sweep generation total 393216K, used 185222K [0x00000000e8000000, 0x0000000100000000, 0x0000000100000000)
 Metaspace       used 33477K, capacity 33878K, committed 34248K, reserved 1079296K
  class space    used 3873K, capacity 3968K, committed 4040K, reserved 1048576K
2016-10-28T02:31:45.034-0400: 32.794: [GC (Allocation Failure) 2016-10-28T02:31:45.034-0400: 32.794: [ParNew
Desired survivor size 20112992 bytes, new threshold 8 (max 8)
- age   1:     246464 bytes,     246464 total
- age   2:    3184888 bytes,    3431352 total
- age   3:     245104 bytes,    3676456 total
- age   4:     187392 bytes,    3863848 total
- age   5:     218976 bytes,    4082824 total
- age   6:     252488 bytes,    4335312 total
- age   7:     218976 bytes,    4554288 total
- age   8:     220016 bytes,    4774304 total
: 92389K->4872K(109248K), 0.0146254 secs] 277611K->190308K(502464K), 0.0147255 secs] [Times: user=0.02 sys=0.01, real=0.02 secs] 
Heap after GC invocations=262 (full 1):
 par new generation   total 109248K, used 4872K [0x00000000e0000000, 0x00000000e8000000, 0x00000000e8000000)
  eden space 87424K,   0% used [0x00000000e0000000, 0x00000000e0000000, 0x00000000e5560000)
  from space 21824K,  22% used [0x00000000e5560000, 0x00000000e5a22100, 0x00000000e6ab0000)
  to   space 21824K,   0% used [0x00000000e6ab0000, 0x00000000e6ab0000, 0x00000000e8000000)
 concurrent mark-sweep generation total 393216K, used 185435K [0x00000000e8000000, 0x0000000100000000, 0x0000000100000000)
 Metaspace       used 33477K, capacity 33878K, committed 34248K, reserved 1079296K
  class space    used 3873K, capacity 3968K, committed 4040K, reserved 1048576K
}
2016-10-28T02:31:45.049-0400: 32.809: Total time for which application threads were stopped: 0.0150177 seconds, Stopping threads took: 0.0000682 seconds
{Heap before GC invocations=262 (full 1):
 par new generation   total 109248K, used 92296K [0x00000000e0000000, 0x00000000e8000000, 0x00000000e8000000)
  eden space 87424K, 100% used [0x00000000e0000000, 0x00000000e5560000, 0x00000000e5560000)
  from space 21824K,  22% used [0x00000000e5560000, 0x00000000e5a22100, 0x00000000e6ab0000)
  to   space 21824K,   0% used [0x00000000e6ab0000, 0x00000000e6ab0000, 0x00000000e8000000)
 concurrent mark-sweep generation total 393216K, used 185435K [0x00000000e8000000, 0x0000000100000000, 0x0000000100000000)
 Metaspace       used 33477K, capacity 33878K, committed 34248K, reserved 1079296K
  class space    used 3873K, capacity 3968K, committed 4040K, reserved 1048576K
2016-10-28T02:31:45.069-0400: 32.829: [GC (Allocation Failure) 2016-10-28T02:31:45.069-0400: 32.829: [ParNew
Desired survivor size 20112992 bytes, new threshold 8 (max 8)
- age   1:     240704 bytes,     240704 total
- age   2:     220016 bytes,     460720 total
- age   3:    3184864 bytes,    3645584 total
- age   4:     245104 bytes,    3890688 total
- age   5:     187392 bytes,    4078080 total
- age   6:     218976 bytes,    4297056 total
- age   7:     252488 bytes,    4549544 total
- age   8:     218976 bytes,    4768520 total
: 92296K->5466K(109248K), 0.0191681 secs] 277732K->191122K(502464K), 0.0193141 secs] [Times: user=0.02 sys=0.01, real=0.02 secs] 
Heap after GC invocations=263 (full 1):
 par new generation   total 109248K, used 5466K [0x00000000e0000000, 0x00000000e8000000, 0x00000000e8000000)
  eden space 87424K,   0% used [0x00000000e0000000, 0x00000000e0000000, 0x00000000e5560000)
  from space 21824K,  25% used [0x00000000e6ab0000, 0x00000000e7006a40, 0x00000000e8000000)
  to   space 21824K,   0% used [0x00000000e5560000, 0x00000000e5560000, 0x00000000e6ab0000)
 concurrent mark-sweep generation total 393216K, used 185656K [0x00000000e8000000, 0x0000000100000000, 0x0000000100000000)
 Metaspace       used 33477K, capacity 33878K, committed 34248K, reserved 1079296K
  class space    used 3873K, capacity 3968K, committed 4040K, reserved 1048576K
}
2016-10-28T02:31:45.088-0400: 32.848: Total time for which application threads were stopped: 0.0195662 seconds, Stopping threads took: 0.0000642 seconds
{Heap before GC invocations=263 (full 1):
 par new generation   total 109248K, used 92890K [0x00000000e0000000, 0x00000000e8000000, 0x00000000e8000000)
  eden space 87424K, 100% used [0x00000000e0000000, 0x00000000e5560000, 0x00000000e5560000)
  from space 21824K,  25% used [0x00000000e6ab0000, 0x00000000e7006a40, 0x00000000e8000000)
  to   space 21824K,   0% used [0x00000000e5560000, 0x00000000e5560000, 0x00000000e6ab0000)
 concurrent mark-sweep generation total 393216K, used 185656K [0x00000000e8000000, 0x0000000100000000, 0x0000000100000000)
 Metaspace       used 33477K, capacity 33878K, committed 34248K, reserved 1079296K
  class space    used 3873K, capacity 3968K, committed 4040K, reserved 1048576K
2016-10-28T02:31:45.110-0400: 32.870: [GC (Allocation Failure) 2016-10-28T02:31:45.110-0400: 32.870: [ParNew
Desired survivor size 20112992 bytes, new threshold 8 (max 8)
- age   1:    6258848 bytes,    6258848 total
- age   2:     214320 bytes,    6473168 total
- age   3:     220016 bytes,    6693184 total
- age   4:    3184864 bytes,    9878048 total
- age   5:     245104 bytes,   10123152 total
- age   6:     187392 bytes,   10310544 total
- age   7:     218976 bytes,   10529520 total
- age   8:     252488 bytes,   10782008 total
: 92890K->10899K(109248K), 0.0166885 secs] 278546K->196774K(502464K), 0.0167795 secs] [Times: user=0.02 sys=0.01, real=0.01 secs] 
Heap after GC invocations=264 (full 1):
 par new generation   total 109248K, used 10899K [0x00000000e0000000, 0x00000000e8000000, 0x00000000e8000000)
  eden space 87424K,   0% used [0x00000000e0000000, 0x00000000e0000000, 0x00000000e5560000)
  from space 21824K,  49% used [0x00000000e5560000, 0x00000000e6004c78, 0x00000000e6ab0000)
  to   space 21824K,   0% used [0x00000000e6ab0000, 0x00000000e6ab0000, 0x00000000e8000000)
 concurrent mark-sweep generation total 393216K, used 185875K [0x00000000e8000000, 0x0000000100000000, 0x0000000100000000)
 Metaspace       used 33477K, capacity 33878K, committed 34248K, reserved 1079296K
  class space    used 3873K, capacity 3968K, committed 4040K, reserved 1048576K
}
2016-10-28T02:31:45.127-0400: 32.887: Total time for which application threads were stopped: 0.0172873 seconds, Stopping threads took: 0.0003200 seconds
{Heap before GC invocations=264 (full 1):
 par new generation   total 109248K, used 98323K [0x00000000e0000000, 0x00000000e8000000, 0x00000000e8000000)
  eden space 87424K, 100% used [0x00000000e0000000, 0x00000000e5560000, 0x00000000e5560000)
  from space 21824K,  49% used [0x00000000e5560000, 0x00000000e6004c78, 0x00000000e6ab0000)
  to   space 21824K,   0% used [0x00000000e6ab0000, 0x00000000e6ab0000, 0x00000000e8000000)
 concurrent mark-sweep generation total 393216K, used 185875K [0x00000000e8000000, 0x0000000100000000, 0x0000000100000000)
 Metaspace       used 33477K, capacity 33878K, committed 34248K, reserved 1079296K
  class space    used 3873K, capacity 3968K, committed 4040K, reserved 1048576K
2016-10-28T02:31:45.147-0400: 32.907: [GC (Allocation Failure) 2016-10-28T02:31:45.147-0400: 32.907: [ParNew
Desired survivor size 20112992 bytes, new threshold 8 (max 8)
- age   1:    1708240 bytes,    1708240 total
- age   2:    6232432 bytes,    7940672 total
- age   3:     214272 bytes,    8154944 total
- age   4:     220016 bytes,    8374960 total
- age   5:    3609008 bytes,   11983968 total
- age   6:     245104 bytes,   12229072 total
- age   7:     187392 bytes,   12416464 total
- age   8:     218976 bytes,   12635440 total
: 98323K->12720K(109248K), 0.0204736 secs] 284198K->198848K(502464K), 0.0206319 secs] [Times: user=0.03 sys=0.01, real=0.03 secs] 
Heap after GC invocations=265 (full 1):
 par new generation   total 109248K, used 12720K [0x00000000e0000000, 0x00000000e8000000, 0x00000000e8000000)
  eden space 87424K,   0% used [0x00000000e0000000, 0x00000000e0000000, 0x00000000e5560000)
  from space 21824K,  58% used [0x00000000e6ab0000, 0x00000000e771c3f0, 0x00000000e8000000)
  to   space 21824K,   0% used [0x00000000e5560000, 0x00000000e5560000, 0x00000000e6ab0000)
 concurrent mark-sweep generation total 393216K, used 186127K [0x00000000e8000000, 0x0000000100000000, 0x0000000100000000)
 Metaspace       used 33477K, capacity 33878K, committed 34248K, reserved 1079296K
  class space    used 3873K, capacity 3968K, committed 4040K, reserved 1048576K
}
2016-10-28T02:31:45.168-0400: 32.928: Total time for which application threads were stopped: 0.0211220 seconds, Stopping threads took: 0.0002102 seconds
{Heap before GC invocations=265 (full 1):
 par new generation   total 109248K, used 100144K [0x00000000e0000000, 0x00000000e8000000, 0x00000000e8000000)
  eden space 87424K, 100% used [0x00000000e0000000, 0x00000000e5560000, 0x00000000e5560000)
  from space 21824K,  58% used [0x00000000e6ab0000, 0x00000000e771c3f0, 0x00000000e8000000)
  to   space 21824K,   0% used [0x00000000e5560000, 0x00000000e5560000, 0x00000000e6ab0000)
 concurrent mark-sweep generation total 393216K, used 186127K [0x00000000e8000000, 0x0000000100000000, 0x0000000100000000)
 Metaspace       used 33477K, capacity 33878K, committed 34248K, reserved 1079296K
  class space    used 3873K, capacity 3968K, committed 4040K, reserved 1048576K
2016-10-28T02:31:45.211-0400: 32.971: [GC (Allocation Failure) 2016-10-28T02:31:45.211-0400: 32.972: [ParNew
Desired survivor size 20112992 bytes, new threshold 8 (max 8)
- age   1:    3198968 bytes,    3198968 total
- age   2:    1681808 bytes,    4880776 total
- age   3:    6232432 bytes,   11113208 total
- age   4:     214272 bytes,   11327480 total
- age   5:     220016 bytes,   11547496 total
- age   6:    3184864 bytes,   14732360 total
- age   7:     245104 bytes,   14977464 total
- age   8:     187392 bytes,   15164856 total
: 100144K->15152K(109248K), 0.0327338 secs] 286272K->201499K(502464K), 0.0328021 secs] [Times: user=0.04 sys=0.02, real=0.03 secs] 
Heap after GC invocations=266 (full 1):
 par new generation   total 109248K, used 15152K [0x00000000e0000000, 0x00000000e8000000, 0x00000000e8000000)
  eden space 87424K,   0% used [0x00000000e0000000, 0x00000000e0000000, 0x00000000e5560000)
  from space 21824K,  69% used [0x00000000e5560000, 0x00000000e642c358, 0x00000000e6ab0000)
  to   space 21824K,   0% used [0x00000000e6ab0000, 0x00000000e6ab0000, 0x00000000e8000000)
 concurrent mark-sweep generation total 393216K, used 186346K [0x00000000e8000000, 0x0000000100000000, 0x0000000100000000)
 Metaspace       used 33477K, capacity 33878K, committed 34248K, reserved 1079296K
  class space    used 3873K, capacity 3968K, committed 4040K, reserved 1048576K
}
2016-10-28T02:31:45.244-0400: 33.004: Total time for which application threads were stopped: 0.0333257 seconds, Stopping threads took: 0.0003091 seconds
{Heap before GC invocations=266 (full 1):
 par new generation   total 109248K, used 102576K [0x00000000e0000000, 0x00000000e8000000, 0x00000000e8000000)
  eden space 87424K, 100% used [0x00000000e0000000, 0x00000000e5560000, 0x00000000e5560000)
  from space 21824K,  69% used [0x00000000e5560000, 0x00000000e642c358, 0x00000000e6ab0000)
  to   space 21824K,   0% used [0x00000000e6ab0000, 0x00000000e6ab0000, 0x00000000e8000000)
 concurrent mark-sweep generation total 393216K, used 186346K [0x00000000e8000000, 0x0000000100000000, 0x0000000100000000)
 Metaspace       used 33477K, capacity 33878K, committed 34248K, reserved 1079296K
  class space    used 3873K, capacity 3968K, committed 4040K, reserved 1048576K
2016-10-28T02:31:45.264-0400: 33.025: [GC (Allocation Failure) 2016-10-28T02:31:45.265-0400: 33.025: [ParNew
Desired survivor size 20112992 bytes, new threshold 8 (max 8)
- age   1:     245400 bytes,     245400 total
- age   2:    3172536 bytes,    3417936 total
- age   3:    1681808 bytes,    5099744 total
- age   4:    6232432 bytes,   11332176 total
- age   5:     214272 bytes,   11546448 total
- age   6:     220016 bytes,   11766464 total
- age   7:    3184864 bytes,   14951328 total
- age   8:     245104 bytes,   15196432 total
: 102576K->15263K(109248K), 0.0231299 secs] 288923K->201798K(502464K), 0.0236265 secs] [Times: user=0.02 sys=0.02, real=0.03 secs] 
Heap after GC invocations=267 (full 1):
 par new generation   total 109248K, used 15263K [0x00000000e0000000, 0x00000000e8000000, 0x00000000e8000000)
  eden space 87424K,   0% used [0x00000000e0000000, 0x00000000e0000000, 0x00000000e5560000)
  from space 21824K,  69% used [0x00000000e6ab0000, 0x00000000e7997ec8, 0x00000000e8000000)
  to   space 21824K,   0% used [0x00000000e5560000, 0x00000000e5560000, 0x00000000e6ab0000)
 concurrent mark-sweep generation total 393216K, used 186534K [0x00000000e8000000, 0x0000000100000000, 0x0000000100000000)
 Metaspace       used 33477K, capacity 33878K, committed 34248K, reserved 1079296K
  class space    used 3873K, capacity 3968K, committed 4040K, reserved 1048576K
}
2016-10-28T02:31:45.288-0400: 33.048: Total time for which application threads were stopped: 0.0239348 seconds, Stopping threads took: 0.0000897 seconds
{Heap before GC invocations=267 (full 1):
 par new generation   total 109248K, used 102687K [0x00000000e0000000, 0x00000000e8000000, 0x00000000e8000000)
  eden space 87424K, 100% used [0x00000000e0000000, 0x00000000e5560000, 0x00000000e5560000)
  from space 21824K,  69% used [0x00000000e6ab0000, 0x00000000e7997ec8, 0x00000000e8000000)
  to   space 21824K,   0% used [0x00000000e5560000, 0x00000000e5560000, 0x00000000e6ab0000)
 concurrent mark-sweep generation total 393216K, used 186534K [0x00000000e8000000, 0x0000000100000000, 0x0000000100000000)
 Metaspace       used 33477K, capacity 33878K, committed 34248K, reserved 1079296K
  class space    used 3873K, capacity 3968K, committed 4040K, reserved 1048576K
2016-10-28T02:31:45.314-0400: 33.074: [GC (Allocation Failure) 2016-10-28T02:31:45.314-0400: 33.074: [ParNew
Desired survivor size 20112992 bytes, new threshold 8 (max 8)
- age   1:     213976 bytes,     213976 total
- age   2:     219000 bytes,     432976 total
- age   3:    3172536 bytes,    3605512 total
- age   4:    1681808 bytes,    5287320 total
- age   5:    6232432 bytes,   11519752 total
- age   6:     214272 bytes,   11734024 total
- age   7:     220016 bytes,   11954040 total
- age   8:    3184888 bytes,   15138928 total
: 102687K->15112K(109248K), 0.0272142 secs] 289222K->201891K(502464K), 0.0272856 secs] [Times: user=0.04 sys=0.02, real=0.03 secs] 
Heap after GC invocations=268 (full 1):
 par new generation   total 109248K, used 15112K [0x00000000e0000000, 0x00000000e8000000, 0x00000000e8000000)
  eden space 87424K,   0% used [0x00000000e0000000, 0x00000000e0000000, 0x00000000e5560000)
  from space 21824K,  69% used [0x00000000e5560000, 0x00000000e64221f0, 0x00000000e6ab0000)
  to   space 21824K,   0% used [0x00000000e6ab0000, 0x00000000e6ab0000, 0x00000000e8000000)
 concurrent mark-sweep generation total 393216K, used 186779K [0x00000000e8000000, 0x0000000100000000, 0x0000000100000000)
 Metaspace       used 33477K, capacity 33878K, committed 34248K, reserved 1079296K
  class space    used 3873K, capacity 3968K, committed 4040K, reserved 1048576K
}
2016-10-28T02:31:45.341-0400: 33.101: Total time for which application threads were stopped: 0.0276983 seconds, Stopping threads took: 0.0001756 seconds
{Heap before GC invocations=268 (full 1):
 par new generation   total 109248K, used 102536K [0x00000000e0000000, 0x00000000e8000000, 0x00000000e8000000)
  eden space 87424K, 100% used [0x00000000e0000000, 0x00000000e5560000, 0x00000000e5560000)
  from space 21824K,  69% used [0x00000000e5560000, 0x00000000e64221f0, 0x00000000e6ab0000)
  to   space 21824K,   0% used [0x00000000e6ab0000, 0x00000000e6ab0000, 0x00000000e8000000)
 concurrent mark-sweep generation total 393216K, used 186779K [0x00000000e8000000, 0x0000000100000000, 0x0000000100000000)
 Metaspace       used 33477K, capacity 33878K, committed 34248K, reserved 1079296K
  class space    used 3873K, capacity 3968K, committed 4040K, reserved 1048576K
2016-10-28T02:31:45.363-0400: 33.123: [GC (Allocation Failure) 2016-10-28T02:31:45.363-0400: 33.123: [ParNew
Desired survivor size 20112992 bytes, new threshold 8 (max 8)
- age   1:     272120 bytes,     272120 total
- age   2:     187520 bytes,     459640 total
- age   3:     218976 bytes,     678616 total
- age   4:    3172536 bytes,    3851152 total
- age   5:    1681808 bytes,    5532960 total
- age   6:    6232432 bytes,   11765392 total
- age   7:     214272 bytes,   11979664 total
- age   8:     220016 bytes,   12199680 total
: 102536K->12253K(109248K), 0.0482918 secs] 289315K->202147K(502464K), 0.0484315 secs] [Times: user=0.08 sys=0.03, real=0.05 secs] 
Heap after GC invocations=269 (full 1):
 par new generation   total 109248K, used 12253K [0x00000000e0000000, 0x00000000e8000000, 0x00000000e8000000)
  eden space 87424K,   0% used [0x00000000e0000000, 0x00000000e0000000, 0x00000000e5560000)
  from space 21824K,  56% used [0x00000000e6ab0000, 0x00000000e76a7440, 0x00000000e8000000)
  to   space 21824K,   0% used [0x00000000e5560000, 0x00000000e5560000, 0x00000000e6ab0000)
 concurrent mark-sweep generation total 393216K, used 189894K [0x00000000e8000000, 0x0000000100000000, 0x0000000100000000)
 Metaspace       used 33477K, capacity 33878K, committed 34248K, reserved 1079296K
  class space    used 3873K, capacity 3968K, committed 4040K, reserved 1048576K
}
2016-10-28T02:31:45.412-0400: 33.172: Total time for which application threads were stopped: 0.0487982 seconds, Stopping threads took: 0.0000864 seconds
{Heap before GC invocations=269 (full 1):
 par new generation   total 109248K, used 99677K [0x00000000e0000000, 0x00000000e8000000, 0x00000000e8000000)
  eden space 87424K, 100% used [0x00000000e0000000, 0x00000000e5560000, 0x00000000e5560000)
  from space 21824K,  56% used [0x00000000e6ab0000, 0x00000000e76a7440, 0x00000000e8000000)
  to   space 21824K,   0% used [0x00000000e5560000, 0x00000000e5560000, 0x00000000e6ab0000)
 concurrent mark-sweep generation total 393216K, used 189894K [0x00000000e8000000, 0x0000000100000000, 0x0000000100000000)
 Metaspace       used 33477K, capacity 33878K, committed 34248K, reserved 1079296K
  class space    used 3873K, capacity 3968K, committed 4040K, reserved 1048576K
2016-10-28T02:31:45.432-0400: 33.192: [GC (Allocation Failure) 2016-10-28T02:31:45.432-0400: 33.192: [ParNew
Desired survivor size 20112992 bytes, new threshold 8 (max 8)
- age   1:     246440 bytes,     246440 total
- age   2:     245688 bytes,     492128 total
- age   3:     187520 bytes,     679648 total
- age   4:     218976 bytes,     898624 total
- age   5:    3172536 bytes,    4071160 total
- age   6:    1681808 bytes,    5752968 total
- age   7:    6232432 bytes,   11985400 total
- age   8:     214272 bytes,   12199672 total
: 99677K->12502K(109248K), 0.0244168 secs] 289571K->202617K(502464K), 0.0245064 secs] [Times: user=0.02 sys=0.03, real=0.02 secs] 
Heap after GC invocations=270 (full 1):
 par new generation   total 109248K, used 12502K [0x00000000e0000000, 0x00000000e8000000, 0x00000000e8000000)
  eden space 87424K,   0% used [0x00000000e0000000, 0x00000000e0000000, 0x00000000e5560000)
  from space 21824K,  57% used [0x00000000e5560000, 0x00000000e6195ae0, 0x00000000e6ab0000)
  to   space 21824K,   0% used [0x00000000e6ab0000, 0x00000000e6ab0000, 0x00000000e8000000)
 concurrent mark-sweep generation total 393216K, used 190115K [0x00000000e8000000, 0x0000000100000000, 0x0000000100000000)
 Metaspace       used 33477K, capacity 33878K, committed 34248K, reserved 1079296K
  class space    used 3873K, capacity 3968K, committed 4040K, reserved 1048576K
}
2016-10-28T02:31:45.457-0400: 33.217: Total time for which application threads were stopped: 0.0248531 seconds, Stopping threads took: 0.0001452 seconds
{Heap before GC invocations=270 (full 1):
 par new generation   total 109248K, used 99926K [0x00000000e0000000, 0x00000000e8000000, 0x00000000e8000000)
  eden space 87424K, 100% used [0x00000000e0000000, 0x00000000e5560000, 0x00000000e5560000)
  from space 21824K,  57% used [0x00000000e5560000, 0x00000000e6195ae0, 0x00000000e6ab0000)
  to   space 21824K,   0% used [0x00000000e6ab0000, 0x00000000e6ab0000, 0x00000000e8000000)
 concurrent mark-sweep generation total 393216K, used 190115K [0x00000000e8000000, 0x0000000100000000, 0x0000000100000000)
 Metaspace       used 33477K, capacity 33878K, committed 34248K, reserved 1079296K
  class space    used 3873K, capacity 3968K, committed 4040K, reserved 1048576K
2016-10-28T02:31:45.481-0400: 33.241: [GC (Allocation Failure) 2016-10-28T02:31:45.481-0400: 33.241: [ParNew
Desired survivor size 20112992 bytes, new threshold 8 (max 8)
- age   1:     278224 bytes,     278224 total
- age   2:     220016 bytes,     498240 total
- age   3:     245688 bytes,     743928 total
- age   4:     187520 bytes,     931448 total
- age   5:     218976 bytes,    1150424 total
- age   6:    3172536 bytes,    4322960 total
- age   7:    1681808 bytes,    6004768 total
- age   8:    6232432 bytes,   12237200 total
: 99926K->12425K(109248K), 0.0206520 secs] 290041K->202755K(502464K), 0.0207935 secs] [Times: user=0.04 sys=0.00, real=0.02 secs] 
Heap after GC invocations=271 (full 1):
 par new generation   total 109248K, used 12425K [0x00000000e0000000, 0x00000000e8000000, 0x00000000e8000000)
  eden space 87424K,   0% used [0x00000000e0000000, 0x00000000e0000000, 0x00000000e5560000)
  from space 21824K,  56% used [0x00000000e6ab0000, 0x00000000e76d2570, 0x00000000e8000000)
  to   space 21824K,   0% used [0x00000000e5560000, 0x00000000e5560000, 0x00000000e6ab0000)
 concurrent mark-sweep generation total 393216K, used 190329K [0x00000000e8000000, 0x0000000100000000, 0x0000000100000000)
 Metaspace       used 33477K, capacity 33878K, committed 34248K, reserved 1079296K
  class space    used 3873K, capacity 3968K, committed 4040K, reserved 1048576K
}
2016-10-28T02:31:45.502-0400: 33.262: Total time for which application threads were stopped: 0.0212260 seconds, Stopping threads took: 0.0001946 seconds
{Heap before GC invocations=271 (full 1):
 par new generation   total 109248K, used 99849K [0x00000000e0000000, 0x00000000e8000000, 0x00000000e8000000)
  eden space 87424K, 100% used [0x00000000e0000000, 0x00000000e5560000, 0x00000000e5560000)
  from space 21824K,  56% used [0x00000000e6ab0000, 0x00000000e76d2570, 0x00000000e8000000)
  to   space 21824K,   0% used [0x00000000e5560000, 0x00000000e5560000, 0x00000000e6ab0000)
 concurrent mark-sweep generation total 393216K, used 190329K [0x00000000e8000000, 0x0000000100000000, 0x0000000100000000)
 Metaspace       used 33477K, capacity 33878K, committed 34248K, reserved 1079296K
  class space    used 3873K, capacity 3968K, committed 4040K, reserved 1048576K
2016-10-28T02:31:45.523-0400: 33.283: [GC (Allocation Failure) 2016-10-28T02:31:45.523-0400: 33.283: [ParNew
Desired survivor size 20112992 bytes, new threshold 8 (max 8)
- age   1:     207432 bytes,     207432 total
- age   2:     251792 bytes,     459224 total
- age   3:     220016 bytes,     679240 total
- age   4:     245688 bytes,     924928 total
- age   5:     187520 bytes,    1112448 total
- age   6:     218976 bytes,    1331424 total
- age   7:    3172536 bytes,    4503960 total
- age   8:    1681808 bytes,    6185768 total
: 99849K->6287K(109248K), 0.0705129 secs] 290179K->202708K(502464K), 0.0706331 secs] [Times: user=0.09 sys=0.09, real=0.07 secs] 
Heap after GC invocations=272 (full 1):
 par new generation   total 109248K, used 6287K [0x00000000e0000000, 0x00000000e8000000, 0x00000000e8000000)
  eden space 87424K,   0% used [0x00000000e0000000, 0x00000000e0000000, 0x00000000e5560000)
  from space 21824K,  28% used [0x00000000e5560000, 0x00000000e5b83cf0, 0x00000000e6ab0000)
  to   space 21824K,   0% used [0x00000000e6ab0000, 0x00000000e6ab0000, 0x00000000e8000000)
 concurrent mark-sweep generation total 393216K, used 196421K [0x00000000e8000000, 0x0000000100000000, 0x0000000100000000)
 Metaspace       used 33477K, capacity 33878K, committed 34248K, reserved 1079296K
  class space    used 3873K, capacity 3968K, committed 4040K, reserved 1048576K
}
2016-10-28T02:31:45.594-0400: 33.354: Total time for which application threads were stopped: 0.0715762 seconds, Stopping threads took: 0.0007292 seconds
{Heap before GC invocations=272 (full 1):
 par new generation   total 109248K, used 93711K [0x00000000e0000000, 0x00000000e8000000, 0x00000000e8000000)
  eden space 87424K, 100% used [0x00000000e0000000, 0x00000000e5560000, 0x00000000e5560000)
  from space 21824K,  28% used [0x00000000e5560000, 0x00000000e5b83cf0, 0x00000000e6ab0000)
  to   space 21824K,   0% used [0x00000000e6ab0000, 0x00000000e6ab0000, 0x00000000e8000000)
 concurrent mark-sweep generation total 393216K, used 196421K [0x00000000e8000000, 0x0000000100000000, 0x0000000100000000)
 Metaspace       used 33477K, capacity 33878K, committed 34248K, reserved 1079296K
  class space    used 3873K, capacity 3968K, committed 4040K, reserved 1048576K
2016-10-28T02:31:45.614-0400: 33.374: [GC (Allocation Failure) 2016-10-28T02:31:45.614-0400: 33.374: [ParNew
Desired survivor size 20112992 bytes, new threshold 8 (max 8)
- age   1:     245408 bytes,     245408 total
- age   2:     181016 bytes,     426424 total
- age   3:     251792 bytes,     678216 total
- age   4:     220016 bytes,     898232 total
- age   5:     245688 bytes,    1143920 total
- age   6:     187520 bytes,    1331440 total
- age   7:     218976 bytes,    1550416 total
- age   8:    3172536 bytes,    4722952 total
: 93711K->5164K(109248K), 0.0458233 secs] 290132K->203233K(502464K), 0.0459303 secs] [Times: user=0.06 sys=0.03, real=0.05 secs] 
Heap after GC invocations=273 (full 1):
 par new generation   total 109248K, used 5164K [0x00000000e0000000, 0x00000000e8000000, 0x00000000e8000000)
  eden space 87424K,   0% used [0x00000000e0000000, 0x00000000e0000000, 0x00000000e5560000)
  from space 21824K,  23% used [0x00000000e6ab0000, 0x00000000e6fbb150, 0x00000000e8000000)
  to   space 21824K,   0% used [0x00000000e5560000, 0x00000000e5560000, 0x00000000e6ab0000)
 concurrent mark-sweep generation total 393216K, used 198068K [0x00000000e8000000, 0x0000000100000000, 0x0000000100000000)
 Metaspace       used 33477K, capacity 33878K, committed 34248K, reserved 1079296K
  class space    used 3873K, capacity 3968K, committed 4040K, reserved 1048576K
}
2016-10-28T02:31:45.660-0400: 33.420: Total time for which application threads were stopped: 0.0463346 seconds, Stopping threads took: 0.0001337 seconds
2016-10-28T02:31:45.661-0400: 33.421: [GC (CMS Initial Mark) [1 CMS-initial-mark: 198068K(393216K)] 204997K(502464K), 0.0015446 secs] [Times: user=0.00 sys=0.00, real=0.00 secs] 
2016-10-28T02:31:45.662-0400: 33.422: Total time for which application threads were stopped: 0.0018005 seconds, Stopping threads took: 0.0000972 seconds
2016-10-28T02:31:45.662-0400: 33.422: [CMS-concurrent-mark-start]
{Heap before GC invocations=273 (full 2):
 par new generation   total 109248K, used 92588K [0x00000000e0000000, 0x00000000e8000000, 0x00000000e8000000)
  eden space 87424K, 100% used [0x00000000e0000000, 0x00000000e5560000, 0x00000000e5560000)
  from space 21824K,  23% used [0x00000000e6ab0000, 0x00000000e6fbb150, 0x00000000e8000000)
  to   space 21824K,   0% used [0x00000000e5560000, 0x00000000e5560000, 0x00000000e6ab0000)
 concurrent mark-sweep generation total 393216K, used 198068K [0x00000000e8000000, 0x0000000100000000, 0x0000000100000000)
 Metaspace       used 33477K, capacity 33878K, committed 34248K, reserved 1079296K
  class space    used 3873K, capacity 3968K, committed 4040K, reserved 1048576K
2016-10-28T02:31:45.709-0400: 33.469: [GC (Allocation Failure) 2016-10-28T02:31:45.709-0400: 33.469: [ParNew
Desired survivor size 20112992 bytes, new threshold 8 (max 8)
- age   1:     279224 bytes,     279224 total
- age   2:     219000 bytes,     498224 total
- age   3:     181016 bytes,     679240 total
- age   4:     251792 bytes,     931032 total
- age   5:     220016 bytes,    1151048 total
- age   6:     245688 bytes,    1396736 total
- age   7:     187520 bytes,    1584256 total
- age   8:     218976 bytes,    1803232 total
: 92588K->1948K(109248K), 0.0440634 secs] 290657K->203120K(502464K), 0.0442257 secs] [Times: user=0.06 sys=0.06, real=0.04 secs] 
Heap after GC invocations=274 (full 2):
 par new generation   total 109248K, used 1948K [0x00000000e0000000, 0x00000000e8000000, 0x00000000e8000000)
  eden space 87424K,   0% used [0x00000000e0000000, 0x00000000e0000000, 0x00000000e5560000)
  from space 21824K,   8% used [0x00000000e5560000, 0x00000000e57471f0, 0x00000000e6ab0000)
  to   space 21824K,   0% used [0x00000000e6ab0000, 0x00000000e6ab0000, 0x00000000e8000000)
 concurrent mark-sweep generation total 393216K, used 201172K [0x00000000e8000000, 0x0000000100000000, 0x0000000100000000)
 Metaspace       used 33477K, capacity 33878K, committed 34248K, reserved 1079296K
  class space    used 3873K, capacity 3968K, committed 4040K, reserved 1048576K
}
2016-10-28T02:31:45.753-0400: 33.513: Total time for which application threads were stopped: 0.0445765 seconds, Stopping threads took: 0.0001337 seconds
{Heap before GC invocations=274 (full 2):
 par new generation   total 109248K, used 89372K [0x00000000e0000000, 0x00000000e8000000, 0x00000000e8000000)
  eden space 87424K, 100% used [0x00000000e0000000, 0x00000000e5560000, 0x00000000e5560000)
  from space 21824K,   8% used [0x00000000e5560000, 0x00000000e57471f0, 0x00000000e6ab0000)
  to   space 21824K,   0% used [0x00000000e6ab0000, 0x00000000e6ab0000, 0x00000000e8000000)
 concurrent mark-sweep generation total 393216K, used 201172K [0x00000000e8000000, 0x0000000100000000, 0x0000000100000000)
 Metaspace       used 33477K, capacity 33878K, committed 34248K, reserved 1079296K
  class space    used 3873K, capacity 3968K, committed 4040K, reserved 1048576K
2016-10-28T02:31:45.774-0400: 33.534: [GC (Allocation Failure) 2016-10-28T02:31:45.774-0400: 33.534: [ParNew
Desired survivor size 20112992 bytes, new threshold 8 (max 8)
- age   1:     240464 bytes,     240464 total
- age   2:     252800 bytes,     493264 total
- age   3:     218976 bytes,     712240 total
- age   4:     181016 bytes,     893256 total
- age   5:     251792 bytes,    1145048 total
- age   6:     220016 bytes,    1365064 total
- age   7:     245688 bytes,    1610752 total
- age   8:     187520 bytes,    1798272 total
: 89372K->2127K(109248K), 0.0203419 secs] 290544K->203518K(502464K), 0.0204104 secs] [Times: user=0.03 sys=0.01, real=0.02 secs] 
Heap after GC invocations=275 (full 2):
 par new generation   total 109248K, used 2127K [0x00000000e0000000, 0x00000000e8000000, 0x00000000e8000000)
  eden space 87424K,   0% used [0x00000000e0000000, 0x00000000e0000000, 0x00000000e5560000)
  from space 21824K,   9% used [0x00000000e6ab0000, 0x00000000e6cc3ea0, 0x00000000e8000000)
  to   space 21824K,   0% used [0x00000000e5560000, 0x00000000e5560000, 0x00000000e6ab0000)
 concurrent mark-sweep generation total 393216K, used 201391K [0x00000000e8000000, 0x0000000100000000, 0x0000000100000000)
 Metaspace       used 33477K, capacity 33878K, committed 34248K, reserved 1079296K
  class space    used 3873K, capacity 3968K, committed 4040K, reserved 1048576K
}
2016-10-28T02:31:45.795-0400: 33.555: Total time for which application threads were stopped: 0.0207497 seconds, Stopping threads took: 0.0001107 seconds
2016-10-28T02:31:45.817-0400: 33.578: [CMS-concurrent-mark: 0.089/0.155 secs] [Times: user=0.36 sys=0.13, real=0.15 secs] 
2016-10-28T02:31:45.817-0400: 33.578: [CMS-concurrent-preclean-start]
{Heap before GC invocations=275 (full 2):
 par new generation   total 109248K, used 89551K [0x00000000e0000000, 0x00000000e8000000, 0x00000000e8000000)
  eden space 87424K, 100% used [0x00000000e0000000, 0x00000000e5560000, 0x00000000e5560000)
  from space 21824K,   9% used [0x00000000e6ab0000, 0x00000000e6cc3ea0, 0x00000000e8000000)
  to   space 21824K,   0% used [0x00000000e5560000, 0x00000000e5560000, 0x00000000e6ab0000)
 concurrent mark-sweep generation total 393216K, used 201391K [0x00000000e8000000, 0x0000000100000000, 0x0000000100000000)
 Metaspace       used 33477K, capacity 33878K, committed 34248K, reserved 1079296K
  class space    used 3873K, capacity 3968K, committed 4040K, reserved 1048576K
2016-10-28T02:31:45.828-0400: 33.588: [GC (Allocation Failure) 2016-10-28T02:31:45.828-0400: 33.588: [ParNew
Desired survivor size 20112992 bytes, new threshold 8 (max 8)
- age   1:     278184 bytes,     278184 total
- age   2:     214008 bytes,     492192 total
- age   3:     252800 bytes,     744992 total
- age   4:     218976 bytes,     963968 total
- age   5:     181016 bytes,    1144984 total
- age   6:     251792 bytes,    1396776 total
- age   7:     220016 bytes,    1616792 total
- age   8:     245688 bytes,    1862480 total
: 89551K->2098K(109248K), 0.0153154 secs] 290942K->203678K(502464K), 0.0154489 secs] [Times: user=0.01 sys=0.01, real=0.01 secs] 
Heap after GC invocations=276 (full 2):
 par new generation   total 109248K, used 2098K [0x00000000e0000000, 0x00000000e8000000, 0x00000000e8000000)
  eden space 87424K,   0% used [0x00000000e0000000, 0x00000000e0000000, 0x00000000e5560000)
  from space 21824K,   9% used [0x00000000e5560000, 0x00000000e576c950, 0x00000000e6ab0000)
  to   space 21824K,   0% used [0x00000000e6ab0000, 0x00000000e6ab0000, 0x00000000e8000000)
 concurrent mark-sweep generation total 393216K, used 201579K [0x00000000e8000000, 0x0000000100000000, 0x0000000100000000)
 Metaspace       used 33477K, capacity 33878K, committed 34248K, reserved 1079296K
  class space    used 3873K, capacity 3968K, committed 4040K, reserved 1048576K
}
2016-10-28T02:31:45.844-0400: 33.604: Total time for which application threads were stopped: 0.0157891 seconds, Stopping threads took: 0.0000940 seconds
2016-10-28T02:31:45.844-0400: 33.604: [CMS-concurrent-preclean: 0.009/0.027 secs] [Times: user=0.03 sys=0.01, real=0.03 secs] 
2016-10-28T02:31:45.844-0400: 33.604: [CMS-concurrent-abortable-preclean-start]
2016-10-28T02:31:45.885-0400: 33.645: [CMS-concurrent-abortable-preclean: 0.040/0.041 secs] [Times: user=0.15 sys=0.01, real=0.04 secs] 
2016-10-28T02:31:45.886-0400: 33.646: [GC (CMS Final Remark) [YG occupancy: 85096 K (109248 K)]{Heap before GC invocations=276 (full 2):
 par new generation   total 109248K, used 85096K [0x00000000e0000000, 0x00000000e8000000, 0x00000000e8000000)
  eden space 87424K,  94% used [0x00000000e0000000, 0x00000000e510d928, 0x00000000e5560000)
  from space 21824K,   9% used [0x00000000e5560000, 0x00000000e576c950, 0x00000000e6ab0000)
  to   space 21824K,   0% used [0x00000000e6ab0000, 0x00000000e6ab0000, 0x00000000e8000000)
 concurrent mark-sweep generation total 393216K, used 201579K [0x00000000e8000000, 0x0000000100000000, 0x0000000100000000)
 Metaspace       used 33485K, capacity 33878K, committed 34248K, reserved 1079296K
  class space    used 3874K, capacity 3968K, committed 4040K, reserved 1048576K
2016-10-28T02:31:45.886-0400: 33.646: [GC (CMS Final Remark) 2016-10-28T02:31:45.886-0400: 33.646: [ParNew
Desired survivor size 20112992 bytes, new threshold 8 (max 8)
- age   1:     983816 bytes,     983816 total
- age   2:     251760 bytes,    1235576 total
- age   3:     214008 bytes,    1449584 total
- age   4:     252800 bytes,    1702384 total
- age   5:     218976 bytes,    1921360 total
- age   6:     181016 bytes,    2102376 total
- age   7:     251792 bytes,    2354168 total
- age   8:     220016 bytes,    2574184 total
: 85096K->2786K(109248K), 0.0161678 secs] 286676K->204611K(502464K), 0.0162114 secs] [Times: user=0.02 sys=0.01, real=0.02 secs] 
Heap after GC invocations=277 (full 2):
 par new generation   total 109248K, used 2786K [0x00000000e0000000, 0x00000000e8000000, 0x00000000e8000000)
  eden space 87424K,   0% used [0x00000000e0000000, 0x00000000e0000000, 0x00000000e5560000)
  from space 21824K,  12% used [0x00000000e6ab0000, 0x00000000e6d68af8, 0x00000000e8000000)
  to   space 21824K,   0% used [0x00000000e5560000, 0x00000000e5560000, 0x00000000e6ab0000)
 concurrent mark-sweep generation total 393216K, used 201825K [0x00000000e8000000, 0x0000000100000000, 0x0000000100000000)
 Metaspace       used 33485K, capacity 33878K, committed 34248K, reserved 1079296K
  class space    used 3874K, capacity 3968K, committed 4040K, reserved 1048576K
}
2016-10-28T02:31:45.902-0400: 33.662: [Rescan (parallel) , 0.0034149 secs]2016-10-28T02:31:45.906-0400: 33.666: [weak refs processing, 0.0026361 secs]2016-10-28T02:31:45.908-0400: 33.668: [class unloading, 0.0093447 secs]2016-10-28T02:31:45.918-0400: 33.678: [scrub symbol table, 0.0036102 secs]2016-10-28T02:31:45.921-0400: 33.681: [scrub string table, 0.0005242 secs][1 CMS-remark: 201825K(393216K)] 204611K(502464K), 0.0370105 secs] [Times: user=0.05 sys=0.01, real=0.04 secs] 
2016-10-28T02:31:45.923-0400: 33.683: Total time for which application threads were stopped: 0.0378989 seconds, Stopping threads took: 0.0007343 seconds
2016-10-28T02:31:45.923-0400: 33.683: [CMS-concurrent-sweep-start]
{Heap before GC invocations=277 (full 2):
 par new generation   total 109248K, used 90210K [0x00000000e0000000, 0x00000000e8000000, 0x00000000e8000000)
  eden space 87424K, 100% used [0x00000000e0000000, 0x00000000e5560000, 0x00000000e5560000)
  from space 21824K,  12% used [0x00000000e6ab0000, 0x00000000e6d68af8, 0x00000000e8000000)
  to   space 21824K,   0% used [0x00000000e5560000, 0x00000000e5560000, 0x00000000e6ab0000)
 concurrent mark-sweep generation total 393216K, used 142826K [0x00000000e8000000, 0x0000000100000000, 0x0000000100000000)
 Metaspace       used 33486K, capacity 33878K, committed 34248K, reserved 1079296K
  class space    used 3874K, capacity 3968K, committed 4040K, reserved 1048576K
2016-10-28T02:31:45.960-0400: 33.720: [GC (Allocation Failure) 2016-10-28T02:31:45.960-0400: 33.720: [ParNew
Desired survivor size 20112992 bytes, new threshold 8 (max 8)
- age   1:     560480 bytes,     560480 total
- age   2:     799824 bytes,    1360304 total
- age   3:     251760 bytes,    1612064 total
- age   4:     214008 bytes,    1826072 total
- age   5:     252800 bytes,    2078872 total
- age   6:     218976 bytes,    2297848 total
- age   7:     181016 bytes,    2478864 total
- age   8:     251792 bytes,    2730656 total
: 90210K->3254K(109248K), 0.0258367 secs] 233037K->146301K(502464K), 0.0259420 secs] [Times: user=0.05 sys=0.00, real=0.02 secs] 
Heap after GC invocations=278 (full 2):
 par new generation   total 109248K, used 3254K [0x00000000e0000000, 0x00000000e8000000, 0x00000000e8000000)
  eden space 87424K,   0% used [0x00000000e0000000, 0x00000000e0000000, 0x00000000e5560000)
  from space 21824K,  14% used [0x00000000e5560000, 0x00000000e588d968, 0x00000000e6ab0000)
  to   space 21824K,   0% used [0x00000000e6ab0000, 0x00000000e6ab0000, 0x00000000e8000000)
 concurrent mark-sweep generation total 393216K, used 143046K [0x00000000e8000000, 0x0000000100000000, 0x0000000100000000)
 Metaspace       used 33486K, capacity 33878K, committed 34248K, reserved 1079296K
  class space    used 3874K, capacity 3968K, committed 4040K, reserved 1048576K
}
2016-10-28T02:31:45.986-0400: 33.746: Total time for which application threads were stopped: 0.0267842 seconds, Stopping threads took: 0.0004286 seconds
2016-10-28T02:31:45.990-0400: 33.750: [CMS-concurrent-sweep: 0.040/0.066 secs] [Times: user=0.20 sys=0.01, real=0.07 secs] 
2016-10-28T02:31:45.990-0400: 33.750: [CMS-concurrent-reset-start]
2016-10-28T02:31:46.001-0400: 33.761: [CMS-concurrent-reset: 0.012/0.012 secs] [Times: user=0.04 sys=0.00, real=0.01 secs] 
{Heap before GC invocations=278 (full 2):
 par new generation   total 109248K, used 90678K [0x00000000e0000000, 0x00000000e8000000, 0x00000000e8000000)
  eden space 87424K, 100% used [0x00000000e0000000, 0x00000000e5560000, 0x00000000e5560000)
  from space 21824K,  14% used [0x00000000e5560000, 0x00000000e588d968, 0x00000000e6ab0000)
  to   space 21824K,   0% used [0x00000000e6ab0000, 0x00000000e6ab0000, 0x00000000e8000000)
 concurrent mark-sweep generation total 393216K, used 120117K [0x00000000e8000000, 0x0000000100000000, 0x0000000100000000)
 Metaspace       used 33487K, capacity 33872K, committed 34248K, reserved 1079296K
  class space    used 3874K, capacity 3967K, committed 4040K, reserved 1048576K
2016-10-28T02:31:46.014-0400: 33.774: [GC (Allocation Failure) 2016-10-28T02:31:46.014-0400: 33.774: [ParNew
Desired survivor size 20112992 bytes, new threshold 8 (max 8)
- age   1:     712456 bytes,     712456 total
- age   2:     259672 bytes,     972128 total
- age   3:     799824 bytes,    1771952 total
- age   4:     251760 bytes,    2023712 total
- age   5:     214008 bytes,    2237720 total
- age   6:     252800 bytes,    2490520 total
- age   7:     218976 bytes,    2709496 total
- age   8:     181016 bytes,    2890512 total
: 90678K->3565K(109248K), 0.0222611 secs] 210795K->123933K(502464K), 0.0223607 secs] [Times: user=0.06 sys=0.00, real=0.02 secs] 
Heap after GC invocations=279 (full 2):
 par new generation   total 109248K, used 3565K [0x00000000e0000000, 0x00000000e8000000, 0x00000000e8000000)
  eden space 87424K,   0% used [0x00000000e0000000, 0x00000000e0000000, 0x00000000e5560000)
  from space 21824K,  16% used [0x00000000e6ab0000, 0x00000000e6e2b4f8, 0x00000000e8000000)
  to   space 21824K,   0% used [0x00000000e5560000, 0x00000000e5560000, 0x00000000e6ab0000)
 concurrent mark-sweep generation total 393216K, used 120368K [0x00000000e8000000, 0x0000000100000000, 0x0000000100000000)
 Metaspace       used 33487K, capacity 33872K, committed 34248K, reserved 1079296K
  class space    used 3874K, capacity 3967K, committed 4040K, reserved 1048576K
}
2016-10-28T02:31:46.036-0400: 33.797: Total time for which application threads were stopped: 0.0229330 seconds, Stopping threads took: 0.0003418 seconds
{Heap before GC invocations=279 (full 2):
 par new generation   total 109248K, used 90989K [0x00000000e0000000, 0x00000000e8000000, 0x00000000e8000000)
  eden space 87424K, 100% used [0x00000000e0000000, 0x00000000e5560000, 0x00000000e5560000)
  from space 21824K,  16% used [0x00000000e6ab0000, 0x00000000e6e2b4f8, 0x00000000e8000000)
  to   space 21824K,   0% used [0x00000000e5560000, 0x00000000e5560000, 0x00000000e6ab0000)
 concurrent mark-sweep generation total 393216K, used 120368K [0x00000000e8000000, 0x0000000100000000, 0x0000000100000000)
 Metaspace       used 33489K, capacity 33872K, committed 34248K, reserved 1079296K
  class space    used 3874K, capacity 3967K, committed 4040K, reserved 1048576K
2016-10-28T02:31:46.060-0400: 33.820: [GC (Allocation Failure) 2016-10-28T02:31:46.060-0400: 33.820: [ParNew
Desired survivor size 20112992 bytes, new threshold 8 (max 8)
- age   1:     758144 bytes,     758144 total
- age   2:     367640 bytes,    1125784 total
- age   3:     218632 bytes,    1344416 total
- age   4:     799824 bytes,    2144240 total
- age   5:     251760 bytes,    2396000 total
- age   6:     214008 bytes,    2610008 total
- age   7:     252800 bytes,    2862808 total
- age   8:     218976 bytes,    3081784 total
: 90989K->3283K(109248K), 0.0247692 secs] 211357K->123833K(502464K), 0.0248470 secs] [Times: user=0.07 sys=0.00, real=0.02 secs] 
Heap after GC invocations=280 (full 2):
 par new generation   total 109248K, used 3283K [0x00000000e0000000, 0x00000000e8000000, 0x00000000e8000000)
  eden space 87424K,   0% used [0x00000000e0000000, 0x00000000e0000000, 0x00000000e5560000)
  from space 21824K,  15% used [0x00000000e5560000, 0x00000000e5894c08, 0x00000000e6ab0000)
  to   space 21824K,   0% used [0x00000000e6ab0000, 0x00000000e6ab0000, 0x00000000e8000000)
 concurrent mark-sweep generation total 393216K, used 120550K [0x00000000e8000000, 0x0000000100000000, 0x0000000100000000)
 Metaspace       used 33489K, capacity 33872K, committed 34248K, reserved 1079296K
  class space    used 3874K, capacity 3967K, committed 4040K, reserved 1048576K
}
2016-10-28T02:31:46.085-0400: 33.845: Total time for which application threads were stopped: 0.0254616 seconds, Stopping threads took: 0.0003578 seconds
{Heap before GC invocations=280 (full 2):
 par new generation   total 109248K, used 90707K [0x00000000e0000000, 0x00000000e8000000, 0x00000000e8000000)
  eden space 87424K, 100% used [0x00000000e0000000, 0x00000000e5560000, 0x00000000e5560000)
  from space 21824K,  15% used [0x00000000e5560000, 0x00000000e5894c08, 0x00000000e6ab0000)
  to   space 21824K,   0% used [0x00000000e6ab0000, 0x00000000e6ab0000, 0x00000000e8000000)
 concurrent mark-sweep generation total 393216K, used 120550K [0x00000000e8000000, 0x0000000100000000, 0x0000000100000000)
 Metaspace       used 33490K, capacity 33872K, committed 34248K, reserved 1079296K
  class space    used 3874K, capacity 3967K, committed 4040K, reserved 1048576K
2016-10-28T02:31:46.111-0400: 33.871: [GC (Allocation Failure) 2016-10-28T02:31:46.111-0400: 33.871: [ParNew
Desired survivor size 20112992 bytes, new threshold 8 (max 8)
- age   1:     816168 bytes,     816168 total
- age   2:     300768 bytes,    1116936 total
- age   3:     342704 bytes,    1459640 total
- age   4:     218632 bytes,    1678272 total
- age   5:     799768 bytes,    2478040 total
- age   6:     251760 bytes,    2729800 total
- age   7:     214008 bytes,    2943808 total
- age   8:     252800 bytes,    3196608 total
: 90707K->4370K(109248K), 0.0234874 secs] 211257K->125140K(502464K), 0.0236868 secs] [Times: user=0.04 sys=0.00, real=0.02 secs] 
Heap after GC invocations=281 (full 2):
 par new generation   total 109248K, used 4370K [0x00000000e0000000, 0x00000000e8000000, 0x00000000e8000000)
  eden space 87424K,   0% used [0x00000000e0000000, 0x00000000e0000000, 0x00000000e5560000)
  from space 21824K,  20% used [0x00000000e6ab0000, 0x00000000e6ef4a80, 0x00000000e8000000)
  to   space 21824K,   0% used [0x00000000e5560000, 0x00000000e5560000, 0x00000000e6ab0000)
 concurrent mark-sweep generation total 393216K, used 120769K [0x00000000e8000000, 0x0000000100000000, 0x0000000100000000)
 Metaspace       used 33490K, capacity 33872K, committed 34248K, reserved 1079296K
  class space    used 3874K, capacity 3967K, committed 4040K, reserved 1048576K
}
2016-10-28T02:31:46.134-0400: 33.895: Total time for which application threads were stopped: 0.0241808 seconds, Stopping threads took: 0.0002753 seconds
{Heap before GC invocations=281 (full 2):
 par new generation   total 109248K, used 91794K [0x00000000e0000000, 0x00000000e8000000, 0x00000000e8000000)
  eden space 87424K, 100% used [0x00000000e0000000, 0x00000000e5560000, 0x00000000e5560000)
  from space 21824K,  20% used [0x00000000e6ab0000, 0x00000000e6ef4a80, 0x00000000e8000000)
  to   space 21824K,   0% used [0x00000000e5560000, 0x00000000e5560000, 0x00000000e6ab0000)
 concurrent mark-sweep generation total 393216K, used 120769K [0x00000000e8000000, 0x0000000100000000, 0x0000000100000000)
 Metaspace       used 33495K, capacity 33872K, committed 34248K, reserved 1079296K
  class space    used 3874K, capacity 3967K, committed 4040K, reserved 1048576K
2016-10-28T02:31:46.160-0400: 33.920: [GC (Allocation Failure) 2016-10-28T02:31:46.160-0400: 33.920: [ParNew
Desired survivor size 20112992 bytes, new threshold 8 (max 8)
- age   1:    1111752 bytes,    1111752 total
- age   2:     269096 bytes,    1380848 total
- age   3:     300768 bytes,    1681616 total
- age   4:     244368 bytes,    1925984 total
- age   5:     218632 bytes,    2144616 total
- age   6:     799688 bytes,    2944304 total
- age   7:     251760 bytes,    3196064 total
- age   8:     214008 bytes,    3410072 total
: 91794K->3862K(109248K), 0.0176770 secs] 212564K->124884K(502464K), 0.0177483 secs] [Times: user=0.05 sys=0.00, real=0.01 secs] 
Heap after GC invocations=282 (full 2):
 par new generation   total 109248K, used 3862K [0x00000000e0000000, 0x00000000e8000000, 0x00000000e8000000)
  eden space 87424K,   0% used [0x00000000e0000000, 0x00000000e0000000, 0x00000000e5560000)
  from space 21824K,  17% used [0x00000000e5560000, 0x00000000e5925890, 0x00000000e6ab0000)
  to   space 21824K,   0% used [0x00000000e6ab0000, 0x00000000e6ab0000, 0x00000000e8000000)
 concurrent mark-sweep generation total 393216K, used 121021K [0x00000000e8000000, 0x0000000100000000, 0x0000000100000000)
 Metaspace       used 33495K, capacity 33872K, committed 34248K, reserved 1079296K
  class space    used 3874K, capacity 3967K, committed 4040K, reserved 1048576K
}
2016-10-28T02:31:46.178-0400: 33.938: Total time for which application threads were stopped: 0.0181604 seconds, Stopping threads took: 0.0002014 seconds
{Heap before GC invocations=282 (full 2):
 par new generation   total 109248K, used 91286K [0x00000000e0000000, 0x00000000e8000000, 0x00000000e8000000)
  eden space 87424K, 100% used [0x00000000e0000000, 0x00000000e5560000, 0x00000000e5560000)
  from space 21824K,  17% used [0x00000000e5560000, 0x00000000e5925890, 0x00000000e6ab0000)
  to   space 21824K,   0% used [0x00000000e6ab0000, 0x00000000e6ab0000, 0x00000000e8000000)
 concurrent mark-sweep generation total 393216K, used 121021K [0x00000000e8000000, 0x0000000100000000, 0x0000000100000000)
 Metaspace       used 33495K, capacity 33872K, committed 34248K, reserved 1079296K
  class space    used 3874K, capacity 3967K, committed 4040K, reserved 1048576K
2016-10-28T02:31:46.208-0400: 33.968: [GC (Allocation Failure) 2016-10-28T02:31:46.208-0400: 33.969: [ParNew
Desired survivor size 20112992 bytes, new threshold 8 (max 8)
- age   1:    1118008 bytes,    1118008 total
- age   2:     439864 bytes,    1557872 total
- age   3:     268640 bytes,    1826512 total
- age   4:     218768 bytes,    2045280 total
- age   5:     244368 bytes,    2289648 total
- age   6:     218632 bytes,    2508280 total
- age   7:     799688 bytes,    3307968 total
- age   8:     251760 bytes,    3559728 total
: 91286K->4386K(109248K), 0.0270283 secs] 212308K->125622K(502464K), 0.0276831 secs] [Times: user=0.04 sys=0.04, real=0.02 secs] 
Heap after GC invocations=283 (full 2):
 par new generation   total 109248K, used 4386K [0x00000000e0000000, 0x00000000e8000000, 0x00000000e8000000)
  eden space 87424K,   0% used [0x00000000e0000000, 0x00000000e0000000, 0x00000000e5560000)
  from space 21824K,  20% used [0x00000000e6ab0000, 0x00000000e6ef8a40, 0x00000000e8000000)
  to   space 21824K,   0% used [0x00000000e5560000, 0x00000000e5560000, 0x00000000e6ab0000)
 concurrent mark-sweep generation total 393216K, used 121236K [0x00000000e8000000, 0x0000000100000000, 0x0000000100000000)
 Metaspace       used 33495K, capacity 33872K, committed 34248K, reserved 1079296K
  class space    used 3874K, capacity 3967K, committed 4040K, reserved 1048576K
}
2016-10-28T02:31:46.236-0400: 33.996: Total time for which application threads were stopped: 0.0311586 seconds, Stopping threads took: 0.0030108 seconds
{Heap before GC invocations=283 (full 2):
 par new generation   total 109248K, used 91810K [0x00000000e0000000, 0x00000000e8000000, 0x00000000e8000000)
  eden space 87424K, 100% used [0x00000000e0000000, 0x00000000e5560000, 0x00000000e5560000)
  from space 21824K,  20% used [0x00000000e6ab0000, 0x00000000e6ef8a40, 0x00000000e8000000)
  to   space 21824K,   0% used [0x00000000e5560000, 0x00000000e5560000, 0x00000000e6ab0000)
 concurrent mark-sweep generation total 393216K, used 121236K [0x00000000e8000000, 0x0000000100000000, 0x0000000100000000)
 Metaspace       used 33495K, capacity 33872K, committed 34248K, reserved 1079296K
  class space    used 3874K, capacity 3967K, committed 4040K, reserved 1048576K
2016-10-28T02:31:46.268-0400: 34.028: [GC (Allocation Failure) 2016-10-28T02:31:46.268-0400: 34.028: [ParNew
Desired survivor size 20112992 bytes, new threshold 8 (max 8)
- age   1:    1104040 bytes,    1104040 total
- age   2:     350856 bytes,    1454896 total
- age   3:     439776 bytes,    1894672 total
- age   4:     268640 bytes,    2163312 total
- age   5:     218768 bytes,    2382080 total
- age   6:     244368 bytes,    2626448 total
- age   7:     218632 bytes,    2845080 total
- age   8:     799688 bytes,    3644768 total
: 91810K->5007K(109248K), 0.0160035 secs] 213046K->126494K(502464K), 0.0160860 secs] [Times: user=0.05 sys=0.00, real=0.01 secs] 
Heap after GC invocations=284 (full 2):
 par new generation   total 109248K, used 5007K [0x00000000e0000000, 0x00000000e8000000, 0x00000000e8000000)
  eden space 87424K,   0% used [0x00000000e0000000, 0x00000000e0000000, 0x00000000e5560000)
  from space 21824K,  22% used [0x00000000e5560000, 0x00000000e5a43de0, 0x00000000e6ab0000)
  to   space 21824K,   0% used [0x00000000e6ab0000, 0x00000000e6ab0000, 0x00000000e8000000)
 concurrent mark-sweep generation total 393216K, used 121487K [0x00000000e8000000, 0x0000000100000000, 0x0000000100000000)
 Metaspace       used 33495K, capacity 33872K, committed 34248K, reserved 1079296K
  class space    used 3874K, capacity 3967K, committed 4040K, reserved 1048576K
}
2016-10-28T02:31:46.285-0400: 34.045: Total time for which application threads were stopped: 0.0169345 seconds, Stopping threads took: 0.0006310 seconds
{Heap before GC invocations=284 (full 2):
 par new generation   total 109248K, used 92431K [0x00000000e0000000, 0x00000000e8000000, 0x00000000e8000000)
  eden space 87424K, 100% used [0x00000000e0000000, 0x00000000e5560000, 0x00000000e5560000)
  from space 21824K,  22% used [0x00000000e5560000, 0x00000000e5a43de0, 0x00000000e6ab0000)
  to   space 21824K,   0% used [0x00000000e6ab0000, 0x00000000e6ab0000, 0x00000000e8000000)
 concurrent mark-sweep generation total 393216K, used 121487K [0x00000000e8000000, 0x0000000100000000, 0x0000000100000000)
 Metaspace       used 33495K, capacity 33872K, committed 34248K, reserved 1079296K
  class space    used 3874K, capacity 3967K, committed 4040K, reserved 1048576K
2016-10-28T02:31:46.315-0400: 34.076: [GC (Allocation Failure) 2016-10-28T02:31:46.315-0400: 34.076: [ParNew
Desired survivor size 20112992 bytes, new threshold 8 (max 8)
- age   1:    1184832 bytes,    1184832 total
- age   2:     243560 bytes,    1428392 total
- age   3:     350184 bytes,    1778576 total
- age   4:     439776 bytes,    2218352 total
- age   5:     268640 bytes,    2486992 total
- age   6:     218768 bytes,    2705760 total
- age   7:     244368 bytes,    2950128 total
- age   8:     218632 bytes,    3168760 total
: 92431K->4402K(109248K), 0.0134098 secs] 213918K->126675K(502464K), 0.0135874 secs] [Times: user=0.05 sys=0.00, real=0.02 secs] 
Heap after GC invocations=285 (full 2):
 par new generation   total 109248K, used 4402K [0x00000000e0000000, 0x00000000e8000000, 0x00000000e8000000)
  eden space 87424K,   0% used [0x00000000e0000000, 0x00000000e0000000, 0x00000000e5560000)
  from space 21824K,  20% used [0x00000000e6ab0000, 0x00000000e6efcad0, 0x00000000e8000000)
  to   space 21824K,   0% used [0x00000000e5560000, 0x00000000e5560000, 0x00000000e6ab0000)
 concurrent mark-sweep generation total 393216K, used 122272K [0x00000000e8000000, 0x0000000100000000, 0x0000000100000000)
 Metaspace       used 33495K, capacity 33872K, committed 34248K, reserved 1079296K
  class space    used 3874K, capacity 3967K, committed 4040K, reserved 1048576K
}
2016-10-28T02:31:46.329-0400: 34.089: Total time for which application threads were stopped: 0.0141995 seconds, Stopping threads took: 0.0002506 seconds
{Heap before GC invocations=285 (full 2):
 par new generation   total 109248K, used 91826K [0x00000000e0000000, 0x00000000e8000000, 0x00000000e8000000)
  eden space 87424K, 100% used [0x00000000e0000000, 0x00000000e5560000, 0x00000000e5560000)
  from space 21824K,  20% used [0x00000000e6ab0000, 0x00000000e6efcad0, 0x00000000e8000000)
  to   space 21824K,   0% used [0x00000000e5560000, 0x00000000e5560000, 0x00000000e6ab0000)
 concurrent mark-sweep generation total 393216K, used 122272K [0x00000000e8000000, 0x0000000100000000, 0x0000000100000000)
 Metaspace       used 33495K, capacity 33872K, committed 34248K, reserved 1079296K
  class space    used 3874K, capacity 3967K, committed 4040K, reserved 1048576K
2016-10-28T02:31:46.362-0400: 34.122: [GC (Allocation Failure) 2016-10-28T02:31:46.362-0400: 34.122: [ParNew
Desired survivor size 20112992 bytes, new threshold 8 (max 8)
- age   1:    1399488 bytes,    1399488 total
- age   2:     220144 bytes,    1619632 total
- age   3:     243456 bytes,    1863088 total
- age   4:     350184 bytes,    2213272 total
- age   5:     439776 bytes,    2653048 total
- age   6:     219440 bytes,    2872488 total
- age   7:     218768 bytes,    3091256 total
- age   8:     244368 bytes,    3335624 total
: 91826K->3777K(109248K), 0.0316308 secs] 214099K->126268K(502464K), 0.0318443 secs] [Times: user=0.08 sys=0.00, real=0.03 secs] 
Heap after GC invocations=286 (full 2):
 par new generation   total 109248K, used 3777K [0x00000000e0000000, 0x00000000e8000000, 0x00000000e8000000)
  eden space 87424K,   0% used [0x00000000e0000000, 0x00000000e0000000, 0x00000000e5560000)
  from space 21824K,  17% used [0x00000000e5560000, 0x00000000e59104c0, 0x00000000e6ab0000)
  to   space 21824K,   0% used [0x00000000e6ab0000, 0x00000000e6ab0000, 0x00000000e8000000)
 concurrent mark-sweep generation total 393216K, used 122491K [0x00000000e8000000, 0x0000000100000000, 0x0000000100000000)
 Metaspace       used 33495K, capacity 33872K, committed 34248K, reserved 1079296K
  class space    used 3874K, capacity 3967K, committed 4040K, reserved 1048576K
}
2016-10-28T02:31:46.394-0400: 34.154: Total time for which application threads were stopped: 0.0382133 seconds, Stopping threads took: 0.0060297 seconds
{Heap before GC invocations=286 (full 2):
 par new generation   total 109248K, used 91201K [0x00000000e0000000, 0x00000000e8000000, 0x00000000e8000000)
  eden space 87424K, 100% used [0x00000000e0000000, 0x00000000e5560000, 0x00000000e5560000)
  from space 21824K,  17% used [0x00000000e5560000, 0x00000000e59104c0, 0x00000000e6ab0000)
  to   space 21824K,   0% used [0x00000000e6ab0000, 0x00000000e6ab0000, 0x00000000e8000000)
 concurrent mark-sweep generation total 393216K, used 122491K [0x00000000e8000000, 0x0000000100000000, 0x0000000100000000)
 Metaspace       used 33495K, capacity 33872K, committed 34248K, reserved 1079296K
  class space    used 3874K, capacity 3967K, committed 4040K, reserved 1048576K
2016-10-28T02:31:46.425-0400: 34.185: [GC (Allocation Failure) 2016-10-28T02:31:46.425-0400: 34.185: [ParNew
Desired survivor size 20112992 bytes, new threshold 8 (max 8)
- age   1:    1207160 bytes,    1207160 total
- age   2:     540032 bytes,    1747192 total
- age   3:     220168 bytes,    1967360 total
- age   4:     243504 bytes,    2210864 total
- age   5:     350184 bytes,    2561048 total
- age   6:     439776 bytes,    3000824 total
- age   7:     219440 bytes,    3220264 total
- age   8:     218792 bytes,    3439056 total
: 91201K->4294K(109248K), 0.0157634 secs] 213692K->127029K(502464K), 0.0158451 secs] [Times: user=0.04 sys=0.00, real=0.02 secs] 
Heap after GC invocations=287 (full 2):
 par new generation   total 109248K, used 4294K [0x00000000e0000000, 0x00000000e8000000, 0x00000000e8000000)
  eden space 87424K,   0% used [0x00000000e0000000, 0x00000000e0000000, 0x00000000e5560000)
  from space 21824K,  19% used [0x00000000e6ab0000, 0x00000000e6ee18b0, 0x00000000e8000000)
  to   space 21824K,   0% used [0x00000000e5560000, 0x00000000e5560000, 0x00000000e6ab0000)
 concurrent mark-sweep generation total 393216K, used 122735K [0x00000000e8000000, 0x0000000100000000, 0x0000000100000000)
 Metaspace       used 33495K, capacity 33872K, committed 34248K, reserved 1079296K
  class space    used 3874K, capacity 3967K, committed 4040K, reserved 1048576K
}
2016-10-28T02:31:46.441-0400: 34.201: Total time for which application threads were stopped: 0.0164172 seconds, Stopping threads took: 0.0003635 seconds
{Heap before GC invocations=287 (full 2):
 par new generation   total 109248K, used 91718K [0x00000000e0000000, 0x00000000e8000000, 0x00000000e8000000)
  eden space 87424K, 100% used [0x00000000e0000000, 0x00000000e5560000, 0x00000000e5560000)
  from space 21824K,  19% used [0x00000000e6ab0000, 0x00000000e6ee18b0, 0x00000000e8000000)
  to   space 21824K,   0% used [0x00000000e5560000, 0x00000000e5560000, 0x00000000e6ab0000)
 concurrent mark-sweep generation total 393216K, used 122735K [0x00000000e8000000, 0x0000000100000000, 0x0000000100000000)
 Metaspace       used 33495K, capacity 33872K, committed 34248K, reserved 1079296K
  class space    used 3874K, capacity 3967K, committed 4040K, reserved 1048576K
2016-10-28T02:31:46.474-0400: 34.234: [GC (Allocation Failure) 2016-10-28T02:31:46.474-0400: 34.234: [ParNew
Desired survivor size 20112992 bytes, new threshold 8 (max 8)
- age   1:    1662456 bytes,    1662456 total
- age   2:     463000 bytes,    2125456 total
- age   3:     317528 bytes,    2442984 total
- age   4:     220144 bytes,    2663128 total
- age   5:     243456 bytes,    2906584 total
- age   6:     350184 bytes,    3256768 total
- age   7:     243136 bytes,    3499904 total
- age   8:     219440 bytes,    3719344 total
: 91718K->5107K(109248K), 0.0154874 secs] 214453K->128061K(502464K), 0.0157713 secs] [Times: user=0.05 sys=0.00, real=0.02 secs] 
Heap after GC invocations=288 (full 2):
 par new generation   total 109248K, used 5107K [0x00000000e0000000, 0x00000000e8000000, 0x00000000e8000000)
  eden space 87424K,   0% used [0x00000000e0000000, 0x00000000e0000000, 0x00000000e5560000)
  from space 21824K,  23% used [0x00000000e5560000, 0x00000000e5a5ce50, 0x00000000e6ab0000)
  to   space 21824K,   0% used [0x00000000e6ab0000, 0x00000000e6ab0000, 0x00000000e8000000)
 concurrent mark-sweep generation total 393216K, used 122954K [0x00000000e8000000, 0x0000000100000000, 0x0000000100000000)
 Metaspace       used 33495K, capacity 33872K, committed 34248K, reserved 1079296K
  class space    used 3874K, capacity 3967K, committed 4040K, reserved 1048576K
}
2016-10-28T02:31:46.490-0400: 34.250: Total time for which application threads were stopped: 0.0164726 seconds, Stopping threads took: 0.0002539 seconds
{Heap before GC invocations=288 (full 2):
 par new generation   total 109248K, used 92531K [0x00000000e0000000, 0x00000000e8000000, 0x00000000e8000000)
  eden space 87424K, 100% used [0x00000000e0000000, 0x00000000e5560000, 0x00000000e5560000)
  from space 21824K,  23% used [0x00000000e5560000, 0x00000000e5a5ce50, 0x00000000e6ab0000)
  to   space 21824K,   0% used [0x00000000e6ab0000, 0x00000000e6ab0000, 0x00000000e8000000)
 concurrent mark-sweep generation total 393216K, used 122954K [0x00000000e8000000, 0x0000000100000000, 0x0000000100000000)
 Metaspace       used 33495K, capacity 33872K, committed 34248K, reserved 1079296K
  class space    used 3874K, capacity 3967K, committed 4040K, reserved 1048576K
2016-10-28T02:31:46.525-0400: 34.285: [GC (Allocation Failure) 2016-10-28T02:31:46.525-0400: 34.285: [ParNew
Desired survivor size 20112992 bytes, new threshold 8 (max 8)
- age   1:    1101984 bytes,    1101984 total
- age   2:    1385528 bytes,    2487512 total
- age   3:     276144 bytes,    2763656 total
- age   4:     350312 bytes,    3113968 total
- age   5:     220144 bytes,    3334112 total
- age   6:     243456 bytes,    3577568 total
- age   7:     186264 bytes,    3763832 total
- age   8:     243136 bytes,    4006968 total
: 92531K->4055K(109248K), 0.0185486 secs] 215485K->127229K(502464K), 0.0186654 secs] [Times: user=0.05 sys=0.00, real=0.02 secs] 
Heap after GC invocations=289 (full 2):
 par new generation   total 109248K, used 4055K [0x00000000e0000000, 0x00000000e8000000, 0x00000000e8000000)
  eden space 87424K,   0% used [0x00000000e0000000, 0x00000000e0000000, 0x00000000e5560000)
  from space 21824K,  18% used [0x00000000e6ab0000, 0x00000000e6ea5d28, 0x00000000e8000000)
  to   space 21824K,   0% used [0x00000000e5560000, 0x00000000e5560000, 0x00000000e6ab0000)
 concurrent mark-sweep generation total 393216K, used 123173K [0x00000000e8000000, 0x0000000100000000, 0x0000000100000000)
 Metaspace       used 33495K, capacity 33872K, committed 34248K, reserved 1079296K
  class space    used 3874K, capacity 3967K, committed 4040K, reserved 1048576K
}
2016-10-28T02:31:46.543-0400: 34.303: Total time for which application threads were stopped: 0.0207182 seconds, Stopping threads took: 0.0017738 seconds
{Heap before GC invocations=289 (full 2):
 par new generation   total 109248K, used 91479K [0x00000000e0000000, 0x00000000e8000000, 0x00000000e8000000)
  eden space 87424K, 100% used [0x00000000e0000000, 0x00000000e5560000, 0x00000000e5560000)
  from space 21824K,  18% used [0x00000000e6ab0000, 0x00000000e6ea5d28, 0x00000000e8000000)
  to   space 21824K,   0% used [0x00000000e5560000, 0x00000000e5560000, 0x00000000e6ab0000)
 concurrent mark-sweep generation total 393216K, used 123173K [0x00000000e8000000, 0x0000000100000000, 0x0000000100000000)
 Metaspace       used 33495K, capacity 33872K, committed 34248K, reserved 1079296K
  class space    used 3874K, capacity 3967K, committed 4040K, reserved 1048576K
2016-10-28T02:31:46.588-0400: 34.349: [GC (Allocation Failure) 2016-10-28T02:31:46.588-0400: 34.349: [ParNew
Desired survivor size 20112992 bytes, new threshold 8 (max 8)
- age   1:    1457936 bytes,    1457936 total
- age   2:     828680 bytes,    2286616 total
- age   3:     578528 bytes,    2865144 total
- age   4:     243672 bytes,    3108816 total
- age   5:     317768 bytes,    3426584 total
- age   6:     219320 bytes,    3645904 total
- age   7:     243816 bytes,    3889720 total
- age   8:     186576 bytes,    4076296 total
: 91479K->5402K(109248K), 0.0208076 secs] 214653K->128818K(502464K), 0.0209540 secs] [Times: user=0.03 sys=0.03, real=0.02 secs] 
Heap after GC invocations=290 (full 2):
 par new generation   total 109248K, used 5402K [0x00000000e0000000, 0x00000000e8000000, 0x00000000e8000000)
  eden space 87424K,   0% used [0x00000000e0000000, 0x00000000e0000000, 0x00000000e5560000)
  from space 21824K,  24% used [0x00000000e5560000, 0x00000000e5aa68c8, 0x00000000e6ab0000)
  to   space 21824K,   0% used [0x00000000e6ab0000, 0x00000000e6ab0000, 0x00000000e8000000)
 concurrent mark-sweep generation total 393216K, used 123416K [0x00000000e8000000, 0x0000000100000000, 0x0000000100000000)
 Metaspace       used 33495K, capacity 33872K, committed 34248K, reserved 1079296K
  class space    used 3874K, capacity 3967K, committed 4040K, reserved 1048576K
}
2016-10-28T02:31:46.610-0400: 34.370: Total time for which application threads were stopped: 0.0279420 seconds, Stopping threads took: 0.0065593 seconds
{Heap before GC invocations=290 (full 2):
 par new generation   total 109248K, used 92826K [0x00000000e0000000, 0x00000000e8000000, 0x00000000e8000000)
  eden space 87424K, 100% used [0x00000000e0000000, 0x00000000e5560000, 0x00000000e5560000)
  from space 21824K,  24% used [0x00000000e5560000, 0x00000000e5aa68c8, 0x00000000e6ab0000)
  to   space 21824K,   0% used [0x00000000e6ab0000, 0x00000000e6ab0000, 0x00000000e8000000)
 concurrent mark-sweep generation total 393216K, used 123416K [0x00000000e8000000, 0x0000000100000000, 0x0000000100000000)
 Metaspace       used 33500K, capacity 33872K, committed 34248K, reserved 1079296K
  class space    used 3874K, capacity 3967K, committed 4040K, reserved 1048576K
2016-10-28T02:31:46.652-0400: 34.412: [GC (Allocation Failure) 2016-10-28T02:31:46.652-0400: 34.412: [ParNew
Desired survivor size 20112992 bytes, new threshold 8 (max 8)
- age   1:    1738392 bytes,    1738392 total
- age   2:     522552 bytes,    2260944 total
- age   3:     546872 bytes,    2807816 total
- age   4:     578288 bytes,    3386104 total
- age   5:     243360 bytes,    3629464 total
- age   6:     317528 bytes,    3946992 total
- age   7:     219152 bytes,    4166144 total
- age   8:     243456 bytes,    4409600 total
: 92826K->4962K(109248K), 0.0202764 secs] 216242K->128566K(502464K), 0.0203693 secs] [Times: user=0.05 sys=0.01, real=0.02 secs] 
Heap after GC invocations=291 (full 2):
 par new generation   total 109248K, used 4962K [0x00000000e0000000, 0x00000000e8000000, 0x00000000e8000000)
  eden space 87424K,   0% used [0x00000000e0000000, 0x00000000e0000000, 0x00000000e5560000)
  from space 21824K,  22% used [0x00000000e6ab0000, 0x00000000e6f88970, 0x00000000e8000000)
  to   space 21824K,   0% used [0x00000000e5560000, 0x00000000e5560000, 0x00000000e6ab0000)
 concurrent mark-sweep generation total 393216K, used 123603K [0x00000000e8000000, 0x0000000100000000, 0x0000000100000000)
 Metaspace       used 33500K, capacity 33872K, committed 34248K, reserved 1079296K
  class space    used 3874K, capacity 3967K, committed 4040K, reserved 1048576K
}
2016-10-28T02:31:46.672-0400: 34.433: Total time for which application threads were stopped: 0.0241829 seconds, Stopping threads took: 0.0036121 seconds
2016-10-28T02:31:46.698-0400: 34.458: Total time for which application threads were stopped: 0.0005240 seconds, Stopping threads took: 0.0002899 seconds
{Heap before GC invocations=291 (full 2):
 par new generation   total 109248K, used 92386K [0x00000000e0000000, 0x00000000e8000000, 0x00000000e8000000)
  eden space 87424K, 100% used [0x00000000e0000000, 0x00000000e5560000, 0x00000000e5560000)
  from space 21824K,  22% used [0x00000000e6ab0000, 0x00000000e6f88970, 0x00000000e8000000)
  to   space 21824K,   0% used [0x00000000e5560000, 0x00000000e5560000, 0x00000000e6ab0000)
 concurrent mark-sweep generation total 393216K, used 123603K [0x00000000e8000000, 0x0000000100000000, 0x0000000100000000)
 Metaspace       used 33530K, capacity 33968K, committed 34248K, reserved 1079296K
  class space    used 3877K, capacity 3999K, committed 4040K, reserved 1048576K
2016-10-28T02:31:46.713-0400: 34.473: [GC (Allocation Failure) 2016-10-28T02:31:46.713-0400: 34.473: [ParNew
Desired survivor size 20112992 bytes, new threshold 8 (max 8)
- age   1:     731696 bytes,     731696 total
- age   2:    1711464 bytes,    2443160 total
- age   3:     245288 bytes,    2688448 total
- age   4:     547184 bytes,    3235632 total
- age   5:     578744 bytes,    3814376 total
- age   6:     243936 bytes,    4058312 total
- age   7:     317912 bytes,    4376224 total
- age   8:     219632 bytes,    4595856 total
: 92386K->5293K(109248K), 0.0131964 secs] 215990K->129140K(502464K), 0.0133164 secs] [Times: user=0.03 sys=0.00, real=0.01 secs] 
Heap after GC invocations=292 (full 2):
 par new generation   total 109248K, used 5293K [0x00000000e0000000, 0x00000000e8000000, 0x00000000e8000000)
  eden space 87424K,   0% used [0x00000000e0000000, 0x00000000e0000000, 0x00000000e5560000)
  from space 21824K,  24% used [0x00000000e5560000, 0x00000000e5a8b5a0, 0x00000000e6ab0000)
  to   space 21824K,   0% used [0x00000000e6ab0000, 0x00000000e6ab0000, 0x00000000e8000000)
 concurrent mark-sweep generation total 393216K, used 123846K [0x00000000e8000000, 0x0000000100000000, 0x0000000100000000)
 Metaspace       used 33530K, capacity 33968K, committed 34248K, reserved 1079296K
  class space    used 3877K, capacity 3999K, committed 4040K, reserved 1048576K
}
2016-10-28T02:31:46.726-0400: 34.487: Total time for which application threads were stopped: 0.0138977 seconds, Stopping threads took: 0.0002623 seconds
{Heap before GC invocations=292 (full 2):
 par new generation   total 109248K, used 92717K [0x00000000e0000000, 0x00000000e8000000, 0x00000000e8000000)
  eden space 87424K, 100% used [0x00000000e0000000, 0x00000000e5560000, 0x00000000e5560000)
  from space 21824K,  24% used [0x00000000e5560000, 0x00000000e5a8b5a0, 0x00000000e6ab0000)
  to   space 21824K,   0% used [0x00000000e6ab0000, 0x00000000e6ab0000, 0x00000000e8000000)
 concurrent mark-sweep generation total 393216K, used 123846K [0x00000000e8000000, 0x0000000100000000, 0x0000000100000000)
 Metaspace       used 33538K, capacity 33968K, committed 34248K, reserved 1079296K
  class space    used 3877K, capacity 3999K, committed 4040K, reserved 1048576K
2016-10-28T02:31:46.781-0400: 34.541: [GC (Allocation Failure) 2016-10-28T02:31:46.781-0400: 34.541: [ParNew
Desired survivor size 20112992 bytes, new threshold 8 (max 8)
- age   1:    1789128 bytes,    1789128 total
- age   2:     681704 bytes,    2470832 total
- age   3:     372272 bytes,    2843104 total
- age   4:     244808 bytes,    3087912 total
- age   5:     546872 bytes,    3634784 total
- age   6:     578288 bytes,    4213072 total
- age   7:     243360 bytes,    4456432 total
- age   8:     317528 bytes,    4773960 total
: 92717K->5203K(109248K), 0.0237106 secs] 216564K->129269K(502464K), 0.0238203 secs] [Times: user=0.05 sys=0.00, real=0.02 secs] 
Heap after GC invocations=293 (full 2):
 par new generation   total 109248K, used 5203K [0x00000000e0000000, 0x00000000e8000000, 0x00000000e8000000)
  eden space 87424K,   0% used [0x00000000e0000000, 0x00000000e0000000, 0x00000000e5560000)
  from space 21824K,  23% used [0x00000000e6ab0000, 0x00000000e6fc4de8, 0x00000000e8000000)
  to   space 21824K,   0% used [0x00000000e5560000, 0x00000000e5560000, 0x00000000e6ab0000)
 concurrent mark-sweep generation total 393216K, used 124066K [0x00000000e8000000, 0x0000000100000000, 0x0000000100000000)
 Metaspace       used 33538K, capacity 33968K, committed 34248K, reserved 1079296K
  class space    used 3877K, capacity 3999K, committed 4040K, reserved 1048576K
}
2016-10-28T02:31:46.805-0400: 34.565: Total time for which application threads were stopped: 0.0268386 seconds, Stopping threads took: 0.0024218 seconds
2016-10-28T02:31:46.839-0400: 34.599: Total time for which application threads were stopped: 0.0016785 seconds, Stopping threads took: 0.0015554 seconds
2016-10-28T02:31:46.843-0400: 34.603: Total time for which application threads were stopped: 0.0034489 seconds, Stopping threads took: 0.0032941 seconds
{Heap before GC invocations=293 (full 2):
 par new generation   total 109248K, used 92627K [0x00000000e0000000, 0x00000000e8000000, 0x00000000e8000000)
  eden space 87424K, 100% used [0x00000000e0000000, 0x00000000e5560000, 0x00000000e5560000)
  from space 21824K,  23% used [0x00000000e6ab0000, 0x00000000e6fc4de8, 0x00000000e8000000)
  to   space 21824K,   0% used [0x00000000e5560000, 0x00000000e5560000, 0x00000000e6ab0000)
 concurrent mark-sweep generation total 393216K, used 124066K [0x00000000e8000000, 0x0000000100000000, 0x0000000100000000)
 Metaspace       used 33547K, capacity 33968K, committed 34248K, reserved 1079296K
  class space    used 3877K, capacity 3999K, committed 4040K, reserved 1048576K
2016-10-28T02:31:46.864-0400: 34.624: [GC (Allocation Failure) 2016-10-28T02:31:46.864-0400: 34.624: [ParNew
Desired survivor size 20112992 bytes, new threshold 8 (max 8)
- age   1:     571328 bytes,     571328 total
- age   2:    1753240 bytes,    2324568 total
- age   3:     351504 bytes,    2676072 total
- age   4:     372320 bytes,    3048392 total
- age   5:     244832 bytes,    3293224 total
- age   6:     546896 bytes,    3840120 total
- age   7:     578456 bytes,    4418576 total
- age   8:     243504 bytes,    4662080 total
: 92627K->6805K(109248K), 0.0127786 secs] 216693K->131187K(502464K), 0.0128952 secs] [Times: user=0.02 sys=0.01, real=0.01 secs] 
Heap after GC invocations=294 (full 2):
 par new generation   total 109248K, used 6805K [0x00000000e0000000, 0x00000000e8000000, 0x00000000e8000000)
  eden space 87424K,   0% used [0x00000000e0000000, 0x00000000e0000000, 0x00000000e5560000)
  from space 21824K,  31% used [0x00000000e5560000, 0x00000000e5c05750, 0x00000000e6ab0000)
  to   space 21824K,   0% used [0x00000000e6ab0000, 0x00000000e6ab0000, 0x00000000e8000000)
 concurrent mark-sweep generation total 393216K, used 124381K [0x00000000e8000000, 0x0000000100000000, 0x0000000100000000)
 Metaspace       used 33547K, capacity 33968K, committed 34248K, reserved 1079296K
  class space    used 3877K, capacity 3999K, committed 4040K, reserved 1048576K
}
2016-10-28T02:31:46.877-0400: 34.637: Total time for which application threads were stopped: 0.0141981 seconds, Stopping threads took: 0.0009963 seconds
{Heap before GC invocations=294 (full 2):
 par new generation   total 109248K, used 94229K [0x00000000e0000000, 0x00000000e8000000, 0x00000000e8000000)
  eden space 87424K, 100% used [0x00000000e0000000, 0x00000000e5560000, 0x00000000e5560000)
  from space 21824K,  31% used [0x00000000e5560000, 0x00000000e5c05750, 0x00000000e6ab0000)
  to   space 21824K,   0% used [0x00000000e6ab0000, 0x00000000e6ab0000, 0x00000000e8000000)
 concurrent mark-sweep generation total 393216K, used 124381K [0x00000000e8000000, 0x0000000100000000, 0x0000000100000000)
 Metaspace       used 33550K, capacity 33968K, committed 34248K, reserved 1079296K
  class space    used 3877K, capacity 3999K, committed 4040K, reserved 1048576K
2016-10-28T02:31:46.907-0400: 34.667: [GC (Allocation Failure) 2016-10-28T02:31:46.908-0400: 34.668: [ParNew
Desired survivor size 20112992 bytes, new threshold 8 (max 8)
- age   1:    2167312 bytes,    2167312 total
- age   2:     544744 bytes,    2712056 total
- age   3:     247544 bytes,    2959600 total
- age   4:     351432 bytes,    3311032 total
- age   5:     372272 bytes,    3683304 total
- age   6:     244808 bytes,    3928112 total
- age   7:     546792 bytes,    4474904 total
- age   8:     578288 bytes,    5053192 total
: 94229K->5796K(109248K), 0.0211980 secs] 218611K->130420K(502464K), 0.0216758 secs] [Times: user=0.06 sys=0.00, real=0.02 secs] 
Heap after GC invocations=295 (full 2):
 par new generation   total 109248K, used 5796K [0x00000000e0000000, 0x00000000e8000000, 0x00000000e8000000)
  eden space 87424K,   0% used [0x00000000e0000000, 0x00000000e0000000, 0x00000000e5560000)
  from space 21824K,  26% used [0x00000000e6ab0000, 0x00000000e7059080, 0x00000000e8000000)
  to   space 21824K,   0% used [0x00000000e5560000, 0x00000000e5560000, 0x00000000e6ab0000)
 concurrent mark-sweep generation total 393216K, used 124624K [0x00000000e8000000, 0x0000000100000000, 0x0000000100000000)
 Metaspace       used 33550K, capacity 33968K, committed 34248K, reserved 1079296K
  class space    used 3877K, capacity 3999K, committed 4040K, reserved 1048576K
}
2016-10-28T02:31:46.929-0400: 34.689: Total time for which application threads were stopped: 0.0222923 seconds, Stopping threads took: 0.0003424 seconds
{Heap before GC invocations=295 (full 2):
 par new generation   total 109248K, used 93220K [0x00000000e0000000, 0x00000000e8000000, 0x00000000e8000000)
  eden space 87424K, 100% used [0x00000000e0000000, 0x00000000e5560000, 0x00000000e5560000)
  from space 21824K,  26% used [0x00000000e6ab0000, 0x00000000e7059080, 0x00000000e8000000)
  to   space 21824K,   0% used [0x00000000e5560000, 0x00000000e5560000, 0x00000000e6ab0000)
 concurrent mark-sweep generation total 393216K, used 124624K [0x00000000e8000000, 0x0000000100000000, 0x0000000100000000)
 Metaspace       used 33552K, capacity 33968K, committed 34248K, reserved 1079296K
  class space    used 3877K, capacity 3999K, committed 4040K, reserved 1048576K
2016-10-28T02:31:46.958-0400: 34.718: [GC (Allocation Failure) 2016-10-28T02:31:46.958-0400: 34.718: [ParNew
Desired survivor size 20112992 bytes, new threshold 8 (max 8)
- age   1:     635768 bytes,     635768 total
- age   2:    2140840 bytes,    2776608 total
- age   3:     193192 bytes,    2969800 total
- age   4:     247344 bytes,    3217144 total
- age   5:     351432 bytes,    3568576 total
- age   6:     372272 bytes,    3940848 total
- age   7:     243328 bytes,    4184176 total
- age   8:     546792 bytes,    4730968 total
: 93220K->8652K(109248K), 0.0278961 secs] 217844K->133847K(502464K), 0.0279987 secs] [Times: user=0.06 sys=0.02, real=0.03 secs] 
Heap after GC invocations=296 (full 2):
 par new generation   total 109248K, used 8652K [0x00000000e0000000, 0x00000000e8000000, 0x00000000e8000000)
  eden space 87424K,   0% used [0x00000000e0000000, 0x00000000e0000000, 0x00000000e5560000)
  from space 21824K,  39% used [0x00000000e5560000, 0x00000000e5dd3300, 0x00000000e6ab0000)
  to   space 21824K,   0% used [0x00000000e6ab0000, 0x00000000e6ab0000, 0x00000000e8000000)
 concurrent mark-sweep generation total 393216K, used 125194K [0x00000000e8000000, 0x0000000100000000, 0x0000000100000000)
 Metaspace       used 33552K, capacity 33968K, committed 34248K, reserved 1079296K
  class space    used 3877K, capacity 3999K, committed 4040K, reserved 1048576K
}
2016-10-28T02:31:46.986-0400: 34.746: Total time for which application threads were stopped: 0.0285607 seconds, Stopping threads took: 0.0003386 seconds
{Heap before GC invocations=296 (full 2):
 par new generation   total 109248K, used 96076K [0x00000000e0000000, 0x00000000e8000000, 0x00000000e8000000)
  eden space 87424K, 100% used [0x00000000e0000000, 0x00000000e5560000, 0x00000000e5560000)
  from space 21824K,  39% used [0x00000000e5560000, 0x00000000e5dd3300, 0x00000000e6ab0000)
  to   space 21824K,   0% used [0x00000000e6ab0000, 0x00000000e6ab0000, 0x00000000e8000000)
 concurrent mark-sweep generation total 393216K, used 125194K [0x00000000e8000000, 0x0000000100000000, 0x0000000100000000)
 Metaspace       used 33552K, capacity 33968K, committed 34248K, reserved 1079296K
  class space    used 3877K, capacity 3999K, committed 4040K, reserved 1048576K
2016-10-28T02:31:47.034-0400: 34.794: [GC (Allocation Failure) 2016-10-28T02:31:47.034-0400: 34.794: [ParNew
Desired survivor size 20112992 bytes, new threshold 8 (max 8)
- age   1:    1013824 bytes,    1013824 total
- age   2:     609304 bytes,    1623128 total
- age   3:    1457448 bytes,    3080576 total
- age   4:     193192 bytes,    3273768 total
- age   5:     247344 bytes,    3521112 total
- age   6:     351432 bytes,    3872544 total
- age   7:     372272 bytes,    4244816 total
- age   8:     243328 bytes,    4488144 total
: 96076K->5038K(109248K), 0.0270685 secs] 221271K->130772K(502464K), 0.0272498 secs] [Times: user=0.08 sys=0.00, real=0.03 secs] 
Heap after GC invocations=297 (full 2):
 par new generation   total 109248K, used 5038K [0x00000000e0000000, 0x00000000e8000000, 0x00000000e8000000)
  eden space 87424K,   0% used [0x00000000e0000000, 0x00000000e0000000, 0x00000000e5560000)
  from space 21824K,  23% used [0x00000000e6ab0000, 0x00000000e6f9b9c8, 0x00000000e8000000)
  to   space 21824K,   0% used [0x00000000e5560000, 0x00000000e5560000, 0x00000000e6ab0000)
 concurrent mark-sweep generation total 393216K, used 125733K [0x00000000e8000000, 0x0000000100000000, 0x0000000100000000)
 Metaspace       used 33552K, capacity 33968K, committed 34248K, reserved 1079296K
  class space    used 3877K, capacity 3999K, committed 4040K, reserved 1048576K
}
2016-10-28T02:31:47.061-0400: 34.821: Total time for which application threads were stopped: 0.0335031 seconds, Stopping threads took: 0.0060441 seconds
{Heap before GC invocations=297 (full 2):
 par new generation   total 109248K, used 92462K [0x00000000e0000000, 0x00000000e8000000, 0x00000000e8000000)
  eden space 87424K, 100% used [0x00000000e0000000, 0x00000000e5560000, 0x00000000e5560000)
  from space 21824K,  23% used [0x00000000e6ab0000, 0x00000000e6f9b9c8, 0x00000000e8000000)
  to   space 21824K,   0% used [0x00000000e5560000, 0x00000000e5560000, 0x00000000e6ab0000)
 concurrent mark-sweep generation total 393216K, used 125733K [0x00000000e8000000, 0x0000000100000000, 0x0000000100000000)
 Metaspace       used 33553K, capacity 33968K, committed 34248K, reserved 1079296K
  class space    used 3877K, capacity 3999K, committed 4040K, reserved 1048576K
2016-10-28T02:31:47.093-0400: 34.853: [GC (Allocation Failure) 2016-10-28T02:31:47.093-0400: 34.853: [ParNew
Desired survivor size 20112992 bytes, new threshold 8 (max 8)
- age   1:    1860632 bytes,    1860632 total
- age   2:     987376 bytes,    2848008 total
- age   3:     213624 bytes,    3061632 total
- age   4:     447000 bytes,    3508632 total
- age   5:     193192 bytes,    3701824 total
- age   6:     247344 bytes,    3949168 total
- age   7:     351432 bytes,    4300600 total
- age   8:     372272 bytes,    4672872 total
: 92462K->5871K(109248K), 0.0201538 secs] 218196K->131848K(502464K), 0.0202331 secs] [Times: user=0.08 sys=0.00, real=0.02 secs] 
Heap after GC invocations=298 (full 2):
 par new generation   total 109248K, used 5871K [0x00000000e0000000, 0x00000000e8000000, 0x00000000e8000000)
  eden space 87424K,   0% used [0x00000000e0000000, 0x00000000e0000000, 0x00000000e5560000)
  from space 21824K,  26% used [0x00000000e5560000, 0x00000000e5b1be98, 0x00000000e6ab0000)
  to   space 21824K,   0% used [0x00000000e6ab0000, 0x00000000e6ab0000, 0x00000000e8000000)
 concurrent mark-sweep generation total 393216K, used 125976K [0x00000000e8000000, 0x0000000100000000, 0x0000000100000000)
 Metaspace       used 33553K, capacity 33968K, committed 34248K, reserved 1079296K
  class space    used 3877K, capacity 3999K, committed 4040K, reserved 1048576K
}
2016-10-28T02:31:47.113-0400: 34.874: Total time for which application threads were stopped: 0.0207220 seconds, Stopping threads took: 0.0001817 seconds
{Heap before GC invocations=298 (full 2):
 par new generation   total 109248K, used 93295K [0x00000000e0000000, 0x00000000e8000000, 0x00000000e8000000)
  eden space 87424K, 100% used [0x00000000e0000000, 0x00000000e5560000, 0x00000000e5560000)
  from space 21824K,  26% used [0x00000000e5560000, 0x00000000e5b1be98, 0x00000000e6ab0000)
  to   space 21824K,   0% used [0x00000000e6ab0000, 0x00000000e6ab0000, 0x00000000e8000000)
 concurrent mark-sweep generation total 393216K, used 125976K [0x00000000e8000000, 0x0000000100000000, 0x0000000100000000)
 Metaspace       used 33553K, capacity 33968K, committed 34248K, reserved 1079296K
  class space    used 3877K, capacity 3999K, committed 4040K, reserved 1048576K
2016-10-28T02:31:47.140-0400: 34.900: [GC (Allocation Failure) 2016-10-28T02:31:47.140-0400: 34.900: [ParNew
Desired survivor size 20112992 bytes, new threshold 8 (max 8)
- age   1:     205544 bytes,     205544 total
- age   2:    1834136 bytes,    2039680 total
- age   3:     987376 bytes,    3027056 total
- age   4:     213624 bytes,    3240680 total
- age   5:     447000 bytes,    3687680 total
- age   6:     193080 bytes,    3880760 total
- age   7:     247344 bytes,    4128104 total
- age   8:     351432 bytes,    4479536 total
: 93295K->6221K(109248K), 0.0279815 secs] 219272K->132566K(502464K), 0.0282447 secs] [Times: user=0.07 sys=0.02, real=0.03 secs] 
Heap after GC invocations=299 (full 2):
 par new generation   total 109248K, used 6221K [0x00000000e0000000, 0x00000000e8000000, 0x00000000e8000000)
  eden space 87424K,   0% used [0x00000000e0000000, 0x00000000e0000000, 0x00000000e5560000)
  from space 21824K,  28% used [0x00000000e6ab0000, 0x00000000e70c34a0, 0x00000000e8000000)
  to   space 21824K,   0% used [0x00000000e5560000, 0x00000000e5560000, 0x00000000e6ab0000)
 concurrent mark-sweep generation total 393216K, used 126345K [0x00000000e8000000, 0x0000000100000000, 0x0000000100000000)
 Metaspace       used 33553K, capacity 33968K, committed 34248K, reserved 1079296K
  class space    used 3877K, capacity 3999K, committed 4040K, reserved 1048576K
}
2016-10-28T02:31:47.168-0400: 34.928: Total time for which application threads were stopped: 0.0287818 seconds, Stopping threads took: 0.0002277 seconds
{Heap before GC invocations=299 (full 2):
 par new generation   total 109248K, used 93645K [0x00000000e0000000, 0x00000000e8000000, 0x00000000e8000000)
  eden space 87424K, 100% used [0x00000000e0000000, 0x00000000e5560000, 0x00000000e5560000)
  from space 21824K,  28% used [0x00000000e6ab0000, 0x00000000e70c34a0, 0x00000000e8000000)
  to   space 21824K,   0% used [0x00000000e5560000, 0x00000000e5560000, 0x00000000e6ab0000)
 concurrent mark-sweep generation total 393216K, used 126345K [0x00000000e8000000, 0x0000000100000000, 0x0000000100000000)
 Metaspace       used 33553K, capacity 33968K, committed 34248K, reserved 1079296K
  class space    used 3877K, capacity 3999K, committed 4040K, reserved 1048576K
2016-10-28T02:31:47.208-0400: 34.969: [GC (Allocation Failure) 2016-10-28T02:31:47.209-0400: 34.969: [ParNew
Desired survivor size 20112992 bytes, new threshold 8 (max 8)
- age   1:    1621296 bytes,    1621296 total
- age   2:     179080 bytes,    1800376 total
- age   3:    1611656 bytes,    3412032 total
- age   4:     218504 bytes,    3630536 total
- age   5:     213624 bytes,    3844160 total
- age   6:     447024 bytes,    4291184 total
- age   7:     193080 bytes,    4484264 total
- age   8:     247344 bytes,    4731608 total
: 93645K->5864K(109248K), 0.0163533 secs] 219990K->132559K(502464K), 0.0164864 secs] [Times: user=0.04 sys=0.00, real=0.01 secs] 
Heap after GC invocations=300 (full 2):
 par new generation   total 109248K, used 5864K [0x00000000e0000000, 0x00000000e8000000, 0x00000000e8000000)
  eden space 87424K,   0% used [0x00000000e0000000, 0x00000000e0000000, 0x00000000e5560000)
  from space 21824K,  26% used [0x00000000e5560000, 0x00000000e5b1a340, 0x00000000e6ab0000)
  to   space 21824K,   0% used [0x00000000e6ab0000, 0x00000000e6ab0000, 0x00000000e8000000)
 concurrent mark-sweep generation total 393216K, used 126694K [0x00000000e8000000, 0x0000000100000000, 0x0000000100000000)
 Metaspace       used 33553K, capacity 33968K, committed 34248K, reserved 1079296K
  class space    used 3877K, capacity 3999K, committed 4040K, reserved 1048576K
}
2016-10-28T02:31:47.225-0400: 34.985: Total time for which application threads were stopped: 0.0170066 seconds, Stopping threads took: 0.0002000 seconds
{Heap before GC invocations=300 (full 2):
 par new generation   total 109248K, used 93288K [0x00000000e0000000, 0x00000000e8000000, 0x00000000e8000000)
  eden space 87424K, 100% used [0x00000000e0000000, 0x00000000e5560000, 0x00000000e5560000)
  from space 21824K,  26% used [0x00000000e5560000, 0x00000000e5b1a340, 0x00000000e6ab0000)
  to   space 21824K,   0% used [0x00000000e6ab0000, 0x00000000e6ab0000, 0x00000000e8000000)
 concurrent mark-sweep generation total 393216K, used 126694K [0x00000000e8000000, 0x0000000100000000, 0x0000000100000000)
 Metaspace       used 33553K, capacity 33968K, committed 34248K, reserved 1079296K
  class space    used 3877K, capacity 3999K, committed 4040K, reserved 1048576K
2016-10-28T02:31:47.254-0400: 35.015: [GC (Allocation Failure) 2016-10-28T02:31:47.256-0400: 35.016: [ParNew
Desired survivor size 20112992 bytes, new threshold 8 (max 8)
- age   1:    2715808 bytes,    2715808 total
- age   2:    1594840 bytes,    4310648 total
- age   3:     179080 bytes,    4489728 total
- age   4:     252392 bytes,    4742120 total
- age   5:     218504 bytes,    4960624 total
- age   6:     213624 bytes,    5174248 total
- age   7:     447000 bytes,    5621248 total
- age   8:     193080 bytes,    5814328 total
: 93288K->7001K(109248K), 0.0211759 secs] 219983K->133942K(502464K), 0.0229033 secs] [Times: user=0.06 sys=0.00, real=0.02 secs] 
Heap after GC invocations=301 (full 2):
 par new generation   total 109248K, used 7001K [0x00000000e0000000, 0x00000000e8000000, 0x00000000e8000000)
  eden space 87424K,   0% used [0x00000000e0000000, 0x00000000e0000000, 0x00000000e5560000)
  from space 21824K,  32% used [0x00000000e6ab0000, 0x00000000e7186560, 0x00000000e8000000)
  to   space 21824K,   0% used [0x00000000e5560000, 0x00000000e5560000, 0x00000000e6ab0000)
 concurrent mark-sweep generation total 393216K, used 126941K [0x00000000e8000000, 0x0000000100000000, 0x0000000100000000)
 Metaspace       used 33553K, capacity 33968K, committed 34248K, reserved 1079296K
  class space    used 3877K, capacity 3999K, committed 4040K, reserved 1048576K
}
2016-10-28T02:31:47.278-0400: 35.038: Total time for which application threads were stopped: 0.0234193 seconds, Stopping threads took: 0.0001860 seconds
{Heap before GC invocations=301 (full 2):
 par new generation   total 109248K, used 94425K [0x00000000e0000000, 0x00000000e8000000, 0x00000000e8000000)
  eden space 87424K, 100% used [0x00000000e0000000, 0x00000000e5560000, 0x00000000e5560000)
  from space 21824K,  32% used [0x00000000e6ab0000, 0x00000000e7186560, 0x00000000e8000000)
  to   space 21824K,   0% used [0x00000000e5560000, 0x00000000e5560000, 0x00000000e6ab0000)
 concurrent mark-sweep generation total 393216K, used 126941K [0x00000000e8000000, 0x0000000100000000, 0x0000000100000000)
 Metaspace       used 33553K, capacity 33968K, committed 34248K, reserved 1079296K
  class space    used 3877K, capacity 3999K, committed 4040K, reserved 1048576K
2016-10-28T02:31:47.323-0400: 35.084: [GC (Allocation Failure) 2016-10-28T02:31:47.323-0400: 35.084: [ParNew
Desired survivor size 20112992 bytes, new threshold 8 (max 8)
- age   1:     507608 bytes,     507608 total
- age   2:    2689352 bytes,    3196960 total
- age   3:    1594840 bytes,    4791800 total
- age   4:     178968 bytes,    4970768 total
- age   5:     252136 bytes,    5222904 total
- age   6:     218504 bytes,    5441408 total
- age   7:     213624 bytes,    5655032 total
- age   8:     447000 bytes,    6102032 total
: 94425K->6462K(109248K), 0.0143786 secs] 221366K->133597K(502464K), 0.0144664 secs] [Times: user=0.05 sys=0.00, real=0.01 secs] 
Heap after GC invocations=302 (full 2):
 par new generation   total 109248K, used 6462K [0x00000000e0000000, 0x00000000e8000000, 0x00000000e8000000)
  eden space 87424K,   0% used [0x00000000e0000000, 0x00000000e0000000, 0x00000000e5560000)
  from space 21824K,  29% used [0x00000000e5560000, 0x00000000e5baf9b8, 0x00000000e6ab0000)
  to   space 21824K,   0% used [0x00000000e6ab0000, 0x00000000e6ab0000, 0x00000000e8000000)
 concurrent mark-sweep generation total 393216K, used 127135K [0x00000000e8000000, 0x0000000100000000, 0x0000000100000000)
 Metaspace       used 33553K, capacity 33968K, committed 34248K, reserved 1079296K
  class space    used 3877K, capacity 3999K, committed 4040K, reserved 1048576K
}
2016-10-28T02:31:47.338-0400: 35.098: Total time for which application threads were stopped: 0.0192654 seconds, Stopping threads took: 0.0045325 seconds
{Heap before GC invocations=302 (full 2):
 par new generation   total 109248K, used 93886K [0x00000000e0000000, 0x00000000e8000000, 0x00000000e8000000)
  eden space 87424K, 100% used [0x00000000e0000000, 0x00000000e5560000, 0x00000000e5560000)
  from space 21824K,  29% used [0x00000000e5560000, 0x00000000e5baf9b8, 0x00000000e6ab0000)
  to   space 21824K,   0% used [0x00000000e6ab0000, 0x00000000e6ab0000, 0x00000000e8000000)
 concurrent mark-sweep generation total 393216K, used 127135K [0x00000000e8000000, 0x0000000100000000, 0x0000000100000000)
 Metaspace       used 33553K, capacity 33968K, committed 34248K, reserved 1079296K
  class space    used 3877K, capacity 3999K, committed 4040K, reserved 1048576K
2016-10-28T02:31:47.362-0400: 35.122: [GC (Allocation Failure) 2016-10-28T02:31:47.362-0400: 35.122: [ParNew
Desired survivor size 20112992 bytes, new threshold 8 (max 8)
- age   1:    1532944 bytes,    1532944 total
- age   2:     481200 bytes,    2014144 total
- age   3:    2689424 bytes,    4703568 total
- age   4:     479792 bytes,    5183360 total
- age   5:     179064 bytes,    5362424 total
- age   6:     252328 bytes,    5614752 total
- age   7:     218720 bytes,    5833472 total
- age   8:     213672 bytes,    6047144 total
: 93886K->6484K(109248K), 0.0112969 secs] 221021K->134061K(502464K), 0.0114362 secs] [Times: user=0.03 sys=0.00, real=0.01 secs] 
Heap after GC invocations=303 (full 2):
 par new generation   total 109248K, used 6484K [0x00000000e0000000, 0x00000000e8000000, 0x00000000e8000000)
  eden space 87424K,   0% used [0x00000000e0000000, 0x00000000e0000000, 0x00000000e5560000)
  from space 21824K,  29% used [0x00000000e6ab0000, 0x00000000e7105248, 0x00000000e8000000)
  to   space 21824K,   0% used [0x00000000e5560000, 0x00000000e5560000, 0x00000000e6ab0000)
 concurrent mark-sweep generation total 393216K, used 127576K [0x00000000e8000000, 0x0000000100000000, 0x0000000100000000)
 Metaspace       used 33553K, capacity 33968K, committed 34248K, reserved 1079296K
  class space    used 3877K, capacity 3999K, committed 4040K, reserved 1048576K
}
2016-10-28T02:31:47.373-0400: 35.133: Total time for which application threads were stopped: 0.0120141 seconds, Stopping threads took: 0.0003030 seconds
{Heap before GC invocations=303 (full 2):
 par new generation   total 109248K, used 93908K [0x00000000e0000000, 0x00000000e8000000, 0x00000000e8000000)
  eden space 87424K, 100% used [0x00000000e0000000, 0x00000000e5560000, 0x00000000e5560000)
  from space 21824K,  29% used [0x00000000e6ab0000, 0x00000000e7105248, 0x00000000e8000000)
  to   space 21824K,   0% used [0x00000000e5560000, 0x00000000e5560000, 0x00000000e6ab0000)
 concurrent mark-sweep generation total 393216K, used 127576K [0x00000000e8000000, 0x0000000100000000, 0x0000000100000000)
 Metaspace       used 33553K, capacity 33968K, committed 34248K, reserved 1079296K
  class space    used 3877K, capacity 3999K, committed 4040K, reserved 1048576K
2016-10-28T02:31:47.396-0400: 35.156: [GC (Allocation Failure) 2016-10-28T02:31:47.396-0400: 35.156: [ParNew
Desired survivor size 20112992 bytes, new threshold 8 (max 8)
- age   1:    1924728 bytes,    1924728 total
- age   2:    1506240 bytes,    3430968 total
- age   3:     481152 bytes,    3912120 total
- age   4:    1160240 bytes,    5072360 total
- age   5:     479696 bytes,    5552056 total
- age   6:     178968 bytes,    5731024 total
- age   7:     284920 bytes,    6015944 total
- age   8:     218504 bytes,    6234448 total
: 93908K->8059K(109248K), 0.0164612 secs] 221485K->135850K(502464K), 0.0165383 secs] [Times: user=0.04 sys=0.01, real=0.02 secs] 
Heap after GC invocations=304 (full 2):
 par new generation   total 109248K, used 8059K [0x00000000e0000000, 0x00000000e8000000, 0x00000000e8000000)
  eden space 87424K,   0% used [0x00000000e0000000, 0x00000000e0000000, 0x00000000e5560000)
  from space 21824K,  36% used [0x00000000e5560000, 0x00000000e5d3ee00, 0x00000000e6ab0000)
  to   space 21824K,   0% used [0x00000000e6ab0000, 0x00000000e6ab0000, 0x00000000e8000000)
 concurrent mark-sweep generation total 393216K, used 127790K [0x00000000e8000000, 0x0000000100000000, 0x0000000100000000)
 Metaspace       used 33553K, capacity 33968K, committed 34248K, reserved 1079296K
  class space    used 3877K, capacity 3999K, committed 4040K, reserved 1048576K
}
2016-10-28T02:31:47.413-0400: 35.173: Total time for which application threads were stopped: 0.0170230 seconds, Stopping threads took: 0.0002768 seconds
{Heap before GC invocations=304 (full 2):
 par new generation   total 109248K, used 95483K [0x00000000e0000000, 0x00000000e8000000, 0x00000000e8000000)
  eden space 87424K, 100% used [0x00000000e0000000, 0x00000000e5560000, 0x00000000e5560000)
  from space 21824K,  36% used [0x00000000e5560000, 0x00000000e5d3ee00, 0x00000000e6ab0000)
  to   space 21824K,   0% used [0x00000000e6ab0000, 0x00000000e6ab0000, 0x00000000e8000000)
 concurrent mark-sweep generation total 393216K, used 127790K [0x00000000e8000000, 0x0000000100000000, 0x0000000100000000)
 Metaspace       used 33553K, capacity 33968K, committed 34248K, reserved 1079296K
  class space    used 3877K, capacity 3999K, committed 4040K, reserved 1048576K
2016-10-28T02:31:47.452-0400: 35.212: [GC (Allocation Failure) 2016-10-28T02:31:47.452-0400: 35.212: [ParNew
Desired survivor size 20112992 bytes, new threshold 8 (max 8)
- age   1:     245800 bytes,     245800 total
- age   2:    1898264 bytes,    2144064 total
- age   3:    1506240 bytes,    3650304 total
- age   4:     480864 bytes,    4131168 total
- age   5:    1160240 bytes,    5291408 total
- age   6:     479696 bytes,    5771104 total
- age   7:     178968 bytes,    5950072 total
- age   8:     252136 bytes,    6202208 total
: 95483K->7668K(109248K), 0.0138100 secs] 223274K->135677K(502464K), 0.0139155 secs] [Times: user=0.04 sys=0.00, real=0.01 secs] 
Heap after GC invocations=305 (full 2):
 par new generation   total 109248K, used 7668K [0x00000000e0000000, 0x00000000e8000000, 0x00000000e8000000)
  eden space 87424K,   0% used [0x00000000e0000000, 0x00000000e0000000, 0x00000000e5560000)
  from space 21824K,  35% used [0x00000000e6ab0000, 0x00000000e722d130, 0x00000000e8000000)
  to   space 21824K,   0% used [0x00000000e5560000, 0x00000000e5560000, 0x00000000e6ab0000)
 concurrent mark-sweep generation total 393216K, used 128009K [0x00000000e8000000, 0x0000000100000000, 0x0000000100000000)
 Metaspace       used 33553K, capacity 33968K, committed 34248K, reserved 1079296K
  class space    used 3877K, capacity 3999K, committed 4040K, reserved 1048576K
}
2016-10-28T02:31:47.466-0400: 35.226: Total time for which application threads were stopped: 0.0143406 seconds, Stopping threads took: 0.0001720 seconds
{Heap before GC invocations=305 (full 2):
 par new generation   total 109248K, used 95092K [0x00000000e0000000, 0x00000000e8000000, 0x00000000e8000000)
  eden space 87424K, 100% used [0x00000000e0000000, 0x00000000e5560000, 0x00000000e5560000)
  from space 21824K,  35% used [0x00000000e6ab0000, 0x00000000e722d130, 0x00000000e8000000)
  to   space 21824K,   0% used [0x00000000e5560000, 0x00000000e5560000, 0x00000000e6ab0000)
 concurrent mark-sweep generation total 393216K, used 128009K [0x00000000e8000000, 0x0000000100000000, 0x0000000100000000)
 Metaspace       used 33553K, capacity 33968K, committed 34248K, reserved 1079296K
  class space    used 3877K, capacity 3999K, committed 4040K, reserved 1048576K
2016-10-28T02:31:47.487-0400: 35.247: [GC (Allocation Failure) 2016-10-28T02:31:47.487-0400: 35.247: [ParNew
Desired survivor size 20112992 bytes, new threshold 8 (max 8)
- age   1:     734608 bytes,     734608 total
- age   2:     219336 bytes,     953944 total
- age   3:    1898264 bytes,    2852208 total
- age   4:    1103984 bytes,    3956192 total
- age   5:     480864 bytes,    4437056 total
- age   6:    1160240 bytes,    5597296 total
- age   7:     479696 bytes,    6076992 total
- age   8:     178968 bytes,    6255960 total
: 95092K->6694K(109248K), 0.0284327 secs] 223101K->134955K(502464K), 0.0285493 secs] [Times: user=0.09 sys=0.00, real=0.03 secs] 
Heap after GC invocations=306 (full 2):
 par new generation   total 109248K, used 6694K [0x00000000e0000000, 0x00000000e8000000, 0x00000000e8000000)
  eden space 87424K,   0% used [0x00000000e0000000, 0x00000000e0000000, 0x00000000e5560000)
  from space 21824K,  30% used [0x00000000e5560000, 0x00000000e5be9948, 0x00000000e6ab0000)
  to   space 21824K,   0% used [0x00000000e6ab0000, 0x00000000e6ab0000, 0x00000000e8000000)
 concurrent mark-sweep generation total 393216K, used 128260K [0x00000000e8000000, 0x0000000100000000, 0x0000000100000000)
 Metaspace       used 33553K, capacity 33968K, committed 34248K, reserved 1079296K
  class space    used 3877K, capacity 3999K, committed 4040K, reserved 1048576K
}
2016-10-28T02:31:47.516-0400: 35.276: Total time for which application threads were stopped: 0.0289753 seconds, Stopping threads took: 0.0001537 seconds
{Heap before GC invocations=306 (full 2):
 par new generation   total 109248K, used 94118K [0x00000000e0000000, 0x00000000e8000000, 0x00000000e8000000)
  eden space 87424K, 100% used [0x00000000e0000000, 0x00000000e5560000, 0x00000000e5560000)
  from space 21824K,  30% used [0x00000000e5560000, 0x00000000e5be9948, 0x00000000e6ab0000)
  to   space 21824K,   0% used [0x00000000e6ab0000, 0x00000000e6ab0000, 0x00000000e8000000)
 concurrent mark-sweep generation total 393216K, used 128260K [0x00000000e8000000, 0x0000000100000000, 0x0000000100000000)
 Metaspace       used 33553K, capacity 33968K, committed 34248K, reserved 1079296K
  class space    used 3877K, capacity 3999K, committed 4040K, reserved 1048576K
2016-10-28T02:31:47.555-0400: 35.315: [GC (Allocation Failure) 2016-10-28T02:31:47.555-0400: 35.315: [ParNew
Desired survivor size 20112992 bytes, new threshold 8 (max 8)
- age   1:    3129920 bytes,    3129920 total
- age   2:     708152 bytes,    3838072 total
- age   3:     219336 bytes,    4057408 total
- age   4:     177968 bytes,    4235376 total
- age   5:     251624 bytes,    4487000 total
- age   6:     480864 bytes,    4967864 total
- age   7:    1160240 bytes,    6128104 total
- age   8:     479696 bytes,    6607800 total
: 94118K->6739K(109248K), 0.0263805 secs] 222379K->135181K(502464K), 0.0264710 secs] [Times: user=0.08 sys=0.01, real=0.03 secs] 
Heap after GC invocations=307 (full 2):
 par new generation   total 109248K, used 6739K [0x00000000e0000000, 0x00000000e8000000, 0x00000000e8000000)
  eden space 87424K,   0% used [0x00000000e0000000, 0x00000000e0000000, 0x00000000e5560000)
  from space 21824K,  30% used [0x00000000e6ab0000, 0x00000000e7144fe0, 0x00000000e8000000)
  to   space 21824K,   0% used [0x00000000e5560000, 0x00000000e5560000, 0x00000000e6ab0000)
 concurrent mark-sweep generation total 393216K, used 128441K [0x00000000e8000000, 0x0000000100000000, 0x0000000100000000)
 Metaspace       used 33553K, capacity 33968K, committed 34248K, reserved 1079296K
  class space    used 3877K, capacity 3999K, committed 4040K, reserved 1048576K
}
2016-10-28T02:31:47.582-0400: 35.342: Total time for which application threads were stopped: 0.0269567 seconds, Stopping threads took: 0.0002228 seconds
{Heap before GC invocations=307 (full 2):
 par new generation   total 109248K, used 94163K [0x00000000e0000000, 0x00000000e8000000, 0x00000000e8000000)
  eden space 87424K, 100% used [0x00000000e0000000, 0x00000000e5560000, 0x00000000e5560000)
  from space 21824K,  30% used [0x00000000e6ab0000, 0x00000000e7144fe0, 0x00000000e8000000)
  to   space 21824K,   0% used [0x00000000e5560000, 0x00000000e5560000, 0x00000000e6ab0000)
 concurrent mark-sweep generation total 393216K, used 128441K [0x00000000e8000000, 0x0000000100000000, 0x0000000100000000)
 Metaspace       used 33553K, capacity 33968K, committed 34248K, reserved 1079296K
  class space    used 3877K, capacity 3999K, committed 4040K, reserved 1048576K
2016-10-28T02:31:47.616-0400: 35.376: [GC (Allocation Failure) 2016-10-28T02:31:47.616-0400: 35.376: [ParNew
Desired survivor size 20112992 bytes, new threshold 8 (max 8)
- age   1:     245584 bytes,     245584 total
- age   2:    3103464 bytes,    3349048 total
- age   3:     708152 bytes,    4057200 total
- age   4:     219336 bytes,    4276536 total
- age   5:     177968 bytes,    4454504 total
- age   6:     251512 bytes,    4706016 total
- age   7:     480864 bytes,    5186880 total
- age   8:    1160240 bytes,    6347120 total
: 94163K->9591K(109248K), 0.0134021 secs] 222605K->138506K(502464K), 0.0135045 secs] [Times: user=0.03 sys=0.00, real=0.02 secs] 
Heap after GC invocations=308 (full 2):
 par new generation   total 109248K, used 9591K [0x00000000e0000000, 0x00000000e8000000, 0x00000000e8000000)
  eden space 87424K,   0% used [0x00000000e0000000, 0x00000000e0000000, 0x00000000e5560000)
  from space 21824K,  43% used [0x00000000e5560000, 0x00000000e5ebddb8, 0x00000000e6ab0000)
  to   space 21824K,   0% used [0x00000000e6ab0000, 0x00000000e6ab0000, 0x00000000e8000000)
 concurrent mark-sweep generation total 393216K, used 128914K [0x00000000e8000000, 0x0000000100000000, 0x0000000100000000)
 Metaspace       used 33553K, capacity 33968K, committed 34248K, reserved 1079296K
  class space    used 3877K, capacity 3999K, committed 4040K, reserved 1048576K
}
2016-10-28T02:31:47.630-0400: 35.390: Total time for which application threads were stopped: 0.0157971 seconds, Stopping threads took: 0.0020504 seconds
{Heap before GC invocations=308 (full 2):
 par new generation   total 109248K, used 97015K [0x00000000e0000000, 0x00000000e8000000, 0x00000000e8000000)
  eden space 87424K, 100% used [0x00000000e0000000, 0x00000000e5560000, 0x00000000e5560000)
  from space 21824K,  43% used [0x00000000e5560000, 0x00000000e5ebddb8, 0x00000000e6ab0000)
  to   space 21824K,   0% used [0x00000000e6ab0000, 0x00000000e6ab0000, 0x00000000e8000000)
 concurrent mark-sweep generation total 393216K, used 128914K [0x00000000e8000000, 0x0000000100000000, 0x0000000100000000)
 Metaspace       used 33553K, capacity 33968K, committed 34248K, reserved 1079296K
  class space    used 3877K, capacity 3999K, committed 4040K, reserved 1048576K
2016-10-28T02:31:47.660-0400: 35.420: [GC (Allocation Failure) 2016-10-28T02:31:47.660-0400: 35.420: [ParNew
Desired survivor size 20112992 bytes, new threshold 8 (max 8)
- age   1:     246104 bytes,     246104 total
- age   2:     219088 bytes,     465192 total
- age   3:    3103464 bytes,    3568656 total
- age   4:     708152 bytes,    4276808 total
- age   5:     219008 bytes,    4495816 total
- age   6:     177968 bytes,    4673784 total
- age   7:     251512 bytes,    4925296 total
- age   8:     480864 bytes,    5406160 total
: 97015K->5828K(109248K), 0.0221157 secs] 225930K->135881K(502464K), 0.0222119 secs] [Times: user=0.07 sys=0.00, real=0.02 secs] 
Heap after GC invocations=309 (full 2):
 par new generation   total 109248K, used 5828K [0x00000000e0000000, 0x00000000e8000000, 0x00000000e8000000)
  eden space 87424K,   0% used [0x00000000e0000000, 0x00000000e0000000, 0x00000000e5560000)
  from space 21824K,  26% used [0x00000000e6ab0000, 0x00000000e7061238, 0x00000000e8000000)
  to   space 21824K,   0% used [0x00000000e5560000, 0x00000000e5560000, 0x00000000e6ab0000)
 concurrent mark-sweep generation total 393216K, used 130053K [0x00000000e8000000, 0x0000000100000000, 0x0000000100000000)
 Metaspace       used 33553K, capacity 33968K, committed 34248K, reserved 1079296K
  class space    used 3877K, capacity 3999K, committed 4040K, reserved 1048576K
}
2016-10-28T02:31:47.682-0400: 35.443: Total time for which application threads were stopped: 0.0226463 seconds, Stopping threads took: 0.0001798 seconds
{Heap before GC invocations=309 (full 2):
 par new generation   total 109248K, used 93252K [0x00000000e0000000, 0x00000000e8000000, 0x00000000e8000000)
  eden space 87424K, 100% used [0x00000000e0000000, 0x00000000e5560000, 0x00000000e5560000)
  from space 21824K,  26% used [0x00000000e6ab0000, 0x00000000e7061238, 0x00000000e8000000)
  to   space 21824K,   0% used [0x00000000e5560000, 0x00000000e5560000, 0x00000000e6ab0000)
 concurrent mark-sweep generation total 393216K, used 130053K [0x00000000e8000000, 0x0000000100000000, 0x0000000100000000)
 Metaspace       used 33553K, capacity 33968K, committed 34248K, reserved 1079296K
  class space    used 3877K, capacity 3999K, committed 4040K, reserved 1048576K
2016-10-28T02:31:47.722-0400: 35.482: [GC (Allocation Failure) 2016-10-28T02:31:47.722-0400: 35.482: [ParNew
Desired survivor size 20112992 bytes, new threshold 8 (max 8)
- age   1:     748728 bytes,     748728 total
- age   2:     219632 bytes,     968360 total
- age   3:     219088 bytes,    1187448 total
- age   4:    3103464 bytes,    4290912 total
- age   5:     255656 bytes,    4546568 total
- age   6:     219008 bytes,    4765576 total
- age   7:     177968 bytes,    4943544 total
- age   8:     251512 bytes,    5195056 total
: 93252K->6431K(109248K), 0.0206915 secs] 223305K->136959K(502464K), 0.0208408 secs] [Times: user=0.06 sys=0.00, real=0.02 secs] 
Heap after GC invocations=310 (full 2):
 par new generation   total 109248K, used 6431K [0x00000000e0000000, 0x00000000e8000000, 0x00000000e8000000)
  eden space 87424K,   0% used [0x00000000e0000000, 0x00000000e0000000, 0x00000000e5560000)
  from space 21824K,  29% used [0x00000000e5560000, 0x00000000e5ba7eb0, 0x00000000e6ab0000)
  to   space 21824K,   0% used [0x00000000e6ab0000, 0x00000000e6ab0000, 0x00000000e8000000)
 concurrent mark-sweep generation total 393216K, used 130528K [0x00000000e8000000, 0x0000000100000000, 0x0000000100000000)
 Metaspace       used 33553K, capacity 33968K, committed 34248K, reserved 1079296K
  class space    used 3877K, capacity 3999K, committed 4040K, reserved 1048576K
}
2016-10-28T02:31:47.743-0400: 35.503: Total time for which application threads were stopped: 0.0215893 seconds, Stopping threads took: 0.0003990 seconds
{Heap before GC invocations=310 (full 2):
 par new generation   total 109248K, used 93855K [0x00000000e0000000, 0x00000000e8000000, 0x00000000e8000000)
  eden space 87424K, 100% used [0x00000000e0000000, 0x00000000e5560000, 0x00000000e5560000)
  from space 21824K,  29% used [0x00000000e5560000, 0x00000000e5ba7eb0, 0x00000000e6ab0000)
  to   space 21824K,   0% used [0x00000000e6ab0000, 0x00000000e6ab0000, 0x00000000e8000000)
 concurrent mark-sweep generation total 393216K, used 130528K [0x00000000e8000000, 0x0000000100000000, 0x0000000100000000)
 Metaspace       used 33553K, capacity 33968K, committed 34248K, reserved 1079296K
  class space    used 3877K, capacity 3999K, committed 4040K, reserved 1048576K
2016-10-28T02:31:47.779-0400: 35.539: [GC (Allocation Failure) 2016-10-28T02:31:47.779-0400: 35.539: [ParNew
Desired survivor size 20112992 bytes, new threshold 8 (max 8)
- age   1:    3530440 bytes,    3530440 total
- age   2:     722280 bytes,    4252720 total
- age   3:     219632 bytes,    4472352 total
- age   4:     219088 bytes,    4691440 total
- age   5:     209312 bytes,    4900752 total
- age   6:     255656 bytes,    5156408 total
- age   7:     219008 bytes,    5375416 total
- age   8:     177968 bytes,    5553384 total
: 93855K->5817K(109248K), 0.0164183 secs] 224383K->136596K(502464K), 0.0165303 secs] [Times: user=0.05 sys=0.00, real=0.02 secs] 
Heap after GC invocations=311 (full 2):
 par new generation   total 109248K, used 5817K [0x00000000e0000000, 0x00000000e8000000, 0x00000000e8000000)
  eden space 87424K,   0% used [0x00000000e0000000, 0x00000000e0000000, 0x00000000e5560000)
  from space 21824K,  26% used [0x00000000e6ab0000, 0x00000000e705e490, 0x00000000e8000000)
  to   space 21824K,   0% used [0x00000000e5560000, 0x00000000e5560000, 0x00000000e6ab0000)
 concurrent mark-sweep generation total 393216K, used 130778K [0x00000000e8000000, 0x0000000100000000, 0x0000000100000000)
 Metaspace       used 33553K, capacity 33968K, committed 34248K, reserved 1079296K
  class space    used 3877K, capacity 3999K, committed 4040K, reserved 1048576K
}
2016-10-28T02:31:47.796-0400: 35.556: Total time for which application threads were stopped: 0.0171846 seconds, Stopping threads took: 0.0003712 seconds
{Heap before GC invocations=311 (full 2):
 par new generation   total 109248K, used 93241K [0x00000000e0000000, 0x00000000e8000000, 0x00000000e8000000)
  eden space 87424K, 100% used [0x00000000e0000000, 0x00000000e5560000, 0x00000000e5560000)
  from space 21824K,  26% used [0x00000000e6ab0000, 0x00000000e705e490, 0x00000000e8000000)
  to   space 21824K,   0% used [0x00000000e5560000, 0x00000000e5560000, 0x00000000e6ab0000)
 concurrent mark-sweep generation total 393216K, used 130778K [0x00000000e8000000, 0x0000000100000000, 0x0000000100000000)
 Metaspace       used 33553K, capacity 33968K, committed 34248K, reserved 1079296K
  class space    used 3877K, capacity 3999K, committed 4040K, reserved 1048576K
2016-10-28T02:31:47.828-0400: 35.588: [GC (Allocation Failure) 2016-10-28T02:31:47.828-0400: 35.588: [ParNew
Desired survivor size 20112992 bytes, new threshold 8 (max 8)
- age   1:     245536 bytes,     245536 total
- age   2:    3503928 bytes,    3749464 total
- age   3:     722280 bytes,    4471744 total
- age   4:     219632 bytes,    4691376 total
- age   5:     218976 bytes,    4910352 total
- age   6:     209312 bytes,    5119664 total
- age   7:     255656 bytes,    5375320 total
- age   8:     219008 bytes,    5594328 total
: 93241K->6248K(109248K), 0.0264738 secs] 224020K->137206K(502464K), 0.0265875 secs] [Times: user=0.07 sys=0.00, real=0.02 secs] 
Heap after GC invocations=312 (full 2):
 par new generation   total 109248K, used 6248K [0x00000000e0000000, 0x00000000e8000000, 0x00000000e8000000)
  eden space 87424K,   0% used [0x00000000e0000000, 0x00000000e0000000, 0x00000000e5560000)
  from space 21824K,  28% used [0x00000000e5560000, 0x00000000e5b7a250, 0x00000000e6ab0000)
  to   space 21824K,   0% used [0x00000000e6ab0000, 0x00000000e6ab0000, 0x00000000e8000000)
 concurrent mark-sweep generation total 393216K, used 130958K [0x00000000e8000000, 0x0000000100000000, 0x0000000100000000)
 Metaspace       used 33553K, capacity 33968K, committed 34248K, reserved 1079296K
  class space    used 3877K, capacity 3999K, committed 4040K, reserved 1048576K
}
2016-10-28T02:31:47.855-0400: 35.615: Total time for which application threads were stopped: 0.0270544 seconds, Stopping threads took: 0.0001954 seconds
{Heap before GC invocations=312 (full 2):
 par new generation   total 109248K, used 93672K [0x00000000e0000000, 0x00000000e8000000, 0x00000000e8000000)
  eden space 87424K, 100% used [0x00000000e0000000, 0x00000000e5560000, 0x00000000e5560000)
  from space 21824K,  28% used [0x00000000e5560000, 0x00000000e5b7a250, 0x00000000e6ab0000)
  to   space 21824K,   0% used [0x00000000e6ab0000, 0x00000000e6ab0000, 0x00000000e8000000)
 concurrent mark-sweep generation total 393216K, used 130958K [0x00000000e8000000, 0x0000000100000000, 0x0000000100000000)
 Metaspace       used 33553K, capacity 33968K, committed 34248K, reserved 1079296K
  class space    used 3877K, capacity 3999K, committed 4040K, reserved 1048576K
2016-10-28T02:31:47.883-0400: 35.644: [GC (Allocation Failure) 2016-10-28T02:31:47.884-0400: 35.644: [ParNew
Desired survivor size 20112992 bytes, new threshold 8 (max 8)
- age   1:     632176 bytes,     632176 total
- age   2:     219088 bytes,     851264 total
- age   3:    3503928 bytes,    4355192 total
- age   4:     722280 bytes,    5077472 total
- age   5:     219632 bytes,    5297104 total
- age   6:     218976 bytes,    5516080 total
- age   7:     209312 bytes,    5725392 total
- age   8:     255656 bytes,    5981048 total
: 93672K->7439K(109248K), 0.0232442 secs] 224630K->138616K(502464K), 0.0233358 secs] [Times: user=0.04 sys=0.00, real=0.02 secs] 
Heap after GC invocations=313 (full 2):
 par new generation   total 109248K, used 7439K [0x00000000e0000000, 0x00000000e8000000, 0x00000000e8000000)
  eden space 87424K,   0% used [0x00000000e0000000, 0x00000000e0000000, 0x00000000e5560000)
  from space 21824K,  34% used [0x00000000e6ab0000, 0x00000000e71f3ec0, 0x00000000e8000000)
  to   space 21824K,   0% used [0x00000000e5560000, 0x00000000e5560000, 0x00000000e6ab0000)
 concurrent mark-sweep generation total 393216K, used 131177K [0x00000000e8000000, 0x0000000100000000, 0x0000000100000000)
 Metaspace       used 33553K, capacity 33968K, committed 34248K, reserved 1079296K
  class space    used 3877K, capacity 3999K, committed 4040K, reserved 1048576K
}
2016-10-28T02:31:47.907-0400: 35.667: Total time for which application threads were stopped: 0.0240075 seconds, Stopping threads took: 0.0004412 seconds
{Heap before GC invocations=313 (full 2):
 par new generation   total 109248K, used 94863K [0x00000000e0000000, 0x00000000e8000000, 0x00000000e8000000)
  eden space 87424K, 100% used [0x00000000e0000000, 0x00000000e5560000, 0x00000000e5560000)
  from space 21824K,  34% used [0x00000000e6ab0000, 0x00000000e71f3ec0, 0x00000000e8000000)
  to   space 21824K,   0% used [0x00000000e5560000, 0x00000000e5560000, 0x00000000e6ab0000)
 concurrent mark-sweep generation total 393216K, used 131177K [0x00000000e8000000, 0x0000000100000000, 0x0000000100000000)
 Metaspace       used 33553K, capacity 33968K, committed 34248K, reserved 1079296K
  class space    used 3877K, capacity 3999K, committed 4040K, reserved 1048576K
2016-10-28T02:31:47.936-0400: 35.696: [GC (Allocation Failure) 2016-10-28T02:31:47.936-0400: 35.696: [ParNew
Desired survivor size 20112992 bytes, new threshold 8 (max 8)
- age   1:     820568 bytes,     820568 total
- age   2:     606144 bytes,    1426712 total
- age   3:     219592 bytes,    1646304 total
- age   4:    3504888 bytes,    5151192 total
- age   5:     213920 bytes,    5365112 total
- age   6:     220056 bytes,    5585168 total
- age   7:     219528 bytes,    5804696 total
- age   8:     209648 bytes,    6014344 total
: 94863K->7149K(109248K), 0.0147538 secs] 226040K->138581K(502464K), 0.0148383 secs] [Times: user=0.02 sys=0.00, real=0.02 secs] 
Heap after GC invocations=314 (full 2):
 par new generation   total 109248K, used 7149K [0x00000000e0000000, 0x00000000e8000000, 0x00000000e8000000)
  eden space 87424K,   0% used [0x00000000e0000000, 0x00000000e0000000, 0x00000000e5560000)
  from space 21824K,  32% used [0x00000000e5560000, 0x00000000e5c5b458, 0x00000000e6ab0000)
  to   space 21824K,   0% used [0x00000000e6ab0000, 0x00000000e6ab0000, 0x00000000e8000000)
 concurrent mark-sweep generation total 393216K, used 131432K [0x00000000e8000000, 0x0000000100000000, 0x0000000100000000)
 Metaspace       used 33553K, capacity 33968K, committed 34248K, reserved 1079296K
  class space    used 3877K, capacity 3999K, committed 4040K, reserved 1048576K
}
2016-10-28T02:31:47.951-0400: 35.711: Total time for which application threads were stopped: 0.0152170 seconds, Stopping threads took: 0.0001371 seconds
{Heap before GC invocations=314 (full 2):
 par new generation   total 109248K, used 94573K [0x00000000e0000000, 0x00000000e8000000, 0x00000000e8000000)
  eden space 87424K, 100% used [0x00000000e0000000, 0x00000000e5560000, 0x00000000e5560000)
  from space 21824K,  32% used [0x00000000e5560000, 0x00000000e5c5b458, 0x00000000e6ab0000)
  to   space 21824K,   0% used [0x00000000e6ab0000, 0x00000000e6ab0000, 0x00000000e8000000)
 concurrent mark-sweep generation total 393216K, used 131432K [0x00000000e8000000, 0x0000000100000000, 0x0000000100000000)
 Metaspace       used 33553K, capacity 33968K, committed 34248K, reserved 1079296K
  class space    used 3877K, capacity 3999K, committed 4040K, reserved 1048576K
2016-10-28T02:31:47.974-0400: 35.734: [GC (Allocation Failure) 2016-10-28T02:31:47.974-0400: 35.734: [ParNew
Desired survivor size 20112992 bytes, new threshold 8 (max 8)
- age   1:    3103792 bytes,    3103792 total
- age   2:     792592 bytes,    3896384 total
- age   3:     605712 bytes,    4502096 total
- age   4:     219088 bytes,    4721184 total
- age   5:     960656 bytes,    5681840 total
- age   6:     213224 bytes,    5895064 total
- age   7:     219264 bytes,    6114328 total
- age   8:     218976 bytes,    6333304 total
: 94573K->6795K(109248K), 0.0161750 secs] 226005K->138437K(502464K), 0.0162588 secs] [Times: user=0.02 sys=0.01, real=0.02 secs] 
Heap after GC invocations=315 (full 2):
 par new generation   total 109248K, used 6795K [0x00000000e0000000, 0x00000000e8000000, 0x00000000e8000000)
  eden space 87424K,   0% used [0x00000000e0000000, 0x00000000e0000000, 0x00000000e5560000)
  from space 21824K,  31% used [0x00000000e6ab0000, 0x00000000e7152f60, 0x00000000e8000000)
  to   space 21824K,   0% used [0x00000000e5560000, 0x00000000e5560000, 0x00000000e6ab0000)
 concurrent mark-sweep generation total 393216K, used 131641K [0x00000000e8000000, 0x0000000100000000, 0x0000000100000000)
 Metaspace       used 33553K, capacity 33968K, committed 34248K, reserved 1079296K
  class space    used 3877K, capacity 3999K, committed 4040K, reserved 1048576K
}
2016-10-28T02:31:47.990-0400: 35.750: Total time for which application threads were stopped: 0.0165837 seconds, Stopping threads took: 0.0001632 seconds
{Heap before GC invocations=315 (full 2):
 par new generation   total 109248K, used 94219K [0x00000000e0000000, 0x00000000e8000000, 0x00000000e8000000)
  eden space 87424K, 100% used [0x00000000e0000000, 0x00000000e5560000, 0x00000000e5560000)
  from space 21824K,  31% used [0x00000000e6ab0000, 0x00000000e7152f60, 0x00000000e8000000)
  to   space 21824K,   0% used [0x00000000e5560000, 0x00000000e5560000, 0x00000000e6ab0000)
 concurrent mark-sweep generation total 393216K, used 131641K [0x00000000e8000000, 0x0000000100000000, 0x0000000100000000)
 Metaspace       used 33553K, capacity 33968K, committed 34248K, reserved 1079296K
  class space    used 3877K, capacity 3999K, committed 4040K, reserved 1048576K
2016-10-28T02:31:48.011-0400: 35.771: [GC (Allocation Failure) 2016-10-28T02:31:48.011-0400: 35.771: [ParNew
Desired survivor size 20112992 bytes, new threshold 8 (max 8)
- age   1:    1040144 bytes,    1040144 total
- age   2:    3077336 bytes,    4117480 total
- age   3:     792592 bytes,    4910072 total
- age   4:     605712 bytes,    5515784 total
- age   5:     219088 bytes,    5734872 total
- age   6:     248016 bytes,    5982888 total
- age   7:     213224 bytes,    6196112 total
- age   8:     219264 bytes,    6415376 total
: 94219K->9096K(109248K), 0.0153566 secs] 225861K->140957K(502464K), 0.0154353 secs] [Times: user=0.03 sys=0.01, real=0.01 secs] 
Heap after GC invocations=316 (full 2):
 par new generation   total 109248K, used 9096K [0x00000000e0000000, 0x00000000e8000000, 0x00000000e8000000)
  eden space 87424K,   0% used [0x00000000e0000000, 0x00000000e0000000, 0x00000000e5560000)
  from space 21824K,  41% used [0x00000000e5560000, 0x00000000e5e42158, 0x00000000e6ab0000)
  to   space 21824K,   0% used [0x00000000e6ab0000, 0x00000000e6ab0000, 0x00000000e8000000)
 concurrent mark-sweep generation total 393216K, used 131861K [0x00000000e8000000, 0x0000000100000000, 0x0000000100000000)
 Metaspace       used 33553K, capacity 33968K, committed 34248K, reserved 1079296K
  class space    used 3877K, capacity 3999K, committed 4040K, reserved 1048576K
}
2016-10-28T02:31:48.027-0400: 35.787: Total time for which application threads were stopped: 0.0158540 seconds, Stopping threads took: 0.0002041 seconds
{Heap before GC invocations=316 (full 2):
 par new generation   total 109248K, used 96520K [0x00000000e0000000, 0x00000000e8000000, 0x00000000e8000000)
  eden space 87424K, 100% used [0x00000000e0000000, 0x00000000e5560000, 0x00000000e5560000)
  from space 21824K,  41% used [0x00000000e5560000, 0x00000000e5e42158, 0x00000000e6ab0000)
  to   space 21824K,   0% used [0x00000000e6ab0000, 0x00000000e6ab0000, 0x00000000e8000000)
 concurrent mark-sweep generation total 393216K, used 131861K [0x00000000e8000000, 0x0000000100000000, 0x0000000100000000)
 Metaspace       used 33553K, capacity 33968K, committed 34248K, reserved 1079296K
  class space    used 3877K, capacity 3999K, committed 4040K, reserved 1048576K
2016-10-28T02:31:48.046-0400: 35.806: [GC (Allocation Failure) 2016-10-28T02:31:48.046-0400: 35.807: [ParNew
Desired survivor size 20112992 bytes, new threshold 8 (max 8)
- age   1:     279472 bytes,     279472 total
- age   2:    1013688 bytes,    1293160 total
- age   3:    3077336 bytes,    4370496 total
- age   4:     792592 bytes,    5163088 total
- age   5:     605712 bytes,    5768800 total
- age   6:     219088 bytes,    5987888 total
- age   7:     248016 bytes,    6235904 total
- age   8:     213224 bytes,    6449128 total
: 96520K->7408K(109248K), 0.0163468 secs] 228381K->139489K(502464K), 0.0164265 secs] [Times: user=0.03 sys=0.00, real=0.02 secs] 
Heap after GC invocations=317 (full 2):
 par new generation   total 109248K, used 7408K [0x00000000e0000000, 0x00000000e8000000, 0x00000000e8000000)
  eden space 87424K,   0% used [0x00000000e0000000, 0x00000000e0000000, 0x00000000e5560000)
  from space 21824K,  33% used [0x00000000e6ab0000, 0x00000000e71ec1d0, 0x00000000e8000000)
  to   space 21824K,   0% used [0x00000000e5560000, 0x00000000e5560000, 0x00000000e6ab0000)
 concurrent mark-sweep generation total 393216K, used 132080K [0x00000000e8000000, 0x0000000100000000, 0x0000000100000000)
 Metaspace       used 33553K, capacity 33968K, committed 34248K, reserved 1079296K
  class space    used 3877K, capacity 3999K, committed 4040K, reserved 1048576K
}
2016-10-28T02:31:48.063-0400: 35.823: Total time for which application threads were stopped: 0.0169018 seconds, Stopping threads took: 0.0001848 seconds
{Heap before GC invocations=317 (full 2):
 par new generation   total 109248K, used 94832K [0x00000000e0000000, 0x00000000e8000000, 0x00000000e8000000)
  eden space 87424K, 100% used [0x00000000e0000000, 0x00000000e5560000, 0x00000000e5560000)
  from space 21824K,  33% used [0x00000000e6ab0000, 0x00000000e71ec1d0, 0x00000000e8000000)
  to   space 21824K,   0% used [0x00000000e5560000, 0x00000000e5560000, 0x00000000e6ab0000)
 concurrent mark-sweep generation total 393216K, used 132080K [0x00000000e8000000, 0x0000000100000000, 0x0000000100000000)
 Metaspace       used 33553K, capacity 33968K, committed 34248K, reserved 1079296K
  class space    used 3877K, capacity 3999K, committed 4040K, reserved 1048576K
2016-10-28T02:31:48.082-0400: 35.842: [GC (Allocation Failure) 2016-10-28T02:31:48.082-0400: 35.842: [ParNew
Desired survivor size 20112992 bytes, new threshold 8 (max 8)
- age   1:     247040 bytes,     247040 total
- age   2:     253808 bytes,     500848 total
- age   3:    1014312 bytes,    1515160 total
- age   4:    3078008 bytes,    4593168 total
- age   5:     793264 bytes,    5386432 total
- age   6:     606624 bytes,    5993056 total
- age   7:     219640 bytes,    6212696 total
- age   8:     248760 bytes,    6461456 total
: 94832K->8209K(109248K), 0.0124487 secs] 226913K->140504K(502464K), 0.0125145 secs] [Times: user=0.02 sys=0.00, real=0.01 secs] 
Heap after GC invocations=318 (full 2):
 par new generation   total 109248K, used 8209K [0x00000000e0000000, 0x00000000e8000000, 0x00000000e8000000)
  eden space 87424K,   0% used [0x00000000e0000000, 0x00000000e0000000, 0x00000000e5560000)
  from space 21824K,  37% used [0x00000000e5560000, 0x00000000e5d647d8, 0x00000000e6ab0000)
  to   space 21824K,   0% used [0x00000000e6ab0000, 0x00000000e6ab0000, 0x00000000e8000000)
 concurrent mark-sweep generation total 393216K, used 132294K [0x00000000e8000000, 0x0000000100000000, 0x0000000100000000)
 Metaspace       used 33553K, capacity 33968K, committed 34248K, reserved 1079296K
  class space    used 3877K, capacity 3999K, committed 4040K, reserved 1048576K
}
2016-10-28T02:31:48.095-0400: 35.855: Total time for which application threads were stopped: 0.0129179 seconds, Stopping threads took: 0.0001707 seconds
{Heap before GC invocations=318 (full 2):
 par new generation   total 109248K, used 95633K [0x00000000e0000000, 0x00000000e8000000, 0x00000000e8000000)
  eden space 87424K, 100% used [0x00000000e0000000, 0x00000000e5560000, 0x00000000e5560000)
  from space 21824K,  37% used [0x00000000e5560000, 0x00000000e5d647d8, 0x00000000e6ab0000)
  to   space 21824K,   0% used [0x00000000e6ab0000, 0x00000000e6ab0000, 0x00000000e8000000)
 concurrent mark-sweep generation total 393216K, used 132294K [0x00000000e8000000, 0x0000000100000000, 0x0000000100000000)
 Metaspace       used 33553K, capacity 33968K, committed 34248K, reserved 1079296K
  class space    used 3877K, capacity 3999K, committed 4040K, reserved 1048576K
2016-10-28T02:31:48.115-0400: 35.875: [GC (Allocation Failure) 2016-10-28T02:31:48.115-0400: 35.875: [ParNew
Desired survivor size 20112992 bytes, new threshold 8 (max 8)
- age   1:     916096 bytes,     916096 total
- age   2:     218976 bytes,    1135072 total
- age   3:     253016 bytes,    1388088 total
- age   4:    1013688 bytes,    2401776 total
- age   5:    3077336 bytes,    5479112 total
- age   6:     219440 bytes,    5698552 total
- age   7:     605712 bytes,    6304264 total
- age   8:     219088 bytes,    6523352 total
: 95633K->9114K(109248K), 0.0175960 secs] 227928K->141656K(502464K), 0.0176697 secs] [Times: user=0.02 sys=0.01, real=0.02 secs] 
Heap after GC invocations=319 (full 2):
 par new generation   total 109248K, used 9114K [0x00000000e0000000, 0x00000000e8000000, 0x00000000e8000000)
  eden space 87424K,   0% used [0x00000000e0000000, 0x00000000e0000000, 0x00000000e5560000)
  from space 21824K,  41% used [0x00000000e6ab0000, 0x00000000e7396b20, 0x00000000e8000000)
  to   space 21824K,   0% used [0x00000000e5560000, 0x00000000e5560000, 0x00000000e6ab0000)
 concurrent mark-sweep generation total 393216K, used 132541K [0x00000000e8000000, 0x0000000100000000, 0x0000000100000000)
 Metaspace       used 33553K, capacity 33968K, committed 34248K, reserved 1079296K
  class space    used 3877K, capacity 3999K, committed 4040K, reserved 1048576K
}
2016-10-28T02:31:48.133-0400: 35.893: Total time for which application threads were stopped: 0.0180320 seconds, Stopping threads took: 0.0001501 seconds
{Heap before GC invocations=319 (full 2):
 par new generation   total 109248K, used 96538K [0x00000000e0000000, 0x00000000e8000000, 0x00000000e8000000)
  eden space 87424K, 100% used [0x00000000e0000000, 0x00000000e5560000, 0x00000000e5560000)
  from space 21824K,  41% used [0x00000000e6ab0000, 0x00000000e7396b20, 0x00000000e8000000)
  to   space 21824K,   0% used [0x00000000e5560000, 0x00000000e5560000, 0x00000000e6ab0000)
 concurrent mark-sweep generation total 393216K, used 132541K [0x00000000e8000000, 0x0000000100000000, 0x0000000100000000)
 Metaspace       used 33553K, capacity 33968K, committed 34248K, reserved 1079296K
  class space    used 3877K, capacity 3999K, committed 4040K, reserved 1048576K
2016-10-28T02:31:48.152-0400: 35.912: [GC (Allocation Failure) 2016-10-28T02:31:48.152-0400: 35.912: [ParNew
Desired survivor size 20112992 bytes, new threshold 8 (max 8)
- age   1:    4335216 bytes,    4335216 total
- age   2:     889632 bytes,    5224848 total
- age   3:     219000 bytes,    5443848 total
- age   4:     253016 bytes,    5696864 total
- age   5:     211896 bytes,    5908760 total
- age   6:     216096 bytes,    6124856 total
- age   7:     219440 bytes,    6344296 total
- age   8:     605712 bytes,    6950008 total
: 96538K->8356K(109248K), 0.0202220 secs] 229080K->141116K(502464K), 0.0202963 secs] [Times: user=0.04 sys=0.00, real=0.02 secs] 
Heap after GC invocations=320 (full 2):
 par new generation   total 109248K, used 8356K [0x00000000e0000000, 0x00000000e8000000, 0x00000000e8000000)
  eden space 87424K,   0% used [0x00000000e0000000, 0x00000000e0000000, 0x00000000e5560000)
  from space 21824K,  38% used [0x00000000e5560000, 0x00000000e5d89008, 0x00000000e6ab0000)
  to   space 21824K,   0% used [0x00000000e6ab0000, 0x00000000e6ab0000, 0x00000000e8000000)
 concurrent mark-sweep generation total 393216K, used 132760K [0x00000000e8000000, 0x0000000100000000, 0x0000000100000000)
 Metaspace       used 33553K, capacity 33968K, committed 34248K, reserved 1079296K
  class space    used 3877K, capacity 3999K, committed 4040K, reserved 1048576K
}
2016-10-28T02:31:48.172-0400: 35.932: Total time for which application threads were stopped: 0.0206392 seconds, Stopping threads took: 0.0001456 seconds
{Heap before GC invocations=320 (full 2):
 par new generation   total 109248K, used 95780K [0x00000000e0000000, 0x00000000e8000000, 0x00000000e8000000)
  eden space 87424K, 100% used [0x00000000e0000000, 0x00000000e5560000, 0x00000000e5560000)
  from space 21824K,  38% used [0x00000000e5560000, 0x00000000e5d89008, 0x00000000e6ab0000)
  to   space 21824K,   0% used [0x00000000e6ab0000, 0x00000000e6ab0000, 0x00000000e8000000)
 concurrent mark-sweep generation total 393216K, used 132760K [0x00000000e8000000, 0x0000000100000000, 0x0000000100000000)
 Metaspace       used 33553K, capacity 33968K, committed 34248K, reserved 1079296K
  class space    used 3877K, capacity 3999K, committed 4040K, reserved 1048576K
2016-10-28T02:31:48.191-0400: 35.952: [GC (Allocation Failure) 2016-10-28T02:31:48.191-0400: 35.952: [ParNew
Desired survivor size 20112992 bytes, new threshold 8 (max 8)
- age   1:     246080 bytes,     246080 total
- age   2:    4308944 bytes,    4555024 total
- age   3:     889824 bytes,    5444848 total
- age   4:     219144 bytes,    5663992 total
- age   5:     253136 bytes,    5917128 total
- age   6:     212016 bytes,    6129144 total
- age   7:     216384 bytes,    6345528 total
- age   8:     219560 bytes,    6565088 total
: 95780K->6960K(109248K), 0.0137760 secs] 228540K->140317K(502464K), 0.0138568 secs] [Times: user=0.03 sys=0.00, real=0.01 secs] 
Heap after GC invocations=321 (full 2):
 par new generation   total 109248K, used 6960K [0x00000000e0000000, 0x00000000e8000000, 0x00000000e8000000)
  eden space 87424K,   0% used [0x00000000e0000000, 0x00000000e0000000, 0x00000000e5560000)
  from space 21824K,  31% used [0x00000000e6ab0000, 0x00000000e717c0f0, 0x00000000e8000000)
  to   space 21824K,   0% used [0x00000000e5560000, 0x00000000e5560000, 0x00000000e6ab0000)
 concurrent mark-sweep generation total 393216K, used 133357K [0x00000000e8000000, 0x0000000100000000, 0x0000000100000000)
 Metaspace       used 33553K, capacity 33968K, committed 34248K, reserved 1079296K
  class space    used 3877K, capacity 3999K, committed 4040K, reserved 1048576K
}
2016-10-28T02:31:48.205-0400: 35.966: Total time for which application threads were stopped: 0.0142595 seconds, Stopping threads took: 0.0001818 seconds
{Heap before GC invocations=321 (full 2):
 par new generation   total 109248K, used 94384K [0x00000000e0000000, 0x00000000e8000000, 0x00000000e8000000)
  eden space 87424K, 100% used [0x00000000e0000000, 0x00000000e5560000, 0x00000000e5560000)
  from space 21824K,  31% used [0x00000000e6ab0000, 0x00000000e717c0f0, 0x00000000e8000000)
  to   space 21824K,   0% used [0x00000000e5560000, 0x00000000e5560000, 0x00000000e6ab0000)
 concurrent mark-sweep generation total 393216K, used 133357K [0x00000000e8000000, 0x0000000100000000, 0x0000000100000000)
 Metaspace       used 33553K, capacity 33968K, committed 34248K, reserved 1079296K
  class space    used 3877K, capacity 3999K, committed 4040K, reserved 1048576K
2016-10-28T02:31:48.226-0400: 35.986: [GC (Allocation Failure) 2016-10-28T02:31:48.226-0400: 35.986: [ParNew
Desired survivor size 20112992 bytes, new threshold 8 (max 8)
- age   1:     272016 bytes,     272016 total
- age   2:     219264 bytes,     491280 total
- age   3:    4308752 bytes,    4800032 total
- age   4:     889632 bytes,    5689664 total
- age   5:     218976 bytes,    5908640 total
- age   6:     253016 bytes,    6161656 total
- age   7:     211896 bytes,    6373552 total
- age   8:     216096 bytes,    6589648 total
: 94384K->6815K(109248K), 0.0119673 secs] 227741K->140392K(502464K), 0.0120873 secs] [Times: user=0.03 sys=0.00, real=0.01 secs] 
Heap after GC invocations=322 (full 2):
 par new generation   total 109248K, used 6815K [0x00000000e0000000, 0x00000000e8000000, 0x00000000e8000000)
  eden space 87424K,   0% used [0x00000000e0000000, 0x00000000e0000000, 0x00000000e5560000)
  from space 21824K,  31% used [0x00000000e5560000, 0x00000000e5c07c68, 0x00000000e6ab0000)
  to   space 21824K,   0% used [0x00000000e6ab0000, 0x00000000e6ab0000, 0x00000000e8000000)
 concurrent mark-sweep generation total 393216K, used 133577K [0x00000000e8000000, 0x0000000100000000, 0x0000000100000000)
 Metaspace       used 33553K, capacity 33968K, committed 34248K, reserved 1079296K
  class space    used 3877K, capacity 3999K, committed 4040K, reserved 1048576K
}
2016-10-28T02:31:48.238-0400: 35.998: Total time for which application threads were stopped: 0.0126327 seconds, Stopping threads took: 0.0002601 seconds
{Heap before GC invocations=322 (full 2):
 par new generation   total 109248K, used 94239K [0x00000000e0000000, 0x00000000e8000000, 0x00000000e8000000)
  eden space 87424K, 100% used [0x00000000e0000000, 0x00000000e5560000, 0x00000000e5560000)
  from space 21824K,  31% used [0x00000000e5560000, 0x00000000e5c07c68, 0x00000000e6ab0000)
  to   space 21824K,   0% used [0x00000000e6ab0000, 0x00000000e6ab0000, 0x00000000e8000000)
 concurrent mark-sweep generation total 393216K, used 133577K [0x00000000e8000000, 0x0000000100000000, 0x0000000100000000)
 Metaspace       used 33553K, capacity 33968K, committed 34248K, reserved 1079296K
  class space    used 3877K, capacity 3999K, committed 4040K, reserved 1048576K
2016-10-28T02:31:48.257-0400: 36.017: [GC (Allocation Failure) 2016-10-28T02:31:48.257-0400: 36.017: [ParNew
Desired survivor size 20112992 bytes, new threshold 8 (max 8)
- age   1:     245720 bytes,     245720 total
- age   2:     245544 bytes,     491264 total
- age   3:     219264 bytes,     710528 total
- age   4:    4308752 bytes,    5019280 total
- age   5:     889632 bytes,    5908912 total
- age   6:     218976 bytes,    6127888 total
- age   7:     253016 bytes,    6380904 total
- age   8:     211896 bytes,    6592800 total
: 94239K->6650K(109248K), 0.0162503 secs] 227816K->140444K(502464K), 0.0163328 secs] [Times: user=0.03 sys=0.00, real=0.02 secs] 
Heap after GC invocations=323 (full 2):
 par new generation   total 109248K, used 6650K [0x00000000e0000000, 0x00000000e8000000, 0x00000000e8000000)
  eden space 87424K,   0% used [0x00000000e0000000, 0x00000000e0000000, 0x00000000e5560000)
  from space 21824K,  30% used [0x00000000e6ab0000, 0x00000000e712ebd8, 0x00000000e8000000)
  to   space 21824K,   0% used [0x00000000e5560000, 0x00000000e5560000, 0x00000000e6ab0000)
 concurrent mark-sweep generation total 393216K, used 133793K [0x00000000e8000000, 0x0000000100000000, 0x0000000100000000)
 Metaspace       used 33553K, capacity 33968K, committed 34248K, reserved 1079296K
  class space    used 3877K, capacity 3999K, committed 4040K, reserved 1048576K
}
2016-10-28T02:31:48.273-0400: 36.033: Total time for which application threads were stopped: 0.0166804 seconds, Stopping threads took: 0.0001147 seconds
{Heap before GC invocations=323 (full 2):
 par new generation   total 109248K, used 94074K [0x00000000e0000000, 0x00000000e8000000, 0x00000000e8000000)
  eden space 87424K, 100% used [0x00000000e0000000, 0x00000000e5560000, 0x00000000e5560000)
  from space 21824K,  30% used [0x00000000e6ab0000, 0x00000000e712ebd8, 0x00000000e8000000)
  to   space 21824K,   0% used [0x00000000e5560000, 0x00000000e5560000, 0x00000000e6ab0000)
 concurrent mark-sweep generation total 393216K, used 133793K [0x00000000e8000000, 0x0000000100000000, 0x0000000100000000)
 Metaspace       used 33553K, capacity 33968K, committed 34248K, reserved 1079296K
  class space    used 3877K, capacity 3999K, committed 4040K, reserved 1048576K
2016-10-28T02:31:48.293-0400: 36.054: [GC (Allocation Failure) 2016-10-28T02:31:48.294-0400: 36.054: [ParNew
Desired survivor size 20112992 bytes, new threshold 8 (max 8)
- age   1:     937648 bytes,     937648 total
- age   2:     219264 bytes,    1156912 total
- age   3:     245544 bytes,    1402456 total
- age   4:     219264 bytes,    1621720 total
- age   5:    4308752 bytes,    5930472 total
- age   6:     245296 bytes,    6175768 total
- age   7:     218976 bytes,    6394744 total
- age   8:     253016 bytes,    6647760 total
: 94074K->7124K(109248K), 0.0120074 secs] 227868K->141130K(502464K), 0.0121036 secs] [Times: user=0.03 sys=0.00, real=0.01 secs] 
Heap after GC invocations=324 (full 2):
 par new generation   total 109248K, used 7124K [0x00000000e0000000, 0x00000000e8000000, 0x00000000e8000000)
  eden space 87424K,   0% used [0x00000000e0000000, 0x00000000e0000000, 0x00000000e5560000)
  from space 21824K,  32% used [0x00000000e5560000, 0x00000000e5c551d0, 0x00000000e6ab0000)
  to   space 21824K,   0% used [0x00000000e6ab0000, 0x00000000e6ab0000, 0x00000000e8000000)
 concurrent mark-sweep generation total 393216K, used 134005K [0x00000000e8000000, 0x0000000100000000, 0x0000000100000000)
 Metaspace       used 33553K, capacity 33968K, committed 34248K, reserved 1079296K
  class space    used 3877K, capacity 3999K, committed 4040K, reserved 1048576K
}
2016-10-28T02:31:48.306-0400: 36.066: Total time for which application threads were stopped: 0.0126910 seconds, Stopping threads took: 0.0002568 seconds
{Heap before GC invocations=324 (full 2):
 par new generation   total 109248K, used 94548K [0x00000000e0000000, 0x00000000e8000000, 0x00000000e8000000)
  eden space 87424K, 100% used [0x00000000e0000000, 0x00000000e5560000, 0x00000000e5560000)
  from space 21824K,  32% used [0x00000000e5560000, 0x00000000e5c551d0, 0x00000000e6ab0000)
  to   space 21824K,   0% used [0x00000000e6ab0000, 0x00000000e6ab0000, 0x00000000e8000000)
 concurrent mark-sweep generation total 393216K, used 134005K [0x00000000e8000000, 0x0000000100000000, 0x0000000100000000)
 Metaspace       used 33553K, capacity 33968K, committed 34248K, reserved 1079296K
  class space    used 3877K, capacity 3999K, committed 4040K, reserved 1048576K
2016-10-28T02:31:48.339-0400: 36.099: [GC (Allocation Failure) 2016-10-28T02:31:48.339-0400: 36.099: [ParNew
Desired survivor size 20112992 bytes, new threshold 8 (max 8)
- age   1:    1303632 bytes,    1303632 total
- age   2:     911184 bytes,    2214816 total
- age   3:     219264 bytes,    2434080 total
- age   4:     245544 bytes,    2679624 total
- age   5:     219264 bytes,    2898888 total
- age   6:    3857736 bytes,    6756624 total
- age   7:     244824 bytes,    7001448 total
- age   8:     218976 bytes,    7220424 total
: 94548K->8289K(109248K), 0.0142440 secs] 228554K->142548K(502464K), 0.0143273 secs] [Times: user=0.03 sys=0.00, real=0.01 secs] 
Heap after GC invocations=325 (full 2):
 par new generation   total 109248K, used 8289K [0x00000000e0000000, 0x00000000e8000000, 0x00000000e8000000)
  eden space 87424K,   0% used [0x00000000e0000000, 0x00000000e0000000, 0x00000000e5560000)
  from space 21824K,  37% used [0x00000000e6ab0000, 0x00000000e72c87b8, 0x00000000e8000000)
  to   space 21824K,   0% used [0x00000000e5560000, 0x00000000e5560000, 0x00000000e6ab0000)
 concurrent mark-sweep generation total 393216K, used 134258K [0x00000000e8000000, 0x0000000100000000, 0x0000000100000000)
 Metaspace       used 33553K, capacity 33968K, committed 34248K, reserved 1079296K
  class space    used 3877K, capacity 3999K, committed 4040K, reserved 1048576K
}
2016-10-28T02:31:48.354-0400: 36.114: Total time for which application threads were stopped: 0.0148222 seconds, Stopping threads took: 0.0001998 seconds
{Heap before GC invocations=325 (full 2):
 par new generation   total 109248K, used 95713K [0x00000000e0000000, 0x00000000e8000000, 0x00000000e8000000)
  eden space 87424K, 100% used [0x00000000e0000000, 0x00000000e5560000, 0x00000000e5560000)
  from space 21824K,  37% used [0x00000000e6ab0000, 0x00000000e72c87b8, 0x00000000e8000000)
  to   space 21824K,   0% used [0x00000000e5560000, 0x00000000e5560000, 0x00000000e6ab0000)
 concurrent mark-sweep generation total 393216K, used 134258K [0x00000000e8000000, 0x0000000100000000, 0x0000000100000000)
 Metaspace       used 33553K, capacity 33968K, committed 34248K, reserved 1079296K
  class space    used 3877K, capacity 3999K, committed 4040K, reserved 1048576K
2016-10-28T02:31:48.403-0400: 36.163: [GC (Allocation Failure) 2016-10-28T02:31:48.403-0400: 36.163: [ParNew
Desired survivor size 20112992 bytes, new threshold 8 (max 8)
- age   1:    6202424 bytes,    6202424 total
- age   2:    1277176 bytes,    7479600 total
- age   3:     911184 bytes,    8390784 total
- age   4:     219264 bytes,    8610048 total
- age   5:     245544 bytes,    8855592 total
- age   6:     219288 bytes,    9074880 total
- age   7:     187864 bytes,    9262744 total
- age   8:     244824 bytes,    9507568 total
: 95713K->10633K(109248K), 0.0144513 secs] 229972K->145110K(502464K), 0.0145721 secs] [Times: user=0.03 sys=0.00, real=0.01 secs] 
Heap after GC invocations=326 (full 2):
 par new generation   total 109248K, used 10633K [0x00000000e0000000, 0x00000000e8000000, 0x00000000e8000000)
  eden space 87424K,   0% used [0x00000000e0000000, 0x00000000e0000000, 0x00000000e5560000)
  from space 21824K,  48% used [0x00000000e5560000, 0x00000000e5fc24f8, 0x00000000e6ab0000)
  to   space 21824K,   0% used [0x00000000e6ab0000, 0x00000000e6ab0000, 0x00000000e8000000)
 concurrent mark-sweep generation total 393216K, used 134477K [0x00000000e8000000, 0x0000000100000000, 0x0000000100000000)
 Metaspace       used 33553K, capacity 33968K, committed 34248K, reserved 1079296K
  class space    used 3877K, capacity 3999K, committed 4040K, reserved 1048576K
}
2016-10-28T02:31:48.418-0400: 36.178: Total time for which application threads were stopped: 0.0149208 seconds, Stopping threads took: 0.0001410 seconds
{Heap before GC invocations=326 (full 2):
 par new generation   total 109248K, used 98057K [0x00000000e0000000, 0x00000000e8000000, 0x00000000e8000000)
  eden space 87424K, 100% used [0x00000000e0000000, 0x00000000e5560000, 0x00000000e5560000)
  from space 21824K,  48% used [0x00000000e5560000, 0x00000000e5fc24f8, 0x00000000e6ab0000)
  to   space 21824K,   0% used [0x00000000e6ab0000, 0x00000000e6ab0000, 0x00000000e8000000)
 concurrent mark-sweep generation total 393216K, used 134477K [0x00000000e8000000, 0x0000000100000000, 0x0000000100000000)
 Metaspace       used 33553K, capacity 33968K, committed 34248K, reserved 1079296K
  class space    used 3877K, capacity 3999K, committed 4040K, reserved 1048576K
2016-10-28T02:31:48.448-0400: 36.208: [GC (Allocation Failure) 2016-10-28T02:31:48.448-0400: 36.208: [ParNew
Desired survivor size 20112992 bytes, new threshold 8 (max 8)
- age   1:     761904 bytes,     761904 total
- age   2:    6175976 bytes,    6937880 total
- age   3:    1277176 bytes,    8215056 total
- age   4:     911184 bytes,    9126240 total
- age   5:     219264 bytes,    9345504 total
- age   6:     245544 bytes,    9591048 total
- age   7:     219264 bytes,    9810312 total
- age   8:     187864 bytes,    9998176 total
: 98057K->9937K(109248K), 0.0124139 secs] 232534K->144659K(502464K), 0.0124926 secs] [Times: user=0.03 sys=0.00, real=0.01 secs] 
Heap after GC invocations=327 (full 2):
 par new generation   total 109248K, used 9937K [0x00000000e0000000, 0x00000000e8000000, 0x00000000e8000000)
  eden space 87424K,   0% used [0x00000000e0000000, 0x00000000e0000000, 0x00000000e5560000)
  from space 21824K,  45% used [0x00000000e6ab0000, 0x00000000e7464780, 0x00000000e8000000)
  to   space 21824K,   0% used [0x00000000e5560000, 0x00000000e5560000, 0x00000000e6ab0000)
 concurrent mark-sweep generation total 393216K, used 134721K [0x00000000e8000000, 0x0000000100000000, 0x0000000100000000)
 Metaspace       used 33553K, capacity 33968K, committed 34248K, reserved 1079296K
  class space    used 3877K, capacity 3999K, committed 4040K, reserved 1048576K
}
2016-10-28T02:31:48.461-0400: 36.221: Total time for which application threads were stopped: 0.0130427 seconds, Stopping threads took: 0.0002497 seconds
{Heap before GC invocations=327 (full 2):
 par new generation   total 109248K, used 97361K [0x00000000e0000000, 0x00000000e8000000, 0x00000000e8000000)
  eden space 87424K, 100% used [0x00000000e0000000, 0x00000000e5560000, 0x00000000e5560000)
  from space 21824K,  45% used [0x00000000e6ab0000, 0x00000000e7464780, 0x00000000e8000000)
  to   space 21824K,   0% used [0x00000000e5560000, 0x00000000e5560000, 0x00000000e6ab0000)
 concurrent mark-sweep generation total 393216K, used 134721K [0x00000000e8000000, 0x0000000100000000, 0x0000000100000000)
 Metaspace       used 33553K, capacity 33968K, committed 34248K, reserved 1079296K
  class space    used 3877K, capacity 3999K, committed 4040K, reserved 1048576K
2016-10-28T02:31:48.482-0400: 36.242: [GC (Allocation Failure) 2016-10-28T02:31:48.482-0400: 36.242: [ParNew
Desired survivor size 20112992 bytes, new threshold 8 (max 8)
- age   1:     247976 bytes,     247976 total
- age   2:     735440 bytes,     983416 total
- age   3:    6175976 bytes,    7159392 total
- age   4:    1277176 bytes,    8436568 total
- age   5:     911184 bytes,    9347752 total
- age   6:     219264 bytes,    9567016 total
- age   7:     245544 bytes,    9812560 total
- age   8:     219264 bytes,   10031824 total
: 97361K->11070K(109248K), 0.0109512 secs] 232083K->145981K(502464K), 0.0110631 secs] [Times: user=0.02 sys=0.01, real=0.01 secs] 
Heap after GC invocations=328 (full 2):
 par new generation   total 109248K, used 11070K [0x00000000e0000000, 0x00000000e8000000, 0x00000000e8000000)
  eden space 87424K,   0% used [0x00000000e0000000, 0x00000000e0000000, 0x00000000e5560000)
  from space 21824K,  50% used [0x00000000e5560000, 0x00000000e602fb50, 0x00000000e6ab0000)
  to   space 21824K,   0% used [0x00000000e6ab0000, 0x00000000e6ab0000, 0x00000000e8000000)
 concurrent mark-sweep generation total 393216K, used 134910K [0x00000000e8000000, 0x0000000100000000, 0x0000000100000000)
 Metaspace       used 33553K, capacity 33968K, committed 34248K, reserved 1079296K
  class space    used 3877K, capacity 3999K, committed 4040K, reserved 1048576K
}
2016-10-28T02:31:48.493-0400: 36.253: Total time for which application threads were stopped: 0.0114293 seconds, Stopping threads took: 0.0001449 seconds
{Heap before GC invocations=328 (full 2):
 par new generation   total 109248K, used 98494K [0x00000000e0000000, 0x00000000e8000000, 0x00000000e8000000)
  eden space 87424K, 100% used [0x00000000e0000000, 0x00000000e5560000, 0x00000000e5560000)
  from space 21824K,  50% used [0x00000000e5560000, 0x00000000e602fb50, 0x00000000e6ab0000)
  to   space 21824K,   0% used [0x00000000e6ab0000, 0x00000000e6ab0000, 0x00000000e8000000)
 concurrent mark-sweep generation total 393216K, used 134910K [0x00000000e8000000, 0x0000000100000000, 0x0000000100000000)
 Metaspace       used 33553K, capacity 33968K, committed 34248K, reserved 1079296K
  class space    used 3877K, capacity 3999K, committed 4040K, reserved 1048576K
2016-10-28T02:31:48.515-0400: 36.276: [GC (Allocation Failure) 2016-10-28T02:31:48.515-0400: 36.276: [ParNew
Desired survivor size 20112992 bytes, new threshold 8 (max 8)
- age   1:     245424 bytes,     245424 total
- age   2:     221512 bytes,     466936 total
- age   3:     735440 bytes,    1202376 total
- age   4:    6175976 bytes,    7378352 total
- age   5:    1277176 bytes,    8655528 total
- age   6:     911184 bytes,    9566712 total
- age   7:     219264 bytes,    9785976 total
- age   8:     245544 bytes,   10031520 total
: 98494K->10956K(109248K), 0.0138023 secs] 233405K->146086K(502464K), 0.0138752 secs] [Times: user=0.03 sys=0.00, real=0.02 secs] 
Heap after GC invocations=329 (full 2):
 par new generation   total 109248K, used 10956K [0x00000000e0000000, 0x00000000e8000000, 0x00000000e8000000)
  eden space 87424K,   0% used [0x00000000e0000000, 0x00000000e0000000, 0x00000000e5560000)
  from space 21824K,  50% used [0x00000000e6ab0000, 0x00000000e7563228, 0x00000000e8000000)
  to   space 21824K,   0% used [0x00000000e5560000, 0x00000000e5560000, 0x00000000e6ab0000)
 concurrent mark-sweep generation total 393216K, used 135130K [0x00000000e8000000, 0x0000000100000000, 0x0000000100000000)
 Metaspace       used 33553K, capacity 33968K, committed 34248K, reserved 1079296K
  class space    used 3877K, capacity 3999K, committed 4040K, reserved 1048576K
}
2016-10-28T02:31:48.529-0400: 36.290: Total time for which application threads were stopped: 0.0142653 seconds, Stopping threads took: 0.0001343 seconds
{Heap before GC invocations=329 (full 2):
 par new generation   total 109248K, used 98380K [0x00000000e0000000, 0x00000000e8000000, 0x00000000e8000000)
  eden space 87424K, 100% used [0x00000000e0000000, 0x00000000e5560000, 0x00000000e5560000)
  from space 21824K,  50% used [0x00000000e6ab0000, 0x00000000e7563228, 0x00000000e8000000)
  to   space 21824K,   0% used [0x00000000e5560000, 0x00000000e5560000, 0x00000000e6ab0000)
 concurrent mark-sweep generation total 393216K, used 135130K [0x00000000e8000000, 0x0000000100000000, 0x0000000100000000)
 Metaspace       used 33553K, capacity 33968K, committed 34248K, reserved 1079296K
  class space    used 3877K, capacity 3999K, committed 4040K, reserved 1048576K
2016-10-28T02:31:48.552-0400: 36.312: [GC (Allocation Failure) 2016-10-28T02:31:48.552-0400: 36.312: [ParNew
Desired survivor size 20112992 bytes, new threshold 8 (max 8)
- age   1:    1053784 bytes,    1053784 total
- age   2:     218976 bytes,    1272760 total
- age   3:     221512 bytes,    1494272 total
- age   4:     735440 bytes,    2229712 total
- age   5:    6175976 bytes,    8405688 total
- age   6:    1277176 bytes,    9682864 total
- age   7:     186368 bytes,    9869232 total
- age   8:     219264 bytes,   10088496 total
: 98380K->10125K(109248K), 0.0236211 secs] 233510K->145500K(502464K), 0.0237043 secs] [Times: user=0.04 sys=0.00, real=0.02 secs] 
Heap after GC invocations=330 (full 2):
 par new generation   total 109248K, used 10125K [0x00000000e0000000, 0x00000000e8000000, 0x00000000e8000000)
  eden space 87424K,   0% used [0x00000000e0000000, 0x00000000e0000000, 0x00000000e5560000)
  from space 21824K,  46% used [0x00000000e5560000, 0x00000000e5f435b0, 0x00000000e6ab0000)
  to   space 21824K,   0% used [0x00000000e6ab0000, 0x00000000e6ab0000, 0x00000000e8000000)
 concurrent mark-sweep generation total 393216K, used 135375K [0x00000000e8000000, 0x0000000100000000, 0x0000000100000000)
 Metaspace       used 33553K, capacity 33968K, committed 34248K, reserved 1079296K
  class space    used 3877K, capacity 3999K, committed 4040K, reserved 1048576K
}
2016-10-28T02:31:48.576-0400: 36.336: Total time for which application threads were stopped: 0.0241306 seconds, Stopping threads took: 0.0001460 seconds
{Heap before GC invocations=330 (full 2):
 par new generation   total 109248K, used 97549K [0x00000000e0000000, 0x00000000e8000000, 0x00000000e8000000)
  eden space 87424K, 100% used [0x00000000e0000000, 0x00000000e5560000, 0x00000000e5560000)
  from space 21824K,  46% used [0x00000000e5560000, 0x00000000e5f435b0, 0x00000000e6ab0000)
  to   space 21824K,   0% used [0x00000000e6ab0000, 0x00000000e6ab0000, 0x00000000e8000000)
 concurrent mark-sweep generation total 393216K, used 135375K [0x00000000e8000000, 0x0000000100000000, 0x0000000100000000)
 Metaspace       used 33553K, capacity 33968K, committed 34248K, reserved 1079296K
  class space    used 3877K, capacity 3999K, committed 4040K, reserved 1048576K
2016-10-28T02:31:48.597-0400: 36.357: [GC (Allocation Failure) 2016-10-28T02:31:48.597-0400: 36.357: [ParNew
Desired survivor size 20112992 bytes, new threshold 8 (max 8)
- age   1:     280072 bytes,     280072 total
- age   2:    1027328 bytes,    1307400 total
- age   3:     218976 bytes,    1526376 total
- age   4:     221512 bytes,    1747888 total
- age   5:     735440 bytes,    2483328 total
- age   6:    6175976 bytes,    8659304 total
- age   7:    1276640 bytes,    9935944 total
- age   8:     186368 bytes,   10122312 total
: 97549K->10382K(109248K), 0.0139823 secs] 232924K->145976K(502464K), 0.0141434 secs] [Times: user=0.03 sys=0.00, real=0.02 secs] 
Heap after GC invocations=331 (full 2):
 par new generation   total 109248K, used 10382K [0x00000000e0000000, 0x00000000e8000000, 0x00000000e8000000)
  eden space 87424K,   0% used [0x00000000e0000000, 0x00000000e0000000, 0x00000000e5560000)
  from space 21824K,  47% used [0x00000000e6ab0000, 0x00000000e74d38a8, 0x00000000e8000000)
  to   space 21824K,   0% used [0x00000000e5560000, 0x00000000e5560000, 0x00000000e6ab0000)
 concurrent mark-sweep generation total 393216K, used 135594K [0x00000000e8000000, 0x0000000100000000, 0x0000000100000000)
 Metaspace       used 33553K, capacity 33968K, committed 34248K, reserved 1079296K
  class space    used 3877K, capacity 3999K, committed 4040K, reserved 1048576K
}
2016-10-28T02:31:48.611-0400: 36.371: Total time for which application threads were stopped: 0.0147701 seconds, Stopping threads took: 0.0001562 seconds
{Heap before GC invocations=331 (full 2):
 par new generation   total 109248K, used 97806K [0x00000000e0000000, 0x00000000e8000000, 0x00000000e8000000)
  eden space 87424K, 100% used [0x00000000e0000000, 0x00000000e5560000, 0x00000000e5560000)
  from space 21824K,  47% used [0x00000000e6ab0000, 0x00000000e74d38a8, 0x00000000e8000000)
  to   space 21824K,   0% used [0x00000000e5560000, 0x00000000e5560000, 0x00000000e6ab0000)
 concurrent mark-sweep generation total 393216K, used 135594K [0x00000000e8000000, 0x0000000100000000, 0x0000000100000000)
 Metaspace       used 33553K, capacity 33968K, committed 34248K, reserved 1079296K
  class space    used 3877K, capacity 3999K, committed 4040K, reserved 1048576K
2016-10-28T02:31:48.633-0400: 36.393: [GC (Allocation Failure) 2016-10-28T02:31:48.633-0400: 36.393: [ParNew
Desired survivor size 20112992 bytes, new threshold 8 (max 8)
- age   1:    2290416 bytes,    2290416 total
- age   2:     253608 bytes,    2544024 total
- age   3:    1027328 bytes,    3571352 total
- age   4:     219000 bytes,    3790352 total
- age   5:     221536 bytes,    4011888 total
- age   6:     735440 bytes,    4747328 total
- age   7:    5161272 bytes,    9908600 total
- age   8:     769288 bytes,   10677888 total
: 97806K->12395K(109248K), 0.0118211 secs] 233400K->148177K(502464K), 0.0119638 secs] [Times: user=0.02 sys=0.01, real=0.01 secs] 
Heap after GC invocations=332 (full 2):
 par new generation   total 109248K, used 12395K [0x00000000e0000000, 0x00000000e8000000, 0x00000000e8000000)
  eden space 87424K,   0% used [0x00000000e0000000, 0x00000000e0000000, 0x00000000e5560000)
  from space 21824K,  56% used [0x00000000e5560000, 0x00000000e617ad50, 0x00000000e6ab0000)
  to   space 21824K,   0% used [0x00000000e6ab0000, 0x00000000e6ab0000, 0x00000000e8000000)
 concurrent mark-sweep generation total 393216K, used 135781K [0x00000000e8000000, 0x0000000100000000, 0x0000000100000000)
 Metaspace       used 33553K, capacity 33968K, committed 34248K, reserved 1079296K
  class space    used 3877K, capacity 3999K, committed 4040K, reserved 1048576K
}
2016-10-28T02:31:48.645-0400: 36.405: Total time for which application threads were stopped: 0.0123761 seconds, Stopping threads took: 0.0001705 seconds
{Heap before GC invocations=332 (full 2):
 par new generation   total 109248K, used 99819K [0x00000000e0000000, 0x00000000e8000000, 0x00000000e8000000)
  eden space 87424K, 100% used [0x00000000e0000000, 0x00000000e5560000, 0x00000000e5560000)
  from space 21824K,  56% used [0x00000000e5560000, 0x00000000e617ad50, 0x00000000e6ab0000)
  to   space 21824K,   0% used [0x00000000e6ab0000, 0x00000000e6ab0000, 0x00000000e8000000)
 concurrent mark-sweep generation total 393216K, used 135781K [0x00000000e8000000, 0x0000000100000000, 0x0000000100000000)
 Metaspace       used 33553K, capacity 33968K, committed 34248K, reserved 1079296K
  class space    used 3877K, capacity 3999K, committed 4040K, reserved 1048576K
2016-10-28T02:31:48.669-0400: 36.429: [GC (Allocation Failure) 2016-10-28T02:31:48.669-0400: 36.429: [ParNew
Desired survivor size 20112992 bytes, new threshold 8 (max 8)
- age   1:    3371136 bytes,    3371136 total
- age   2:    2263952 bytes,    5635088 total
- age   3:     253608 bytes,    5888696 total
- age   4:    1027328 bytes,    6916024 total
- age   5:     218976 bytes,    7135000 total
- age   6:     221512 bytes,    7356512 total
- age   7:     735440 bytes,    8091952 total
- age   8:    2047408 bytes,   10139360 total
: 99819K->10557K(109248K), 0.0199729 secs] 235601K->147096K(502464K), 0.0200776 secs] [Times: user=0.05 sys=0.00, real=0.02 secs] 
Heap after GC invocations=333 (full 2):
 par new generation   total 109248K, used 10557K [0x00000000e0000000, 0x00000000e8000000, 0x00000000e8000000)
  eden space 87424K,   0% used [0x00000000e0000000, 0x00000000e0000000, 0x00000000e5560000)
  from space 21824K,  48% used [0x00000000e6ab0000, 0x00000000e74ff668, 0x00000000e8000000)
  to   space 21824K,   0% used [0x00000000e5560000, 0x00000000e5560000, 0x00000000e6ab0000)
 concurrent mark-sweep generation total 393216K, used 136538K [0x00000000e8000000, 0x0000000100000000, 0x0000000100000000)
 Metaspace       used 33553K, capacity 33968K, committed 34248K, reserved 1079296K
  class space    used 3877K, capacity 3999K, committed 4040K, reserved 1048576K
}
2016-10-28T02:31:48.689-0400: 36.449: Total time for which application threads were stopped: 0.0204782 seconds, Stopping threads took: 0.0001923 seconds
{Heap before GC invocations=333 (full 2):
 par new generation   total 109248K, used 97981K [0x00000000e0000000, 0x00000000e8000000, 0x00000000e8000000)
  eden space 87424K, 100% used [0x00000000e0000000, 0x00000000e5560000, 0x00000000e5560000)
  from space 21824K,  48% used [0x00000000e6ab0000, 0x00000000e74ff668, 0x00000000e8000000)
  to   space 21824K,   0% used [0x00000000e5560000, 0x00000000e5560000, 0x00000000e6ab0000)
 concurrent mark-sweep generation total 393216K, used 136538K [0x00000000e8000000, 0x0000000100000000, 0x0000000100000000)
 Metaspace       used 33553K, capacity 33968K, committed 34248K, reserved 1079296K
  class space    used 3877K, capacity 3999K, committed 4040K, reserved 1048576K
2016-10-28T02:31:48.715-0400: 36.475: [GC (Allocation Failure) 2016-10-28T02:31:48.715-0400: 36.475: [ParNew
Desired survivor size 20112992 bytes, new threshold 8 (max 8)
- age   1:     279280 bytes,     279280 total
- age   2:    3344680 bytes,    3623960 total
- age   3:    2263952 bytes,    5887912 total
- age   4:     253632 bytes,    6141544 total
- age   5:    1027352 bytes,    7168896 total
- age   6:     218976 bytes,    7387872 total
- age   7:     221512 bytes,    7609384 total
- age   8:     735440 bytes,    8344824 total
: 97981K->9595K(109248K), 0.0136265 secs] 234520K->148138K(502464K), 0.0137151 secs] [Times: user=0.03 sys=0.01, real=0.02 secs] 
Heap after GC invocations=334 (full 2):
 par new generation   total 109248K, used 9595K [0x00000000e0000000, 0x00000000e8000000, 0x00000000e8000000)
  eden space 87424K,   0% used [0x00000000e0000000, 0x00000000e0000000, 0x00000000e5560000)
  from space 21824K,  43% used [0x00000000e5560000, 0x00000000e5ebee88, 0x00000000e6ab0000)
  to   space 21824K,   0% used [0x00000000e6ab0000, 0x00000000e6ab0000, 0x00000000e8000000)
 concurrent mark-sweep generation total 393216K, used 138542K [0x00000000e8000000, 0x0000000100000000, 0x0000000100000000)
 Metaspace       used 33553K, capacity 33968K, committed 34248K, reserved 1079296K
  class space    used 3877K, capacity 3999K, committed 4040K, reserved 1048576K
}
2016-10-28T02:31:48.729-0400: 36.489: Total time for which application threads were stopped: 0.0141235 seconds, Stopping threads took: 0.0001510 seconds
{Heap before GC invocations=334 (full 2):
 par new generation   total 109248K, used 97019K [0x00000000e0000000, 0x00000000e8000000, 0x00000000e8000000)
  eden space 87424K, 100% used [0x00000000e0000000, 0x00000000e5560000, 0x00000000e5560000)
  from space 21824K,  43% used [0x00000000e5560000, 0x00000000e5ebee88, 0x00000000e6ab0000)
  to   space 21824K,   0% used [0x00000000e6ab0000, 0x00000000e6ab0000, 0x00000000e8000000)
 concurrent mark-sweep generation total 393216K, used 138542K [0x00000000e8000000, 0x0000000100000000, 0x0000000100000000)
 Metaspace       used 33553K, capacity 33968K, committed 34248K, reserved 1079296K
  class space    used 3877K, capacity 3999K, committed 4040K, reserved 1048576K
2016-10-28T02:31:48.752-0400: 36.512: [GC (Allocation Failure) 2016-10-28T02:31:48.752-0400: 36.512: [ParNew
Desired survivor size 20112992 bytes, new threshold 8 (max 8)
- age   1:     245544 bytes,     245544 total
- age   2:     252824 bytes,     498368 total
- age   3:    3344680 bytes,    3843048 total
- age   4:    2263952 bytes,    6107000 total
- age   5:     253632 bytes,    6360632 total
- age   6:    1027328 bytes,    7387960 total
- age   7:     218976 bytes,    7606936 total
- age   8:     221400 bytes,    7828336 total
: 97019K->8901K(109248K), 0.0147976 secs] 235562K->148168K(502464K), 0.0149105 secs] [Times: user=0.04 sys=0.00, real=0.01 secs] 
Heap after GC invocations=335 (full 2):
 par new generation   total 109248K, used 8901K [0x00000000e0000000, 0x00000000e8000000, 0x00000000e8000000)
  eden space 87424K,   0% used [0x00000000e0000000, 0x00000000e0000000, 0x00000000e5560000)
  from space 21824K,  40% used [0x00000000e6ab0000, 0x00000000e7361608, 0x00000000e8000000)
  to   space 21824K,   0% used [0x00000000e5560000, 0x00000000e5560000, 0x00000000e6ab0000)
 concurrent mark-sweep generation total 393216K, used 139266K [0x00000000e8000000, 0x0000000100000000, 0x0000000100000000)
 Metaspace       used 33553K, capacity 33968K, committed 34248K, reserved 1079296K
  class space    used 3877K, capacity 3999K, committed 4040K, reserved 1048576K
}
2016-10-28T02:31:48.767-0400: 36.527: Total time for which application threads were stopped: 0.0153519 seconds, Stopping threads took: 0.0001462 seconds
{Heap before GC invocations=335 (full 2):
 par new generation   total 109248K, used 96325K [0x00000000e0000000, 0x00000000e8000000, 0x00000000e8000000)
  eden space 87424K, 100% used [0x00000000e0000000, 0x00000000e5560000, 0x00000000e5560000)
  from space 21824K,  40% used [0x00000000e6ab0000, 0x00000000e7361608, 0x00000000e8000000)
  to   space 21824K,   0% used [0x00000000e5560000, 0x00000000e5560000, 0x00000000e6ab0000)
 concurrent mark-sweep generation total 393216K, used 139266K [0x00000000e8000000, 0x0000000100000000, 0x0000000100000000)
 Metaspace       used 33553K, capacity 33968K, committed 34248K, reserved 1079296K
  class space    used 3877K, capacity 3999K, committed 4040K, reserved 1048576K
2016-10-28T02:31:48.792-0400: 36.553: [GC (Allocation Failure) 2016-10-28T02:31:48.793-0400: 36.553: [ParNew
Desired survivor size 20112992 bytes, new threshold 8 (max 8)
- age   1:     239512 bytes,     239512 total
- age   2:     219088 bytes,     458600 total
- age   3:     252824 bytes,     711424 total
- age   4:    3344680 bytes,    4056104 total
- age   5:    2263952 bytes,    6320056 total
- age   6:     253632 bytes,    6573688 total
- age   7:    1027328 bytes,    7601016 total
- age   8:     218976 bytes,    7819992 total
: 96325K->8351K(109248K), 0.0173362 secs] 235592K->147839K(502464K), 0.0174259 secs] [Times: user=0.04 sys=0.00, real=0.02 secs] 
Heap after GC invocations=336 (full 2):
 par new generation   total 109248K, used 8351K [0x00000000e0000000, 0x00000000e8000000, 0x00000000e8000000)
  eden space 87424K,   0% used [0x00000000e0000000, 0x00000000e0000000, 0x00000000e5560000)
  from space 21824K,  38% used [0x00000000e5560000, 0x00000000e5d87e58, 0x00000000e6ab0000)
  to   space 21824K,   0% used [0x00000000e6ab0000, 0x00000000e6ab0000, 0x00000000e8000000)
 concurrent mark-sweep generation total 393216K, used 139488K [0x00000000e8000000, 0x0000000100000000, 0x0000000100000000)
 Metaspace       used 33553K, capacity 33968K, committed 34248K, reserved 1079296K
  class space    used 3877K, capacity 3999K, committed 4040K, reserved 1048576K
}
2016-10-28T02:31:48.810-0400: 36.570: Total time for which application threads were stopped: 0.0180281 seconds, Stopping threads took: 0.0001912 seconds
{Heap before GC invocations=336 (full 2):
 par new generation   total 109248K, used 95775K [0x00000000e0000000, 0x00000000e8000000, 0x00000000e8000000)
  eden space 87424K, 100% used [0x00000000e0000000, 0x00000000e5560000, 0x00000000e5560000)
  from space 21824K,  38% used [0x00000000e5560000, 0x00000000e5d87e58, 0x00000000e6ab0000)
  to   space 21824K,   0% used [0x00000000e6ab0000, 0x00000000e6ab0000, 0x00000000e8000000)
 concurrent mark-sweep generation total 393216K, used 139488K [0x00000000e8000000, 0x0000000100000000, 0x0000000100000000)
 Metaspace       used 33553K, capacity 33968K, committed 34248K, reserved 1079296K
  class space    used 3877K, capacity 3999K, committed 4040K, reserved 1048576K
2016-10-28T02:31:48.832-0400: 36.593: [GC (Allocation Failure) 2016-10-28T02:31:48.832-0400: 36.593: [ParNew
Desired survivor size 20112992 bytes, new threshold 8 (max 8)
- age   1:    1195536 bytes,    1195536 total
- age   2:     213024 bytes,    1408560 total
- age   3:     219088 bytes,    1627648 total
- age   4:     252824 bytes,    1880472 total
- age   5:    3344680 bytes,    5225152 total
- age   6:    2263952 bytes,    7489104 total
- age   7:     253608 bytes,    7742712 total
- age   8:     211896 bytes,    7954608 total
: 95775K->8486K(109248K), 0.0135234 secs] 235263K->148193K(502464K), 0.0136219 secs] [Times: user=0.03 sys=0.00, real=0.01 secs] 
Heap after GC invocations=337 (full 2):
 par new generation   total 109248K, used 8486K [0x00000000e0000000, 0x00000000e8000000, 0x00000000e8000000)
  eden space 87424K,   0% used [0x00000000e0000000, 0x00000000e0000000, 0x00000000e5560000)
  from space 21824K,  38% used [0x00000000e6ab0000, 0x00000000e72f9a28, 0x00000000e8000000)
  to   space 21824K,   0% used [0x00000000e5560000, 0x00000000e5560000, 0x00000000e6ab0000)
 concurrent mark-sweep generation total 393216K, used 139707K [0x00000000e8000000, 0x0000000100000000, 0x0000000100000000)
 Metaspace       used 33553K, capacity 33968K, committed 34248K, reserved 1079296K
  class space    used 3877K, capacity 3999K, committed 4040K, reserved 1048576K
}
2016-10-28T02:31:48.846-0400: 36.606: Total time for which application threads were stopped: 0.0139743 seconds, Stopping threads took: 0.0001341 seconds
2016-10-28T02:31:48.867-0400: 36.628: Total time for which application threads were stopped: 0.0019925 seconds, Stopping threads took: 0.0001194 seconds
{Heap before GC invocations=337 (full 2):
 par new generation   total 109248K, used 95910K [0x00000000e0000000, 0x00000000e8000000, 0x00000000e8000000)
  eden space 87424K, 100% used [0x00000000e0000000, 0x00000000e5560000, 0x00000000e5560000)
  from space 21824K,  38% used [0x00000000e6ab0000, 0x00000000e72f9a28, 0x00000000e8000000)
  to   space 21824K,   0% used [0x00000000e5560000, 0x00000000e5560000, 0x00000000e6ab0000)
 concurrent mark-sweep generation total 393216K, used 139707K [0x00000000e8000000, 0x0000000100000000, 0x0000000100000000)
 Metaspace       used 33560K, capacity 33968K, committed 34248K, reserved 1079296K
  class space    used 3878K, capacity 3999K, committed 4040K, reserved 1048576K
2016-10-28T02:31:48.876-0400: 36.636: [GC (Allocation Failure) 2016-10-28T02:31:48.876-0400: 36.636: [ParNew
Desired survivor size 20112992 bytes, new threshold 8 (max 8)
- age   1:    1227064 bytes,    1227064 total
- age   2:    1169080 bytes,    2396144 total
- age   3:     213048 bytes,    2609192 total
- age   4:     218976 bytes,    2828168 total
- age   5:     252824 bytes,    3080992 total
- age   6:    3344680 bytes,    6425672 total
- age   7:    1693152 bytes,    8118824 total
- age   8:     253608 bytes,    8372432 total
: 95910K->8846K(109248K), 0.0126950 secs] 235617K->148765K(502464K), 0.0128293 secs] [Times: user=0.02 sys=0.01, real=0.02 secs] 
Heap after GC invocations=338 (full 2):
 par new generation   total 109248K, used 8846K [0x00000000e0000000, 0x00000000e8000000, 0x00000000e8000000)
  eden space 87424K,   0% used [0x00000000e0000000, 0x00000000e0000000, 0x00000000e5560000)
  from space 21824K,  40% used [0x00000000e5560000, 0x00000000e5e03800, 0x00000000e6ab0000)
  to   space 21824K,   0% used [0x00000000e6ab0000, 0x00000000e6ab0000, 0x00000000e8000000)
 concurrent mark-sweep generation total 393216K, used 139919K [0x00000000e8000000, 0x0000000100000000, 0x0000000100000000)
 Metaspace       used 33560K, capacity 33968K, committed 34248K, reserved 1079296K
  class space    used 3878K, capacity 3999K, committed 4040K, reserved 1048576K
}
2016-10-28T02:31:48.889-0400: 36.649: Total time for which application threads were stopped: 0.0133089 seconds, Stopping threads took: 0.0001949 seconds
{Heap before GC invocations=338 (full 2):
 par new generation   total 109248K, used 96270K [0x00000000e0000000, 0x00000000e8000000, 0x00000000e8000000)
  eden space 87424K, 100% used [0x00000000e0000000, 0x00000000e5560000, 0x00000000e5560000)
  from space 21824K,  40% used [0x00000000e5560000, 0x00000000e5e03800, 0x00000000e6ab0000)
  to   space 21824K,   0% used [0x00000000e6ab0000, 0x00000000e6ab0000, 0x00000000e8000000)
 concurrent mark-sweep generation total 393216K, used 139919K [0x00000000e8000000, 0x0000000100000000, 0x0000000100000000)
 Metaspace       used 33560K, capacity 33968K, committed 34248K, reserved 1079296K
  class space    used 3878K, capacity 3999K, committed 4040K, reserved 1048576K
2016-10-28T02:31:48.916-0400: 36.676: [GC (Allocation Failure) 2016-10-28T02:31:48.916-0400: 36.676: [ParNew
Desired survivor size 20112992 bytes, new threshold 8 (max 8)
- age   1:    1554776 bytes,    1554776 total
- age   2:    1194816 bytes,    2749592 total
- age   3:    1169080 bytes,    3918672 total
- age   4:     213024 bytes,    4131696 total
- age   5:     218976 bytes,    4350672 total
- age   6:     252824 bytes,    4603496 total
- age   7:    3344680 bytes,    7948176 total
- age   8:     551552 bytes,    8499728 total
: 96270K->8563K(109248K), 0.0221224 secs] 236189K->148735K(502464K), 0.0222395 secs] [Times: user=0.04 sys=0.00, real=0.02 secs] 
Heap after GC invocations=339 (full 2):
 par new generation   total 109248K, used 8563K [0x00000000e0000000, 0x00000000e8000000, 0x00000000e8000000)
  eden space 87424K,   0% used [0x00000000e0000000, 0x00000000e0000000, 0x00000000e5560000)
  from space 21824K,  39% used [0x00000000e6ab0000, 0x00000000e730cf70, 0x00000000e8000000)
  to   space 21824K,   0% used [0x00000000e5560000, 0x00000000e5560000, 0x00000000e6ab0000)
 concurrent mark-sweep generation total 393216K, used 140171K [0x00000000e8000000, 0x0000000100000000, 0x0000000100000000)
 Metaspace       used 33560K, capacity 33968K, committed 34248K, reserved 1079296K
  class space    used 3878K, capacity 3999K, committed 4040K, reserved 1048576K
}
2016-10-28T02:31:48.938-0400: 36.698: Total time for which application threads were stopped: 0.0228754 seconds, Stopping threads took: 0.0004077 seconds
{Heap before GC invocations=339 (full 2):
 par new generation   total 109248K, used 95987K [0x00000000e0000000, 0x00000000e8000000, 0x00000000e8000000)
  eden space 87424K, 100% used [0x00000000e0000000, 0x00000000e5560000, 0x00000000e5560000)
  from space 21824K,  39% used [0x00000000e6ab0000, 0x00000000e730cf70, 0x00000000e8000000)
  to   space 21824K,   0% used [0x00000000e5560000, 0x00000000e5560000, 0x00000000e6ab0000)
 concurrent mark-sweep generation total 393216K, used 140171K [0x00000000e8000000, 0x0000000100000000, 0x0000000100000000)
 Metaspace       used 33562K, capacity 33968K, committed 34248K, reserved 1079296K
  class space    used 3878K, capacity 3999K, committed 4040K, reserved 1048576K
2016-10-28T02:31:48.965-0400: 36.725: [GC (Allocation Failure) 2016-10-28T02:31:48.965-0400: 36.725: [ParNew
Desired survivor size 20112992 bytes, new threshold 8 (max 8)
- age   1:    4199176 bytes,    4199176 total
- age   2:    1528304 bytes,    5727480 total
- age   3:    1194776 bytes,    6922256 total
- age   4:    1169080 bytes,    8091336 total
- age   5:     213024 bytes,    8304360 total
- age   6:     218976 bytes,    8523336 total
- age   7:     252824 bytes,    8776160 total
- age   8:     176784 bytes,    8952944 total
: 95987K->8998K(109248K), 0.0207463 secs] 236159K->149387K(502464K), 0.0208631 secs] [Times: user=0.03 sys=0.01, real=0.02 secs] 
Heap after GC invocations=340 (full 2):
 par new generation   total 109248K, used 8998K [0x00000000e0000000, 0x00000000e8000000, 0x00000000e8000000)
  eden space 87424K,   0% used [0x00000000e0000000, 0x00000000e0000000, 0x00000000e5560000)
  from space 21824K,  41% used [0x00000000e5560000, 0x00000000e5e29af8, 0x00000000e6ab0000)
  to   space 21824K,   0% used [0x00000000e6ab0000, 0x00000000e6ab0000, 0x00000000e8000000)
 concurrent mark-sweep generation total 393216K, used 140388K [0x00000000e8000000, 0x0000000100000000, 0x0000000100000000)
 Metaspace       used 33562K, capacity 33968K, committed 34248K, reserved 1079296K
  class space    used 3878K, capacity 3999K, committed 4040K, reserved 1048576K
}
2016-10-28T02:31:48.986-0400: 36.746: Total time for which application threads were stopped: 0.0215030 seconds, Stopping threads took: 0.0003974 seconds
{Heap before GC invocations=340 (full 2):
 par new generation   total 109248K, used 96422K [0x00000000e0000000, 0x00000000e8000000, 0x00000000e8000000)
  eden space 87424K, 100% used [0x00000000e0000000, 0x00000000e5560000, 0x00000000e5560000)
  from space 21824K,  41% used [0x00000000e5560000, 0x00000000e5e29af8, 0x00000000e6ab0000)
  to   space 21824K,   0% used [0x00000000e6ab0000, 0x00000000e6ab0000, 0x00000000e8000000)
 concurrent mark-sweep generation total 393216K, used 140388K [0x00000000e8000000, 0x0000000100000000, 0x0000000100000000)
 Metaspace       used 33564K, capacity 33968K, committed 34248K, reserved 1079296K
  class space    used 3878K, capacity 3999K, committed 4040K, reserved 1048576K
2016-10-28T02:31:49.011-0400: 36.771: [GC (Allocation Failure) 2016-10-28T02:31:49.011-0400: 36.771: [ParNew
Desired survivor size 20112992 bytes, new threshold 8 (max 8)
- age   1:     272272 bytes,     272272 total
- age   2:    4156312 bytes,    4428584 total
- age   3:    1528304 bytes,    5956888 total
- age   4:    1194776 bytes,    7151664 total
- age   5:    1169080 bytes,    8320744 total
- age   6:     213024 bytes,    8533768 total
- age   7:     218976 bytes,    8752744 total
- age   8:     252824 bytes,    9005568 total
: 96422K->9286K(109248K), 0.0181740 secs] 236811K->149853K(502464K), 0.0183026 secs] [Times: user=0.04 sys=0.00, real=0.02 secs] 
Heap after GC invocations=341 (full 2):
 par new generation   total 109248K, used 9286K [0x00000000e0000000, 0x00000000e8000000, 0x00000000e8000000)
  eden space 87424K,   0% used [0x00000000e0000000, 0x00000000e0000000, 0x00000000e5560000)
  from space 21824K,  42% used [0x00000000e6ab0000, 0x00000000e73c1b60, 0x00000000e8000000)
  to   space 21824K,   0% used [0x00000000e5560000, 0x00000000e5560000, 0x00000000e6ab0000)
 concurrent mark-sweep generation total 393216K, used 140566K [0x00000000e8000000, 0x0000000100000000, 0x0000000100000000)
 Metaspace       used 33564K, capacity 33968K, committed 34248K, reserved 1079296K
  class space    used 3878K, capacity 3999K, committed 4040K, reserved 1048576K
}
2016-10-28T02:31:49.029-0400: 36.790: Total time for which application threads were stopped: 0.0188450 seconds, Stopping threads took: 0.0002482 seconds
{Heap before GC invocations=341 (full 2):
 par new generation   total 109248K, used 96710K [0x00000000e0000000, 0x00000000e8000000, 0x00000000e8000000)
  eden space 87424K, 100% used [0x00000000e0000000, 0x00000000e5560000, 0x00000000e5560000)
  from space 21824K,  42% used [0x00000000e6ab0000, 0x00000000e73c1b60, 0x00000000e8000000)
  to   space 21824K,   0% used [0x00000000e5560000, 0x00000000e5560000, 0x00000000e6ab0000)
 concurrent mark-sweep generation total 393216K, used 140566K [0x00000000e8000000, 0x0000000100000000, 0x0000000100000000)
 Metaspace       used 33564K, capacity 33968K, committed 34248K, reserved 1079296K
  class space    used 3878K, capacity 3999K, committed 4040K, reserved 1048576K
2016-10-28T02:31:49.052-0400: 36.812: [GC (Allocation Failure) 2016-10-28T02:31:49.052-0400: 36.812: [ParNew
Desired survivor size 20112992 bytes, new threshold 8 (max 8)
- age   1:     351200 bytes,     351200 total
- age   2:     213024 bytes,     564224 total
- age   3:    4156312 bytes,    4720536 total
- age   4:    1528304 bytes,    6248840 total
- age   5:    1194776 bytes,    7443616 total
- age   6:    1169080 bytes,    8612696 total
- age   7:     213024 bytes,    8825720 total
- age   8:     218976 bytes,    9044696 total
: 96710K->9761K(109248K), 0.0164491 secs] 237277K->150579K(502464K), 0.0165467 secs] [Times: user=0.04 sys=0.01, real=0.02 secs] 
Heap after GC invocations=342 (full 2):
 par new generation   total 109248K, used 9761K [0x00000000e0000000, 0x00000000e8000000, 0x00000000e8000000)
  eden space 87424K,   0% used [0x00000000e0000000, 0x00000000e0000000, 0x00000000e5560000)
  from space 21824K,  44% used [0x00000000e5560000, 0x00000000e5ee84d8, 0x00000000e6ab0000)
  to   space 21824K,   0% used [0x00000000e6ab0000, 0x00000000e6ab0000, 0x00000000e8000000)
 concurrent mark-sweep generation total 393216K, used 140818K [0x00000000e8000000, 0x0000000100000000, 0x0000000100000000)
 Metaspace       used 33564K, capacity 33968K, committed 34248K, reserved 1079296K
  class space    used 3878K, capacity 3999K, committed 4040K, reserved 1048576K
}
2016-10-28T02:31:49.068-0400: 36.828: Total time for which application threads were stopped: 0.0170229 seconds, Stopping threads took: 0.0002255 seconds
{Heap before GC invocations=342 (full 2):
 par new generation   total 109248K, used 97185K [0x00000000e0000000, 0x00000000e8000000, 0x00000000e8000000)
  eden space 87424K, 100% used [0x00000000e0000000, 0x00000000e5560000, 0x00000000e5560000)
  from space 21824K,  44% used [0x00000000e5560000, 0x00000000e5ee84d8, 0x00000000e6ab0000)
  to   space 21824K,   0% used [0x00000000e6ab0000, 0x00000000e6ab0000, 0x00000000e8000000)
 concurrent mark-sweep generation total 393216K, used 140818K [0x00000000e8000000, 0x0000000100000000, 0x0000000100000000)
 Metaspace       used 33564K, capacity 33968K, committed 34248K, reserved 1079296K
  class space    used 3878K, capacity 3999K, committed 4040K, reserved 1048576K
2016-10-28T02:31:49.102-0400: 36.862: [GC (Allocation Failure) 2016-10-28T02:31:49.102-0400: 36.862: [ParNew
Desired survivor size 20112992 bytes, new threshold 8 (max 8)
- age   1:     346128 bytes,     346128 total
- age   2:     259184 bytes,     605312 total
- age   3:     213024 bytes,     818336 total
- age   4:    4156312 bytes,    4974648 total
- age   5:    1528304 bytes,    6502952 total
- age   6:    1194776 bytes,    7697728 total
- age   7:    1169080 bytes,    8866808 total
- age   8:     213024 bytes,    9079832 total
: 97185K->9594K(109248K), 0.0202049 secs] 238003K->150632K(502464K), 0.0202989 secs] [Times: user=0.04 sys=0.00, real=0.02 secs] 
Heap after GC invocations=343 (full 2):
 par new generation   total 109248K, used 9594K [0x00000000e0000000, 0x00000000e8000000, 0x00000000e8000000)
  eden space 87424K,   0% used [0x00000000e0000000, 0x00000000e0000000, 0x00000000e5560000)
  from space 21824K,  43% used [0x00000000e6ab0000, 0x00000000e740ea70, 0x00000000e8000000)
  to   space 21824K,   0% used [0x00000000e5560000, 0x00000000e5560000, 0x00000000e6ab0000)
 concurrent mark-sweep generation total 393216K, used 141037K [0x00000000e8000000, 0x0000000100000000, 0x0000000100000000)
 Metaspace       used 33564K, capacity 33968K, committed 34248K, reserved 1079296K
  class space    used 3878K, capacity 3999K, committed 4040K, reserved 1048576K
}
2016-10-28T02:31:49.122-0400: 36.882: Total time for which application threads were stopped: 0.0207364 seconds, Stopping threads took: 0.0001634 seconds
{Heap before GC invocations=343 (full 2):
 par new generation   total 109248K, used 97018K [0x00000000e0000000, 0x00000000e8000000, 0x00000000e8000000)
  eden space 87424K, 100% used [0x00000000e0000000, 0x00000000e5560000, 0x00000000e5560000)
  from space 21824K,  43% used [0x00000000e6ab0000, 0x00000000e740ea70, 0x00000000e8000000)
  to   space 21824K,   0% used [0x00000000e5560000, 0x00000000e5560000, 0x00000000e6ab0000)
 concurrent mark-sweep generation total 393216K, used 141037K [0x00000000e8000000, 0x0000000100000000, 0x0000000100000000)
 Metaspace       used 33564K, capacity 33968K, committed 34248K, reserved 1079296K
  class space    used 3878K, capacity 3999K, committed 4040K, reserved 1048576K
2016-10-28T02:31:49.154-0400: 36.914: [GC (Allocation Failure) 2016-10-28T02:31:49.154-0400: 36.914: [ParNew
Desired survivor size 20112992 bytes, new threshold 8 (max 8)
- age   1:    1269024 bytes,    1269024 total
- age   2:     319672 bytes,    1588696 total
- age   3:     259184 bytes,    1847880 total
- age   4:     213024 bytes,    2060904 total
- age   5:    4156312 bytes,    6217216 total
- age   6:    1528304 bytes,    7745520 total
- age   7:    1194776 bytes,    8940296 total
- age   8:     251704 bytes,    9192000 total
: 97018K->9346K(109248K), 0.0139373 secs] 238056K->150597K(502464K), 0.0140517 secs] [Times: user=0.03 sys=0.01, real=0.02 secs] 
Heap after GC invocations=344 (full 2):
 par new generation   total 109248K, used 9346K [0x00000000e0000000, 0x00000000e8000000, 0x00000000e8000000)
  eden space 87424K,   0% used [0x00000000e0000000, 0x00000000e0000000, 0x00000000e5560000)
  from space 21824K,  42% used [0x00000000e5560000, 0x00000000e5e80920, 0x00000000e6ab0000)
  to   space 21824K,   0% used [0x00000000e6ab0000, 0x00000000e6ab0000, 0x00000000e8000000)
 concurrent mark-sweep generation total 393216K, used 141251K [0x00000000e8000000, 0x0000000100000000, 0x0000000100000000)
 Metaspace       used 33564K, capacity 33968K, committed 34248K, reserved 1079296K
  class space    used 3878K, capacity 3999K, committed 4040K, reserved 1048576K
}
2016-10-28T02:31:49.168-0400: 36.929: Total time for which application threads were stopped: 0.0144762 seconds, Stopping threads took: 0.0002126 seconds
{Heap before GC invocations=344 (full 2):
 par new generation   total 109248K, used 96770K [0x00000000e0000000, 0x00000000e8000000, 0x00000000e8000000)
  eden space 87424K, 100% used [0x00000000e0000000, 0x00000000e5560000, 0x00000000e5560000)
  from space 21824K,  42% used [0x00000000e5560000, 0x00000000e5e80920, 0x00000000e6ab0000)
  to   space 21824K,   0% used [0x00000000e6ab0000, 0x00000000e6ab0000, 0x00000000e8000000)
 concurrent mark-sweep generation total 393216K, used 141251K [0x00000000e8000000, 0x0000000100000000, 0x0000000100000000)
 Metaspace       used 33564K, capacity 33968K, committed 34248K, reserved 1079296K
  class space    used 3878K, capacity 3999K, committed 4040K, reserved 1048576K
2016-10-28T02:31:49.195-0400: 36.955: [GC (Allocation Failure) 2016-10-28T02:31:49.195-0400: 36.955: [ParNew
Desired survivor size 20112992 bytes, new threshold 8 (max 8)
- age   1:     278216 bytes,     278216 total
- age   2:    1242560 bytes,    1520776 total
- age   3:     319672 bytes,    1840448 total
- age   4:     259184 bytes,    2099632 total
- age   5:     213024 bytes,    2312656 total
- age   6:    4156312 bytes,    6468968 total
- age   7:    1528304 bytes,    7997272 total
- age   8:    1194776 bytes,    9192048 total
: 96770K->9577K(109248K), 0.0155627 secs] 238021K->151080K(502464K), 0.0156556 secs] [Times: user=0.04 sys=0.01, real=0.02 secs] 
Heap after GC invocations=345 (full 2):
 par new generation   total 109248K, used 9577K [0x00000000e0000000, 0x00000000e8000000, 0x00000000e8000000)
  eden space 87424K,   0% used [0x00000000e0000000, 0x00000000e0000000, 0x00000000e5560000)
  from space 21824K,  43% used [0x00000000e6ab0000, 0x00000000e740a740, 0x00000000e8000000)
  to   space 21824K,   0% used [0x00000000e5560000, 0x00000000e5560000, 0x00000000e6ab0000)
 concurrent mark-sweep generation total 393216K, used 141502K [0x00000000e8000000, 0x0000000100000000, 0x0000000100000000)
 Metaspace       used 33564K, capacity 33968K, committed 34248K, reserved 1079296K
  class space    used 3878K, capacity 3999K, committed 4040K, reserved 1048576K
}
2016-10-28T02:31:49.211-0400: 36.971: Total time for which application threads were stopped: 0.0160790 seconds, Stopping threads took: 0.0002049 seconds
{Heap before GC invocations=345 (full 2):
 par new generation   total 109248K, used 97001K [0x00000000e0000000, 0x00000000e8000000, 0x00000000e8000000)
  eden space 87424K, 100% used [0x00000000e0000000, 0x00000000e5560000, 0x00000000e5560000)
  from space 21824K,  43% used [0x00000000e6ab0000, 0x00000000e740a740, 0x00000000e8000000)
  to   space 21824K,   0% used [0x00000000e5560000, 0x00000000e5560000, 0x00000000e6ab0000)
 concurrent mark-sweep generation total 393216K, used 141502K [0x00000000e8000000, 0x0000000100000000, 0x0000000100000000)
 Metaspace       used 33588K, capacity 34032K, committed 34504K, reserved 1079296K
  class space    used 3881K, capacity 3999K, committed 4040K, reserved 1048576K
2016-10-28T02:31:49.236-0400: 36.996: [GC (Allocation Failure) 2016-10-28T02:31:49.236-0400: 36.996: [ParNew
Desired survivor size 20112992 bytes, new threshold 8 (max 8)
- age   1:     985696 bytes,     985696 total
- age   2:     251760 bytes,    1237456 total
- age   3:    1242560 bytes,    2480016 total
- age   4:     188584 bytes,    2668600 total
- age   5:     259184 bytes,    2927784 total
- age   6:     213024 bytes,    3140808 total
- age   7:    4156040 bytes,    7296848 total
- age   8:    1528304 bytes,    8825152 total
: 97001K->10198K(109248K), 0.0182639 secs] 238504K->152245K(502464K), 0.0183550 secs] [Times: user=0.03 sys=0.01, real=0.02 secs] 
Heap after GC invocations=346 (full 2):
 par new generation   total 109248K, used 10198K [0x00000000e0000000, 0x00000000e8000000, 0x00000000e8000000)
  eden space 87424K,   0% used [0x00000000e0000000, 0x00000000e0000000, 0x00000000e5560000)
  from space 21824K,  46% used [0x00000000e5560000, 0x00000000e5f559c0, 0x00000000e6ab0000)
  to   space 21824K,   0% used [0x00000000e6ab0000, 0x00000000e6ab0000, 0x00000000e8000000)
 concurrent mark-sweep generation total 393216K, used 142047K [0x00000000e8000000, 0x0000000100000000, 0x0000000100000000)
 Metaspace       used 33588K, capacity 34032K, committed 34504K, reserved 1079296K
  class space    used 3881K, capacity 3999K, committed 4040K, reserved 1048576K
}
2016-10-28T02:31:49.254-0400: 37.014: Total time for which application threads were stopped: 0.0187881 seconds, Stopping threads took: 0.0002055 seconds
{Heap before GC invocations=346 (full 2):
 par new generation   total 109248K, used 97622K [0x00000000e0000000, 0x00000000e8000000, 0x00000000e8000000)
  eden space 87424K, 100% used [0x00000000e0000000, 0x00000000e5560000, 0x00000000e5560000)
  from space 21824K,  46% used [0x00000000e5560000, 0x00000000e5f559c0, 0x00000000e6ab0000)
  to   space 21824K,   0% used [0x00000000e6ab0000, 0x00000000e6ab0000, 0x00000000e8000000)
 concurrent mark-sweep generation total 393216K, used 142047K [0x00000000e8000000, 0x0000000100000000, 0x0000000100000000)
 Metaspace       used 33588K, capacity 34032K, committed 34504K, reserved 1079296K
  class space    used 3881K, capacity 3999K, committed 4040K, reserved 1048576K
2016-10-28T02:31:49.282-0400: 37.042: [GC (Allocation Failure) 2016-10-28T02:31:49.282-0400: 37.042: [ParNew
Desired survivor size 20112992 bytes, new threshold 8 (max 8)
- age   1:    1715896 bytes,    1715896 total
- age   2:     942888 bytes,    2658784 total
- age   3:     251760 bytes,    2910544 total
- age   4:    1242560 bytes,    4153104 total
- age   5:     188584 bytes,    4341688 total
- age   6:     259184 bytes,    4600872 total
- age   7:     213024 bytes,    4813896 total
- age   8:    4156040 bytes,    8969936 total
: 97622K->8965K(109248K), 0.0167201 secs] 239669K->151255K(502464K), 0.0167886 secs] [Times: user=0.04 sys=0.00, real=0.01 secs] 
Heap after GC invocations=347 (full 2):
 par new generation   total 109248K, used 8965K [0x00000000e0000000, 0x00000000e8000000, 0x00000000e8000000)
  eden space 87424K,   0% used [0x00000000e0000000, 0x00000000e0000000, 0x00000000e5560000)
  from space 21824K,  41% used [0x00000000e6ab0000, 0x00000000e7371418, 0x00000000e8000000)
  to   space 21824K,   0% used [0x00000000e5560000, 0x00000000e5560000, 0x00000000e6ab0000)
 concurrent mark-sweep generation total 393216K, used 142290K [0x00000000e8000000, 0x0000000100000000, 0x0000000100000000)
 Metaspace       used 33588K, capacity 34032K, committed 34504K, reserved 1079296K
  class space    used 3881K, capacity 3999K, committed 4040K, reserved 1048576K
}
2016-10-28T02:31:49.299-0400: 37.059: Total time for which application threads were stopped: 0.0187343 seconds, Stopping threads took: 0.0017301 seconds
{Heap before GC invocations=347 (full 2):
 par new generation   total 109248K, used 96389K [0x00000000e0000000, 0x00000000e8000000, 0x00000000e8000000)
  eden space 87424K, 100% used [0x00000000e0000000, 0x00000000e5560000, 0x00000000e5560000)
  from space 21824K,  41% used [0x00000000e6ab0000, 0x00000000e7371418, 0x00000000e8000000)
  to   space 21824K,   0% used [0x00000000e5560000, 0x00000000e5560000, 0x00000000e6ab0000)
 concurrent mark-sweep generation total 393216K, used 142290K [0x00000000e8000000, 0x0000000100000000, 0x0000000100000000)
 Metaspace       used 33588K, capacity 34032K, committed 34504K, reserved 1079296K
  class space    used 3881K, capacity 3999K, committed 4040K, reserved 1048576K
2016-10-28T02:31:49.319-0400: 37.079: [GC (Allocation Failure) 2016-10-28T02:31:49.319-0400: 37.079: [ParNew
Desired survivor size 20112992 bytes, new threshold 8 (max 8)
- age   1:    4641664 bytes,    4641664 total
- age   2:    1689432 bytes,    6331096 total
- age   3:     942888 bytes,    7273984 total
- age   4:     251760 bytes,    7525744 total
- age   5:    1242560 bytes,    8768304 total
- age   6:     188584 bytes,    8956888 total
- age   7:     259208 bytes,    9216096 total
- age   8:     213024 bytes,    9429120 total
: 96389K->10565K(109248K), 0.0133862 secs] 238679K->153070K(502464K), 0.0134695 secs] [Times: user=0.02 sys=0.00, real=0.01 secs] 
Heap after GC invocations=348 (full 2):
 par new generation   total 109248K, used 10565K [0x00000000e0000000, 0x00000000e8000000, 0x00000000e8000000)
  eden space 87424K,   0% used [0x00000000e0000000, 0x00000000e0000000, 0x00000000e5560000)
  from space 21824K,  48% used [0x00000000e5560000, 0x00000000e5fb15f0, 0x00000000e6ab0000)
  to   space 21824K,   0% used [0x00000000e6ab0000, 0x00000000e6ab0000, 0x00000000e8000000)
 concurrent mark-sweep generation total 393216K, used 142505K [0x00000000e8000000, 0x0000000100000000, 0x0000000100000000)
 Metaspace       used 33588K, capacity 34032K, committed 34504K, reserved 1079296K
  class space    used 3881K, capacity 3999K, committed 4040K, reserved 1048576K
}
2016-10-28T02:31:49.333-0400: 37.093: Total time for which application threads were stopped: 0.0138907 seconds, Stopping threads took: 0.0001446 seconds
{Heap before GC invocations=348 (full 2):
 par new generation   total 109248K, used 97989K [0x00000000e0000000, 0x00000000e8000000, 0x00000000e8000000)
  eden space 87424K, 100% used [0x00000000e0000000, 0x00000000e5560000, 0x00000000e5560000)
  from space 21824K,  48% used [0x00000000e5560000, 0x00000000e5fb15f0, 0x00000000e6ab0000)
  to   space 21824K,   0% used [0x00000000e6ab0000, 0x00000000e6ab0000, 0x00000000e8000000)
 concurrent mark-sweep generation total 393216K, used 142505K [0x00000000e8000000, 0x0000000100000000, 0x0000000100000000)
 Metaspace       used 33591K, capacity 34032K, committed 34504K, reserved 1079296K
  class space    used 3881K, capacity 3999K, committed 4040K, reserved 1048576K
2016-10-28T02:31:49.353-0400: 37.113: [GC (Allocation Failure) 2016-10-28T02:31:49.353-0400: 37.113: [ParNew
Desired survivor size 20112992 bytes, new threshold 8 (max 8)
- age   1:    1032272 bytes,    1032272 total
- age   2:    4615248 bytes,    5647520 total
- age   3:    1689456 bytes,    7336976 total
- age   4:     942888 bytes,    8279864 total
- age   5:     251760 bytes,    8531624 total
- age   6:    1242584 bytes,    9774208 total
- age   7:     188608 bytes,    9962816 total
- age   8:     259208 bytes,   10222024 total
: 97989K->10471K(109248K), 0.0110592 secs] 240494K->153190K(502464K), 0.0111271 secs] [Times: user=0.02 sys=0.01, real=0.01 secs] 
Heap after GC invocations=349 (full 2):
 par new generation   total 109248K, used 10471K [0x00000000e0000000, 0x00000000e8000000, 0x00000000e8000000)
  eden space 87424K,   0% used [0x00000000e0000000, 0x00000000e0000000, 0x00000000e5560000)
  from space 21824K,  47% used [0x00000000e6ab0000, 0x00000000e74e9e80, 0x00000000e8000000)
  to   space 21824K,   0% used [0x00000000e5560000, 0x00000000e5560000, 0x00000000e6ab0000)
 concurrent mark-sweep generation total 393216K, used 142718K [0x00000000e8000000, 0x0000000100000000, 0x0000000100000000)
 Metaspace       used 33591K, capacity 34032K, committed 34504K, reserved 1079296K
  class space    used 3881K, capacity 3999K, committed 4040K, reserved 1048576K
}
2016-10-28T02:31:49.364-0400: 37.124: Total time for which application threads were stopped: 0.0121883 seconds, Stopping threads took: 0.0006806 seconds
{Heap before GC invocations=349 (full 2):
 par new generation   total 109248K, used 97895K [0x00000000e0000000, 0x00000000e8000000, 0x00000000e8000000)
  eden space 87424K, 100% used [0x00000000e0000000, 0x00000000e5560000, 0x00000000e5560000)
  from space 21824K,  47% used [0x00000000e6ab0000, 0x00000000e74e9e80, 0x00000000e8000000)
  to   space 21824K,   0% used [0x00000000e5560000, 0x00000000e5560000, 0x00000000e6ab0000)
 concurrent mark-sweep generation total 393216K, used 142718K [0x00000000e8000000, 0x0000000100000000, 0x0000000100000000)
 Metaspace       used 33614K, capacity 34032K, committed 34504K, reserved 1079296K
  class space    used 3883K, capacity 3999K, committed 4040K, reserved 1048576K
2016-10-28T02:31:49.384-0400: 37.144: [GC (Allocation Failure) 2016-10-28T02:31:49.384-0400: 37.144: [ParNew
Desired survivor size 20112992 bytes, new threshold 8 (max 8)
- age   1:     317976 bytes,     317976 total
- age   2:    1005736 bytes,    1323712 total
- age   3:    4615200 bytes,    5938912 total
- age   4:    1689432 bytes,    7628344 total
- age   5:     942696 bytes,    8571040 total
- age   6:     251760 bytes,    8822800 total
- age   7:    1242560 bytes,   10065360 total
- age   8:     188584 bytes,   10253944 total
: 97895K->10156K(109248K), 0.0128738 secs] 240614K->153133K(502464K), 0.0129418 secs] [Times: user=0.02 sys=0.00, real=0.01 secs] 
Heap after GC invocations=350 (full 2):
 par new generation   total 109248K, used 10156K [0x00000000e0000000, 0x00000000e8000000, 0x00000000e8000000)
  eden space 87424K,   0% used [0x00000000e0000000, 0x00000000e0000000, 0x00000000e5560000)
  from space 21824K,  46% used [0x00000000e5560000, 0x00000000e5f4b018, 0x00000000e6ab0000)
  to   space 21824K,   0% used [0x00000000e6ab0000, 0x00000000e6ab0000, 0x00000000e8000000)
 concurrent mark-sweep generation total 393216K, used 142977K [0x00000000e8000000, 0x0000000100000000, 0x0000000100000000)
 Metaspace       used 33614K, capacity 34032K, committed 34504K, reserved 1079296K
  class space    used 3883K, capacity 3999K, committed 4040K, reserved 1048576K
}
2016-10-28T02:31:49.397-0400: 37.157: Total time for which application threads were stopped: 0.0133343 seconds, Stopping threads took: 0.0001159 seconds
{Heap before GC invocations=350 (full 2):
 par new generation   total 109248K, used 97580K [0x00000000e0000000, 0x00000000e8000000, 0x00000000e8000000)
  eden space 87424K, 100% used [0x00000000e0000000, 0x00000000e5560000, 0x00000000e5560000)
  from space 21824K,  46% used [0x00000000e5560000, 0x00000000e5f4b018, 0x00000000e6ab0000)
  to   space 21824K,   0% used [0x00000000e6ab0000, 0x00000000e6ab0000, 0x00000000e8000000)
 concurrent mark-sweep generation total 393216K, used 142977K [0x00000000e8000000, 0x0000000100000000, 0x0000000100000000)
 Metaspace       used 33657K, capacity 34096K, committed 34504K, reserved 1079296K
  class space    used 3885K, capacity 3999K, committed 4040K, reserved 1048576K
2016-10-28T02:31:49.418-0400: 37.178: [GC (Allocation Failure) 2016-10-28T02:31:49.418-0400: 37.178: [ParNew
Desired survivor size 20112992 bytes, new threshold 8 (max 8)
- age   1:     401728 bytes,     401728 total
- age   2:     278592 bytes,     680320 total
- age   3:    1005736 bytes,    1686056 total
- age   4:    4615200 bytes,    6301256 total
- age   5:    1689432 bytes,    7990688 total
- age   6:     942696 bytes,    8933384 total
- age   7:     251760 bytes,    9185144 total
- age   8:    1242560 bytes,   10427704 total
: 97580K->11009K(109248K), 0.0126191 secs] 240557K->154176K(502464K), 0.0126912 secs] [Times: user=0.02 sys=0.00, real=0.02 secs] 
Heap after GC invocations=351 (full 2):
 par new generation   total 109248K, used 11009K [0x00000000e0000000, 0x00000000e8000000, 0x00000000e8000000)
  eden space 87424K,   0% used [0x00000000e0000000, 0x00000000e0000000, 0x00000000e5560000)
  from space 21824K,  50% used [0x00000000e6ab0000, 0x00000000e75706e8, 0x00000000e8000000)
  to   space 21824K,   0% used [0x00000000e5560000, 0x00000000e5560000, 0x00000000e6ab0000)
 concurrent mark-sweep generation total 393216K, used 143166K [0x00000000e8000000, 0x0000000100000000, 0x0000000100000000)
 Metaspace       used 33657K, capacity 34096K, committed 34504K, reserved 1079296K
  class space    used 3885K, capacity 3999K, committed 4040K, reserved 1048576K
}
2016-10-28T02:31:49.431-0400: 37.191: Total time for which application threads were stopped: 0.0131603 seconds, Stopping threads took: 0.0001843 seconds
{Heap before GC invocations=351 (full 2):
 par new generation   total 109248K, used 98433K [0x00000000e0000000, 0x00000000e8000000, 0x00000000e8000000)
  eden space 87424K, 100% used [0x00000000e0000000, 0x00000000e5560000, 0x00000000e5560000)
  from space 21824K,  50% used [0x00000000e6ab0000, 0x00000000e75706e8, 0x00000000e8000000)
  to   space 21824K,   0% used [0x00000000e5560000, 0x00000000e5560000, 0x00000000e6ab0000)
 concurrent mark-sweep generation total 393216K, used 143166K [0x00000000e8000000, 0x0000000100000000, 0x0000000100000000)
 Metaspace       used 33677K, capacity 34096K, committed 34504K, reserved 1079296K
  class space    used 3887K, capacity 3999K, committed 4040K, reserved 1048576K
2016-10-28T02:31:49.460-0400: 37.220: [GC (Allocation Failure) 2016-10-28T02:31:49.460-0400: 37.220: [ParNew
Desired survivor size 20112992 bytes, new threshold 8 (max 8)
- age   1:     388056 bytes,     388056 total
- age   2:     248792 bytes,     636848 total
- age   3:     278592 bytes,     915440 total
- age   4:    1005736 bytes,    1921176 total
- age   5:    4615200 bytes,    6536376 total
- age   6:    1689432 bytes,    8225808 total
- age   7:     942696 bytes,    9168504 total
- age   8:     251760 bytes,    9420264 total
: 98433K->9983K(109248K), 0.0180542 secs] 241600K->154368K(502464K), 0.0182009 secs] [Times: user=0.06 sys=0.00, real=0.01 secs] 
Heap after GC invocations=352 (full 2):
 par new generation   total 109248K, used 9983K [0x00000000e0000000, 0x00000000e8000000, 0x00000000e8000000)
  eden space 87424K,   0% used [0x00000000e0000000, 0x00000000e0000000, 0x00000000e5560000)
  from space 21824K,  45% used [0x00000000e5560000, 0x00000000e5f1fcb8, 0x00000000e6ab0000)
  to   space 21824K,   0% used [0x00000000e6ab0000, 0x00000000e6ab0000, 0x00000000e8000000)
 concurrent mark-sweep generation total 393216K, used 144385K [0x00000000e8000000, 0x0000000100000000, 0x0000000100000000)
 Metaspace       used 33677K, capacity 34096K, committed 34504K, reserved 1079296K
  class space    used 3887K, capacity 3999K, committed 4040K, reserved 1048576K
}
2016-10-28T02:31:49.479-0400: 37.239: Total time for which application threads were stopped: 0.0189763 seconds, Stopping threads took: 0.0001519 seconds
{Heap before GC invocations=352 (full 2):
 par new generation   total 109248K, used 97407K [0x00000000e0000000, 0x00000000e8000000, 0x00000000e8000000)
  eden space 87424K, 100% used [0x00000000e0000000, 0x00000000e5560000, 0x00000000e5560000)
  from space 21824K,  45% used [0x00000000e5560000, 0x00000000e5f1fcb8, 0x00000000e6ab0000)
  to   space 21824K,   0% used [0x00000000e6ab0000, 0x00000000e6ab0000, 0x00000000e8000000)
 concurrent mark-sweep generation total 393216K, used 144385K [0x00000000e8000000, 0x0000000100000000, 0x0000000100000000)
 Metaspace       used 33699K, capacity 34096K, committed 34504K, reserved 1079296K
  class space    used 3887K, capacity 3999K, committed 4040K, reserved 1048576K
2016-10-28T02:31:49.515-0400: 37.275: [GC (Allocation Failure) 2016-10-28T02:31:49.515-0400: 37.275: [ParNew
Desired survivor size 20112992 bytes, new threshold 8 (max 8)
- age   1:    1666568 bytes,    1666568 total
- age   2:     195568 bytes,    1862136 total
- age   3:     248640 bytes,    2110776 total
- age   4:     278592 bytes,    2389368 total
- age   5:    1005736 bytes,    3395104 total
- age   6:    4615200 bytes,    8010304 total
- age   7:    1689432 bytes,    9699736 total
- age   8:     942696 bytes,   10642432 total
: 97407K->10602K(109248K), 0.0228030 secs] 241792K->155239K(502464K), 0.0229475 secs] [Times: user=0.03 sys=0.01, real=0.02 secs] 
Heap after GC invocations=353 (full 2):
 par new generation   total 109248K, used 10602K [0x00000000e0000000, 0x00000000e8000000, 0x00000000e8000000)
  eden space 87424K,   0% used [0x00000000e0000000, 0x00000000e0000000, 0x00000000e5560000)
  from space 21824K,  48% used [0x00000000e6ab0000, 0x00000000e750a9c0, 0x00000000e8000000)
  to   space 21824K,   0% used [0x00000000e5560000, 0x00000000e5560000, 0x00000000e6ab0000)
 concurrent mark-sweep generation total 393216K, used 144636K [0x00000000e8000000, 0x0000000100000000, 0x0000000100000000)
 Metaspace       used 33699K, capacity 34096K, committed 34504K, reserved 1079296K
  class space    used 3887K, capacity 3999K, committed 4040K, reserved 1048576K
}
2016-10-28T02:31:49.538-0400: 37.298: Total time for which application threads were stopped: 0.0235721 seconds, Stopping threads took: 0.0002602 seconds
{Heap before GC invocations=353 (full 2):
 par new generation   total 109248K, used 98026K [0x00000000e0000000, 0x00000000e8000000, 0x00000000e8000000)
  eden space 87424K, 100% used [0x00000000e0000000, 0x00000000e5560000, 0x00000000e5560000)
  from space 21824K,  48% used [0x00000000e6ab0000, 0x00000000e750a9c0, 0x00000000e8000000)
  to   space 21824K,   0% used [0x00000000e5560000, 0x00000000e5560000, 0x00000000e6ab0000)
 concurrent mark-sweep generation total 393216K, used 144636K [0x00000000e8000000, 0x0000000100000000, 0x0000000100000000)
 Metaspace       used 33713K, capacity 34096K, committed 34504K, reserved 1079296K
  class space    used 3887K, capacity 3999K, committed 4040K, reserved 1048576K
2016-10-28T02:31:49.578-0400: 37.338: [GC (Allocation Failure) 2016-10-28T02:31:49.578-0400: 37.338: [ParNew
Desired survivor size 20112992 bytes, new threshold 8 (max 8)
- age   1:     402912 bytes,     402912 total
- age   2:    1407088 bytes,    1810000 total
- age   3:     190616 bytes,    2000616 total
- age   4:     248640 bytes,    2249256 total
- age   5:     278592 bytes,    2527848 total
- age   6:    1005736 bytes,    3533584 total
- age   7:    4615200 bytes,    8148784 total
- age   8:    1689432 bytes,    9838216 total
: 98026K->10394K(109248K), 0.0198868 secs] 242663K->155957K(502464K), 0.0199655 secs] [Times: user=0.05 sys=0.00, real=0.02 secs] 
Heap after GC invocations=354 (full 2):
 par new generation   total 109248K, used 10394K [0x00000000e0000000, 0x00000000e8000000, 0x00000000e8000000)
  eden space 87424K,   0% used [0x00000000e0000000, 0x00000000e0000000, 0x00000000e5560000)
  from space 21824K,  47% used [0x00000000e5560000, 0x00000000e5f86bb8, 0x00000000e6ab0000)
  to   space 21824K,   0% used [0x00000000e6ab0000, 0x00000000e6ab0000, 0x00000000e8000000)
 concurrent mark-sweep generation total 393216K, used 145562K [0x00000000e8000000, 0x0000000100000000, 0x0000000100000000)
 Metaspace       used 33713K, capacity 34096K, committed 34504K, reserved 1079296K
  class space    used 3887K, capacity 3999K, committed 4040K, reserved 1048576K
}
2016-10-28T02:31:49.598-0400: 37.358: Total time for which application threads were stopped: 0.0204721 seconds, Stopping threads took: 0.0002269 seconds
{Heap before GC invocations=354 (full 2):
 par new generation   total 109248K, used 97818K [0x00000000e0000000, 0x00000000e8000000, 0x00000000e8000000)
  eden space 87424K, 100% used [0x00000000e0000000, 0x00000000e5560000, 0x00000000e5560000)
  from space 21824K,  47% used [0x00000000e5560000, 0x00000000e5f86bb8, 0x00000000e6ab0000)
  to   space 21824K,   0% used [0x00000000e6ab0000, 0x00000000e6ab0000, 0x00000000e8000000)
 concurrent mark-sweep generation total 393216K, used 145562K [0x00000000e8000000, 0x0000000100000000, 0x0000000100000000)
 Metaspace       used 33748K, capacity 34160K, committed 34504K, reserved 1079296K
  class space    used 3887K, capacity 3999K, committed 4040K, reserved 1048576K
2016-10-28T02:31:49.677-0400: 37.437: [GC (Allocation Failure) 2016-10-28T02:31:49.677-0400: 37.437: [ParNew
Desired survivor size 20112992 bytes, new threshold 8 (max 8)
- age   1:     152144 bytes,     152144 total
- age   2:     222248 bytes,     374392 total
- age   3:    1406936 bytes,    1781328 total
- age   4:     190616 bytes,    1971944 total
- age   5:     248592 bytes,    2220536 total
- age   6:     278592 bytes,    2499128 total
- age   7:    1005736 bytes,    3504864 total
- age   8:    4615200 bytes,    8120064 total
: 97818K->9974K(109248K), 0.0270224 secs] 243381K->157192K(502464K), 0.0271247 secs] [Times: user=0.05 sys=0.00, real=0.03 secs] 
Heap after GC invocations=355 (full 2):
 par new generation   total 109248K, used 9974K [0x00000000e0000000, 0x00000000e8000000, 0x00000000e8000000)
  eden space 87424K,   0% used [0x00000000e0000000, 0x00000000e0000000, 0x00000000e5560000)
  from space 21824K,  45% used [0x00000000e6ab0000, 0x00000000e746d9e0, 0x00000000e8000000)
  to   space 21824K,   0% used [0x00000000e5560000, 0x00000000e5560000, 0x00000000e6ab0000)
 concurrent mark-sweep generation total 393216K, used 147217K [0x00000000e8000000, 0x0000000100000000, 0x0000000100000000)
 Metaspace       used 33748K, capacity 34160K, committed 34504K, reserved 1079296K
  class space    used 3887K, capacity 3999K, committed 4040K, reserved 1048576K
}
2016-10-28T02:31:49.704-0400: 37.464: Total time for which application threads were stopped: 0.0335634 seconds, Stopping threads took: 0.0061387 seconds
{Heap before GC invocations=355 (full 2):
 par new generation   total 109248K, used 97398K [0x00000000e0000000, 0x00000000e8000000, 0x00000000e8000000)
  eden space 87424K, 100% used [0x00000000e0000000, 0x00000000e5560000, 0x00000000e5560000)
  from space 21824K,  45% used [0x00000000e6ab0000, 0x00000000e746d9e0, 0x00000000e8000000)
  to   space 21824K,   0% used [0x00000000e5560000, 0x00000000e5560000, 0x00000000e6ab0000)
 concurrent mark-sweep generation total 393216K, used 147217K [0x00000000e8000000, 0x0000000100000000, 0x0000000100000000)
 Metaspace       used 33754K, capacity 34160K, committed 34504K, reserved 1079296K
  class space    used 3887K, capacity 3999K, committed 4040K, reserved 1048576K
2016-10-28T02:31:49.735-0400: 37.495: [GC (Allocation Failure) 2016-10-28T02:31:49.735-0400: 37.495: [ParNew
Desired survivor size 20112992 bytes, new threshold 8 (max 8)
- age   1:    2672904 bytes,    2672904 total
- age   2:     115408 bytes,    2788312 total
- age   3:     222248 bytes,    3010560 total
- age   4:    1406936 bytes,    4417496 total
- age   5:     190616 bytes,    4608112 total
- age   6:     248592 bytes,    4856704 total
- age   7:     278592 bytes,    5135296 total
- age   8:    1005736 bytes,    6141032 total
: 97398K->6280K(109248K), 0.0129223 secs] 244616K->158010K(502464K), 0.0130070 secs] [Times: user=0.03 sys=0.01, real=0.02 secs] 
Heap after GC invocations=356 (full 2):
 par new generation   total 109248K, used 6280K [0x00000000e0000000, 0x00000000e8000000, 0x00000000e8000000)
  eden space 87424K,   0% used [0x00000000e0000000, 0x00000000e0000000, 0x00000000e5560000)
  from space 21824K,  28% used [0x00000000e5560000, 0x00000000e5b82188, 0x00000000e6ab0000)
  to   space 21824K,   0% used [0x00000000e6ab0000, 0x00000000e6ab0000, 0x00000000e8000000)
 concurrent mark-sweep generation total 393216K, used 151729K [0x00000000e8000000, 0x0000000100000000, 0x0000000100000000)
 Metaspace       used 33754K, capacity 34160K, committed 34504K, reserved 1079296K
  class space    used 3887K, capacity 3999K, committed 4040K, reserved 1048576K
}
2016-10-28T02:31:49.748-0400: 37.508: Total time for which application threads were stopped: 0.0140708 seconds, Stopping threads took: 0.0008459 seconds
{Heap before GC invocations=356 (full 2):
 par new generation   total 109248K, used 93704K [0x00000000e0000000, 0x00000000e8000000, 0x00000000e8000000)
  eden space 87424K, 100% used [0x00000000e0000000, 0x00000000e5560000, 0x00000000e5560000)
  from space 21824K,  28% used [0x00000000e5560000, 0x00000000e5b82188, 0x00000000e6ab0000)
  to   space 21824K,   0% used [0x00000000e6ab0000, 0x00000000e6ab0000, 0x00000000e8000000)
 concurrent mark-sweep generation total 393216K, used 151729K [0x00000000e8000000, 0x0000000100000000, 0x0000000100000000)
 Metaspace       used 33761K, capacity 34160K, committed 34504K, reserved 1079296K
  class space    used 3887K, capacity 3999K, committed 4040K, reserved 1048576K
2016-10-28T02:31:49.783-0400: 37.543: [GC (Allocation Failure) 2016-10-28T02:31:49.783-0400: 37.543: [ParNew
Desired survivor size 20112992 bytes, new threshold 8 (max 8)
- age   1:     284952 bytes,     284952 total
- age   2:    2623392 bytes,    2908344 total
- age   3:     104264 bytes,    3012608 total
- age   4:     218416 bytes,    3231024 total
- age   5:    1405912 bytes,    4636936 total
- age   6:     190128 bytes,    4827064 total
- age   7:     248192 bytes,    5075256 total
- age   8:     278592 bytes,    5353848 total
: 93704K->6342K(109248K), 0.0148638 secs] 245434K->159059K(502464K), 0.0149579 secs] [Times: user=0.03 sys=0.01, real=0.01 secs] 
Heap after GC invocations=357 (full 2):
 par new generation   total 109248K, used 6342K [0x00000000e0000000, 0x00000000e8000000, 0x00000000e8000000)
  eden space 87424K,   0% used [0x00000000e0000000, 0x00000000e0000000, 0x00000000e5560000)
  from space 21824K,  29% used [0x00000000e6ab0000, 0x00000000e70e18a0, 0x00000000e8000000)
  to   space 21824K,   0% used [0x00000000e5560000, 0x00000000e5560000, 0x00000000e6ab0000)
 concurrent mark-sweep generation total 393216K, used 152717K [0x00000000e8000000, 0x0000000100000000, 0x0000000100000000)
 Metaspace       used 33761K, capacity 34160K, committed 34504K, reserved 1079296K
  class space    used 3887K, capacity 3999K, committed 4040K, reserved 1048576K
}
2016-10-28T02:31:49.798-0400: 37.558: Total time for which application threads were stopped: 0.0155742 seconds, Stopping threads took: 0.0003691 seconds
{Heap before GC invocations=357 (full 2):
 par new generation   total 109248K, used 93766K [0x00000000e0000000, 0x00000000e8000000, 0x00000000e8000000)
  eden space 87424K, 100% used [0x00000000e0000000, 0x00000000e5560000, 0x00000000e5560000)
  from space 21824K,  29% used [0x00000000e6ab0000, 0x00000000e70e18a0, 0x00000000e8000000)
  to   space 21824K,   0% used [0x00000000e5560000, 0x00000000e5560000, 0x00000000e6ab0000)
 concurrent mark-sweep generation total 393216K, used 152717K [0x00000000e8000000, 0x0000000100000000, 0x0000000100000000)
 Metaspace       used 33776K, capacity 34160K, committed 34504K, reserved 1079296K
  class space    used 3889K, capacity 3999K, committed 4040K, reserved 1048576K
2016-10-28T02:31:49.835-0400: 37.595: [GC (Allocation Failure) 2016-10-28T02:31:49.835-0400: 37.595: [ParNew
Desired survivor size 20112992 bytes, new threshold 8 (max 8)
- age   1:    3598088 bytes,    3598088 total
- age   2:     186688 bytes,    3784776 total
- age   3:    2623392 bytes,    6408168 total
- age   4:     104264 bytes,    6512432 total
- age   5:     210992 bytes,    6723424 total
- age   6:    1405696 bytes,    8129120 total
- age   7:     190128 bytes,    8319248 total
- age   8:     229368 bytes,    8548616 total
: 93766K->8999K(109248K), 0.0200517 secs] 246483K->161994K(502464K), 0.0201564 secs] [Times: user=0.05 sys=0.01, real=0.02 secs] 
Heap after GC invocations=358 (full 2):
 par new generation   total 109248K, used 8999K [0x00000000e0000000, 0x00000000e8000000, 0x00000000e8000000)
  eden space 87424K,   0% used [0x00000000e0000000, 0x00000000e0000000, 0x00000000e5560000)
  from space 21824K,  41% used [0x00000000e5560000, 0x00000000e5e29cd8, 0x00000000e6ab0000)
  to   space 21824K,   0% used [0x00000000e6ab0000, 0x00000000e6ab0000, 0x00000000e8000000)
 concurrent mark-sweep generation total 393216K, used 152994K [0x00000000e8000000, 0x0000000100000000, 0x0000000100000000)
 Metaspace       used 33776K, capacity 34160K, committed 34504K, reserved 1079296K
  class space    used 3889K, capacity 3999K, committed 4040K, reserved 1048576K
}
2016-10-28T02:31:49.855-0400: 37.615: Total time for which application threads were stopped: 0.0208460 seconds, Stopping threads took: 0.0004293 seconds
{Heap before GC invocations=358 (full 2):
 par new generation   total 109248K, used 96423K [0x00000000e0000000, 0x00000000e8000000, 0x00000000e8000000)
  eden space 87424K, 100% used [0x00000000e0000000, 0x00000000e5560000, 0x00000000e5560000)
  from space 21824K,  41% used [0x00000000e5560000, 0x00000000e5e29cd8, 0x00000000e6ab0000)
  to   space 21824K,   0% used [0x00000000e6ab0000, 0x00000000e6ab0000, 0x00000000e8000000)
 concurrent mark-sweep generation total 393216K, used 152994K [0x00000000e8000000, 0x0000000100000000, 0x0000000100000000)
 Metaspace       used 33776K, capacity 34160K, committed 34504K, reserved 1079296K
  class space    used 3889K, capacity 3999K, committed 4040K, reserved 1048576K
2016-10-28T02:31:49.882-0400: 37.642: [GC (Allocation Failure) 2016-10-28T02:31:49.882-0400: 37.642: [ParNew
Desired survivor size 20112992 bytes, new threshold 8 (max 8)
- age   1:    1897768 bytes,    1897768 total
- age   2:    3568208 bytes,    5465976 total
- age   3:     186688 bytes,    5652664 total
- age   4:    2623392 bytes,    8276056 total
- age   5:     104264 bytes,    8380320 total
- age   6:     210992 bytes,    8591312 total
- age   7:    1405696 bytes,    9997008 total
- age   8:     190128 bytes,   10187136 total
: 96423K->10031K(109248K), 0.0356910 secs] 249418K->163255K(502464K), 0.0357844 secs] [Times: user=0.08 sys=0.00, real=0.03 secs] 
Heap after GC invocations=359 (full 2):
 par new generation   total 109248K, used 10031K [0x00000000e0000000, 0x00000000e8000000, 0x00000000e8000000)
  eden space 87424K,   0% used [0x00000000e0000000, 0x00000000e0000000, 0x00000000e5560000)
  from space 21824K,  45% used [0x00000000e6ab0000, 0x00000000e747be60, 0x00000000e8000000)
  to   space 21824K,   0% used [0x00000000e5560000, 0x00000000e5560000, 0x00000000e6ab0000)
 concurrent mark-sweep generation total 393216K, used 153224K [0x00000000e8000000, 0x0000000100000000, 0x0000000100000000)
 Metaspace       used 33776K, capacity 34160K, committed 34504K, reserved 1079296K
  class space    used 3889K, capacity 3999K, committed 4040K, reserved 1048576K
}
2016-10-28T02:31:49.918-0400: 37.678: Total time for which application threads were stopped: 0.0361766 seconds, Stopping threads took: 0.0001765 seconds
{Heap before GC invocations=359 (full 2):
 par new generation   total 109248K, used 97455K [0x00000000e0000000, 0x00000000e8000000, 0x00000000e8000000)
  eden space 87424K, 100% used [0x00000000e0000000, 0x00000000e5560000, 0x00000000e5560000)
  from space 21824K,  45% used [0x00000000e6ab0000, 0x00000000e747be60, 0x00000000e8000000)
  to   space 21824K,   0% used [0x00000000e5560000, 0x00000000e5560000, 0x00000000e6ab0000)
 concurrent mark-sweep generation total 393216K, used 153224K [0x00000000e8000000, 0x0000000100000000, 0x0000000100000000)
 Metaspace       used 33776K, capacity 34160K, committed 34504K, reserved 1079296K
  class space    used 3889K, capacity 3999K, committed 4040K, reserved 1048576K
2016-10-28T02:31:49.948-0400: 37.708: [GC (Allocation Failure) 2016-10-28T02:31:49.948-0400: 37.708: [ParNew
Desired survivor size 20112992 bytes, new threshold 8 (max 8)
- age   1:     319792 bytes,     319792 total
- age   2:    1865008 bytes,    2184800 total
- age   3:    3568112 bytes,    5752912 total
- age   4:     186688 bytes,    5939600 total
- age   5:    2623392 bytes,    8562992 total
- age   6:     104264 bytes,    8667256 total
- age   7:     210992 bytes,    8878248 total
- age   8:    1405696 bytes,   10283944 total
: 97455K->10426K(109248K), 0.0129107 secs] 250679K->163841K(502464K), 0.0130342 secs] [Times: user=0.04 sys=0.00, real=0.01 secs] 
Heap after GC invocations=360 (full 2):
 par new generation   total 109248K, used 10426K [0x00000000e0000000, 0x00000000e8000000, 0x00000000e8000000)
  eden space 87424K,   0% used [0x00000000e0000000, 0x00000000e0000000, 0x00000000e5560000)
  from space 21824K,  47% used [0x00000000e5560000, 0x00000000e5f8ea68, 0x00000000e6ab0000)
  to   space 21824K,   0% used [0x00000000e6ab0000, 0x00000000e6ab0000, 0x00000000e8000000)
 concurrent mark-sweep generation total 393216K, used 153415K [0x00000000e8000000, 0x0000000100000000, 0x0000000100000000)
 Metaspace       used 33776K, capacity 34160K, committed 34504K, reserved 1079296K
  class space    used 3889K, capacity 3999K, committed 4040K, reserved 1048576K
}
2016-10-28T02:31:49.961-0400: 37.721: Total time for which application threads were stopped: 0.0138439 seconds, Stopping threads took: 0.0004263 seconds
{Heap before GC invocations=360 (full 2):
 par new generation   total 109248K, used 97850K [0x00000000e0000000, 0x00000000e8000000, 0x00000000e8000000)
  eden space 87424K, 100% used [0x00000000e0000000, 0x00000000e5560000, 0x00000000e5560000)
  from space 21824K,  47% used [0x00000000e5560000, 0x00000000e5f8ea68, 0x00000000e6ab0000)
  to   space 21824K,   0% used [0x00000000e6ab0000, 0x00000000e6ab0000, 0x00000000e8000000)
 concurrent mark-sweep generation total 393216K, used 153415K [0x00000000e8000000, 0x0000000100000000, 0x0000000100000000)
 Metaspace       used 33776K, capacity 34160K, committed 34504K, reserved 1079296K
  class space    used 3889K, capacity 3999K, committed 4040K, reserved 1048576K
2016-10-28T02:31:49.986-0400: 37.746: [GC (Allocation Failure) 2016-10-28T02:31:49.986-0400: 37.746: [ParNew
Desired survivor size 20112992 bytes, new threshold 8 (max 8)
- age   1:     243608 bytes,     243608 total
- age   2:     250960 bytes,     494568 total
- age   3:    1857288 bytes,    2351856 total
- age   4:    3567960 bytes,    5919816 total
- age   5:     186688 bytes,    6106504 total
- age   6:    2623392 bytes,    8729896 total
- age   7:     104264 bytes,    8834160 total
- age   8:     210992 bytes,    9045152 total
: 97850K->8990K(109248K), 0.0260813 secs] 251265K->163784K(502464K), 0.0261589 secs] [Times: user=0.05 sys=0.01, real=0.03 secs] 
Heap after GC invocations=361 (full 2):
 par new generation   total 109248K, used 8990K [0x00000000e0000000, 0x00000000e8000000, 0x00000000e8000000)
  eden space 87424K,   0% used [0x00000000e0000000, 0x00000000e0000000, 0x00000000e5560000)
  from space 21824K,  41% used [0x00000000e6ab0000, 0x00000000e7377b68, 0x00000000e8000000)
  to   space 21824K,   0% used [0x00000000e5560000, 0x00000000e5560000, 0x00000000e6ab0000)
 concurrent mark-sweep generation total 393216K, used 154793K [0x00000000e8000000, 0x0000000100000000, 0x0000000100000000)
 Metaspace       used 33776K, capacity 34160K, committed 34504K, reserved 1079296K
  class space    used 3889K, capacity 3999K, committed 4040K, reserved 1048576K
}
2016-10-28T02:31:50.012-0400: 37.772: Total time for which application threads were stopped: 0.0265233 seconds, Stopping threads took: 0.0001585 seconds
{Heap before GC invocations=361 (full 2):
 par new generation   total 109248K, used 96414K [0x00000000e0000000, 0x00000000e8000000, 0x00000000e8000000)
  eden space 87424K, 100% used [0x00000000e0000000, 0x00000000e5560000, 0x00000000e5560000)
  from space 21824K,  41% used [0x00000000e6ab0000, 0x00000000e7377b68, 0x00000000e8000000)
  to   space 21824K,   0% used [0x00000000e5560000, 0x00000000e5560000, 0x00000000e6ab0000)
 concurrent mark-sweep generation total 393216K, used 154793K [0x00000000e8000000, 0x0000000100000000, 0x0000000100000000)
 Metaspace       used 33776K, capacity 34160K, committed 34504K, reserved 1079296K
  class space    used 3889K, capacity 3999K, committed 4040K, reserved 1048576K
2016-10-28T02:31:50.036-0400: 37.796: [GC (Allocation Failure) 2016-10-28T02:31:50.036-0400: 37.796: [ParNew
Desired survivor size 20112992 bytes, new threshold 8 (max 8)
- age   1:     219840 bytes,     219840 total
- age   2:     213248 bytes,     433088 total
- age   3:     250984 bytes,     684072 total
- age   4:    1857288 bytes,    2541360 total
- age   5:    3567960 bytes,    6109320 total
- age   6:     186688 bytes,    6296008 total
- age   7:    2623392 bytes,    8919400 total
- age   8:     104264 bytes,    9023664 total
: 96414K->10099K(109248K), 0.0125222 secs] 251208K->165103K(502464K), 0.0125813 secs] [Times: user=0.03 sys=0.01, real=0.02 secs] 
Heap after GC invocations=362 (full 2):
 par new generation   total 109248K, used 10099K [0x00000000e0000000, 0x00000000e8000000, 0x00000000e8000000)
  eden space 87424K,   0% used [0x00000000e0000000, 0x00000000e0000000, 0x00000000e5560000)
  from space 21824K,  46% used [0x00000000e5560000, 0x00000000e5f3cce0, 0x00000000e6ab0000)
  to   space 21824K,   0% used [0x00000000e6ab0000, 0x00000000e6ab0000, 0x00000000e8000000)
 concurrent mark-sweep generation total 393216K, used 155004K [0x00000000e8000000, 0x0000000100000000, 0x0000000100000000)
 Metaspace       used 33776K, capacity 34160K, committed 34504K, reserved 1079296K
  class space    used 3889K, capacity 3999K, committed 4040K, reserved 1048576K
}
2016-10-28T02:31:50.049-0400: 37.809: Total time for which application threads were stopped: 0.0131059 seconds, Stopping threads took: 0.0002630 seconds
{Heap before GC invocations=362 (full 2):
 par new generation   total 109248K, used 97523K [0x00000000e0000000, 0x00000000e8000000, 0x00000000e8000000)
  eden space 87424K, 100% used [0x00000000e0000000, 0x00000000e5560000, 0x00000000e5560000)
  from space 21824K,  46% used [0x00000000e5560000, 0x00000000e5f3cce0, 0x00000000e6ab0000)
  to   space 21824K,   0% used [0x00000000e6ab0000, 0x00000000e6ab0000, 0x00000000e8000000)
 concurrent mark-sweep generation total 393216K, used 155004K [0x00000000e8000000, 0x0000000100000000, 0x0000000100000000)
 Metaspace       used 33777K, capacity 34160K, committed 34504K, reserved 1079296K
  class space    used 3889K, capacity 3999K, committed 4040K, reserved 1048576K
2016-10-28T02:31:50.097-0400: 37.857: [GC (Allocation Failure) 2016-10-28T02:31:50.097-0400: 37.857: [ParNew
Desired survivor size 20112992 bytes, new threshold 8 (max 8)
- age   1:     260280 bytes,     260280 total
- age   2:     181736 bytes,     442016 total
- age   3:     213248 bytes,     655264 total
- age   4:     250960 bytes,     906224 total
- age   5:    1857288 bytes,    2763512 total
- age   6:    3567960 bytes,    6331472 total
- age   7:     186688 bytes,    6518160 total
- age   8:    2623392 bytes,    9141552 total
: 97523K->9674K(109248K), 0.0253362 secs] 252527K->164783K(502464K), 0.0254714 secs] [Times: user=0.08 sys=0.00, real=0.03 secs] 
Heap after GC invocations=363 (full 2):
 par new generation   total 109248K, used 9674K [0x00000000e0000000, 0x00000000e8000000, 0x00000000e8000000)
  eden space 87424K,   0% used [0x00000000e0000000, 0x00000000e0000000, 0x00000000e5560000)
  from space 21824K,  44% used [0x00000000e6ab0000, 0x00000000e74229c0, 0x00000000e8000000)
  to   space 21824K,   0% used [0x00000000e5560000, 0x00000000e5560000, 0x00000000e6ab0000)
 concurrent mark-sweep generation total 393216K, used 155109K [0x00000000e8000000, 0x0000000100000000, 0x0000000100000000)
 Metaspace       used 33777K, capacity 34160K, committed 34504K, reserved 1079296K
  class space    used 3889K, capacity 3999K, committed 4040K, reserved 1048576K
}
2016-10-28T02:31:50.123-0400: 37.883: Total time for which application threads were stopped: 0.0261143 seconds, Stopping threads took: 0.0001992 seconds
{Heap before GC invocations=363 (full 2):
 par new generation   total 109248K, used 97098K [0x00000000e0000000, 0x00000000e8000000, 0x00000000e8000000)
  eden space 87424K, 100% used [0x00000000e0000000, 0x00000000e5560000, 0x00000000e5560000)
  from space 21824K,  44% used [0x00000000e6ab0000, 0x00000000e74229c0, 0x00000000e8000000)
  to   space 21824K,   0% used [0x00000000e5560000, 0x00000000e5560000, 0x00000000e6ab0000)
 concurrent mark-sweep generation total 393216K, used 155109K [0x00000000e8000000, 0x0000000100000000, 0x0000000100000000)
 Metaspace       used 33779K, capacity 34160K, committed 34504K, reserved 1079296K
  class space    used 3889K, capacity 3999K, committed 4040K, reserved 1048576K
2016-10-28T02:31:50.153-0400: 37.913: [GC (Allocation Failure) 2016-10-28T02:31:50.153-0400: 37.913: [ParNew
Desired survivor size 20112992 bytes, new threshold 8 (max 8)
- age   1:    1553144 bytes,    1553144 total
- age   2:     215552 bytes,    1768696 total
- age   3:     181736 bytes,    1950432 total
- age   4:     213248 bytes,    2163680 total
- age   5:     249384 bytes,    2413064 total
- age   6:    1857288 bytes,    4270352 total
- age   7:    3567960 bytes,    7838312 total
- age   8:     186688 bytes,    8025000 total
: 97098K->7948K(109248K), 0.0185313 secs] 252207K->165623K(502464K), 0.0186139 secs] [Times: user=0.04 sys=0.00, real=0.02 secs] 
Heap after GC invocations=364 (full 2):
 par new generation   total 109248K, used 7948K [0x00000000e0000000, 0x00000000e8000000, 0x00000000e8000000)
  eden space 87424K,   0% used [0x00000000e0000000, 0x00000000e0000000, 0x00000000e5560000)
  from space 21824K,  36% used [0x00000000e5560000, 0x00000000e5d23090, 0x00000000e6ab0000)
  to   space 21824K,   0% used [0x00000000e6ab0000, 0x00000000e6ab0000, 0x00000000e8000000)
 concurrent mark-sweep generation total 393216K, used 157674K [0x00000000e8000000, 0x0000000100000000, 0x0000000100000000)
 Metaspace       used 33779K, capacity 34160K, committed 34504K, reserved 1079296K
  class space    used 3889K, capacity 3999K, committed 4040K, reserved 1048576K
}
2016-10-28T02:31:50.172-0400: 37.932: Total time for which application threads were stopped: 0.0199488 seconds, Stopping threads took: 0.0010776 seconds
{Heap before GC invocations=364 (full 2):
 par new generation   total 109248K, used 95372K [0x00000000e0000000, 0x00000000e8000000, 0x00000000e8000000)
  eden space 87424K, 100% used [0x00000000e0000000, 0x00000000e5560000, 0x00000000e5560000)
  from space 21824K,  36% used [0x00000000e5560000, 0x00000000e5d23090, 0x00000000e6ab0000)
  to   space 21824K,   0% used [0x00000000e6ab0000, 0x00000000e6ab0000, 0x00000000e8000000)
 concurrent mark-sweep generation total 393216K, used 157674K [0x00000000e8000000, 0x0000000100000000, 0x0000000100000000)
 Metaspace       used 33779K, capacity 34160K, committed 34504K, reserved 1079296K
  class space    used 3889K, capacity 3999K, committed 4040K, reserved 1048576K
2016-10-28T02:31:50.198-0400: 37.958: [GC (Allocation Failure) 2016-10-28T02:31:50.198-0400: 37.958: [ParNew
Desired survivor size 20112992 bytes, new threshold 8 (max 8)
- age   1:     273800 bytes,     273800 total
- age   2:    1519784 bytes,    1793584 total
- age   3:     215552 bytes,    2009136 total
- age   4:     181736 bytes,    2190872 total
- age   5:     213248 bytes,    2404120 total
- age   6:     249344 bytes,    2653464 total
- age   7:    1857288 bytes,    4510752 total
- age   8:    3567960 bytes,    8078712 total
: 95372K->8703K(109248K), 0.0191919 secs] 253047K->166565K(502464K), 0.0193002 secs] [Times: user=0.04 sys=0.00, real=0.02 secs] 
Heap after GC invocations=365 (full 2):
 par new generation   total 109248K, used 8703K [0x00000000e0000000, 0x00000000e8000000, 0x00000000e8000000)
  eden space 87424K,   0% used [0x00000000e0000000, 0x00000000e0000000, 0x00000000e5560000)
  from space 21824K,  39% used [0x00000000e6ab0000, 0x00000000e732ff88, 0x00000000e8000000)
  to   space 21824K,   0% used [0x00000000e5560000, 0x00000000e5560000, 0x00000000e6ab0000)
 concurrent mark-sweep generation total 393216K, used 157861K [0x00000000e8000000, 0x0000000100000000, 0x0000000100000000)
 Metaspace       used 33779K, capacity 34160K, committed 34504K, reserved 1079296K
  class space    used 3889K, capacity 3999K, committed 4040K, reserved 1048576K
}
2016-10-28T02:31:50.217-0400: 37.977: Total time for which application threads were stopped: 0.0197522 seconds, Stopping threads took: 0.0001950 seconds
{Heap before GC invocations=365 (full 2):
 par new generation   total 109248K, used 96127K [0x00000000e0000000, 0x00000000e8000000, 0x00000000e8000000)
  eden space 87424K, 100% used [0x00000000e0000000, 0x00000000e5560000, 0x00000000e5560000)
  from space 21824K,  39% used [0x00000000e6ab0000, 0x00000000e732ff88, 0x00000000e8000000)
  to   space 21824K,   0% used [0x00000000e5560000, 0x00000000e5560000, 0x00000000e6ab0000)
 concurrent mark-sweep generation total 393216K, used 157861K [0x00000000e8000000, 0x0000000100000000, 0x0000000100000000)
 Metaspace       used 33779K, capacity 34160K, committed 34504K, reserved 1079296K
  class space    used 3889K, capacity 3999K, committed 4040K, reserved 1048576K
2016-10-28T02:31:50.243-0400: 38.003: [GC (Allocation Failure) 2016-10-28T02:31:50.243-0400: 38.003: [ParNew
Desired survivor size 20112992 bytes, new threshold 8 (max 8)
- age   1:     319192 bytes,     319192 total
- age   2:     211608 bytes,     530800 total
- age   3:    1519784 bytes,    2050584 total
- age   4:     215552 bytes,    2266136 total
- age   5:     181736 bytes,    2447872 total
- age   6:     213248 bytes,    2661120 total
- age   7:     249344 bytes,    2910464 total
- age   8:    1857288 bytes,    4767752 total
: 96127K->5134K(109248K), 0.0237741 secs] 253989K->166484K(502464K), 0.0238663 secs] [Times: user=0.07 sys=0.00, real=0.02 secs] 
Heap after GC invocations=366 (full 2):
 par new generation   total 109248K, used 5134K [0x00000000e0000000, 0x00000000e8000000, 0x00000000e8000000)
  eden space 87424K,   0% used [0x00000000e0000000, 0x00000000e0000000, 0x00000000e5560000)
  from space 21824K,  23% used [0x00000000e5560000, 0x00000000e5a63900, 0x00000000e6ab0000)
  to   space 21824K,   0% used [0x00000000e6ab0000, 0x00000000e6ab0000, 0x00000000e8000000)
 concurrent mark-sweep generation total 393216K, used 161350K [0x00000000e8000000, 0x0000000100000000, 0x0000000100000000)
 Metaspace       used 33779K, capacity 34160K, committed 34504K, reserved 1079296K
  class space    used 3889K, capacity 3999K, committed 4040K, reserved 1048576K
}
2016-10-28T02:31:50.267-0400: 38.027: Total time for which application threads were stopped: 0.0243557 seconds, Stopping threads took: 0.0002004 seconds
{Heap before GC invocations=366 (full 2):
 par new generation   total 109248K, used 92558K [0x00000000e0000000, 0x00000000e8000000, 0x00000000e8000000)
  eden space 87424K, 100% used [0x00000000e0000000, 0x00000000e5560000, 0x00000000e5560000)
  from space 21824K,  23% used [0x00000000e5560000, 0x00000000e5a63900, 0x00000000e6ab0000)
  to   space 21824K,   0% used [0x00000000e6ab0000, 0x00000000e6ab0000, 0x00000000e8000000)
 concurrent mark-sweep generation total 393216K, used 161350K [0x00000000e8000000, 0x0000000100000000, 0x0000000100000000)
 Metaspace       used 33781K, capacity 34160K, committed 34504K, reserved 1079296K
  class space    used 3889K, capacity 3999K, committed 4040K, reserved 1048576K
2016-10-28T02:31:50.300-0400: 38.060: [GC (Allocation Failure) 2016-10-28T02:31:50.300-0400: 38.060: [ParNew
Desired survivor size 20112992 bytes, new threshold 8 (max 8)
- age   1:    3019000 bytes,    3019000 total
- age   2:     210360 bytes,    3229360 total
- age   3:     211608 bytes,    3440968 total
- age   4:    1519784 bytes,    4960752 total
- age   5:     215552 bytes,    5176304 total
- age   6:     181736 bytes,    5358040 total
- age   7:     213248 bytes,    5571288 total
- age   8:     249344 bytes,    5820632 total
: 92558K->6753K(109248K), 0.0213594 secs] 253908K->169923K(502464K), 0.0214503 secs] [Times: user=0.06 sys=0.00, real=0.02 secs] 
Heap after GC invocations=367 (full 2):
 par new generation   total 109248K, used 6753K [0x00000000e0000000, 0x00000000e8000000, 0x00000000e8000000)
  eden space 87424K,   0% used [0x00000000e0000000, 0x00000000e0000000, 0x00000000e5560000)
  from space 21824K,  30% used [0x00000000e6ab0000, 0x00000000e7148600, 0x00000000e8000000)
  to   space 21824K,   0% used [0x00000000e5560000, 0x00000000e5560000, 0x00000000e6ab0000)
 concurrent mark-sweep generation total 393216K, used 163169K [0x00000000e8000000, 0x0000000100000000, 0x0000000100000000)
 Metaspace       used 33781K, capacity 34160K, committed 34504K, reserved 1079296K
  class space    used 3889K, capacity 3999K, committed 4040K, reserved 1048576K
}
2016-10-28T02:31:50.321-0400: 38.081: Total time for which application threads were stopped: 0.0219373 seconds, Stopping threads took: 0.0001978 seconds
{Heap before GC invocations=367 (full 2):
 par new generation   total 109248K, used 94177K [0x00000000e0000000, 0x00000000e8000000, 0x00000000e8000000)
  eden space 87424K, 100% used [0x00000000e0000000, 0x00000000e5560000, 0x00000000e5560000)
  from space 21824K,  30% used [0x00000000e6ab0000, 0x00000000e7148600, 0x00000000e8000000)
  to   space 21824K,   0% used [0x00000000e5560000, 0x00000000e5560000, 0x00000000e6ab0000)
 concurrent mark-sweep generation total 393216K, used 163169K [0x00000000e8000000, 0x0000000100000000, 0x0000000100000000)
 Metaspace       used 33782K, capacity 34160K, committed 34504K, reserved 1079296K
  class space    used 3889K, capacity 3999K, committed 4040K, reserved 1048576K
2016-10-28T02:31:50.351-0400: 38.111: [GC (Allocation Failure) 2016-10-28T02:31:50.351-0400: 38.112: [ParNew
Desired survivor size 20112992 bytes, new threshold 8 (max 8)
- age   1:     282064 bytes,     282064 total
- age   2:    2957168 bytes,    3239232 total
- age   3:     210360 bytes,    3449592 total
- age   4:     211608 bytes,    3661200 total
- age   5:    1519784 bytes,    5180984 total
- age   6:     215552 bytes,    5396536 total
- age   7:     181736 bytes,    5578272 total
- age   8:     213248 bytes,    5791520 total
: 94177K->6080K(109248K), 0.0241878 secs] 257347K->169498K(502464K), 0.0246316 secs] [Times: user=0.08 sys=0.01, real=0.02 secs] 
Heap after GC invocations=368 (full 2):
 par new generation   total 109248K, used 6080K [0x00000000e0000000, 0x00000000e8000000, 0x00000000e8000000)
  eden space 87424K,   0% used [0x00000000e0000000, 0x00000000e0000000, 0x00000000e5560000)
  from space 21824K,  27% used [0x00000000e5560000, 0x00000000e5b50090, 0x00000000e6ab0000)
  to   space 21824K,   0% used [0x00000000e6ab0000, 0x00000000e6ab0000, 0x00000000e8000000)
 concurrent mark-sweep generation total 393216K, used 163418K [0x00000000e8000000, 0x0000000100000000, 0x0000000100000000)
 Metaspace       used 33782K, capacity 34160K, committed 34504K, reserved 1079296K
  class space    used 3889K, capacity 3999K, committed 4040K, reserved 1048576K
}
2016-10-28T02:31:50.376-0400: 38.136: Total time for which application threads were stopped: 0.0251477 seconds, Stopping threads took: 0.0002701 seconds
{Heap before GC invocations=368 (full 2):
 par new generation   total 109248K, used 93504K [0x00000000e0000000, 0x00000000e8000000, 0x00000000e8000000)
  eden space 87424K, 100% used [0x00000000e0000000, 0x00000000e5560000, 0x00000000e5560000)
  from space 21824K,  27% used [0x00000000e5560000, 0x00000000e5b50090, 0x00000000e6ab0000)
  to   space 21824K,   0% used [0x00000000e6ab0000, 0x00000000e6ab0000, 0x00000000e8000000)
 concurrent mark-sweep generation total 393216K, used 163418K [0x00000000e8000000, 0x0000000100000000, 0x0000000100000000)
 Metaspace       used 33784K, capacity 34160K, committed 34504K, reserved 1079296K
  class space    used 3889K, capacity 3999K, committed 4040K, reserved 1048576K
2016-10-28T02:31:50.413-0400: 38.173: [GC (Allocation Failure) 2016-10-28T02:31:50.413-0400: 38.173: [ParNew
Desired survivor size 20112992 bytes, new threshold 8 (max 8)
- age   1:    4023864 bytes,    4023864 total
- age   2:     208320 bytes,    4232184 total
- age   3:    2957168 bytes,    7189352 total
- age   4:     210360 bytes,    7399712 total
- age   5:     211608 bytes,    7611320 total
- age   6:    1519784 bytes,    9131104 total
- age   7:     215552 bytes,    9346656 total
- age   8:     181736 bytes,    9528392 total
: 93504K->9504K(109248K), 0.0287428 secs] 256922K->173136K(502464K), 0.0288445 secs] [Times: user=0.11 sys=0.00, real=0.03 secs] 
Heap after GC invocations=369 (full 2):
 par new generation   total 109248K, used 9504K [0x00000000e0000000, 0x00000000e8000000, 0x00000000e8000000)
  eden space 87424K,   0% used [0x00000000e0000000, 0x00000000e0000000, 0x00000000e5560000)
  from space 21824K,  43% used [0x00000000e6ab0000, 0x00000000e73f83a8, 0x00000000e8000000)
  to   space 21824K,   0% used [0x00000000e5560000, 0x00000000e5560000, 0x00000000e6ab0000)
 concurrent mark-sweep generation total 393216K, used 163631K [0x00000000e8000000, 0x0000000100000000, 0x0000000100000000)
 Metaspace       used 33784K, capacity 34160K, committed 34504K, reserved 1079296K
  class space    used 3889K, capacity 3999K, committed 4040K, reserved 1048576K
}
2016-10-28T02:31:50.442-0400: 38.202: Total time for which application threads were stopped: 0.0295607 seconds, Stopping threads took: 0.0003960 seconds
{Heap before GC invocations=369 (full 2):
 par new generation   total 109248K, used 96928K [0x00000000e0000000, 0x00000000e8000000, 0x00000000e8000000)
  eden space 87424K, 100% used [0x00000000e0000000, 0x00000000e5560000, 0x00000000e5560000)
  from space 21824K,  43% used [0x00000000e6ab0000, 0x00000000e73f83a8, 0x00000000e8000000)
  to   space 21824K,   0% used [0x00000000e5560000, 0x00000000e5560000, 0x00000000e6ab0000)
 concurrent mark-sweep generation total 393216K, used 163631K [0x00000000e8000000, 0x0000000100000000, 0x0000000100000000)
 Metaspace       used 33784K, capacity 34160K, committed 34504K, reserved 1079296K
  class space    used 3889K, capacity 3999K, committed 4040K, reserved 1048576K
2016-10-28T02:31:50.471-0400: 38.231: [GC (Allocation Failure) 2016-10-28T02:31:50.472-0400: 38.232: [ParNew
Desired survivor size 20112992 bytes, new threshold 8 (max 8)
- age   1:    2108256 bytes,    2108256 total
- age   2:    3938880 bytes,    6047136 total
- age   3:     208320 bytes,    6255456 total
- age   4:    2957168 bytes,    9212624 total
- age   5:     210360 bytes,    9422984 total
- age   6:     211608 bytes,    9634592 total
- age   7:    1519784 bytes,   11154376 total
- age   8:     215552 bytes,   11369928 total
: 96928K->12379K(109248K), 0.0205764 secs] 260560K->176192K(502464K), 0.0207741 secs] [Times: user=0.04 sys=0.01, real=0.02 secs] 
Heap after GC invocations=370 (full 2):
 par new generation   total 109248K, used 12379K [0x00000000e0000000, 0x00000000e8000000, 0x00000000e8000000)
  eden space 87424K,   0% used [0x00000000e0000000, 0x00000000e0000000, 0x00000000e5560000)
  from space 21824K,  56% used [0x00000000e5560000, 0x00000000e6176c48, 0x00000000e6ab0000)
  to   space 21824K,   0% used [0x00000000e6ab0000, 0x00000000e6ab0000, 0x00000000e8000000)
 concurrent mark-sweep generation total 393216K, used 163813K [0x00000000e8000000, 0x0000000100000000, 0x0000000100000000)
 Metaspace       used 33784K, capacity 34160K, committed 34504K, reserved 1079296K
  class space    used 3889K, capacity 3999K, committed 4040K, reserved 1048576K
}
2016-10-28T02:31:50.492-0400: 38.252: Total time for which application threads were stopped: 0.0213276 seconds, Stopping threads took: 0.0002615 seconds
{Heap before GC invocations=370 (full 2):
 par new generation   total 109248K, used 99803K [0x00000000e0000000, 0x00000000e8000000, 0x00000000e8000000)
  eden space 87424K, 100% used [0x00000000e0000000, 0x00000000e5560000, 0x00000000e5560000)
  from space 21824K,  56% used [0x00000000e5560000, 0x00000000e6176c48, 0x00000000e6ab0000)
  to   space 21824K,   0% used [0x00000000e6ab0000, 0x00000000e6ab0000, 0x00000000e8000000)
 concurrent mark-sweep generation total 393216K, used 163813K [0x00000000e8000000, 0x0000000100000000, 0x0000000100000000)
 Metaspace       used 33785K, capacity 34160K, committed 34504K, reserved 1079296K
  class space    used 3889K, capacity 3999K, committed 4040K, reserved 1048576K
2016-10-28T02:31:50.523-0400: 38.284: [GC (Allocation Failure) 2016-10-28T02:31:50.524-0400: 38.284: [ParNew
Desired survivor size 20112992 bytes, new threshold 8 (max 8)
- age   1:     310848 bytes,     310848 total
- age   2:    2058104 bytes,    2368952 total
- age   3:    3935576 bytes,    6304528 total
- age   4:     204480 bytes,    6509008 total
- age   5:    2951520 bytes,    9460528 total
- age   6:     206328 bytes,    9666856 total
- age   7:     208384 bytes,    9875240 total
- age   8:    1517088 bytes,   11392328 total
: 99803K->11706K(109248K), 0.0144321 secs] 263616K->175722K(502464K), 0.0145054 secs] [Times: user=0.02 sys=0.00, real=0.01 secs] 
Heap after GC invocations=371 (full 2):
 par new generation   total 109248K, used 11706K [0x00000000e0000000, 0x00000000e8000000, 0x00000000e8000000)
  eden space 87424K,   0% used [0x00000000e0000000, 0x00000000e0000000, 0x00000000e5560000)
  from space 21824K,  53% used [0x00000000e6ab0000, 0x00000000e761e898, 0x00000000e8000000)
  to   space 21824K,   0% used [0x00000000e5560000, 0x00000000e5560000, 0x00000000e6ab0000)
 concurrent mark-sweep generation total 393216K, used 164016K [0x00000000e8000000, 0x0000000100000000, 0x0000000100000000)
 Metaspace       used 33785K, capacity 34160K, committed 34504K, reserved 1079296K
  class space    used 3889K, capacity 3999K, committed 4040K, reserved 1048576K
}
2016-10-28T02:31:50.538-0400: 38.298: Total time for which application threads were stopped: 0.0162570 seconds, Stopping threads took: 0.0014209 seconds
{Heap before GC invocations=371 (full 2):
 par new generation   total 109248K, used 99130K [0x00000000e0000000, 0x00000000e8000000, 0x00000000e8000000)
  eden space 87424K, 100% used [0x00000000e0000000, 0x00000000e5560000, 0x00000000e5560000)
  from space 21824K,  53% used [0x00000000e6ab0000, 0x00000000e761e898, 0x00000000e8000000)
  to   space 21824K,   0% used [0x00000000e5560000, 0x00000000e5560000, 0x00000000e6ab0000)
 concurrent mark-sweep generation total 393216K, used 164016K [0x00000000e8000000, 0x0000000100000000, 0x0000000100000000)
 Metaspace       used 33785K, capacity 34160K, committed 34504K, reserved 1079296K
  class space    used 3889K, capacity 3999K, committed 4040K, reserved 1048576K
2016-10-28T02:31:50.559-0400: 38.320: [GC (Allocation Failure) 2016-10-28T02:31:50.560-0400: 38.320: [ParNew
Desired survivor size 20112992 bytes, new threshold 8 (max 8)
- age   1:     311768 bytes,     311768 total
- age   2:     267000 bytes,     578768 total
- age   3:    2058104 bytes,    2636872 total
- age   4:    3935576 bytes,    6572448 total
- age   5:     204480 bytes,    6776928 total
- age   6:    2951520 bytes,    9728448 total
- age   7:     206328 bytes,    9934776 total
- age   8:     208384 bytes,   10143160 total
: 99130K->11723K(109248K), 0.0334005 secs] 263146K->177226K(502464K), 0.0335220 secs] [Times: user=0.07 sys=0.00, real=0.03 secs] 
Heap after GC invocations=372 (full 2):
 par new generation   total 109248K, used 11723K [0x00000000e0000000, 0x00000000e8000000, 0x00000000e8000000)
  eden space 87424K,   0% used [0x00000000e0000000, 0x00000000e0000000, 0x00000000e5560000)
  from space 21824K,  53% used [0x00000000e5560000, 0x00000000e60d2fe0, 0x00000000e6ab0000)
  to   space 21824K,   0% used [0x00000000e6ab0000, 0x00000000e6ab0000, 0x00000000e8000000)
 concurrent mark-sweep generation total 393216K, used 165502K [0x00000000e8000000, 0x0000000100000000, 0x0000000100000000)
 Metaspace       used 33785K, capacity 34160K, committed 34504K, reserved 1079296K
  class space    used 3889K, capacity 3999K, committed 4040K, reserved 1048576K
}
2016-10-28T02:31:50.593-0400: 38.353: Total time for which application threads were stopped: 0.0339519 seconds, Stopping threads took: 0.0001765 seconds
{Heap before GC invocations=372 (full 2):
 par new generation   total 109248K, used 99147K [0x00000000e0000000, 0x00000000e8000000, 0x00000000e8000000)
  eden space 87424K, 100% used [0x00000000e0000000, 0x00000000e5560000, 0x00000000e5560000)
  from space 21824K,  53% used [0x00000000e5560000, 0x00000000e60d2fe0, 0x00000000e6ab0000)
  to   space 21824K,   0% used [0x00000000e6ab0000, 0x00000000e6ab0000, 0x00000000e8000000)
 concurrent mark-sweep generation total 393216K, used 165502K [0x00000000e8000000, 0x0000000100000000, 0x0000000100000000)
 Metaspace       used 33785K, capacity 34160K, committed 34504K, reserved 1079296K
  class space    used 3889K, capacity 3999K, committed 4040K, reserved 1048576K
2016-10-28T02:31:50.635-0400: 38.395: [GC (Allocation Failure) 2016-10-28T02:31:50.635-0400: 38.396: [ParNew
Desired survivor size 20112992 bytes, new threshold 8 (max 8)
- age   1:     204336 bytes,     204336 total
- age   2:     239560 bytes,     443896 total
- age   3:     267000 bytes,     710896 total
- age   4:    2058104 bytes,    2769000 total
- age   5:    3935576 bytes,    6704576 total
- age   6:     204480 bytes,    6909056 total
- age   7:    2951520 bytes,    9860576 total
- age   8:     206328 bytes,   10066904 total
: 99147K->10620K(109248K), 0.0174013 secs] 264650K->176331K(502464K), 0.0176081 secs] [Times: user=0.05 sys=0.01, real=0.02 secs] 
Heap after GC invocations=373 (full 2):
 par new generation   total 109248K, used 10620K [0x00000000e0000000, 0x00000000e8000000, 0x00000000e8000000)
  eden space 87424K,   0% used [0x00000000e0000000, 0x00000000e0000000, 0x00000000e5560000)
  from space 21824K,  48% used [0x00000000e6ab0000, 0x00000000e750f288, 0x00000000e8000000)
  to   space 21824K,   0% used [0x00000000e5560000, 0x00000000e5560000, 0x00000000e6ab0000)
 concurrent mark-sweep generation total 393216K, used 165711K [0x00000000e8000000, 0x0000000100000000, 0x0000000100000000)
 Metaspace       used 33785K, capacity 34160K, committed 34504K, reserved 1079296K
  class space    used 3889K, capacity 3999K, committed 4040K, reserved 1048576K
}
2016-10-28T02:31:50.653-0400: 38.413: Total time for which application threads were stopped: 0.0216993 seconds, Stopping threads took: 0.0037387 seconds
{Heap before GC invocations=373 (full 2):
 par new generation   total 109248K, used 98044K [0x00000000e0000000, 0x00000000e8000000, 0x00000000e8000000)
  eden space 87424K, 100% used [0x00000000e0000000, 0x00000000e5560000, 0x00000000e5560000)
  from space 21824K,  48% used [0x00000000e6ab0000, 0x00000000e750f288, 0x00000000e8000000)
  to   space 21824K,   0% used [0x00000000e5560000, 0x00000000e5560000, 0x00000000e6ab0000)
 concurrent mark-sweep generation total 393216K, used 165711K [0x00000000e8000000, 0x0000000100000000, 0x0000000100000000)
 Metaspace       used 33785K, capacity 34160K, committed 34504K, reserved 1079296K
  class space    used 3889K, capacity 3999K, committed 4040K, reserved 1048576K
2016-10-28T02:31:50.691-0400: 38.452: [GC (Allocation Failure) 2016-10-28T02:31:50.691-0400: 38.452: [ParNew
Desired survivor size 20112992 bytes, new threshold 8 (max 8)
- age   1:     271440 bytes,     271440 total
- age   2:     137840 bytes,     409280 total
- age   3:     239560 bytes,     648840 total
- age   4:     267000 bytes,     915840 total
- age   5:    2058104 bytes,    2973944 total
- age   6:    3935576 bytes,    6909520 total
- age   7:     204480 bytes,    7114000 total
- age   8:    2951520 bytes,   10065520 total
: 98044K->10010K(109248K), 0.0289090 secs] 263755K->175928K(502464K), 0.0290026 secs] [Times: user=0.10 sys=0.00, real=0.03 secs] 
Heap after GC invocations=374 (full 2):
 par new generation   total 109248K, used 10010K [0x00000000e0000000, 0x00000000e8000000, 0x00000000e8000000)
  eden space 87424K,   0% used [0x00000000e0000000, 0x00000000e0000000, 0x00000000e5560000)
  from space 21824K,  45% used [0x00000000e5560000, 0x00000000e5f26bb0, 0x00000000e6ab0000)
  to   space 21824K,   0% used [0x00000000e6ab0000, 0x00000000e6ab0000, 0x00000000e8000000)
 concurrent mark-sweep generation total 393216K, used 165917K [0x00000000e8000000, 0x0000000100000000, 0x0000000100000000)
 Metaspace       used 33785K, capacity 34160K, committed 34504K, reserved 1079296K
  class space    used 3889K, capacity 3999K, committed 4040K, reserved 1048576K
}
2016-10-28T02:31:50.721-0400: 38.481: Total time for which application threads were stopped: 0.0334106 seconds, Stopping threads took: 0.0041657 seconds
{Heap before GC invocations=374 (full 2):
 par new generation   total 109248K, used 97434K [0x00000000e0000000, 0x00000000e8000000, 0x00000000e8000000)
  eden space 87424K, 100% used [0x00000000e0000000, 0x00000000e5560000, 0x00000000e5560000)
  from space 21824K,  45% used [0x00000000e5560000, 0x00000000e5f26bb0, 0x00000000e6ab0000)
  to   space 21824K,   0% used [0x00000000e6ab0000, 0x00000000e6ab0000, 0x00000000e8000000)
 concurrent mark-sweep generation total 393216K, used 165917K [0x00000000e8000000, 0x0000000100000000, 0x0000000100000000)
 Metaspace       used 33785K, capacity 34160K, committed 34504K, reserved 1079296K
  class space    used 3889K, capacity 3999K, committed 4040K, reserved 1048576K
2016-10-28T02:31:50.777-0400: 38.537: [GC (Allocation Failure) 2016-10-28T02:31:50.777-0400: 38.537: [ParNew
Desired survivor size 20112992 bytes, new threshold 8 (max 8)
- age   1:    1727376 bytes,    1727376 total
- age   2:     202400 bytes,    1929776 total
- age   3:     130568 bytes,    2060344 total
- age   4:     236984 bytes,    2297328 total
- age   5:     249504 bytes,    2546832 total
- age   6:    2058104 bytes,    4604936 total
- age   7:    3935576 bytes,    8540512 total
- age   8:     204480 bytes,    8744992 total
: 97434K->9211K(109248K), 0.0245329 secs] 263352K->178016K(502464K), 0.0248548 secs] [Times: user=0.07 sys=0.01, real=0.03 secs] 
Heap after GC invocations=375 (full 2):
 par new generation   total 109248K, used 9211K [0x00000000e0000000, 0x00000000e8000000, 0x00000000e8000000)
  eden space 87424K,   0% used [0x00000000e0000000, 0x00000000e0000000, 0x00000000e5560000)
  from space 21824K,  42% used [0x00000000e6ab0000, 0x00000000e73aefa0, 0x00000000e8000000)
  to   space 21824K,   0% used [0x00000000e5560000, 0x00000000e5560000, 0x00000000e6ab0000)
 concurrent mark-sweep generation total 393216K, used 168804K [0x00000000e8000000, 0x0000000100000000, 0x0000000100000000)
 Metaspace       used 33785K, capacity 34160K, committed 34504K, reserved 1079296K
  class space    used 3889K, capacity 3999K, committed 4040K, reserved 1048576K
}
2016-10-28T02:31:50.802-0400: 38.562: Total time for which application threads were stopped: 0.0255952 seconds, Stopping threads took: 0.0003651 seconds
{Heap before GC invocations=375 (full 2):
 par new generation   total 109248K, used 96635K [0x00000000e0000000, 0x00000000e8000000, 0x00000000e8000000)
  eden space 87424K, 100% used [0x00000000e0000000, 0x00000000e5560000, 0x00000000e5560000)
  from space 21824K,  42% used [0x00000000e6ab0000, 0x00000000e73aefa0, 0x00000000e8000000)
  to   space 21824K,   0% used [0x00000000e5560000, 0x00000000e5560000, 0x00000000e6ab0000)
 concurrent mark-sweep generation total 393216K, used 168804K [0x00000000e8000000, 0x0000000100000000, 0x0000000100000000)
 Metaspace       used 33785K, capacity 34160K, committed 34504K, reserved 1079296K
  class space    used 3889K, capacity 3999K, committed 4040K, reserved 1048576K
2016-10-28T02:31:50.871-0400: 38.631: [GC (Allocation Failure) 2016-10-28T02:31:50.871-0400: 38.631: [ParNew
Desired survivor size 20112992 bytes, new threshold 8 (max 8)
- age   1:    1290760 bytes,    1290760 total
- age   2:    1683160 bytes,    2973920 total
- age   3:     202400 bytes,    3176320 total
- age   4:     130568 bytes,    3306888 total
- age   5:     237008 bytes,    3543896 total
- age   6:     249504 bytes,    3793400 total
- age   7:    2058104 bytes,    5851504 total
- age   8:    3935576 bytes,    9787080 total
: 96635K->9892K(109248K), 0.0294745 secs] 265440K->178901K(502464K), 0.0295548 secs] [Times: user=0.08 sys=0.00, real=0.03 secs] 
Heap after GC invocations=376 (full 2):
 par new generation   total 109248K, used 9892K [0x00000000e0000000, 0x00000000e8000000, 0x00000000e8000000)
  eden space 87424K,   0% used [0x00000000e0000000, 0x00000000e0000000, 0x00000000e5560000)
  from space 21824K,  45% used [0x00000000e5560000, 0x00000000e5f09090, 0x00000000e6ab0000)
  to   space 21824K,   0% used [0x00000000e6ab0000, 0x00000000e6ab0000, 0x00000000e8000000)
 concurrent mark-sweep generation total 393216K, used 169009K [0x00000000e8000000, 0x0000000100000000, 0x0000000100000000)
 Metaspace       used 33785K, capacity 34160K, committed 34504K, reserved 1079296K
  class space    used 3889K, capacity 3999K, committed 4040K, reserved 1048576K
}
2016-10-28T02:31:50.900-0400: 38.660: Total time for which application threads were stopped: 0.0299627 seconds, Stopping threads took: 0.0001868 seconds
{Heap before GC invocations=376 (full 2):
 par new generation   total 109248K, used 97316K [0x00000000e0000000, 0x00000000e8000000, 0x00000000e8000000)
  eden space 87424K, 100% used [0x00000000e0000000, 0x00000000e5560000, 0x00000000e5560000)
  from space 21824K,  45% used [0x00000000e5560000, 0x00000000e5f09090, 0x00000000e6ab0000)
  to   space 21824K,   0% used [0x00000000e6ab0000, 0x00000000e6ab0000, 0x00000000e8000000)
 concurrent mark-sweep generation total 393216K, used 169009K [0x00000000e8000000, 0x0000000100000000, 0x0000000100000000)
 Metaspace       used 33785K, capacity 34160K, committed 34504K, reserved 1079296K
  class space    used 3889K, capacity 3999K, committed 4040K, reserved 1048576K
2016-10-28T02:31:50.960-0400: 38.720: [GC (Allocation Failure) 2016-10-28T02:31:50.960-0400: 38.720: [ParNew
Desired survivor size 20112992 bytes, new threshold 8 (max 8)
- age   1:     268432 bytes,     268432 total
- age   2:    1250760 bytes,    1519192 total
- age   3:    1683160 bytes,    3202352 total
- age   4:     202400 bytes,    3404752 total
- age   5:     130568 bytes,    3535320 total
- age   6:     236984 bytes,    3772304 total
- age   7:     249504 bytes,    4021808 total
- age   8:    2058104 bytes,    6079912 total
: 97316K->6500K(109248K), 0.0269898 secs] 266325K->179357K(502464K), 0.0271616 secs] [Times: user=0.09 sys=0.00, real=0.02 secs] 
Heap after GC invocations=377 (full 2):
 par new generation   total 109248K, used 6500K [0x00000000e0000000, 0x00000000e8000000, 0x00000000e8000000)
  eden space 87424K,   0% used [0x00000000e0000000, 0x00000000e0000000, 0x00000000e5560000)
  from space 21824K,  29% used [0x00000000e6ab0000, 0x00000000e7109198, 0x00000000e8000000)
  to   space 21824K,   0% used [0x00000000e5560000, 0x00000000e5560000, 0x00000000e6ab0000)
 concurrent mark-sweep generation total 393216K, used 172857K [0x00000000e8000000, 0x0000000100000000, 0x0000000100000000)
 Metaspace       used 33785K, capacity 34160K, committed 34504K, reserved 1079296K
  class space    used 3889K, capacity 3999K, committed 4040K, reserved 1048576K
}
2016-10-28T02:31:50.987-0400: 38.747: Total time for which application threads were stopped: 0.0325057 seconds, Stopping threads took: 0.0051359 seconds
{Heap before GC invocations=377 (full 2):
 par new generation   total 109248K, used 93924K [0x00000000e0000000, 0x00000000e8000000, 0x00000000e8000000)
  eden space 87424K, 100% used [0x00000000e0000000, 0x00000000e5560000, 0x00000000e5560000)
  from space 21824K,  29% used [0x00000000e6ab0000, 0x00000000e7109198, 0x00000000e8000000)
  to   space 21824K,   0% used [0x00000000e5560000, 0x00000000e5560000, 0x00000000e6ab0000)
 concurrent mark-sweep generation total 393216K, used 172857K [0x00000000e8000000, 0x0000000100000000, 0x0000000100000000)
 Metaspace       used 33785K, capacity 34160K, committed 34504K, reserved 1079296K
  class space    used 3889K, capacity 3999K, committed 4040K, reserved 1048576K
2016-10-28T02:31:51.015-0400: 38.776: [GC (Allocation Failure) 2016-10-28T02:31:51.015-0400: 38.776: [ParNew
Desired survivor size 20112992 bytes, new threshold 8 (max 8)
- age   1:     226576 bytes,     226576 total
- age   2:     206808 bytes,     433384 total
- age   3:    1250760 bytes,    1684144 total
- age   4:    1683160 bytes,    3367304 total
- age   5:     202400 bytes,    3569704 total
- age   6:     130568 bytes,    3700272 total
- age   7:     236984 bytes,    3937256 total
- age   8:     249504 bytes,    4186760 total
: 93924K->4601K(109248K), 0.0182737 secs] 266781K->179474K(502464K), 0.0183467 secs] [Times: user=0.05 sys=0.00, real=0.02 secs] 
Heap after GC invocations=378 (full 2):
 par new generation   total 109248K, used 4601K [0x00000000e0000000, 0x00000000e8000000, 0x00000000e8000000)
  eden space 87424K,   0% used [0x00000000e0000000, 0x00000000e0000000, 0x00000000e5560000)
  from space 21824K,  21% used [0x00000000e5560000, 0x00000000e59de798, 0x00000000e6ab0000)
  to   space 21824K,   0% used [0x00000000e6ab0000, 0x00000000e6ab0000, 0x00000000e8000000)
 concurrent mark-sweep generation total 393216K, used 174872K [0x00000000e8000000, 0x0000000100000000, 0x0000000100000000)
 Metaspace       used 33785K, capacity 34160K, committed 34504K, reserved 1079296K
  class space    used 3889K, capacity 3999K, committed 4040K, reserved 1048576K
}
2016-10-28T02:31:51.034-0400: 38.794: Total time for which application threads were stopped: 0.0186907 seconds, Stopping threads took: 0.0001610 seconds
{Heap before GC invocations=378 (full 2):
 par new generation   total 109248K, used 92025K [0x00000000e0000000, 0x00000000e8000000, 0x00000000e8000000)
  eden space 87424K, 100% used [0x00000000e0000000, 0x00000000e5560000, 0x00000000e5560000)
  from space 21824K,  21% used [0x00000000e5560000, 0x00000000e59de798, 0x00000000e6ab0000)
  to   space 21824K,   0% used [0x00000000e6ab0000, 0x00000000e6ab0000, 0x00000000e8000000)
 concurrent mark-sweep generation total 393216K, used 174872K [0x00000000e8000000, 0x0000000100000000, 0x0000000100000000)
 Metaspace       used 33785K, capacity 34160K, committed 34504K, reserved 1079296K
  class space    used 3889K, capacity 3999K, committed 4040K, reserved 1048576K
2016-10-28T02:31:51.069-0400: 38.829: [GC (Allocation Failure) 2016-10-28T02:31:51.069-0400: 38.829: [ParNew
Desired survivor size 20112992 bytes, new threshold 8 (max 8)
- age   1:    2352560 bytes,    2352560 total
- age   2:     190344 bytes,    2542904 total
- age   3:     206808 bytes,    2749712 total
- age   4:    1250760 bytes,    4000472 total
- age   5:    1683160 bytes,    5683632 total
- age   6:     202400 bytes,    5886032 total
- age   7:     130568 bytes,    6016600 total
- age   8:     236984 bytes,    6253584 total
: 92025K->7417K(109248K), 0.0147028 secs] 266898K->182538K(502464K), 0.0148181 secs] [Times: user=0.04 sys=0.01, real=0.01 secs] 
Heap after GC invocations=379 (full 2):
 par new generation   total 109248K, used 7417K [0x00000000e0000000, 0x00000000e8000000, 0x00000000e8000000)
  eden space 87424K,   0% used [0x00000000e0000000, 0x00000000e0000000, 0x00000000e5560000)
  from space 21824K,  33% used [0x00000000e6ab0000, 0x00000000e71ee5f8, 0x00000000e8000000)
  to   space 21824K,   0% used [0x00000000e5560000, 0x00000000e5560000, 0x00000000e6ab0000)
 concurrent mark-sweep generation total 393216K, used 175120K [0x00000000e8000000, 0x0000000100000000, 0x0000000100000000)
 Metaspace       used 33785K, capacity 34160K, committed 34504K, reserved 1079296K
  class space    used 3889K, capacity 3999K, committed 4040K, reserved 1048576K
}
2016-10-28T02:31:51.084-0400: 38.844: Total time for which application threads were stopped: 0.0152176 seconds, Stopping threads took: 0.0001577 seconds
{Heap before GC invocations=379 (full 2):
 par new generation   total 109248K, used 94841K [0x00000000e0000000, 0x00000000e8000000, 0x00000000e8000000)
  eden space 87424K, 100% used [0x00000000e0000000, 0x00000000e5560000, 0x00000000e5560000)
  from space 21824K,  33% used [0x00000000e6ab0000, 0x00000000e71ee5f8, 0x00000000e8000000)
  to   space 21824K,   0% used [0x00000000e5560000, 0x00000000e5560000, 0x00000000e6ab0000)
 concurrent mark-sweep generation total 393216K, used 175120K [0x00000000e8000000, 0x0000000100000000, 0x0000000100000000)
 Metaspace       used 33789K, capacity 34160K, committed 34504K, reserved 1079296K
  class space    used 3889K, capacity 3999K, committed 4040K, reserved 1048576K
2016-10-28T02:31:51.145-0400: 38.905: [GC (Allocation Failure) 2016-10-28T02:31:51.145-0400: 38.905: [ParNew
Desired survivor size 20112992 bytes, new threshold 8 (max 8)
- age   1:    4899664 bytes,    4899664 total
- age   2:    2297272 bytes,    7196936 total
- age   3:     180240 bytes,    7377176 total
- age   4:     205920 bytes,    7583096 total
- age   5:    1246368 bytes,    8829464 total
- age   6:    1672528 bytes,   10501992 total
- age   7:     202400 bytes,   10704392 total
- age   8:     130568 bytes,   10834960 total
: 94841K->11026K(109248K), 0.0127089 secs] 269962K->186384K(502464K), 0.0127863 secs] [Times: user=0.04 sys=0.00, real=0.01 secs] 
Heap after GC invocations=380 (full 2):
 par new generation   total 109248K, used 11026K [0x00000000e0000000, 0x00000000e8000000, 0x00000000e8000000)
  eden space 87424K,   0% used [0x00000000e0000000, 0x00000000e0000000, 0x00000000e5560000)
  from space 21824K,  50% used [0x00000000e5560000, 0x00000000e6024b58, 0x00000000e6ab0000)
  to   space 21824K,   0% used [0x00000000e6ab0000, 0x00000000e6ab0000, 0x00000000e8000000)
 concurrent mark-sweep generation total 393216K, used 175357K [0x00000000e8000000, 0x0000000100000000, 0x0000000100000000)
 Metaspace       used 33789K, capacity 34160K, committed 34504K, reserved 1079296K
  class space    used 3889K, capacity 3999K, committed 4040K, reserved 1048576K
}
2016-10-28T02:31:51.157-0400: 38.918: Total time for which application threads were stopped: 0.0131871 seconds, Stopping threads took: 0.0001796 seconds
{Heap before GC invocations=380 (full 2):
 par new generation   total 109248K, used 98442K [0x00000000e0000000, 0x00000000e8000000, 0x00000000e8000000)
  eden space 87424K,  99% used [0x00000000e0000000, 0x00000000e555ded0, 0x00000000e5560000)
  from space 21824K,  50% used [0x00000000e5560000, 0x00000000e6024b58, 0x00000000e6ab0000)
  to   space 21824K,   0% used [0x00000000e6ab0000, 0x00000000e6ab0000, 0x00000000e8000000)
 concurrent mark-sweep generation total 393216K, used 175357K [0x00000000e8000000, 0x0000000100000000, 0x0000000100000000)
 Metaspace       used 33789K, capacity 34160K, committed 34504K, reserved 1079296K
  class space    used 3889K, capacity 3999K, committed 4040K, reserved 1048576K
2016-10-28T02:31:51.181-0400: 38.941: [GC (Allocation Failure) 2016-10-28T02:31:51.181-0400: 38.941: [ParNew
Desired survivor size 20112992 bytes, new threshold 8 (max 8)
- age   1:     223672 bytes,     223672 total
- age   2:    4849328 bytes,    5073000 total
- age   3:    2297272 bytes,    7370272 total
- age   4:     180240 bytes,    7550512 total
- age   5:     205920 bytes,    7756432 total
- age   6:    1246368 bytes,    9002800 total
- age   7:    1672528 bytes,   10675328 total
- age   8:     202400 bytes,   10877728 total
: 98442K->11437K(109248K), 0.0198306 secs] 273799K->186926K(502464K), 0.0199504 secs] [Times: user=0.06 sys=0.00, real=0.02 secs] 
Heap after GC invocations=381 (full 2):
 par new generation   total 109248K, used 11437K [0x00000000e0000000, 0x00000000e8000000, 0x00000000e8000000)
  eden space 87424K,   0% used [0x00000000e0000000, 0x00000000e0000000, 0x00000000e5560000)
  from space 21824K,  52% used [0x00000000e6ab0000, 0x00000000e75db520, 0x00000000e8000000)
  to   space 21824K,   0% used [0x00000000e5560000, 0x00000000e5560000, 0x00000000e6ab0000)
 concurrent mark-sweep generation total 393216K, used 175489K [0x00000000e8000000, 0x0000000100000000, 0x0000000100000000)
 Metaspace       used 33789K, capacity 34160K, committed 34504K, reserved 1079296K
  class space    used 3889K, capacity 3999K, committed 4040K, reserved 1048576K
}
2016-10-28T02:31:51.201-0400: 38.961: Total time for which application threads were stopped: 0.0204004 seconds, Stopping threads took: 0.0002561 seconds
{Heap before GC invocations=381 (full 2):
 par new generation   total 109248K, used 98861K [0x00000000e0000000, 0x00000000e8000000, 0x00000000e8000000)
  eden space 87424K, 100% used [0x00000000e0000000, 0x00000000e5560000, 0x00000000e5560000)
  from space 21824K,  52% used [0x00000000e6ab0000, 0x00000000e75db520, 0x00000000e8000000)
  to   space 21824K,   0% used [0x00000000e5560000, 0x00000000e5560000, 0x00000000e6ab0000)
 concurrent mark-sweep generation total 393216K, used 175489K [0x00000000e8000000, 0x0000000100000000, 0x0000000100000000)
 Metaspace       used 33790K, capacity 34160K, committed 34504K, reserved 1079296K
  class space    used 3889K, capacity 3999K, committed 4040K, reserved 1048576K
2016-10-28T02:31:51.228-0400: 38.988: [GC (Allocation Failure) 2016-10-28T02:31:51.228-0400: 38.988: [ParNew
Desired survivor size 20112992 bytes, new threshold 8 (max 8)
- age   1:     248856 bytes,     248856 total
- age   2:     178656 bytes,     427512 total
- age   3:    4849328 bytes,    5276840 total
- age   4:    2297272 bytes,    7574112 total
- age   5:     180240 bytes,    7754352 total
- age   6:     205920 bytes,    7960272 total
- age   7:    1246368 bytes,    9206640 total
- age   8:    1672528 bytes,   10879168 total
: 98861K->11371K(109248K), 0.0227545 secs] 274350K->187063K(502464K), 0.0228374 secs] [Times: user=0.07 sys=0.00, real=0.02 secs] 
Heap after GC invocations=382 (full 2):
 par new generation   total 109248K, used 11371K [0x00000000e0000000, 0x00000000e8000000, 0x00000000e8000000)
  eden space 87424K,   0% used [0x00000000e0000000, 0x00000000e0000000, 0x00000000e5560000)
  from space 21824K,  52% used [0x00000000e5560000, 0x00000000e607ae80, 0x00000000e6ab0000)
  to   space 21824K,   0% used [0x00000000e6ab0000, 0x00000000e6ab0000, 0x00000000e8000000)
 concurrent mark-sweep generation total 393216K, used 175691K [0x00000000e8000000, 0x0000000100000000, 0x0000000100000000)
 Metaspace       used 33790K, capacity 34160K, committed 34504K, reserved 1079296K
  class space    used 3889K, capacity 3999K, committed 4040K, reserved 1048576K
}
2016-10-28T02:31:51.251-0400: 39.011: Total time for which application threads were stopped: 0.0233205 seconds, Stopping threads took: 0.0001591 seconds
{Heap before GC invocations=382 (full 2):
 par new generation   total 109248K, used 98795K [0x00000000e0000000, 0x00000000e8000000, 0x00000000e8000000)
  eden space 87424K, 100% used [0x00000000e0000000, 0x00000000e5560000, 0x00000000e5560000)
  from space 21824K,  52% used [0x00000000e5560000, 0x00000000e607ae80, 0x00000000e6ab0000)
  to   space 21824K,   0% used [0x00000000e6ab0000, 0x00000000e6ab0000, 0x00000000e8000000)
 concurrent mark-sweep generation total 393216K, used 175691K [0x00000000e8000000, 0x0000000100000000, 0x0000000100000000)
 Metaspace       used 33790K, capacity 34160K, committed 34504K, reserved 1079296K
  class space    used 3889K, capacity 3999K, committed 4040K, reserved 1048576K
2016-10-28T02:31:51.278-0400: 39.038: [GC (Allocation Failure) 2016-10-28T02:31:51.278-0400: 39.038: [ParNew
Desired survivor size 20112992 bytes, new threshold 8 (max 8)
- age   1:    4466704 bytes,    4466704 total
- age   2:     208328 bytes,    4675032 total
- age   3:     174864 bytes,    4849896 total
- age   4:    4849328 bytes,    9699224 total
- age   5:    2297272 bytes,   11996496 total
- age   6:     180240 bytes,   12176736 total
- age   7:     205920 bytes,   12382656 total
- age   8:    1246368 bytes,   13629024 total
: 98795K->13838K(109248K), 0.0129235 secs] 274487K->191167K(502464K), 0.0129967 secs] [Times: user=0.04 sys=0.00, real=0.02 secs] 
Heap after GC invocations=383 (full 2):
 par new generation   total 109248K, used 13838K [0x00000000e0000000, 0x00000000e8000000, 0x00000000e8000000)
  eden space 87424K,   0% used [0x00000000e0000000, 0x00000000e0000000, 0x00000000e5560000)
  from space 21824K,  63% used [0x00000000e6ab0000, 0x00000000e7833950, 0x00000000e8000000)
  to   space 21824K,   0% used [0x00000000e5560000, 0x00000000e5560000, 0x00000000e6ab0000)
 concurrent mark-sweep generation total 393216K, used 177329K [0x00000000e8000000, 0x0000000100000000, 0x0000000100000000)
 Metaspace       used 33790K, capacity 34160K, committed 34504K, reserved 1079296K
  class space    used 3889K, capacity 3999K, committed 4040K, reserved 1048576K
}
2016-10-28T02:31:51.291-0400: 39.051: Total time for which application threads were stopped: 0.0134497 seconds, Stopping threads took: 0.0002262 seconds
{Heap before GC invocations=383 (full 2):
 par new generation   total 109248K, used 101262K [0x00000000e0000000, 0x00000000e8000000, 0x00000000e8000000)
  eden space 87424K, 100% used [0x00000000e0000000, 0x00000000e5560000, 0x00000000e5560000)
  from space 21824K,  63% used [0x00000000e6ab0000, 0x00000000e7833950, 0x00000000e8000000)
  to   space 21824K,   0% used [0x00000000e5560000, 0x00000000e5560000, 0x00000000e6ab0000)
 concurrent mark-sweep generation total 393216K, used 177329K [0x00000000e8000000, 0x0000000100000000, 0x0000000100000000)
 Metaspace       used 33790K, capacity 34160K, committed 34504K, reserved 1079296K
  class space    used 3889K, capacity 3999K, committed 4040K, reserved 1048576K
2016-10-28T02:31:51.323-0400: 39.083: [GC (Allocation Failure) 2016-10-28T02:31:51.323-0400: 39.083: [ParNew
Desired survivor size 20112992 bytes, new threshold 8 (max 8)
- age   1:    1251968 bytes,    1251968 total
- age   2:    4430152 bytes,    5682120 total
- age   3:     208328 bytes,    5890448 total
- age   4:     174864 bytes,    6065312 total
- age   5:    4849328 bytes,   10914640 total
- age   6:    2297272 bytes,   13211912 total
- age   7:     180240 bytes,   13392152 total
- age   8:     205920 bytes,   13598072 total
: 101262K->13606K(109248K), 0.0166368 secs] 278591K->192157K(502464K), 0.0168211 secs] [Times: user=0.03 sys=0.00, real=0.02 secs] 
Heap after GC invocations=384 (full 2):
 par new generation   total 109248K, used 13606K [0x00000000e0000000, 0x00000000e8000000, 0x00000000e8000000)
  eden space 87424K,   0% used [0x00000000e0000000, 0x00000000e0000000, 0x00000000e5560000)
  from space 21824K,  62% used [0x00000000e5560000, 0x00000000e62a9840, 0x00000000e6ab0000)
  to   space 21824K,   0% used [0x00000000e6ab0000, 0x00000000e6ab0000, 0x00000000e8000000)
 concurrent mark-sweep generation total 393216K, used 178551K [0x00000000e8000000, 0x0000000100000000, 0x0000000100000000)
 Metaspace       used 33790K, capacity 34160K, committed 34504K, reserved 1079296K
  class space    used 3889K, capacity 3999K, committed 4040K, reserved 1048576K
}
2016-10-28T02:31:51.339-0400: 39.100: Total time for which application threads were stopped: 0.0172095 seconds, Stopping threads took: 0.0001471 seconds
{Heap before GC invocations=384 (full 2):
 par new generation   total 109248K, used 101030K [0x00000000e0000000, 0x00000000e8000000, 0x00000000e8000000)
  eden space 87424K, 100% used [0x00000000e0000000, 0x00000000e5560000, 0x00000000e5560000)
  from space 21824K,  62% used [0x00000000e5560000, 0x00000000e62a9840, 0x00000000e6ab0000)
  to   space 21824K,   0% used [0x00000000e6ab0000, 0x00000000e6ab0000, 0x00000000e8000000)
 concurrent mark-sweep generation total 393216K, used 178551K [0x00000000e8000000, 0x0000000100000000, 0x0000000100000000)
 Metaspace       used 33790K, capacity 34160K, committed 34504K, reserved 1079296K
  class space    used 3889K, capacity 3999K, committed 4040K, reserved 1048576K
2016-10-28T02:31:51.361-0400: 39.121: [GC (Allocation Failure) 2016-10-28T02:31:51.361-0400: 39.121: [ParNew
Desired survivor size 20112992 bytes, new threshold 8 (max 8)
- age   1:     256296 bytes,     256296 total
- age   2:    1215376 bytes,    1471672 total
- age   3:    4430152 bytes,    5901824 total
- age   4:     208328 bytes,    6110152 total
- age   5:     174864 bytes,    6285016 total
- age   6:    4849328 bytes,   11134344 total
- age   7:    2297272 bytes,   13431616 total
- age   8:     180240 bytes,   13611856 total
: 101030K->13794K(109248K), 0.0219458 secs] 279581K->192551K(502464K), 0.0220356 secs] [Times: user=0.04 sys=0.01, real=0.02 secs] 
Heap after GC invocations=385 (full 2):
 par new generation   total 109248K, used 13794K [0x00000000e0000000, 0x00000000e8000000, 0x00000000e8000000)
  eden space 87424K,   0% used [0x00000000e0000000, 0x00000000e0000000, 0x00000000e5560000)
  from space 21824K,  63% used [0x00000000e6ab0000, 0x00000000e78289e0, 0x00000000e8000000)
  to   space 21824K,   0% used [0x00000000e5560000, 0x00000000e5560000, 0x00000000e6ab0000)
 concurrent mark-sweep generation total 393216K, used 178756K [0x00000000e8000000, 0x0000000100000000, 0x0000000100000000)
 Metaspace       used 33790K, capacity 34160K, committed 34504K, reserved 1079296K
  class space    used 3889K, capacity 3999K, committed 4040K, reserved 1048576K
}
2016-10-28T02:31:51.383-0400: 39.143: Total time for which application threads were stopped: 0.0223467 seconds, Stopping threads took: 0.0000949 seconds
{Heap before GC invocations=385 (full 2):
 par new generation   total 109248K, used 101218K [0x00000000e0000000, 0x00000000e8000000, 0x00000000e8000000)
  eden space 87424K, 100% used [0x00000000e0000000, 0x00000000e5560000, 0x00000000e5560000)
  from space 21824K,  63% used [0x00000000e6ab0000, 0x00000000e78289e0, 0x00000000e8000000)
  to   space 21824K,   0% used [0x00000000e5560000, 0x00000000e5560000, 0x00000000e6ab0000)
 concurrent mark-sweep generation total 393216K, used 178756K [0x00000000e8000000, 0x0000000100000000, 0x0000000100000000)
 Metaspace       used 33790K, capacity 34160K, committed 34504K, reserved 1079296K
  class space    used 3889K, capacity 3999K, committed 4040K, reserved 1048576K
2016-10-28T02:31:51.422-0400: 39.182: [GC (Allocation Failure) 2016-10-28T02:31:51.422-0400: 39.182: [ParNew
Desired survivor size 20112992 bytes, new threshold 8 (max 8)
- age   1:    2434736 bytes,    2434736 total
- age   2:     214592 bytes,    2649328 total
- age   3:    1215376 bytes,    3864704 total
- age   4:    4430152 bytes,    8294856 total
- age   5:     208328 bytes,    8503184 total
- age   6:     174864 bytes,    8678048 total
- age   7:    4849328 bytes,   13527376 total
- age   8:    2297272 bytes,   15824648 total
: 101218K->15769K(109248K), 0.0177534 secs] 279975K->194706K(502464K), 0.0179659 secs] [Times: user=0.04 sys=0.00, real=0.02 secs] 
Heap after GC invocations=386 (full 2):
 par new generation   total 109248K, used 15769K [0x00000000e0000000, 0x00000000e8000000, 0x00000000e8000000)
  eden space 87424K,   0% used [0x00000000e0000000, 0x00000000e0000000, 0x00000000e5560000)
  from space 21824K,  72% used [0x00000000e5560000, 0x00000000e64c6520, 0x00000000e6ab0000)
  to   space 21824K,   0% used [0x00000000e6ab0000, 0x00000000e6ab0000, 0x00000000e8000000)
 concurrent mark-sweep generation total 393216K, used 178937K [0x00000000e8000000, 0x0000000100000000, 0x0000000100000000)
 Metaspace       used 33790K, capacity 34160K, committed 34504K, reserved 1079296K
  class space    used 3889K, capacity 3999K, committed 4040K, reserved 1048576K
}
2016-10-28T02:31:51.440-0400: 39.200: Total time for which application threads were stopped: 0.0249519 seconds, Stopping threads took: 0.0066846 seconds
{Heap before GC invocations=386 (full 2):
 par new generation   total 109248K, used 103193K [0x00000000e0000000, 0x00000000e8000000, 0x00000000e8000000)
  eden space 87424K, 100% used [0x00000000e0000000, 0x00000000e5560000, 0x00000000e5560000)
  from space 21824K,  72% used [0x00000000e5560000, 0x00000000e64c6520, 0x00000000e6ab0000)
  to   space 21824K,   0% used [0x00000000e6ab0000, 0x00000000e6ab0000, 0x00000000e8000000)
 concurrent mark-sweep generation total 393216K, used 178937K [0x00000000e8000000, 0x0000000100000000, 0x0000000100000000)
 Metaspace       used 33790K, capacity 34160K, committed 34504K, reserved 1079296K
  class space    used 3889K, capacity 3999K, committed 4040K, reserved 1048576K
2016-10-28T02:31:51.483-0400: 39.243: [GC (Allocation Failure) 2016-10-28T02:31:51.483-0400: 39.243: [ParNew
Desired survivor size 20112992 bytes, new threshold 8 (max 8)
- age   1:     258496 bytes,     258496 total
- age   2:    2355840 bytes,    2614336 total
- age   3:     214592 bytes,    2828928 total
- age   4:    1215376 bytes,    4044304 total
- age   5:    4430152 bytes,    8474456 total
- age   6:     208328 bytes,    8682784 total
- age   7:     174864 bytes,    8857648 total
- age   8:    4849328 bytes,   13706976 total
: 103193K->13963K(109248K), 0.0168846 secs] 282130K->195149K(502464K), 0.0169605 secs] [Times: user=0.04 sys=0.01, real=0.02 secs] 
Heap after GC invocations=387 (full 2):
 par new generation   total 109248K, used 13963K [0x00000000e0000000, 0x00000000e8000000, 0x00000000e8000000)
  eden space 87424K,   0% used [0x00000000e0000000, 0x00000000e0000000, 0x00000000e5560000)
  from space 21824K,  63% used [0x00000000e6ab0000, 0x00000000e7852e68, 0x00000000e8000000)
  to   space 21824K,   0% used [0x00000000e5560000, 0x00000000e5560000, 0x00000000e6ab0000)
 concurrent mark-sweep generation total 393216K, used 181185K [0x00000000e8000000, 0x0000000100000000, 0x0000000100000000)
 Metaspace       used 33790K, capacity 34160K, committed 34504K, reserved 1079296K
  class space    used 3889K, capacity 3999K, committed 4040K, reserved 1048576K
}
2016-10-28T02:31:51.500-0400: 39.260: Total time for which application threads were stopped: 0.0239155 seconds, Stopping threads took: 0.0066645 seconds
{Heap before GC invocations=387 (full 2):
 par new generation   total 109248K, used 101387K [0x00000000e0000000, 0x00000000e8000000, 0x00000000e8000000)
  eden space 87424K, 100% used [0x00000000e0000000, 0x00000000e5560000, 0x00000000e5560000)
  from space 21824K,  63% used [0x00000000e6ab0000, 0x00000000e7852e68, 0x00000000e8000000)
  to   space 21824K,   0% used [0x00000000e5560000, 0x00000000e5560000, 0x00000000e6ab0000)
 concurrent mark-sweep generation total 393216K, used 181185K [0x00000000e8000000, 0x0000000100000000, 0x0000000100000000)
 Metaspace       used 33790K, capacity 34160K, committed 34504K, reserved 1079296K
  class space    used 3889K, capacity 3999K, committed 4040K, reserved 1048576K
2016-10-28T02:31:51.543-0400: 39.303: [GC (Allocation Failure) 2016-10-28T02:31:51.544-0400: 39.304: [ParNew
Desired survivor size 20112992 bytes, new threshold 8 (max 8)
- age   1:     286424 bytes,     286424 total
- age   2:     176408 bytes,     462832 total
- age   3:    2355840 bytes,    2818672 total
- age   4:     214592 bytes,    3033264 total
- age   5:    1215376 bytes,    4248640 total
- age   6:    4430152 bytes,    8678792 total
- age   7:     208328 bytes,    8887120 total
- age   8:     174864 bytes,    9061984 total
: 101387K->10141K(109248K), 0.0219905 secs] 282573K->196065K(502464K), 0.0225840 secs] [Times: user=0.06 sys=0.00, real=0.02 secs] 
Heap after GC invocations=388 (full 2):
 par new generation   total 109248K, used 10141K [0x00000000e0000000, 0x00000000e8000000, 0x00000000e8000000)
  eden space 87424K,   0% used [0x00000000e0000000, 0x00000000e0000000, 0x00000000e5560000)
  from space 21824K,  46% used [0x00000000e5560000, 0x00000000e5f474c8, 0x00000000e6ab0000)
  to   space 21824K,   0% used [0x00000000e6ab0000, 0x00000000e6ab0000, 0x00000000e8000000)
 concurrent mark-sweep generation total 393216K, used 185924K [0x00000000e8000000, 0x0000000100000000, 0x0000000100000000)
 Metaspace       used 33790K, capacity 34160K, committed 34504K, reserved 1079296K
  class space    used 3889K, capacity 3999K, committed 4040K, reserved 1048576K
}
2016-10-28T02:31:51.566-0400: 39.326: Total time for which application threads were stopped: 0.0230481 seconds, Stopping threads took: 0.0002298 seconds
{Heap before GC invocations=388 (full 2):
 par new generation   total 109248K, used 97565K [0x00000000e0000000, 0x00000000e8000000, 0x00000000e8000000)
  eden space 87424K, 100% used [0x00000000e0000000, 0x00000000e5560000, 0x00000000e5560000)
  from space 21824K,  46% used [0x00000000e5560000, 0x00000000e5f474c8, 0x00000000e6ab0000)
  to   space 21824K,   0% used [0x00000000e6ab0000, 0x00000000e6ab0000, 0x00000000e8000000)
 concurrent mark-sweep generation total 393216K, used 185924K [0x00000000e8000000, 0x0000000100000000, 0x0000000100000000)
 Metaspace       used 33790K, capacity 34160K, committed 34504K, reserved 1079296K
  class space    used 3889K, capacity 3999K, committed 4040K, reserved 1048576K
2016-10-28T02:31:51.592-0400: 39.352: [GC (Allocation Failure) 2016-10-28T02:31:51.592-0400: 39.352: [ParNew
Desired survivor size 20112992 bytes, new threshold 8 (max 8)
- age   1:    1968856 bytes,    1968856 total
- age   2:     205336 bytes,    2174192 total
- age   3:     176408 bytes,    2350600 total
- age   4:    2355840 bytes,    4706440 total
- age   5:     214592 bytes,    4921032 total
- age   6:    1215376 bytes,    6136408 total
- age   7:    4430152 bytes,   10566560 total
- age   8:     208328 bytes,   10774888 total
: 97565K->11164K(109248K), 0.0105148 secs] 283489K->197264K(502464K), 0.0105966 secs] [Times: user=0.03 sys=0.00, real=0.01 secs] 
Heap after GC invocations=389 (full 2):
 par new generation   total 109248K, used 11164K [0x00000000e0000000, 0x00000000e8000000, 0x00000000e8000000)
  eden space 87424K,   0% used [0x00000000e0000000, 0x00000000e0000000, 0x00000000e5560000)
  from space 21824K,  51% used [0x00000000e6ab0000, 0x00000000e75971b0, 0x00000000e8000000)
  to   space 21824K,   0% used [0x00000000e5560000, 0x00000000e5560000, 0x00000000e6ab0000)
 concurrent mark-sweep generation total 393216K, used 186099K [0x00000000e8000000, 0x0000000100000000, 0x0000000100000000)
 Metaspace       used 33790K, capacity 34160K, committed 34504K, reserved 1079296K
  class space    used 3889K, capacity 3999K, committed 4040K, reserved 1048576K
}
2016-10-28T02:31:51.602-0400: 39.363: Total time for which application threads were stopped: 0.0109733 seconds, Stopping threads took: 0.0001864 seconds
{Heap before GC invocations=389 (full 2):
 par new generation   total 109248K, used 98588K [0x00000000e0000000, 0x00000000e8000000, 0x00000000e8000000)
  eden space 87424K, 100% used [0x00000000e0000000, 0x00000000e5560000, 0x00000000e5560000)
  from space 21824K,  51% used [0x00000000e6ab0000, 0x00000000e75971b0, 0x00000000e8000000)
  to   space 21824K,   0% used [0x00000000e5560000, 0x00000000e5560000, 0x00000000e6ab0000)
 concurrent mark-sweep generation total 393216K, used 186099K [0x00000000e8000000, 0x0000000100000000, 0x0000000100000000)
 Metaspace       used 33790K, capacity 34160K, committed 34504K, reserved 1079296K
  class space    used 3889K, capacity 3999K, committed 4040K, reserved 1048576K
2016-10-28T02:31:51.628-0400: 39.388: [GC (Allocation Failure) 2016-10-28T02:31:51.628-0400: 39.388: [ParNew
Desired survivor size 20112992 bytes, new threshold 8 (max 8)
- age   1:     233944 bytes,     233944 total
- age   2:    1866208 bytes,    2100152 total
- age   3:     205336 bytes,    2305488 total
- age   4:     176408 bytes,    2481896 total
- age   5:    2355840 bytes,    4837736 total
- age   6:     214592 bytes,    5052328 total
- age   7:    1215376 bytes,    6267704 total
- age   8:    4430152 bytes,   10697856 total
: 98588K->10680K(109248K), 0.0275965 secs] 284688K->196988K(502464K), 0.0277581 secs] [Times: user=0.05 sys=0.00, real=0.02 secs] 
Heap after GC invocations=390 (full 2):
 par new generation   total 109248K, used 10680K [0x00000000e0000000, 0x00000000e8000000, 0x00000000e8000000)
  eden space 87424K,   0% used [0x00000000e0000000, 0x00000000e0000000, 0x00000000e5560000)
  from space 21824K,  48% used [0x00000000e5560000, 0x00000000e5fce138, 0x00000000e6ab0000)
  to   space 21824K,   0% used [0x00000000e6ab0000, 0x00000000e6ab0000, 0x00000000e8000000)
 concurrent mark-sweep generation total 393216K, used 186308K [0x00000000e8000000, 0x0000000100000000, 0x0000000100000000)
 Metaspace       used 33790K, capacity 34160K, committed 34504K, reserved 1079296K
  class space    used 3889K, capacity 3999K, committed 4040K, reserved 1048576K
}
2016-10-28T02:31:51.656-0400: 39.416: Total time for which application threads were stopped: 0.0282342 seconds, Stopping threads took: 0.0002507 seconds
{Heap before GC invocations=390 (full 2):
 par new generation   total 109248K, used 98104K [0x00000000e0000000, 0x00000000e8000000, 0x00000000e8000000)
  eden space 87424K, 100% used [0x00000000e0000000, 0x00000000e5560000, 0x00000000e5560000)
  from space 21824K,  48% used [0x00000000e5560000, 0x00000000e5fce138, 0x00000000e6ab0000)
  to   space 21824K,   0% used [0x00000000e6ab0000, 0x00000000e6ab0000, 0x00000000e8000000)
 concurrent mark-sweep generation total 393216K, used 186308K [0x00000000e8000000, 0x0000000100000000, 0x0000000100000000)
 Metaspace       used 33790K, capacity 34160K, committed 34504K, reserved 1079296K
  class space    used 3889K, capacity 3999K, committed 4040K, reserved 1048576K
2016-10-28T02:31:51.679-0400: 39.439: [GC (Allocation Failure) 2016-10-28T02:31:51.679-0400: 39.439: [ParNew
Desired survivor size 20112992 bytes, new threshold 8 (max 8)
- age   1:     416552 bytes,     416552 total
- age   2:     175512 bytes,     592064 total
- age   3:    1862736 bytes,    2454800 total
- age   4:     197760 bytes,    2652560 total
- age   5:     169048 bytes,    2821608 total
- age   6:    2349920 bytes,    5171528 total
- age   7:     214592 bytes,    5386120 total
- age   8:    1215376 bytes,    6601496 total
: 98104K->7276K(109248K), 0.0180605 secs] 284412K->197915K(502464K), 0.0181418 secs] [Times: user=0.03 sys=0.00, real=0.02 secs] 
Heap after GC invocations=391 (full 2):
 par new generation   total 109248K, used 7276K [0x00000000e0000000, 0x00000000e8000000, 0x00000000e8000000)
  eden space 87424K,   0% used [0x00000000e0000000, 0x00000000e0000000, 0x00000000e5560000)
  from space 21824K,  33% used [0x00000000e6ab0000, 0x00000000e71cb220, 0x00000000e8000000)
  to   space 21824K,   0% used [0x00000000e5560000, 0x00000000e5560000, 0x00000000e6ab0000)
 concurrent mark-sweep generation total 393216K, used 190638K [0x00000000e8000000, 0x0000000100000000, 0x0000000100000000)
 Metaspace       used 33790K, capacity 34160K, committed 34504K, reserved 1079296K
  class space    used 3889K, capacity 3999K, committed 4040K, reserved 1048576K
}
2016-10-28T02:31:51.697-0400: 39.457: Total time for which application threads were stopped: 0.0185588 seconds, Stopping threads took: 0.0002036 seconds
{Heap before GC invocations=391 (full 2):
 par new generation   total 109248K, used 94700K [0x00000000e0000000, 0x00000000e8000000, 0x00000000e8000000)
  eden space 87424K, 100% used [0x00000000e0000000, 0x00000000e5560000, 0x00000000e5560000)
  from space 21824K,  33% used [0x00000000e6ab0000, 0x00000000e71cb220, 0x00000000e8000000)
  to   space 21824K,   0% used [0x00000000e5560000, 0x00000000e5560000, 0x00000000e6ab0000)
 concurrent mark-sweep generation total 393216K, used 190638K [0x00000000e8000000, 0x0000000100000000, 0x0000000100000000)
 Metaspace       used 33790K, capacity 34160K, committed 34504K, reserved 1079296K
  class space    used 3889K, capacity 3999K, committed 4040K, reserved 1048576K
2016-10-28T02:31:51.731-0400: 39.491: [GC (Allocation Failure) 2016-10-28T02:31:51.731-0400: 39.491: [ParNew
Desired survivor size 20112992 bytes, new threshold 8 (max 8)
- age   1:     260832 bytes,     260832 total
- age   2:     334408 bytes,     595240 total
- age   3:     175512 bytes,     770752 total
- age   4:    1862736 bytes,    2633488 total
- age   5:     197760 bytes,    2831248 total
- age   6:     169048 bytes,    3000296 total
- age   7:    2349920 bytes,    5350216 total
- age   8:     214592 bytes,    5564808 total
: 94700K->6091K(109248K), 0.0205824 secs] 285339K->197921K(502464K), 0.0207484 secs] [Times: user=0.04 sys=0.01, real=0.02 secs] 
Heap after GC invocations=392 (full 2):
 par new generation   total 109248K, used 6091K [0x00000000e0000000, 0x00000000e8000000, 0x00000000e8000000)
  eden space 87424K,   0% used [0x00000000e0000000, 0x00000000e0000000, 0x00000000e5560000)
  from space 21824K,  27% used [0x00000000e5560000, 0x00000000e5b52e50, 0x00000000e6ab0000)
  to   space 21824K,   0% used [0x00000000e6ab0000, 0x00000000e6ab0000, 0x00000000e8000000)
 concurrent mark-sweep generation total 393216K, used 191830K [0x00000000e8000000, 0x0000000100000000, 0x0000000100000000)
 Metaspace       used 33790K, capacity 34160K, committed 34504K, reserved 1079296K
  class space    used 3889K, capacity 3999K, committed 4040K, reserved 1048576K
}
2016-10-28T02:31:51.752-0400: 39.512: Total time for which application threads were stopped: 0.0212286 seconds, Stopping threads took: 0.0002044 seconds
{Heap before GC invocations=392 (full 2):
 par new generation   total 109248K, used 93515K [0x00000000e0000000, 0x00000000e8000000, 0x00000000e8000000)
  eden space 87424K, 100% used [0x00000000e0000000, 0x00000000e5560000, 0x00000000e5560000)
  from space 21824K,  27% used [0x00000000e5560000, 0x00000000e5b52e50, 0x00000000e6ab0000)
  to   space 21824K,   0% used [0x00000000e6ab0000, 0x00000000e6ab0000, 0x00000000e8000000)
 concurrent mark-sweep generation total 393216K, used 191830K [0x00000000e8000000, 0x0000000100000000, 0x0000000100000000)
 Metaspace       used 33790K, capacity 34160K, committed 34504K, reserved 1079296K
  class space    used 3889K, capacity 3999K, committed 4040K, reserved 1048576K
2016-10-28T02:31:51.796-0400: 39.556: [GC (Allocation Failure) 2016-10-28T02:31:51.796-0400: 39.556: [ParNew
Desired survivor size 20112992 bytes, new threshold 8 (max 8)
- age   1:     256112 bytes,     256112 total
- age   2:     211136 bytes,     467248 total
- age   3:     334408 bytes,     801656 total
- age   4:     175512 bytes,     977168 total
- age   5:    1862736 bytes,    2839904 total
- age   6:     197760 bytes,    3037664 total
- age   7:     169048 bytes,    3206712 total
- age   8:    2349920 bytes,    5556632 total
: 93515K->5967K(109248K), 0.0135819 secs] 285345K->198012K(502464K), 0.0138212 secs] [Times: user=0.04 sys=0.00, real=0.02 secs] 
Heap after GC invocations=393 (full 2):
 par new generation   total 109248K, used 5967K [0x00000000e0000000, 0x00000000e8000000, 0x00000000e8000000)
  eden space 87424K,   0% used [0x00000000e0000000, 0x00000000e0000000, 0x00000000e5560000)
  from space 21824K,  27% used [0x00000000e6ab0000, 0x00000000e7083ec8, 0x00000000e8000000)
  to   space 21824K,   0% used [0x00000000e5560000, 0x00000000e5560000, 0x00000000e6ab0000)
 concurrent mark-sweep generation total 393216K, used 192044K [0x00000000e8000000, 0x0000000100000000, 0x0000000100000000)
 Metaspace       used 33790K, capacity 34160K, committed 34504K, reserved 1079296K
  class space    used 3889K, capacity 3999K, committed 4040K, reserved 1048576K
}
2016-10-28T02:31:51.810-0400: 39.570: Total time for which application threads were stopped: 0.0142177 seconds, Stopping threads took: 0.0001304 seconds
{Heap before GC invocations=393 (full 2):
 par new generation   total 109248K, used 93391K [0x00000000e0000000, 0x00000000e8000000, 0x00000000e8000000)
  eden space 87424K, 100% used [0x00000000e0000000, 0x00000000e5560000, 0x00000000e5560000)
  from space 21824K,  27% used [0x00000000e6ab0000, 0x00000000e7083ec8, 0x00000000e8000000)
  to   space 21824K,   0% used [0x00000000e5560000, 0x00000000e5560000, 0x00000000e6ab0000)
 concurrent mark-sweep generation total 393216K, used 192044K [0x00000000e8000000, 0x0000000100000000, 0x0000000100000000)
 Metaspace       used 33790K, capacity 34160K, committed 34504K, reserved 1079296K
  class space    used 3889K, capacity 3999K, committed 4040K, reserved 1048576K
2016-10-28T02:31:51.835-0400: 39.595: [GC (Allocation Failure) 2016-10-28T02:31:51.835-0400: 39.595: [ParNew
Desired survivor size 20112992 bytes, new threshold 8 (max 8)
- age   1:    3682480 bytes,    3682480 total
- age   2:     216944 bytes,    3899424 total
- age   3:     211136 bytes,    4110560 total
- age   4:     334408 bytes,    4444968 total
- age   5:     175512 bytes,    4620480 total
- age   6:    1862736 bytes,    6483216 total
- age   7:     197760 bytes,    6680976 total
- age   8:     169048 bytes,    6850024 total
: 93391K->7881K(109248K), 0.0158558 secs] 285436K->202224K(502464K), 0.0160031 secs] [Times: user=0.04 sys=0.00, real=0.02 secs] 
Heap after GC invocations=394 (full 2):
 par new generation   total 109248K, used 7881K [0x00000000e0000000, 0x00000000e8000000, 0x00000000e8000000)
  eden space 87424K,   0% used [0x00000000e0000000, 0x00000000e0000000, 0x00000000e5560000)
  from space 21824K,  36% used [0x00000000e5560000, 0x00000000e5d12420, 0x00000000e6ab0000)
  to   space 21824K,   0% used [0x00000000e6ab0000, 0x00000000e6ab0000, 0x00000000e8000000)
 concurrent mark-sweep generation total 393216K, used 194343K [0x00000000e8000000, 0x0000000100000000, 0x0000000100000000)
 Metaspace       used 33790K, capacity 34160K, committed 34504K, reserved 1079296K
  class space    used 3889K, capacity 3999K, committed 4040K, reserved 1048576K
}
2016-10-28T02:31:51.851-0400: 39.612: Total time for which application threads were stopped: 0.0165279 seconds, Stopping threads took: 0.0001490 seconds
{Heap before GC invocations=394 (full 2):
 par new generation   total 109248K, used 95305K [0x00000000e0000000, 0x00000000e8000000, 0x00000000e8000000)
  eden space 87424K, 100% used [0x00000000e0000000, 0x00000000e5560000, 0x00000000e5560000)
  from space 21824K,  36% used [0x00000000e5560000, 0x00000000e5d12420, 0x00000000e6ab0000)
  to   space 21824K,   0% used [0x00000000e6ab0000, 0x00000000e6ab0000, 0x00000000e8000000)
 concurrent mark-sweep generation total 393216K, used 194343K [0x00000000e8000000, 0x0000000100000000, 0x0000000100000000)
 Metaspace       used 33790K, capacity 34160K, committed 34504K, reserved 1079296K
  class space    used 3889K, capacity 3999K, committed 4040K, reserved 1048576K
2016-10-28T02:31:51.878-0400: 39.638: [GC (Allocation Failure) 2016-10-28T02:31:51.878-0400: 39.639: [ParNew
Desired survivor size 20112992 bytes, new threshold 8 (max 8)
- age   1:     256376 bytes,     256376 total
- age   2:    3636616 bytes,    3892992 total
- age   3:     215416 bytes,    4108408 total
- age   4:     207760 bytes,    4316168 total
- age   5:     333416 bytes,    4649584 total
- age   6:     175512 bytes,    4825096 total
- age   7:    1862736 bytes,    6687832 total
- age   8:     197760 bytes,    6885592 total
: 95305K->6910K(109248K), 0.0272365 secs] 289648K->201423K(502464K), 0.0274262 secs] [Times: user=0.08 sys=0.01, real=0.03 secs] 
Heap after GC invocations=395 (full 2):
 par new generation   total 109248K, used 6910K [0x00000000e0000000, 0x00000000e8000000, 0x00000000e8000000)
  eden space 87424K,   0% used [0x00000000e0000000, 0x00000000e0000000, 0x00000000e5560000)
  from space 21824K,  31% used [0x00000000e6ab0000, 0x00000000e716f830, 0x00000000e8000000)
  to   space 21824K,   0% used [0x00000000e5560000, 0x00000000e5560000, 0x00000000e6ab0000)
 concurrent mark-sweep generation total 393216K, used 194513K [0x00000000e8000000, 0x0000000100000000, 0x0000000100000000)
 Metaspace       used 33790K, capacity 34160K, committed 34504K, reserved 1079296K
  class space    used 3889K, capacity 3999K, committed 4040K, reserved 1048576K
}
2016-10-28T02:31:51.906-0400: 39.666: Total time for which application threads were stopped: 0.0280077 seconds, Stopping threads took: 0.0002932 seconds
{Heap before GC invocations=395 (full 2):
 par new generation   total 109248K, used 94334K [0x00000000e0000000, 0x00000000e8000000, 0x00000000e8000000)
  eden space 87424K, 100% used [0x00000000e0000000, 0x00000000e5560000, 0x00000000e5560000)
  from space 21824K,  31% used [0x00000000e6ab0000, 0x00000000e716f830, 0x00000000e8000000)
  to   space 21824K,   0% used [0x00000000e5560000, 0x00000000e5560000, 0x00000000e6ab0000)
 concurrent mark-sweep generation total 393216K, used 194513K [0x00000000e8000000, 0x0000000100000000, 0x0000000100000000)
 Metaspace       used 33791K, capacity 34160K, committed 34504K, reserved 1079296K
  class space    used 3889K, capacity 3999K, committed 4040K, reserved 1048576K
2016-10-28T02:31:51.939-0400: 39.700: [GC (Allocation Failure) 2016-10-28T02:31:51.940-0400: 39.700: [ParNew
Desired survivor size 20112992 bytes, new threshold 8 (max 8)
- age   1:     267296 bytes,     267296 total
- age   2:     210832 bytes,     478128 total
- age   3:    3636616 bytes,    4114744 total
- age   4:     215416 bytes,    4330160 total
- age   5:     207760 bytes,    4537920 total
- age   6:     333416 bytes,    4871336 total
- age   7:     175512 bytes,    5046848 total
- age   8:    1862736 bytes,    6909584 total
: 94334K->7446K(109248K), 0.0255927 secs] 288847K->202158K(502464K), 0.0257380 secs] [Times: user=0.07 sys=0.00, real=0.02 secs] 
Heap after GC invocations=396 (full 2):
 par new generation   total 109248K, used 7446K [0x00000000e0000000, 0x00000000e8000000, 0x00000000e8000000)
  eden space 87424K,   0% used [0x00000000e0000000, 0x00000000e0000000, 0x00000000e5560000)
  from space 21824K,  34% used [0x00000000e5560000, 0x00000000e5ca5ba8, 0x00000000e6ab0000)
  to   space 21824K,   0% used [0x00000000e6ab0000, 0x00000000e6ab0000, 0x00000000e8000000)
 concurrent mark-sweep generation total 393216K, used 194711K [0x00000000e8000000, 0x0000000100000000, 0x0000000100000000)
 Metaspace       used 33791K, capacity 34160K, committed 34504K, reserved 1079296K
  class space    used 3889K, capacity 3999K, committed 4040K, reserved 1048576K
}
2016-10-28T02:31:51.965-0400: 39.725: Total time for which application threads were stopped: 0.0321493 seconds, Stopping threads took: 0.0060457 seconds
{Heap before GC invocations=396 (full 2):
 par new generation   total 109248K, used 94844K [0x00000000e0000000, 0x00000000e8000000, 0x00000000e8000000)
  eden space 87424K,  99% used [0x00000000e0000000, 0x00000000e5559820, 0x00000000e5560000)
  from space 21824K,  34% used [0x00000000e5560000, 0x00000000e5ca5ba8, 0x00000000e6ab0000)
  to   space 21824K,   0% used [0x00000000e6ab0000, 0x00000000e6ab0000, 0x00000000e8000000)
 concurrent mark-sweep generation total 393216K, used 194711K [0x00000000e8000000, 0x0000000100000000, 0x0000000100000000)
 Metaspace       used 33791K, capacity 34160K, committed 34504K, reserved 1079296K
  class space    used 3889K, capacity 3999K, committed 4040K, reserved 1048576K
2016-10-28T02:31:51.991-0400: 39.752: [GC (Allocation Failure) 2016-10-28T02:31:51.992-0400: 39.752: [ParNew
Desired survivor size 20112992 bytes, new threshold 8 (max 8)
- age   1:    4981480 bytes,    4981480 total
- age   2:     213696 bytes,    5195176 total
- age   3:     209944 bytes,    5405120 total
- age   4:    3636616 bytes,    9041736 total
- age   5:     215416 bytes,    9257152 total
- age   6:     207760 bytes,    9464912 total
- age   7:     333416 bytes,    9798328 total
- age   8:     175512 bytes,    9973840 total
: 94844K->10518K(109248K), 0.0266823 secs] 289556K->207054K(502464K), 0.0268551 secs] [Times: user=0.08 sys=0.00, real=0.02 secs] 
Heap after GC invocations=397 (full 2):
 par new generation   total 109248K, used 10518K [0x00000000e0000000, 0x00000000e8000000, 0x00000000e8000000)
  eden space 87424K,   0% used [0x00000000e0000000, 0x00000000e0000000, 0x00000000e5560000)
  from space 21824K,  48% used [0x00000000e6ab0000, 0x00000000e74f5b60, 0x00000000e8000000)
  to   space 21824K,   0% used [0x00000000e5560000, 0x00000000e5560000, 0x00000000e6ab0000)
 concurrent mark-sweep generation total 393216K, used 196535K [0x00000000e8000000, 0x0000000100000000, 0x0000000100000000)
 Metaspace       used 33791K, capacity 34160K, committed 34504K, reserved 1079296K
  class space    used 3889K, capacity 3999K, committed 4040K, reserved 1048576K
}
2016-10-28T02:31:52.018-0400: 39.779: Total time for which application threads were stopped: 0.0304761 seconds, Stopping threads took: 0.0033670 seconds
{Heap before GC invocations=397 (full 2):
 par new generation   total 109248K, used 97942K [0x00000000e0000000, 0x00000000e8000000, 0x00000000e8000000)
  eden space 87424K, 100% used [0x00000000e0000000, 0x00000000e5560000, 0x00000000e5560000)
  from space 21824K,  48% used [0x00000000e6ab0000, 0x00000000e74f5b60, 0x00000000e8000000)
  to   space 21824K,   0% used [0x00000000e5560000, 0x00000000e5560000, 0x00000000e6ab0000)
 concurrent mark-sweep generation total 393216K, used 196535K [0x00000000e8000000, 0x0000000100000000, 0x0000000100000000)
 Metaspace       used 33872K, capacity 34224K, committed 34504K, reserved 1079296K
  class space    used 3900K, capacity 3999K, committed 4040K, reserved 1048576K
2016-10-28T02:31:52.057-0400: 39.817: [GC (Allocation Failure) 2016-10-28T02:31:52.057-0400: 39.817: [ParNew
Desired survivor size 20112992 bytes, new threshold 8 (max 8)
- age   1:     392408 bytes,     392408 total
- age   2:    4919208 bytes,    5311616 total
- age   3:     213696 bytes,    5525312 total
- age   4:     203520 bytes,    5728832 total
- age   5:    3636616 bytes,    9365448 total
- age   6:     215416 bytes,    9580864 total
- age   7:     199592 bytes,    9780456 total
- age   8:     313080 bytes,   10093536 total
: 97942K->10702K(109248K), 0.0260707 secs] 294478K->207414K(502464K), 0.0261442 secs] [Times: user=0.05 sys=0.00, real=0.03 secs] 
Heap after GC invocations=398 (full 2):
 par new generation   total 109248K, used 10702K [0x00000000e0000000, 0x00000000e8000000, 0x00000000e8000000)
  eden space 87424K,   0% used [0x00000000e0000000, 0x00000000e0000000, 0x00000000e5560000)
  from space 21824K,  49% used [0x00000000e5560000, 0x00000000e5fd3bc0, 0x00000000e6ab0000)
  to   space 21824K,   0% used [0x00000000e6ab0000, 0x00000000e6ab0000, 0x00000000e8000000)
 concurrent mark-sweep generation total 393216K, used 196711K [0x00000000e8000000, 0x0000000100000000, 0x0000000100000000)
 Metaspace       used 33872K, capacity 34224K, committed 34504K, reserved 1079296K
  class space    used 3900K, capacity 3999K, committed 4040K, reserved 1048576K
}
2016-10-28T02:31:52.083-0400: 39.844: Total time for which application threads were stopped: 0.0270951 seconds, Stopping threads took: 0.0006080 seconds
2016-10-28T02:31:52.084-0400: 39.844: [GC (CMS Initial Mark) [1 CMS-initial-mark: 196711K(393216K)] 209019K(502464K), 0.0023828 secs] [Times: user=0.00 sys=0.00, real=0.00 secs] 
2016-10-28T02:31:52.086-0400: 39.847: Total time for which application threads were stopped: 0.0027604 seconds, Stopping threads took: 0.0001681 seconds
2016-10-28T02:31:52.086-0400: 39.847: [CMS-concurrent-mark-start]
2016-10-28T02:31:52.187-0400: 39.947: [CMS-concurrent-mark: 0.100/0.100 secs] [Times: user=0.38 sys=0.03, real=0.10 secs] 
2016-10-28T02:31:52.187-0400: 39.947: [CMS-concurrent-preclean-start]
{Heap before GC invocations=398 (full 3):
 par new generation   total 109248K, used 98126K [0x00000000e0000000, 0x00000000e8000000, 0x00000000e8000000)
  eden space 87424K, 100% used [0x00000000e0000000, 0x00000000e5560000, 0x00000000e5560000)
  from space 21824K,  49% used [0x00000000e5560000, 0x00000000e5fd3bc0, 0x00000000e6ab0000)
  to   space 21824K,   0% used [0x00000000e6ab0000, 0x00000000e6ab0000, 0x00000000e8000000)
 concurrent mark-sweep generation total 393216K, used 196711K [0x00000000e8000000, 0x0000000100000000, 0x0000000100000000)
 Metaspace       used 33936K, capacity 34320K, committed 34760K, reserved 1079296K
  class space    used 3909K, capacity 4031K, committed 4040K, reserved 1048576K
2016-10-28T02:31:52.190-0400: 39.950: [GC (Allocation Failure) 2016-10-28T02:31:52.190-0400: 39.950: [ParNew
Desired survivor size 20112992 bytes, new threshold 8 (max 8)
- age   1:     318712 bytes,     318712 total
- age   2:     283024 bytes,     601736 total
- age   3:    4919184 bytes,    5520920 total
- age   4:     213696 bytes,    5734616 total
- age   5:     203520 bytes,    5938136 total
- age   6:    3636616 bytes,    9574752 total
- age   7:     215416 bytes,    9790168 total
- age   8:     199592 bytes,    9989760 total
: 98126K->10612K(109248K), 0.0418353 secs] 294838K->207635K(502464K), 0.0419848 secs] [Times: user=0.07 sys=0.00, real=0.04 secs] 
Heap after GC invocations=399 (full 3):
 par new generation   total 109248K, used 10612K [0x00000000e0000000, 0x00000000e8000000, 0x00000000e8000000)
  eden space 87424K,   0% used [0x00000000e0000000, 0x00000000e0000000, 0x00000000e5560000)
  from space 21824K,  48% used [0x00000000e6ab0000, 0x00000000e750d2d0, 0x00000000e8000000)
  to   space 21824K,   0% used [0x00000000e5560000, 0x00000000e5560000, 0x00000000e6ab0000)
 concurrent mark-sweep generation total 393216K, used 197022K [0x00000000e8000000, 0x0000000100000000, 0x0000000100000000)
 Metaspace       used 33936K, capacity 34320K, committed 34760K, reserved 1079296K
  class space    used 3909K, capacity 4031K, committed 4040K, reserved 1048576K
}
2016-10-28T02:31:52.232-0400: 39.992: Total time for which application threads were stopped: 0.0426102 seconds, Stopping threads took: 0.0001819 seconds
2016-10-28T02:31:52.233-0400: 39.993: [CMS-concurrent-preclean: 0.003/0.046 secs] [Times: user=0.09 sys=0.00, real=0.05 secs] 
2016-10-28T02:31:52.264-0400: 40.024: [GC (CMS Final Remark) [YG occupancy: 42216 K (109248 K)]{Heap before GC invocations=399 (full 3):
 par new generation   total 109248K, used 42216K [0x00000000e0000000, 0x00000000e8000000, 0x00000000e8000000)
  eden space 87424K,  36% used [0x00000000e0000000, 0x00000000e1edd058, 0x00000000e5560000)
  from space 21824K,  48% used [0x00000000e6ab0000, 0x00000000e750d2d0, 0x00000000e8000000)
  to   space 21824K,   0% used [0x00000000e5560000, 0x00000000e5560000, 0x00000000e6ab0000)
 concurrent mark-sweep generation total 393216K, used 197022K [0x00000000e8000000, 0x0000000100000000, 0x0000000100000000)
 Metaspace       used 33936K, capacity 34320K, committed 34760K, reserved 1079296K
  class space    used 3909K, capacity 4031K, committed 4040K, reserved 1048576K
2016-10-28T02:31:52.264-0400: 40.024: [GC (CMS Final Remark) 2016-10-28T02:31:52.264-0400: 40.024: [ParNew
Desired survivor size 20112992 bytes, new threshold 8 (max 8)
- age   1:     130816 bytes,     130816 total
- age   2:     232176 bytes,     362992 total
- age   3:     283024 bytes,     646016 total
- age   4:    4919184 bytes,    5565200 total
- age   5:     213696 bytes,    5778896 total
- age   6:     203520 bytes,    5982416 total
- age   7:    3636616 bytes,    9619032 total
- age   8:     215416 bytes,    9834448 total
: 42216K->9941K(109248K), 0.0216772 secs] 239239K->207163K(502464K), 0.0218479 secs] [Times: user=0.05 sys=0.00, real=0.02 secs] 
Heap after GC invocations=400 (full 3):
 par new generation   total 109248K, used 9941K [0x00000000e0000000, 0x00000000e8000000, 0x00000000e8000000)
  eden space 87424K,   0% used [0x00000000e0000000, 0x00000000e0000000, 0x00000000e5560000)
  from space 21824K,  45% used [0x00000000e5560000, 0x00000000e5f15498, 0x00000000e6ab0000)
  to   space 21824K,   0% used [0x00000000e6ab0000, 0x00000000e6ab0000, 0x00000000e8000000)
 concurrent mark-sweep generation total 393216K, used 197222K [0x00000000e8000000, 0x0000000100000000, 0x0000000100000000)
 Metaspace       used 33936K, capacity 34320K, committed 34760K, reserved 1079296K
  class space    used 3909K, capacity 4031K, committed 4040K, reserved 1048576K
}
2016-10-28T02:31:52.286-0400: 40.046: [Rescan (parallel) , 0.0031239 secs]2016-10-28T02:31:52.289-0400: 40.049: [weak refs processing, 0.0035762 secs]2016-10-28T02:31:52.293-0400: 40.053: [class unloading, 0.0082308 secs]2016-10-28T02:31:52.301-0400: 40.061: [scrub symbol table, 0.0039447 secs]2016-10-28T02:31:52.305-0400: 40.065: [scrub string table, 0.0006291 secs][1 CMS-remark: 197222K(393216K)] 207163K(502464K), 0.0421642 secs] [Times: user=0.08 sys=0.00, real=0.04 secs] 
2016-10-28T02:31:52.306-0400: 40.066: Total time for which application threads were stopped: 0.0601580 seconds, Stopping threads took: 0.0177553 seconds
2016-10-28T02:31:52.306-0400: 40.066: [CMS-concurrent-sweep-start]
{Heap before GC invocations=400 (full 3):
 par new generation   total 109248K, used 97365K [0x00000000e0000000, 0x00000000e8000000, 0x00000000e8000000)
  eden space 87424K, 100% used [0x00000000e0000000, 0x00000000e5560000, 0x00000000e5560000)
  from space 21824K,  45% used [0x00000000e5560000, 0x00000000e5f15498, 0x00000000e6ab0000)
  to   space 21824K,   0% used [0x00000000e6ab0000, 0x00000000e6ab0000, 0x00000000e8000000)
 concurrent mark-sweep generation total 393216K, used 192668K [0x00000000e8000000, 0x0000000100000000, 0x0000000100000000)
 Metaspace       used 33936K, capacity 34320K, committed 34760K, reserved 1079296K
  class space    used 3909K, capacity 4031K, committed 4040K, reserved 1048576K
2016-10-28T02:31:52.335-0400: 40.096: [GC (Allocation Failure) 2016-10-28T02:31:52.335-0400: 40.096: [ParNew
Desired survivor size 20112992 bytes, new threshold 8 (max 8)
- age   1:     280416 bytes,     280416 total
- age   2:      78816 bytes,     359232 total
- age   3:     232176 bytes,     591408 total
- age   4:     283024 bytes,     874432 total
- age   5:    4919184 bytes,    5793616 total
- age   6:     213696 bytes,    6007312 total
- age   7:     203520 bytes,    6210832 total
- age   8:    3636616 bytes,    9847448 total
: 97365K->9851K(109248K), 0.0109870 secs] 290033K->202735K(502464K), 0.0110496 secs] [Times: user=0.03 sys=0.00, real=0.01 secs] 
Heap after GC invocations=401 (full 3):
 par new generation   total 109248K, used 9851K [0x00000000e0000000, 0x00000000e8000000, 0x00000000e8000000)
  eden space 87424K,   0% used [0x00000000e0000000, 0x00000000e0000000, 0x00000000e5560000)
  from space 21824K,  45% used [0x00000000e6ab0000, 0x00000000e744ec90, 0x00000000e8000000)
  to   space 21824K,   0% used [0x00000000e5560000, 0x00000000e5560000, 0x00000000e6ab0000)
 concurrent mark-sweep generation total 393216K, used 192883K [0x00000000e8000000, 0x0000000100000000, 0x0000000100000000)
 Metaspace       used 33936K, capacity 34320K, committed 34760K, reserved 1079296K
  class space    used 3909K, capacity 4031K, committed 4040K, reserved 1048576K
}
2016-10-28T02:31:52.347-0400: 40.107: Total time for which application threads were stopped: 0.0121932 seconds, Stopping threads took: 0.0008734 seconds
2016-10-28T02:31:52.393-0400: 40.153: [CMS-concurrent-sweep: 0.074/0.086 secs] [Times: user=0.22 sys=0.03, real=0.09 secs] 
{Heap before GC invocations=401 (full 3):
 par new generation   total 109248K, used 97275K [0x00000000e0000000, 0x00000000e8000000, 0x00000000e8000000)
  eden space 87424K, 100% used [0x00000000e0000000, 0x00000000e5560000, 0x00000000e5560000)
  from space 21824K,  45% used [0x00000000e6ab0000, 0x00000000e744ec90, 0x00000000e8000000)
  to   space 21824K,   0% used [0x00000000e5560000, 0x00000000e5560000, 0x00000000e6ab0000)
 concurrent mark-sweep generation total 393216K, used 151922K [0x00000000e8000000, 0x0000000100000000, 0x0000000100000000)
 Metaspace       used 33936K, capacity 34320K, committed 34760K, reserved 1079296K
  class space    used 3909K, capacity 4031K, committed 4040K, reserved 1048576K
2016-10-28T02:31:52.394-0400: 40.154: [GC (Allocation Failure) 2016-10-28T02:31:52.394-0400: 40.154: [ParNew
Desired survivor size 20112992 bytes, new threshold 8 (max 8)
- age   1:    2609000 bytes,    2609000 total
- age   2:     209664 bytes,    2818664 total
- age   3:      76600 bytes,    2895264 total
- age   4:     232176 bytes,    3127440 total
- age   5:     283024 bytes,    3410464 total
- age   6:    4919184 bytes,    8329648 total
- age   7:     213696 bytes,    8543344 total
- age   8:     203520 bytes,    8746864 total
: 97275K->8767K(109248K), 0.0183800 secs] 249198K->164246K(502464K), 0.0184451 secs] [Times: user=0.04 sys=0.00, real=0.02 secs] 
Heap after GC invocations=402 (full 3):
 par new generation   total 109248K, used 8767K [0x00000000e0000000, 0x00000000e8000000, 0x00000000e8000000)
  eden space 87424K,   0% used [0x00000000e0000000, 0x00000000e0000000, 0x00000000e5560000)
  from space 21824K,  40% used [0x00000000e5560000, 0x00000000e5defdd0, 0x00000000e6ab0000)
  to   space 21824K,   0% used [0x00000000e6ab0000, 0x00000000e6ab0000, 0x00000000e8000000)
 concurrent mark-sweep generation total 393216K, used 155478K [0x00000000e8000000, 0x0000000100000000, 0x0000000100000000)
 Metaspace       used 33936K, capacity 34320K, committed 34760K, reserved 1079296K
  class space    used 3909K, capacity 4031K, committed 4040K, reserved 1048576K
}
2016-10-28T02:31:52.412-0400: 40.172: Total time for which application threads were stopped: 0.0189412 seconds, Stopping threads took: 0.0002288 seconds
2016-10-28T02:31:52.412-0400: 40.172: [CMS-concurrent-reset-start]
2016-10-28T02:31:52.414-0400: 40.175: [CMS-concurrent-reset: 0.002/0.002 secs] [Times: user=0.00 sys=0.01, real=0.00 secs] 
{Heap before GC invocations=402 (full 3):
 par new generation   total 109248K, used 96191K [0x00000000e0000000, 0x00000000e8000000, 0x00000000e8000000)
  eden space 87424K, 100% used [0x00000000e0000000, 0x00000000e5560000, 0x00000000e5560000)
  from space 21824K,  40% used [0x00000000e5560000, 0x00000000e5defdd0, 0x00000000e6ab0000)
  to   space 21824K,   0% used [0x00000000e6ab0000, 0x00000000e6ab0000, 0x00000000e8000000)
 concurrent mark-sweep generation total 393216K, used 155478K [0x00000000e8000000, 0x0000000100000000, 0x0000000100000000)
 Metaspace       used 33936K, capacity 34320K, committed 34760K, reserved 1079296K
  class space    used 3909K, capacity 4031K, committed 4040K, reserved 1048576K
2016-10-28T02:31:52.457-0400: 40.217: [GC (Allocation Failure) 2016-10-28T02:31:52.457-0400: 40.217: [ParNew
Desired survivor size 20112992 bytes, new threshold 8 (max 8)
- age   1:     237040 bytes,     237040 total
- age   2:    2564432 bytes,    2801472 total
- age   3:     209664 bytes,    3011136 total
- age   4:      76600 bytes,    3087736 total
- age   5:     232176 bytes,    3319912 total
- age   6:     282968 bytes,    3602880 total
- age   7:    4919184 bytes,    8522064 total
- age   8:     213696 bytes,    8735760 total
: 96191K->9109K(109248K), 0.0216495 secs] 251670K->164792K(502464K), 0.0217179 secs] [Times: user=0.05 sys=0.00, real=0.02 secs] 
Heap after GC invocations=403 (full 3):
 par new generation   total 109248K, used 9109K [0x00000000e0000000, 0x00000000e8000000, 0x00000000e8000000)
  eden space 87424K,   0% used [0x00000000e0000000, 0x00000000e0000000, 0x00000000e5560000)
  from space 21824K,  41% used [0x00000000e6ab0000, 0x00000000e73956b0, 0x00000000e8000000)
  to   space 21824K,   0% used [0x00000000e5560000, 0x00000000e5560000, 0x00000000e6ab0000)
 concurrent mark-sweep generation total 393216K, used 155682K [0x00000000e8000000, 0x0000000100000000, 0x0000000100000000)
 Metaspace       used 33936K, capacity 34320K, committed 34760K, reserved 1079296K
  class space    used 3909K, capacity 4031K, committed 4040K, reserved 1048576K
}
2016-10-28T02:31:52.479-0400: 40.239: Total time for which application threads were stopped: 0.0222156 seconds, Stopping threads took: 0.0002476 seconds
{Heap before GC invocations=403 (full 3):
 par new generation   total 109248K, used 96533K [0x00000000e0000000, 0x00000000e8000000, 0x00000000e8000000)
  eden space 87424K, 100% used [0x00000000e0000000, 0x00000000e5560000, 0x00000000e5560000)
  from space 21824K,  41% used [0x00000000e6ab0000, 0x00000000e73956b0, 0x00000000e8000000)
  to   space 21824K,   0% used [0x00000000e5560000, 0x00000000e5560000, 0x00000000e6ab0000)
 concurrent mark-sweep generation total 393216K, used 155682K [0x00000000e8000000, 0x0000000100000000, 0x0000000100000000)
 Metaspace       used 33936K, capacity 34320K, committed 34760K, reserved 1079296K
  class space    used 3909K, capacity 4031K, committed 4040K, reserved 1048576K
2016-10-28T02:31:52.512-0400: 40.272: [GC (Allocation Failure) 2016-10-28T02:31:52.512-0400: 40.272: [ParNew
Desired survivor size 20112992 bytes, new threshold 8 (max 8)
- age   1:     287624 bytes,     287624 total
- age   2:     169696 bytes,     457320 total
- age   3:    2554200 bytes,    3011520 total
- age   4:     206888 bytes,    3218408 total
- age   5:      75384 bytes,    3293792 total
- age   6:     222664 bytes,    3516456 total
- age   7:     251560 bytes,    3768016 total
- age   8:    4919184 bytes,    8687200 total
: 96533K->8586K(109248K), 0.0142874 secs] 252216K->164482K(502464K), 0.0144299 secs] [Times: user=0.02 sys=0.01, real=0.01 secs] 
Heap after GC invocations=404 (full 3):
 par new generation   total 109248K, used 8586K [0x00000000e0000000, 0x00000000e8000000, 0x00000000e8000000)
  eden space 87424K,   0% used [0x00000000e0000000, 0x00000000e0000000, 0x00000000e5560000)
  from space 21824K,  39% used [0x00000000e5560000, 0x00000000e5dc28c8, 0x00000000e6ab0000)
  to   space 21824K,   0% used [0x00000000e6ab0000, 0x00000000e6ab0000, 0x00000000e8000000)
 concurrent mark-sweep generation total 393216K, used 155896K [0x00000000e8000000, 0x0000000100000000, 0x0000000100000000)
 Metaspace       used 33936K, capacity 34320K, committed 34760K, reserved 1079296K
  class space    used 3909K, capacity 4031K, committed 4040K, reserved 1048576K
}
2016-10-28T02:31:52.527-0400: 40.287: Total time for which application threads were stopped: 0.0159758 seconds, Stopping threads took: 0.0012967 seconds
{Heap before GC invocations=404 (full 3):
 par new generation   total 109248K, used 96010K [0x00000000e0000000, 0x00000000e8000000, 0x00000000e8000000)
  eden space 87424K, 100% used [0x00000000e0000000, 0x00000000e5560000, 0x00000000e5560000)
  from space 21824K,  39% used [0x00000000e5560000, 0x00000000e5dc28c8, 0x00000000e6ab0000)
  to   space 21824K,   0% used [0x00000000e6ab0000, 0x00000000e6ab0000, 0x00000000e8000000)
 concurrent mark-sweep generation total 393216K, used 155896K [0x00000000e8000000, 0x0000000100000000, 0x0000000100000000)
 Metaspace       used 33936K, capacity 34320K, committed 34760K, reserved 1079296K
  class space    used 3909K, capacity 4031K, committed 4040K, reserved 1048576K
2016-10-28T02:31:52.549-0400: 40.309: [GC (Allocation Failure) 2016-10-28T02:31:52.549-0400: 40.309: [ParNew
Desired survivor size 20112992 bytes, new threshold 8 (max 8)
- age   1:    2125096 bytes,    2125096 total
- age   2:     248736 bytes,    2373832 total
- age   3:     169696 bytes,    2543528 total
- age   4:    2554200 bytes,    5097728 total
- age   5:     206888 bytes,    5304616 total
- age   6:      75384 bytes,    5380000 total
- age   7:     222592 bytes,    5602592 total
- age   8:     251560 bytes,    5854152 total
: 96010K->6135K(109248K), 0.0090110 secs] 251906K->166840K(502464K), 0.0092008 secs] [Times: user=0.02 sys=0.00, real=0.00 secs] 
Heap after GC invocations=405 (full 3):
 par new generation   total 109248K, used 6135K [0x00000000e0000000, 0x00000000e8000000, 0x00000000e8000000)
  eden space 87424K,   0% used [0x00000000e0000000, 0x00000000e0000000, 0x00000000e5560000)
  from space 21824K,  28% used [0x00000000e6ab0000, 0x00000000e70ade58, 0x00000000e8000000)
  to   space 21824K,   0% used [0x00000000e5560000, 0x00000000e5560000, 0x00000000e6ab0000)
 concurrent mark-sweep generation total 393216K, used 160704K [0x00000000e8000000, 0x0000000100000000, 0x0000000100000000)
 Metaspace       used 33936K, capacity 34320K, committed 34760K, reserved 1079296K
  class space    used 3909K, capacity 4031K, committed 4040K, reserved 1048576K
}
2016-10-28T02:31:52.558-0400: 40.319: Total time for which application threads were stopped: 0.0097581 seconds, Stopping threads took: 0.0001643 seconds
{Heap before GC invocations=405 (full 3):
 par new generation   total 109248K, used 93559K [0x00000000e0000000, 0x00000000e8000000, 0x00000000e8000000)
  eden space 87424K, 100% used [0x00000000e0000000, 0x00000000e5560000, 0x00000000e5560000)
  from space 21824K,  28% used [0x00000000e6ab0000, 0x00000000e70ade58, 0x00000000e8000000)
  to   space 21824K,   0% used [0x00000000e5560000, 0x00000000e5560000, 0x00000000e6ab0000)
 concurrent mark-sweep generation total 393216K, used 160704K [0x00000000e8000000, 0x0000000100000000, 0x0000000100000000)
 Metaspace       used 33936K, capacity 34320K, committed 34760K, reserved 1079296K
  class space    used 3909K, capacity 4031K, committed 4040K, reserved 1048576K
2016-10-28T02:31:52.582-0400: 40.342: [GC (Allocation Failure) 2016-10-28T02:31:52.582-0400: 40.343: [ParNew
Desired survivor size 20112992 bytes, new threshold 8 (max 8)
- age   1:     249848 bytes,     249848 total
- age   2:    2063256 bytes,    2313104 total
- age   3:     247736 bytes,    2560840 total
- age   4:     169696 bytes,    2730536 total
- age   5:    2554200 bytes,    5284736 total
- age   6:     206888 bytes,    5491624 total
- age   7:      75384 bytes,    5567008 total
- age   8:     222592 bytes,    5789600 total
: 93559K->6445K(109248K), 0.0092059 secs] 254264K->167400K(502464K), 0.0092633 secs] [Times: user=0.02 sys=0.00, real=0.01 secs] 
Heap after GC invocations=406 (full 3):
 par new generation   total 109248K, used 6445K [0x00000000e0000000, 0x00000000e8000000, 0x00000000e8000000)
  eden space 87424K,   0% used [0x00000000e0000000, 0x00000000e0000000, 0x00000000e5560000)
  from space 21824K,  29% used [0x00000000e5560000, 0x00000000e5bab4c0, 0x00000000e6ab0000)
  to   space 21824K,   0% used [0x00000000e6ab0000, 0x00000000e6ab0000, 0x00000000e8000000)
 concurrent mark-sweep generation total 393216K, used 160955K [0x00000000e8000000, 0x0000000100000000, 0x0000000100000000)
 Metaspace       used 33936K, capacity 34320K, committed 34760K, reserved 1079296K
  class space    used 3909K, capacity 4031K, committed 4040K, reserved 1048576K
}
2016-10-28T02:31:52.592-0400: 40.352: Total time for which application threads were stopped: 0.0097095 seconds, Stopping threads took: 0.0002028 seconds
{Heap before GC invocations=406 (full 3):
 par new generation   total 109248K, used 93869K [0x00000000e0000000, 0x00000000e8000000, 0x00000000e8000000)
  eden space 87424K, 100% used [0x00000000e0000000, 0x00000000e5560000, 0x00000000e5560000)
  from space 21824K,  29% used [0x00000000e5560000, 0x00000000e5bab4c0, 0x00000000e6ab0000)
  to   space 21824K,   0% used [0x00000000e6ab0000, 0x00000000e6ab0000, 0x00000000e8000000)
 concurrent mark-sweep generation total 393216K, used 160955K [0x00000000e8000000, 0x0000000100000000, 0x0000000100000000)
 Metaspace       used 33936K, capacity 34320K, committed 34760K, reserved 1079296K
  class space    used 3909K, capacity 4031K, committed 4040K, reserved 1048576K
2016-10-28T02:31:52.613-0400: 40.373: [GC (Allocation Failure) 2016-10-28T02:31:52.613-0400: 40.373: [ParNew
Desired survivor size 20112992 bytes, new threshold 8 (max 8)
- age   1:     266992 bytes,     266992 total
- age   2:     211928 bytes,     478920 total
- age   3:    2063256 bytes,    2542176 total
- age   4:     247736 bytes,    2789912 total
- age   5:     169696 bytes,    2959608 total
- age   6:    2554200 bytes,    5513808 total
- age   7:     206888 bytes,    5720696 total
- age   8:      75384 bytes,    5796080 total
: 93869K->6364K(109248K), 0.0123448 secs] 254824K->167541K(502464K), 0.0124376 secs] [Times: user=0.03 sys=0.01, real=0.01 secs] 
Heap after GC invocations=407 (full 3):
 par new generation   total 109248K, used 6364K [0x00000000e0000000, 0x00000000e8000000, 0x00000000e8000000)
  eden space 87424K,   0% used [0x00000000e0000000, 0x00000000e0000000, 0x00000000e5560000)
  from space 21824K,  29% used [0x00000000e6ab0000, 0x00000000e70e7180, 0x00000000e8000000)
  to   space 21824K,   0% used [0x00000000e5560000, 0x00000000e5560000, 0x00000000e6ab0000)
 concurrent mark-sweep generation total 393216K, used 161177K [0x00000000e8000000, 0x0000000100000000, 0x0000000100000000)
 Metaspace       used 33936K, capacity 34320K, committed 34760K, reserved 1079296K
  class space    used 3909K, capacity 4031K, committed 4040K, reserved 1048576K
}
2016-10-28T02:31:52.625-0400: 40.385: Total time for which application threads were stopped: 0.0129122 seconds, Stopping threads took: 0.0002605 seconds
{Heap before GC invocations=407 (full 3):
 par new generation   total 109248K, used 93788K [0x00000000e0000000, 0x00000000e8000000, 0x00000000e8000000)
  eden space 87424K, 100% used [0x00000000e0000000, 0x00000000e5560000, 0x00000000e5560000)
  from space 21824K,  29% used [0x00000000e6ab0000, 0x00000000e70e7180, 0x00000000e8000000)
  to   space 21824K,   0% used [0x00000000e5560000, 0x00000000e5560000, 0x00000000e6ab0000)
 concurrent mark-sweep generation total 393216K, used 161177K [0x00000000e8000000, 0x0000000100000000, 0x0000000100000000)
 Metaspace       used 33936K, capacity 34320K, committed 34760K, reserved 1079296K
  class space    used 3909K, capacity 4031K, committed 4040K, reserved 1048576K
2016-10-28T02:31:52.654-0400: 40.414: [GC (Allocation Failure) 2016-10-28T02:31:52.654-0400: 40.414: [ParNew
Desired survivor size 20112992 bytes, new threshold 8 (max 8)
- age   1:     252568 bytes,     252568 total
- age   2:     209096 bytes,     461664 total
- age   3:     204752 bytes,     666416 total
- age   4:    2063256 bytes,    2729672 total
- age   5:     247736 bytes,    2977408 total
- age   6:     169696 bytes,    3147104 total
- age   7:    2554200 bytes,    5701304 total
- age   8:     206888 bytes,    5908192 total
: 93788K->6177K(109248K), 0.0172850 secs] 254965K->167430K(502464K), 0.0173621 secs] [Times: user=0.05 sys=0.00, real=0.02 secs] 
Heap after GC invocations=408 (full 3):
 par new generation   total 109248K, used 6177K [0x00000000e0000000, 0x00000000e8000000, 0x00000000e8000000)
  eden space 87424K,   0% used [0x00000000e0000000, 0x00000000e0000000, 0x00000000e5560000)
  from space 21824K,  28% used [0x00000000e5560000, 0x00000000e5b687c0, 0x00000000e6ab0000)
  to   space 21824K,   0% used [0x00000000e6ab0000, 0x00000000e6ab0000, 0x00000000e8000000)
 concurrent mark-sweep generation total 393216K, used 161252K [0x00000000e8000000, 0x0000000100000000, 0x0000000100000000)
 Metaspace       used 33936K, capacity 34320K, committed 34760K, reserved 1079296K
  class space    used 3909K, capacity 4031K, committed 4040K, reserved 1048576K
}
2016-10-28T02:31:52.672-0400: 40.432: Total time for which application threads were stopped: 0.0178467 seconds, Stopping threads took: 0.0002908 seconds
{Heap before GC invocations=408 (full 3):
 par new generation   total 109248K, used 93601K [0x00000000e0000000, 0x00000000e8000000, 0x00000000e8000000)
  eden space 87424K, 100% used [0x00000000e0000000, 0x00000000e5560000, 0x00000000e5560000)
  from space 21824K,  28% used [0x00000000e5560000, 0x00000000e5b687c0, 0x00000000e6ab0000)
  to   space 21824K,   0% used [0x00000000e6ab0000, 0x00000000e6ab0000, 0x00000000e8000000)
 concurrent mark-sweep generation total 393216K, used 161252K [0x00000000e8000000, 0x0000000100000000, 0x0000000100000000)
 Metaspace       used 33958K, capacity 34384K, committed 34760K, reserved 1079296K
  class space    used 3913K, capacity 4031K, committed 4040K, reserved 1048576K
2016-10-28T02:31:52.695-0400: 40.455: [GC (Allocation Failure) 2016-10-28T02:31:52.695-0400: 40.455: [ParNew
Desired survivor size 20112992 bytes, new threshold 8 (max 8)
- age   1:     290152 bytes,     290152 total
- age   2:     196704 bytes,     486856 total
- age   3:     209096 bytes,     695952 total
- age   4:     200944 bytes,     896896 total
- age   5:    2061776 bytes,    2958672 total
- age   6:     214896 bytes,    3173568 total
- age   7:     169696 bytes,    3343264 total
- age   8:    2554200 bytes,    5897464 total
: 93601K->6117K(109248K), 0.0102332 secs] 254854K->167577K(502464K), 0.0103331 secs] [Times: user=0.02 sys=0.00, real=0.01 secs] 
Heap after GC invocations=409 (full 3):
 par new generation   total 109248K, used 6117K [0x00000000e0000000, 0x00000000e8000000, 0x00000000e8000000)
  eden space 87424K,   0% used [0x00000000e0000000, 0x00000000e0000000, 0x00000000e5560000)
  from space 21824K,  28% used [0x00000000e6ab0000, 0x00000000e70a9590, 0x00000000e8000000)
  to   space 21824K,   0% used [0x00000000e5560000, 0x00000000e5560000, 0x00000000e6ab0000)
 concurrent mark-sweep generation total 393216K, used 161460K [0x00000000e8000000, 0x0000000100000000, 0x0000000100000000)
 Metaspace       used 33958K, capacity 34384K, committed 34760K, reserved 1079296K
  class space    used 3913K, capacity 4031K, committed 4040K, reserved 1048576K
}
2016-10-28T02:31:52.705-0400: 40.465: Total time for which application threads were stopped: 0.0106391 seconds, Stopping threads took: 0.0001123 seconds
{Heap before GC invocations=409 (full 3):
 par new generation   total 109248K, used 93541K [0x00000000e0000000, 0x00000000e8000000, 0x00000000e8000000)
  eden space 87424K, 100% used [0x00000000e0000000, 0x00000000e5560000, 0x00000000e5560000)
  from space 21824K,  28% used [0x00000000e6ab0000, 0x00000000e70a9590, 0x00000000e8000000)
  to   space 21824K,   0% used [0x00000000e5560000, 0x00000000e5560000, 0x00000000e6ab0000)
 concurrent mark-sweep generation total 393216K, used 161460K [0x00000000e8000000, 0x0000000100000000, 0x0000000100000000)
 Metaspace       used 33961K, capacity 34384K, committed 34760K, reserved 1079296K
  class space    used 3913K, capacity 4031K, committed 4040K, reserved 1048576K
2016-10-28T02:31:52.728-0400: 40.488: [GC (Allocation Failure) 2016-10-28T02:31:52.728-0400: 40.488: [ParNew
Desired survivor size 20112992 bytes, new threshold 8 (max 8)
- age   1:    4109192 bytes,    4109192 total
- age   2:     248976 bytes,    4358168 total
- age   3:     196704 bytes,    4554872 total
- age   4:     209096 bytes,    4763968 total
- age   5:     200944 bytes,    4964912 total
- age   6:    2061776 bytes,    7026688 total
- age   7:     214896 bytes,    7241584 total
- age   8:     169696 bytes,    7411280 total
: 93541K->7454K(109248K), 0.0141287 secs] 255001K->171414K(502464K), 0.0142172 secs] [Times: user=0.03 sys=0.01, real=0.01 secs] 
Heap after GC invocations=410 (full 3):
 par new generation   total 109248K, used 7454K [0x00000000e0000000, 0x00000000e8000000, 0x00000000e8000000)
  eden space 87424K,   0% used [0x00000000e0000000, 0x00000000e0000000, 0x00000000e5560000)
  from space 21824K,  34% used [0x00000000e5560000, 0x00000000e5ca7ba0, 0x00000000e6ab0000)
  to   space 21824K,   0% used [0x00000000e6ab0000, 0x00000000e6ab0000, 0x00000000e8000000)
 concurrent mark-sweep generation total 393216K, used 163959K [0x00000000e8000000, 0x0000000100000000, 0x0000000100000000)
 Metaspace       used 33961K, capacity 34384K, committed 34760K, reserved 1079296K
  class space    used 3913K, capacity 4031K, committed 4040K, reserved 1048576K
}
2016-10-28T02:31:52.742-0400: 40.502: Total time for which application threads were stopped: 0.0147738 seconds, Stopping threads took: 0.0001731 seconds
{Heap before GC invocations=410 (full 3):
 par new generation   total 109248K, used 94878K [0x00000000e0000000, 0x00000000e8000000, 0x00000000e8000000)
  eden space 87424K, 100% used [0x00000000e0000000, 0x00000000e5560000, 0x00000000e5560000)
  from space 21824K,  34% used [0x00000000e5560000, 0x00000000e5ca7ba0, 0x00000000e6ab0000)
  to   space 21824K,   0% used [0x00000000e6ab0000, 0x00000000e6ab0000, 0x00000000e8000000)
 concurrent mark-sweep generation total 393216K, used 163959K [0x00000000e8000000, 0x0000000100000000, 0x0000000100000000)
 Metaspace       used 33961K, capacity 34384K, committed 34760K, reserved 1079296K
  class space    used 3913K, capacity 4031K, committed 4040K, reserved 1048576K
2016-10-28T02:31:52.762-0400: 40.522: [GC (Allocation Failure) 2016-10-28T02:31:52.762-0400: 40.522: [ParNew
Desired survivor size 20112992 bytes, new threshold 8 (max 8)
- age   1:     278224 bytes,     278224 total
- age   2:    4082672 bytes,    4360896 total
- age   3:     248976 bytes,    4609872 total
- age   4:     196704 bytes,    4806576 total
- age   5:     209096 bytes,    5015672 total
- age   6:     200944 bytes,    5216616 total
- age   7:    2061776 bytes,    7278392 total
- age   8:     214896 bytes,    7493288 total
: 94878K->7761K(109248K), 0.0205896 secs] 258838K->171891K(502464K), 0.0207256 secs] [Times: user=0.05 sys=0.00, real=0.02 secs] 
Heap after GC invocations=411 (full 3):
 par new generation   total 109248K, used 7761K [0x00000000e0000000, 0x00000000e8000000, 0x00000000e8000000)
  eden space 87424K,   0% used [0x00000000e0000000, 0x00000000e0000000, 0x00000000e5560000)
  from space 21824K,  35% used [0x00000000e6ab0000, 0x00000000e72445e0, 0x00000000e8000000)
  to   space 21824K,   0% used [0x00000000e5560000, 0x00000000e5560000, 0x00000000e6ab0000)
 concurrent mark-sweep generation total 393216K, used 164129K [0x00000000e8000000, 0x0000000100000000, 0x0000000100000000)
 Metaspace       used 33961K, capacity 34384K, committed 34760K, reserved 1079296K
  class space    used 3913K, capacity 4031K, committed 4040K, reserved 1048576K
}
2016-10-28T02:31:52.783-0400: 40.543: Total time for which application threads were stopped: 0.0211162 seconds, Stopping threads took: 0.0001824 seconds
{Heap before GC invocations=411 (full 3):
 par new generation   total 109248K, used 95185K [0x00000000e0000000, 0x00000000e8000000, 0x00000000e8000000)
  eden space 87424K, 100% used [0x00000000e0000000, 0x00000000e5560000, 0x00000000e5560000)
  from space 21824K,  35% used [0x00000000e6ab0000, 0x00000000e72445e0, 0x00000000e8000000)
  to   space 21824K,   0% used [0x00000000e5560000, 0x00000000e5560000, 0x00000000e6ab0000)
 concurrent mark-sweep generation total 393216K, used 164129K [0x00000000e8000000, 0x0000000100000000, 0x0000000100000000)
 Metaspace       used 33961K, capacity 34384K, committed 34760K, reserved 1079296K
  class space    used 3913K, capacity 4031K, committed 4040K, reserved 1048576K
2016-10-28T02:31:52.802-0400: 40.563: [GC (Allocation Failure) 2016-10-28T02:31:52.802-0400: 40.563: [ParNew
Desired survivor size 20112992 bytes, new threshold 8 (max 8)
- age   1:     245984 bytes,     245984 total
- age   2:     251760 bytes,     497744 total
- age   3:    4082672 bytes,    4580416 total
- age   4:     222120 bytes,    4802536 total
- age   5:     196704 bytes,    4999240 total
- age   6:     209096 bytes,    5208336 total
- age   7:     200944 bytes,    5409280 total
- age   8:    2061776 bytes,    7471056 total
: 95185K->7769K(109248K), 0.0134418 secs] 259315K->172113K(502464K), 0.0135331 secs] [Times: user=0.02 sys=0.01, real=0.01 secs] 
Heap after GC invocations=412 (full 3):
 par new generation   total 109248K, used 7769K [0x00000000e0000000, 0x00000000e8000000, 0x00000000e8000000)
  eden space 87424K,   0% used [0x00000000e0000000, 0x00000000e0000000, 0x00000000e5560000)
  from space 21824K,  35% used [0x00000000e5560000, 0x00000000e5cf6408, 0x00000000e6ab0000)
  to   space 21824K,   0% used [0x00000000e6ab0000, 0x00000000e6ab0000, 0x00000000e8000000)
 concurrent mark-sweep generation total 393216K, used 164344K [0x00000000e8000000, 0x0000000100000000, 0x0000000100000000)
 Metaspace       used 33961K, capacity 34384K, committed 34760K, reserved 1079296K
  class space    used 3913K, capacity 4031K, committed 4040K, reserved 1048576K
}
2016-10-28T02:31:52.816-0400: 40.576: Total time for which application threads were stopped: 0.0138349 seconds, Stopping threads took: 0.0000900 seconds
{Heap before GC invocations=412 (full 3):
 par new generation   total 109248K, used 95193K [0x00000000e0000000, 0x00000000e8000000, 0x00000000e8000000)
  eden space 87424K, 100% used [0x00000000e0000000, 0x00000000e5560000, 0x00000000e5560000)
  from space 21824K,  35% used [0x00000000e5560000, 0x00000000e5cf6408, 0x00000000e6ab0000)
  to   space 21824K,   0% used [0x00000000e6ab0000, 0x00000000e6ab0000, 0x00000000e8000000)
 concurrent mark-sweep generation total 393216K, used 164344K [0x00000000e8000000, 0x0000000100000000, 0x0000000100000000)
 Metaspace       used 33961K, capacity 34384K, committed 34760K, reserved 1079296K
  class space    used 3913K, capacity 4031K, committed 4040K, reserved 1048576K
2016-10-28T02:31:52.834-0400: 40.594: [GC (Allocation Failure) 2016-10-28T02:31:52.835-0400: 40.596: [ParNew
Desired survivor size 20112992 bytes, new threshold 8 (max 8)
- age   1:     243800 bytes,     243800 total
- age   2:     219016 bytes,     462816 total
- age   3:     251760 bytes,     714576 total
- age   4:    4082672 bytes,    4797248 total
- age   5:     222120 bytes,    5019368 total
- age   6:     196704 bytes,    5216072 total
- age   7:     209096 bytes,    5425168 total
- age   8:     200944 bytes,    5626112 total
: 95193K->6269K(109248K), 0.0170033 secs] 259537K->172632K(502464K), 0.0181332 secs] [Times: user=0.02 sys=0.01, real=0.02 secs] 
Heap after GC invocations=413 (full 3):
 par new generation   total 109248K, used 6269K [0x00000000e0000000, 0x00000000e8000000, 0x00000000e8000000)
  eden space 87424K,   0% used [0x00000000e0000000, 0x00000000e0000000, 0x00000000e5560000)
  from space 21824K,  28% used [0x00000000e6ab0000, 0x00000000e70cf720, 0x00000000e8000000)
  to   space 21824K,   0% used [0x00000000e5560000, 0x00000000e5560000, 0x00000000e6ab0000)
 concurrent mark-sweep generation total 393216K, used 166362K [0x00000000e8000000, 0x0000000100000000, 0x0000000100000000)
 Metaspace       used 33961K, capacity 34384K, committed 34760K, reserved 1079296K
  class space    used 3913K, capacity 4031K, committed 4040K, reserved 1048576K
}
2016-10-28T02:31:52.853-0400: 40.613: Total time for which application threads were stopped: 0.0185398 seconds, Stopping threads took: 0.0001017 seconds
{Heap before GC invocations=413 (full 3):
 par new generation   total 109248K, used 93693K [0x00000000e0000000, 0x00000000e8000000, 0x00000000e8000000)
  eden space 87424K, 100% used [0x00000000e0000000, 0x00000000e5560000, 0x00000000e5560000)
  from space 21824K,  28% used [0x00000000e6ab0000, 0x00000000e70cf720, 0x00000000e8000000)
  to   space 21824K,   0% used [0x00000000e5560000, 0x00000000e5560000, 0x00000000e6ab0000)
 concurrent mark-sweep generation total 393216K, used 166362K [0x00000000e8000000, 0x0000000100000000, 0x0000000100000000)
 Metaspace       used 33961K, capacity 34384K, committed 34760K, reserved 1079296K
  class space    used 3913K, capacity 4031K, committed 4040K, reserved 1048576K
2016-10-28T02:31:52.872-0400: 40.632: [GC (Allocation Failure) 2016-10-28T02:31:52.872-0400: 40.632: [ParNew
Desired survivor size 20112992 bytes, new threshold 8 (max 8)
- age   1:    5557664 bytes,    5557664 total
- age   2:     216848 bytes,    5774512 total
- age   3:     219016 bytes,    5993528 total
- age   4:     251760 bytes,    6245288 total
- age   5:    4082672 bytes,   10327960 total
- age   6:     222120 bytes,   10550080 total
- age   7:     196704 bytes,   10746784 total
- age   8:     209096 bytes,   10955880 total
: 93693K->11436K(109248K), 0.0145055 secs] 260056K->178000K(502464K), 0.0145760 secs] [Times: user=0.03 sys=0.00, real=0.01 secs] 
Heap after GC invocations=414 (full 3):
 par new generation   total 109248K, used 11436K [0x00000000e0000000, 0x00000000e8000000, 0x00000000e8000000)
  eden space 87424K,   0% used [0x00000000e0000000, 0x00000000e0000000, 0x00000000e5560000)
  from space 21824K,  52% used [0x00000000e5560000, 0x00000000e608b2b0, 0x00000000e6ab0000)
  to   space 21824K,   0% used [0x00000000e6ab0000, 0x00000000e6ab0000, 0x00000000e8000000)
 concurrent mark-sweep generation total 393216K, used 166563K [0x00000000e8000000, 0x0000000100000000, 0x0000000100000000)
 Metaspace       used 33961K, capacity 34384K, committed 34760K, reserved 1079296K
  class space    used 3913K, capacity 4031K, committed 4040K, reserved 1048576K
}
2016-10-28T02:31:52.886-0400: 40.646: Total time for which application threads were stopped: 0.0149188 seconds, Stopping threads took: 0.0001099 seconds
{Heap before GC invocations=414 (full 3):
 par new generation   total 109248K, used 98860K [0x00000000e0000000, 0x00000000e8000000, 0x00000000e8000000)
  eden space 87424K, 100% used [0x00000000e0000000, 0x00000000e5560000, 0x00000000e5560000)
  from space 21824K,  52% used [0x00000000e5560000, 0x00000000e608b2b0, 0x00000000e6ab0000)
  to   space 21824K,   0% used [0x00000000e6ab0000, 0x00000000e6ab0000, 0x00000000e8000000)
 concurrent mark-sweep generation total 393216K, used 166563K [0x00000000e8000000, 0x0000000100000000, 0x0000000100000000)
 Metaspace       used 33961K, capacity 34384K, committed 34760K, reserved 1079296K
  class space    used 3913K, capacity 4031K, committed 4040K, reserved 1048576K
2016-10-28T02:31:52.908-0400: 40.668: [GC (Allocation Failure) 2016-10-28T02:31:52.908-0400: 40.668: [ParNew
Desired survivor size 20112992 bytes, new threshold 8 (max 8)
- age   1:     280160 bytes,     280160 total
- age   2:    5530720 bytes,    5810880 total
- age   3:     216848 bytes,    6027728 total
- age   4:     219016 bytes,    6246744 total
- age   5:     251760 bytes,    6498504 total
- age   6:    4082672 bytes,   10581176 total
- age   7:     222120 bytes,   10803296 total
- age   8:     196704 bytes,   11000000 total
: 98860K->11112K(109248K), 0.0250212 secs] 265424K->177885K(502464K), 0.0281351 secs] [Times: user=0.04 sys=0.01, real=0.02 secs] 
Heap after GC invocations=415 (full 3):
 par new generation   total 109248K, used 11112K [0x00000000e0000000, 0x00000000e8000000, 0x00000000e8000000)
  eden space 87424K,   0% used [0x00000000e0000000, 0x00000000e0000000, 0x00000000e5560000)
  from space 21824K,  50% used [0x00000000e6ab0000, 0x00000000e758a130, 0x00000000e8000000)
  to   space 21824K,   0% used [0x00000000e5560000, 0x00000000e5560000, 0x00000000e6ab0000)
 concurrent mark-sweep generation total 393216K, used 166772K [0x00000000e8000000, 0x0000000100000000, 0x0000000100000000)
 Metaspace       used 33961K, capacity 34384K, committed 34760K, reserved 1079296K
  class space    used 3913K, capacity 4031K, committed 4040K, reserved 1048576K
}
2016-10-28T02:31:52.936-0400: 40.696: Total time for which application threads were stopped: 0.0286209 seconds, Stopping threads took: 0.0002188 seconds
{Heap before GC invocations=415 (full 3):
 par new generation   total 109248K, used 98536K [0x00000000e0000000, 0x00000000e8000000, 0x00000000e8000000)
  eden space 87424K, 100% used [0x00000000e0000000, 0x00000000e5560000, 0x00000000e5560000)
  from space 21824K,  50% used [0x00000000e6ab0000, 0x00000000e758a130, 0x00000000e8000000)
  to   space 21824K,   0% used [0x00000000e5560000, 0x00000000e5560000, 0x00000000e6ab0000)
 concurrent mark-sweep generation total 393216K, used 166772K [0x00000000e8000000, 0x0000000100000000, 0x0000000100000000)
 Metaspace       used 33962K, capacity 34384K, committed 34760K, reserved 1079296K
  class space    used 3913K, capacity 4031K, committed 4040K, reserved 1048576K
2016-10-28T02:31:52.961-0400: 40.721: [GC (Allocation Failure) 2016-10-28T02:31:52.961-0400: 40.721: [ParNew
Desired survivor size 20112992 bytes, new threshold 8 (max 8)
- age   1:     240000 bytes,     240000 total
- age   2:     253176 bytes,     493176 total
- age   3:    5530720 bytes,    6023896 total
- age   4:     216848 bytes,    6240744 total
- age   5:     219016 bytes,    6459760 total
- age   6:     251760 bytes,    6711520 total
- age   7:    4082672 bytes,   10794192 total
- age   8:     222120 bytes,   11016312 total
: 98536K->11170K(109248K), 0.0128440 secs] 265309K->178140K(502464K), 0.0129212 secs] [Times: user=0.02 sys=0.01, real=0.01 secs] 
Heap after GC invocations=416 (full 3):
 par new generation   total 109248K, used 11170K [0x00000000e0000000, 0x00000000e8000000, 0x00000000e8000000)
  eden space 87424K,   0% used [0x00000000e0000000, 0x00000000e0000000, 0x00000000e5560000)
  from space 21824K,  51% used [0x00000000e5560000, 0x00000000e6048b98, 0x00000000e6ab0000)
  to   space 21824K,   0% used [0x00000000e6ab0000, 0x00000000e6ab0000, 0x00000000e8000000)
 concurrent mark-sweep generation total 393216K, used 166969K [0x00000000e8000000, 0x0000000100000000, 0x0000000100000000)
 Metaspace       used 33962K, capacity 34384K, committed 34760K, reserved 1079296K
  class space    used 3913K, capacity 4031K, committed 4040K, reserved 1048576K
}
2016-10-28T02:31:52.974-0400: 40.734: Total time for which application threads were stopped: 0.0134171 seconds, Stopping threads took: 0.0001308 seconds
{Heap before GC invocations=416 (full 3):
 par new generation   total 109248K, used 98594K [0x00000000e0000000, 0x00000000e8000000, 0x00000000e8000000)
  eden space 87424K, 100% used [0x00000000e0000000, 0x00000000e5560000, 0x00000000e5560000)
  from space 21824K,  51% used [0x00000000e5560000, 0x00000000e6048b98, 0x00000000e6ab0000)
  to   space 21824K,   0% used [0x00000000e6ab0000, 0x00000000e6ab0000, 0x00000000e8000000)
 concurrent mark-sweep generation total 393216K, used 166969K [0x00000000e8000000, 0x0000000100000000, 0x0000000100000000)
 Metaspace       used 33979K, capacity 34448K, committed 34760K, reserved 1079296K
  class space    used 3915K, capacity 4031K, committed 4040K, reserved 1048576K
2016-10-28T02:31:52.995-0400: 40.755: [GC (Allocation Failure) 2016-10-28T02:31:52.995-0400: 40.755: [ParNew
Desired survivor size 20112992 bytes, new threshold 8 (max 8)
- age   1:     249536 bytes,     249536 total
- age   2:     213048 bytes,     462584 total
- age   3:     253176 bytes,     715760 total
- age   4:    5530720 bytes,    6246480 total
- age   5:     216848 bytes,    6463328 total
- age   6:     218976 bytes,    6682304 total
- age   7:     251760 bytes,    6934064 total
- age   8:    4082672 bytes,   11016736 total
: 98594K->10926K(109248K), 0.0180029 secs] 265564K->178118K(502464K), 0.0182067 secs] [Times: user=0.02 sys=0.01, real=0.02 secs] 
Heap after GC invocations=417 (full 3):
 par new generation   total 109248K, used 10926K [0x00000000e0000000, 0x00000000e8000000, 0x00000000e8000000)
  eden space 87424K,   0% used [0x00000000e0000000, 0x00000000e0000000, 0x00000000e5560000)
  from space 21824K,  50% used [0x00000000e6ab0000, 0x00000000e755bbb0, 0x00000000e8000000)
  to   space 21824K,   0% used [0x00000000e5560000, 0x00000000e5560000, 0x00000000e6ab0000)
 concurrent mark-sweep generation total 393216K, used 167191K [0x00000000e8000000, 0x0000000100000000, 0x0000000100000000)
 Metaspace       used 33979K, capacity 34448K, committed 34760K, reserved 1079296K
  class space    used 3915K, capacity 4031K, committed 4040K, reserved 1048576K
}
2016-10-28T02:31:53.013-0400: 40.773: Total time for which application threads were stopped: 0.0187074 seconds, Stopping threads took: 0.0002478 seconds
{Heap before GC invocations=417 (full 3):
 par new generation   total 109248K, used 98350K [0x00000000e0000000, 0x00000000e8000000, 0x00000000e8000000)
  eden space 87424K, 100% used [0x00000000e0000000, 0x00000000e5560000, 0x00000000e5560000)
  from space 21824K,  50% used [0x00000000e6ab0000, 0x00000000e755bbb0, 0x00000000e8000000)
  to   space 21824K,   0% used [0x00000000e5560000, 0x00000000e5560000, 0x00000000e6ab0000)
 concurrent mark-sweep generation total 393216K, used 167191K [0x00000000e8000000, 0x0000000100000000, 0x0000000100000000)
 Metaspace       used 33983K, capacity 34448K, committed 34760K, reserved 1079296K
  class space    used 3916K, capacity 4031K, committed 4040K, reserved 1048576K
2016-10-28T02:31:53.038-0400: 40.798: [GC (Allocation Failure) 2016-10-28T02:31:53.038-0400: 40.798: [ParNew
Desired survivor size 20112992 bytes, new threshold 8 (max 8)
- age   1:     758064 bytes,     758064 total
- age   2:     222896 bytes,     980960 total
- age   3:     213072 bytes,    1194032 total
- age   4:     253200 bytes,    1447232 total
- age   5:    5530720 bytes,    6977952 total
- age   6:     216848 bytes,    7194800 total
- age   7:     218976 bytes,    7413776 total
- age   8:     251760 bytes,    7665536 total
: 98350K->7918K(109248K), 0.0197283 secs] 265542K->179101K(502464K), 0.0199048 secs] [Times: user=0.03 sys=0.00, real=0.02 secs] 
Heap after GC invocations=418 (full 3):
 par new generation   total 109248K, used 7918K [0x00000000e0000000, 0x00000000e8000000, 0x00000000e8000000)
  eden space 87424K,   0% used [0x00000000e0000000, 0x00000000e0000000, 0x00000000e5560000)
  from space 21824K,  36% used [0x00000000e5560000, 0x00000000e5d1b8b0, 0x00000000e6ab0000)
  to   space 21824K,   0% used [0x00000000e6ab0000, 0x00000000e6ab0000, 0x00000000e8000000)
 concurrent mark-sweep generation total 393216K, used 171183K [0x00000000e8000000, 0x0000000100000000, 0x0000000100000000)
 Metaspace       used 33983K, capacity 34448K, committed 34760K, reserved 1079296K
  class space    used 3916K, capacity 4031K, committed 4040K, reserved 1048576K
}
2016-10-28T02:31:53.059-0400: 40.819: Total time for which application threads were stopped: 0.0211793 seconds, Stopping threads took: 0.0007622 seconds
{Heap before GC invocations=418 (full 3):
 par new generation   total 109248K, used 95342K [0x00000000e0000000, 0x00000000e8000000, 0x00000000e8000000)
  eden space 87424K, 100% used [0x00000000e0000000, 0x00000000e5560000, 0x00000000e5560000)
  from space 21824K,  36% used [0x00000000e5560000, 0x00000000e5d1b8b0, 0x00000000e6ab0000)
  to   space 21824K,   0% used [0x00000000e6ab0000, 0x00000000e6ab0000, 0x00000000e8000000)
 concurrent mark-sweep generation total 393216K, used 171183K [0x00000000e8000000, 0x0000000100000000, 0x0000000100000000)
 Metaspace       used 33987K, capacity 34448K, committed 34760K, reserved 1079296K
  class space    used 3916K, capacity 4031K, committed 4040K, reserved 1048576K
2016-10-28T02:31:53.080-0400: 40.841: [GC (Allocation Failure) 2016-10-28T02:31:53.080-0400: 40.841: [ParNew
Desired survivor size 20112992 bytes, new threshold 8 (max 8)
- age   1:     538544 bytes,     538544 total
- age   2:     584304 bytes,    1122848 total
- age   3:     222896 bytes,    1345744 total
- age   4:     213048 bytes,    1558792 total
- age   5:     253176 bytes,    1811968 total
- age   6:    5530720 bytes,    7342688 total
- age   7:     216848 bytes,    7559536 total
- age   8:     218976 bytes,    7778512 total
: 95342K->8092K(109248K), 0.0129850 secs] 266525K->179526K(502464K), 0.0130952 secs] [Times: user=0.03 sys=0.00, real=0.01 secs] 
Heap after GC invocations=419 (full 3):
 par new generation   total 109248K, used 8092K [0x00000000e0000000, 0x00000000e8000000, 0x00000000e8000000)
  eden space 87424K,   0% used [0x00000000e0000000, 0x00000000e0000000, 0x00000000e5560000)
  from space 21824K,  37% used [0x00000000e6ab0000, 0x00000000e7297118, 0x00000000e8000000)
  to   space 21824K,   0% used [0x00000000e5560000, 0x00000000e5560000, 0x00000000e6ab0000)
 concurrent mark-sweep generation total 393216K, used 171434K [0x00000000e8000000, 0x0000000100000000, 0x0000000100000000)
 Metaspace       used 33987K, capacity 34448K, committed 34760K, reserved 1079296K
  class space    used 3916K, capacity 4031K, committed 4040K, reserved 1048576K
}
2016-10-28T02:31:53.094-0400: 40.854: Total time for which application threads were stopped: 0.0161133 seconds, Stopping threads took: 0.0026585 seconds
{Heap before GC invocations=419 (full 3):
 par new generation   total 109248K, used 95516K [0x00000000e0000000, 0x00000000e8000000, 0x00000000e8000000)
  eden space 87424K, 100% used [0x00000000e0000000, 0x00000000e5560000, 0x00000000e5560000)
  from space 21824K,  37% used [0x00000000e6ab0000, 0x00000000e7297118, 0x00000000e8000000)
  to   space 21824K,   0% used [0x00000000e5560000, 0x00000000e5560000, 0x00000000e6ab0000)
 concurrent mark-sweep generation total 393216K, used 171434K [0x00000000e8000000, 0x0000000100000000, 0x0000000100000000)
 Metaspace       used 33987K, capacity 34448K, committed 34760K, reserved 1079296K
  class space    used 3916K, capacity 4031K, committed 4040K, reserved 1048576K
2016-10-28T02:31:53.116-0400: 40.876: [GC (Allocation Failure) 2016-10-28T02:31:53.116-0400: 40.876: [ParNew
Desired survivor size 20112992 bytes, new threshold 8 (max 8)
- age   1:     676648 bytes,     676648 total
- age   2:     251584 bytes,     928232 total
- age   3:     584304 bytes,    1512536 total
- age   4:     222896 bytes,    1735432 total
- age   5:     213048 bytes,    1948480 total
- age   6:     253176 bytes,    2201656 total
- age   7:    5530720 bytes,    7732376 total
- age   8:     216848 bytes,    7949224 total
: 95516K->8507K(109248K), 0.0187063 secs] 266950K->180160K(502464K), 0.0188260 secs] [Times: user=0.03 sys=0.00, real=0.02 secs] 
Heap after GC invocations=420 (full 3):
 par new generation   total 109248K, used 8507K [0x00000000e0000000, 0x00000000e8000000, 0x00000000e8000000)
  eden space 87424K,   0% used [0x00000000e0000000, 0x00000000e0000000, 0x00000000e5560000)
  from space 21824K,  38% used [0x00000000e5560000, 0x00000000e5daec50, 0x00000000e6ab0000)
  to   space 21824K,   0% used [0x00000000e6ab0000, 0x00000000e6ab0000, 0x00000000e8000000)
 concurrent mark-sweep generation total 393216K, used 171653K [0x00000000e8000000, 0x0000000100000000, 0x0000000100000000)
 Metaspace       used 33987K, capacity 34448K, committed 34760K, reserved 1079296K
  class space    used 3916K, capacity 4031K, committed 4040K, reserved 1048576K
}
2016-10-28T02:31:53.135-0400: 40.895: Total time for which application threads were stopped: 0.0193070 seconds, Stopping threads took: 0.0002618 seconds
{Heap before GC invocations=420 (full 3):
 par new generation   total 109248K, used 95931K [0x00000000e0000000, 0x00000000e8000000, 0x00000000e8000000)
  eden space 87424K, 100% used [0x00000000e0000000, 0x00000000e5560000, 0x00000000e5560000)
  from space 21824K,  38% used [0x00000000e5560000, 0x00000000e5daec50, 0x00000000e6ab0000)
  to   space 21824K,   0% used [0x00000000e6ab0000, 0x00000000e6ab0000, 0x00000000e8000000)
 concurrent mark-sweep generation total 393216K, used 171653K [0x00000000e8000000, 0x0000000100000000, 0x0000000100000000)
 Metaspace       used 33987K, capacity 34448K, committed 34760K, reserved 1079296K
  class space    used 3916K, capacity 4031K, committed 4040K, reserved 1048576K
2016-10-28T02:31:53.153-0400: 40.913: [GC (Allocation Failure) 2016-10-28T02:31:53.153-0400: 40.913: [ParNew
Desired survivor size 20112992 bytes, new threshold 8 (max 8)
- age   1:     804552 bytes,     804552 total
- age   2:     332888 bytes,    1137440 total
- age   3:     210544 bytes,    1347984 total
- age   4:     584304 bytes,    1932288 total
- age   5:     222896 bytes,    2155184 total
- age   6:     213048 bytes,    2368232 total
- age   7:     253176 bytes,    2621408 total
- age   8:    5530720 bytes,    8152128 total
: 95931K->8597K(109248K), 0.0180839 secs] 267584K->180468K(502464K), 0.0181594 secs] [Times: user=0.03 sys=0.01, real=0.02 secs] 
Heap after GC invocations=421 (full 3):
 par new generation   total 109248K, used 8597K [0x00000000e0000000, 0x00000000e8000000, 0x00000000e8000000)
  eden space 87424K,   0% used [0x00000000e0000000, 0x00000000e0000000, 0x00000000e5560000)
  from space 21824K,  39% used [0x00000000e6ab0000, 0x00000000e73154b0, 0x00000000e8000000)
  to   space 21824K,   0% used [0x00000000e5560000, 0x00000000e5560000, 0x00000000e6ab0000)
 concurrent mark-sweep generation total 393216K, used 171870K [0x00000000e8000000, 0x0000000100000000, 0x0000000100000000)
 Metaspace       used 33987K, capacity 34448K, committed 34760K, reserved 1079296K
  class space    used 3916K, capacity 4031K, committed 4040K, reserved 1048576K
}
2016-10-28T02:31:53.172-0400: 40.932: Total time for which application threads were stopped: 0.0186831 seconds, Stopping threads took: 0.0002816 seconds
2016-10-28T02:31:53.185-0400: 40.945: Total time for which application threads were stopped: 0.0003167 seconds, Stopping threads took: 0.0001778 seconds
2016-10-28T02:31:53.205-0400: 40.965: Total time for which application threads were stopped: 0.0002814 seconds, Stopping threads took: 0.0001875 seconds
2016-10-28T02:31:53.214-0400: 40.974: Total time for which application threads were stopped: 0.0002149 seconds, Stopping threads took: 0.0001258 seconds
2016-10-28T02:31:53.214-0400: 40.975: Total time for which application threads were stopped: 0.0001573 seconds, Stopping threads took: 0.0000949 seconds
{Heap before GC invocations=421 (full 3):
 par new generation   total 109248K, used 96021K [0x00000000e0000000, 0x00000000e8000000, 0x00000000e8000000)
  eden space 87424K, 100% used [0x00000000e0000000, 0x00000000e5560000, 0x00000000e5560000)
  from space 21824K,  39% used [0x00000000e6ab0000, 0x00000000e73154b0, 0x00000000e8000000)
  to   space 21824K,   0% used [0x00000000e5560000, 0x00000000e5560000, 0x00000000e6ab0000)
 concurrent mark-sweep generation total 393216K, used 171870K [0x00000000e8000000, 0x0000000100000000, 0x0000000100000000)
 Metaspace       used 33989K, capacity 34448K, committed 34760K, reserved 1079296K
  class space    used 3916K, capacity 4031K, committed 4040K, reserved 1048576K
2016-10-28T02:31:53.922-0400: 41.682: [GC (Allocation Failure) 2016-10-28T02:31:53.922-0400: 41.682: [ParNew
Desired survivor size 20112992 bytes, new threshold 8 (max 8)
- age   1:     874280 bytes,     874280 total
- age   2:     333960 bytes,    1208240 total
- age   3:     332576 bytes,    1540816 total
- age   4:     210544 bytes,    1751360 total
- age   5:     397736 bytes,    2149096 total
- age   6:     213592 bytes,    2362688 total
- age   7:     204888 bytes,    2567576 total
- age   8:     244872 bytes,    2812448 total
: 96021K->4205K(109248K), 0.0106906 secs] 267892K->181473K(502464K), 0.0108347 secs] [Times: user=0.03 sys=0.01, real=0.01 secs] 
Heap after GC invocations=422 (full 3):
 par new generation   total 109248K, used 4205K [0x00000000e0000000, 0x00000000e8000000, 0x00000000e8000000)
  eden space 87424K,   0% used [0x00000000e0000000, 0x00000000e0000000, 0x00000000e5560000)
  from space 21824K,  19% used [0x00000000e5560000, 0x00000000e597b420, 0x00000000e6ab0000)
  to   space 21824K,   0% used [0x00000000e6ab0000, 0x00000000e6ab0000, 0x00000000e8000000)
 concurrent mark-sweep generation total 393216K, used 177268K [0x00000000e8000000, 0x0000000100000000, 0x0000000100000000)
 Metaspace       used 33989K, capacity 34448K, committed 34760K, reserved 1079296K
  class space    used 3916K, capacity 4031K, committed 4040K, reserved 1048576K
}
2016-10-28T02:31:53.933-0400: 41.693: Total time for which application threads were stopped: 0.0113359 seconds, Stopping threads took: 0.0002019 seconds
{Heap before GC invocations=422 (full 3):
 par new generation   total 109248K, used 91629K [0x00000000e0000000, 0x00000000e8000000, 0x00000000e8000000)
  eden space 87424K, 100% used [0x00000000e0000000, 0x00000000e5560000, 0x00000000e5560000)
  from space 21824K,  19% used [0x00000000e5560000, 0x00000000e597b420, 0x00000000e6ab0000)
  to   space 21824K,   0% used [0x00000000e6ab0000, 0x00000000e6ab0000, 0x00000000e8000000)
 concurrent mark-sweep generation total 393216K, used 177268K [0x00000000e8000000, 0x0000000100000000, 0x0000000100000000)
 Metaspace       used 33989K, capacity 34448K, committed 34760K, reserved 1079296K
  class space    used 3916K, capacity 4031K, committed 4040K, reserved 1048576K
2016-10-28T02:31:54.083-0400: 41.844: [GC (Allocation Failure) 2016-10-28T02:31:54.083-0400: 41.844: [ParNew
Desired survivor size 20112992 bytes, new threshold 8 (max 8)
- age   1:      86120 bytes,      86120 total
- age   2:     770208 bytes,     856328 total
- age   3:     333960 bytes,    1190288 total
- age   4:     332576 bytes,    1522864 total
- age   5:     210544 bytes,    1733408 total
- age   6:     397736 bytes,    2131144 total
- age   7:     213592 bytes,    2344736 total
- age   8:     204888 bytes,    2549624 total
: 91629K->2896K(109248K), 0.0262211 secs] 268897K->180408K(502464K), 0.0264886 secs] [Times: user=0.07 sys=0.00, real=0.03 secs] 
Heap after GC invocations=423 (full 3):
 par new generation   total 109248K, used 2896K [0x00000000e0000000, 0x00000000e8000000, 0x00000000e8000000)
  eden space 87424K,   0% used [0x00000000e0000000, 0x00000000e0000000, 0x00000000e5560000)
  from space 21824K,  13% used [0x00000000e6ab0000, 0x00000000e6d84218, 0x00000000e8000000)
  to   space 21824K,   0% used [0x00000000e5560000, 0x00000000e5560000, 0x00000000e6ab0000)
 concurrent mark-sweep generation total 393216K, used 177511K [0x00000000e8000000, 0x0000000100000000, 0x0000000100000000)
 Metaspace       used 33989K, capacity 34448K, committed 34760K, reserved 1079296K
  class space    used 3916K, capacity 4031K, committed 4040K, reserved 1048576K
}
2016-10-28T02:31:54.110-0400: 41.870: Total time for which application threads were stopped: 0.0269388 seconds, Stopping threads took: 0.0001574 seconds
{Heap before GC invocations=423 (full 3):
 par new generation   total 109248K, used 90320K [0x00000000e0000000, 0x00000000e8000000, 0x00000000e8000000)
  eden space 87424K, 100% used [0x00000000e0000000, 0x00000000e5560000, 0x00000000e5560000)
  from space 21824K,  13% used [0x00000000e6ab0000, 0x00000000e6d84218, 0x00000000e8000000)
  to   space 21824K,   0% used [0x00000000e5560000, 0x00000000e5560000, 0x00000000e6ab0000)
 concurrent mark-sweep generation total 393216K, used 177511K [0x00000000e8000000, 0x0000000100000000, 0x0000000100000000)
 Metaspace       used 33989K, capacity 34448K, committed 34760K, reserved 1079296K
  class space    used 3916K, capacity 4031K, committed 4040K, reserved 1048576K
2016-10-28T02:31:54.244-0400: 42.004: [GC (Allocation Failure) 2016-10-28T02:31:54.244-0400: 42.004: [ParNew
Desired survivor size 20112992 bytes, new threshold 8 (max 8)
- age   1:      58328 bytes,      58328 total
- age   2:      69560 bytes,     127888 total
- age   3:     770208 bytes,     898096 total
- age   4:     333960 bytes,    1232056 total
- age   5:     332576 bytes,    1564632 total
- age   6:     210544 bytes,    1775176 total
- age   7:     397736 bytes,    2172912 total
- age   8:     213592 bytes,    2386504 total
: 90320K->2736K(109248K), 0.0141522 secs] 267832K->180452K(502464K), 0.0142144 secs] [Times: user=0.02 sys=0.01, real=0.01 secs] 
Heap after GC invocations=424 (full 3):
 par new generation   total 109248K, used 2736K [0x00000000e0000000, 0x00000000e8000000, 0x00000000e8000000)
  eden space 87424K,   0% used [0x00000000e0000000, 0x00000000e0000000, 0x00000000e5560000)
  from space 21824K,  12% used [0x00000000e5560000, 0x00000000e580c218, 0x00000000e6ab0000)
  to   space 21824K,   0% used [0x00000000e6ab0000, 0x00000000e6ab0000, 0x00000000e8000000)
 concurrent mark-sweep generation total 393216K, used 177715K [0x00000000e8000000, 0x0000000100000000, 0x0000000100000000)
 Metaspace       used 33989K, capacity 34448K, committed 34760K, reserved 1079296K
  class space    used 3916K, capacity 4031K, committed 4040K, reserved 1048576K
}
2016-10-28T02:31:54.258-0400: 42.018: Total time for which application threads were stopped: 0.0148523 seconds, Stopping threads took: 0.0003794 seconds
{Heap before GC invocations=424 (full 3):
 par new generation   total 109248K, used 90160K [0x00000000e0000000, 0x00000000e8000000, 0x00000000e8000000)
  eden space 87424K, 100% used [0x00000000e0000000, 0x00000000e5560000, 0x00000000e5560000)
  from space 21824K,  12% used [0x00000000e5560000, 0x00000000e580c218, 0x00000000e6ab0000)
  to   space 21824K,   0% used [0x00000000e6ab0000, 0x00000000e6ab0000, 0x00000000e8000000)
 concurrent mark-sweep generation total 393216K, used 177715K [0x00000000e8000000, 0x0000000100000000, 0x0000000100000000)
 Metaspace       used 33989K, capacity 34448K, committed 34760K, reserved 1079296K
  class space    used 3916K, capacity 4031K, committed 4040K, reserved 1048576K
2016-10-28T02:31:54.364-0400: 42.124: [GC (Allocation Failure) 2016-10-28T02:31:54.364-0400: 42.124: [ParNew
Desired survivor size 20112992 bytes, new threshold 8 (max 8)
- age   1:      59464 bytes,      59464 total
- age   3:       3824 bytes,      63288 total
- age   4:     770208 bytes,     833496 total
- age   5:     333960 bytes,    1167456 total
- age   6:     332576 bytes,    1500032 total
- age   7:     210544 bytes,    1710576 total
- age   8:     397736 bytes,    2108312 total
: 90160K->2278K(109248K), 0.0179590 secs] 267876K->180206K(502464K), 0.0180702 secs] [Times: user=0.03 sys=0.00, real=0.02 secs] 
Heap after GC invocations=425 (full 3):
 par new generation   total 109248K, used 2278K [0x00000000e0000000, 0x00000000e8000000, 0x00000000e8000000)
  eden space 87424K,   0% used [0x00000000e0000000, 0x00000000e0000000, 0x00000000e5560000)
  from space 21824K,  10% used [0x00000000e6ab0000, 0x00000000e6ce9a20, 0x00000000e8000000)
  to   space 21824K,   0% used [0x00000000e5560000, 0x00000000e5560000, 0x00000000e6ab0000)
 concurrent mark-sweep generation total 393216K, used 177928K [0x00000000e8000000, 0x0000000100000000, 0x0000000100000000)
 Metaspace       used 33989K, capacity 34448K, committed 34760K, reserved 1079296K
  class space    used 3916K, capacity 4031K, committed 4040K, reserved 1048576K
}
2016-10-28T02:31:54.382-0400: 42.142: Total time for which application threads were stopped: 0.0184541 seconds, Stopping threads took: 0.0001530 seconds
{Heap before GC invocations=425 (full 3):
 par new generation   total 109248K, used 89702K [0x00000000e0000000, 0x00000000e8000000, 0x00000000e8000000)
  eden space 87424K, 100% used [0x00000000e0000000, 0x00000000e5560000, 0x00000000e5560000)
  from space 21824K,  10% used [0x00000000e6ab0000, 0x00000000e6ce9a20, 0x00000000e8000000)
  to   space 21824K,   0% used [0x00000000e5560000, 0x00000000e5560000, 0x00000000e6ab0000)
 concurrent mark-sweep generation total 393216K, used 177928K [0x00000000e8000000, 0x0000000100000000, 0x0000000100000000)
 Metaspace       used 33991K, capacity 34448K, committed 34760K, reserved 1079296K
  class space    used 3916K, capacity 4031K, committed 4040K, reserved 1048576K
2016-10-28T02:31:54.498-0400: 42.258: [GC (Allocation Failure) 2016-10-28T02:31:54.498-0400: 42.258: [ParNew
Desired survivor size 20112992 bytes, new threshold 8 (max 8)
- age   1:     150392 bytes,     150392 total
- age   5:     739992 bytes,     890384 total
- age   6:     333960 bytes,    1224344 total
- age   7:     332576 bytes,    1556920 total
- age   8:     210544 bytes,    1767464 total
: 89702K->2642K(109248K), 0.0176704 secs] 267630K->180961K(502464K), 0.0177425 secs] [Times: user=0.04 sys=0.01, real=0.02 secs] 
Heap after GC invocations=426 (full 3):
 par new generation   total 109248K, used 2642K [0x00000000e0000000, 0x00000000e8000000, 0x00000000e8000000)
  eden space 87424K,   0% used [0x00000000e0000000, 0x00000000e0000000, 0x00000000e5560000)
  from space 21824K,  12% used [0x00000000e5560000, 0x00000000e57f4910, 0x00000000e6ab0000)
  to   space 21824K,   0% used [0x00000000e6ab0000, 0x00000000e6ab0000, 0x00000000e8000000)
 concurrent mark-sweep generation total 393216K, used 178318K [0x00000000e8000000, 0x0000000100000000, 0x0000000100000000)
 Metaspace       used 33991K, capacity 34448K, committed 34760K, reserved 1079296K
  class space    used 3916K, capacity 4031K, committed 4040K, reserved 1048576K
}
2016-10-28T02:31:54.516-0400: 42.276: Total time for which application threads were stopped: 0.0182210 seconds, Stopping threads took: 0.0002521 seconds
2016-10-28T02:31:54.544-0400: 42.304: Total time for which application threads were stopped: 0.0012049 seconds, Stopping threads took: 0.0010800 seconds
2016-10-28T02:31:54.545-0400: 42.305: Total time for which application threads were stopped: 0.0001897 seconds, Stopping threads took: 0.0001007 seconds
2016-10-28T02:31:54.545-0400: 42.305: Total time for which application threads were stopped: 0.0002289 seconds, Stopping threads took: 0.0001111 seconds
2016-10-28T02:31:54.546-0400: 42.306: Total time for which application threads were stopped: 0.0001287 seconds, Stopping threads took: 0.0000781 seconds
2016-10-28T02:31:54.599-0400: 42.359: Total time for which application threads were stopped: 0.0002562 seconds, Stopping threads took: 0.0001771 seconds
2016-10-28T02:31:54.599-0400: 42.359: Total time for which application threads were stopped: 0.0002796 seconds, Stopping threads took: 0.0001242 seconds
2016-10-28T02:31:54.604-0400: 42.364: Total time for which application threads were stopped: 0.0002140 seconds, Stopping threads took: 0.0001224 seconds
2016-10-28T02:31:54.987-0400: 42.748: Total time for which application threads were stopped: 0.0002649 seconds, Stopping threads took: 0.0001468 seconds
2016-10-28T02:31:54.988-0400: 42.748: Total time for which application threads were stopped: 0.0001920 seconds, Stopping threads took: 0.0001359 seconds
2016-10-28T02:31:54.995-0400: 42.755: Total time for which application threads were stopped: 0.0004825 seconds, Stopping threads took: 0.0002443 seconds
2016-10-28T02:31:54.995-0400: 42.755: Total time for which application threads were stopped: 0.0003710 seconds, Stopping threads took: 0.0002182 seconds
2016-10-28T02:31:54.996-0400: 42.756: Total time for which application threads were stopped: 0.0005607 seconds, Stopping threads took: 0.0002056 seconds
2016-10-28T02:31:55.997-0400: 43.757: Total time for which application threads were stopped: 0.0003075 seconds, Stopping threads took: 0.0001628 seconds
2016-10-28T02:31:58.999-0400: 46.759: Total time for which application threads were stopped: 0.0001605 seconds, Stopping threads took: 0.0000949 seconds
2016-10-28T02:32:03.911-0400: 51.671: Total time for which application threads were stopped: 0.0001861 seconds, Stopping threads took: 0.0001002 seconds
2016-10-28T02:32:03.911-0400: 51.671: Total time for which application threads were stopped: 0.0001954 seconds, Stopping threads took: 0.0001032 seconds
2016-10-28T02:32:05.912-0400: 53.672: Total time for which application threads were stopped: 0.0001490 seconds, Stopping threads took: 0.0000631 seconds
2016-10-28T02:32:10.914-0400: 58.674: Total time for which application threads were stopped: 0.0001673 seconds, Stopping threads took: 0.0000991 seconds
2016-10-28T02:32:16.871-0400: 64.631: Total time for which application threads were stopped: 0.0003538 seconds, Stopping threads took: 0.0001663 seconds
2016-10-28T02:32:16.953-0400: 64.713: Total time for which application threads were stopped: 0.0003857 seconds, Stopping threads took: 0.0002766 seconds
2016-10-28T02:32:17.846-0400: 65.606: Total time for which application threads were stopped: 0.0001776 seconds, Stopping threads took: 0.0001087 seconds
2016-10-28T02:32:20.214-0400: 67.974: Total time for which application threads were stopped: 0.0001866 seconds, Stopping threads took: 0.0000938 seconds
2016-10-28T02:32:21.215-0400: 68.975: Total time for which application threads were stopped: 0.0001626 seconds, Stopping threads took: 0.0000689 seconds
2016-10-28T02:32:36.275-0400: 84.035: Total time for which application threads were stopped: 0.0001346 seconds, Stopping threads took: 0.0000738 seconds
2016-10-28T02:32:47.018-0400: 94.778: Total time for which application threads were stopped: 0.0002866 seconds, Stopping threads took: 0.0001743 seconds
2016-10-28T02:32:47.020-0400: 94.780: Total time for which application threads were stopped: 0.0001215 seconds, Stopping threads took: 0.0000771 seconds
2016-10-28T02:32:47.020-0400: 94.781: Total time for which application threads were stopped: 0.0002774 seconds, Stopping threads took: 0.0001878 seconds
2016-10-28T02:32:47.021-0400: 94.781: Total time for which application threads were stopped: 0.0001274 seconds, Stopping threads took: 0.0000756 seconds
2016-10-28T02:32:47.022-0400: 94.783: Total time for which application threads were stopped: 0.0002825 seconds, Stopping threads took: 0.0002151 seconds
2016-10-28T02:32:47.028-0400: 94.788: Total time for which application threads were stopped: 0.0002750 seconds, Stopping threads took: 0.0001155 seconds
2016-10-28T02:32:47.028-0400: 94.788: Total time for which application threads were stopped: 0.0001096 seconds, Stopping threads took: 0.0000632 seconds
2016-10-28T02:32:47.035-0400: 94.795: Total time for which application threads were stopped: 0.0010594 seconds, Stopping threads took: 0.0007129 seconds
2016-10-28T02:32:47.057-0400: 94.817: Total time for which application threads were stopped: 0.0003731 seconds, Stopping threads took: 0.0002339 seconds
2016-10-28T02:32:47.061-0400: 94.822: Total time for which application threads were stopped: 0.0004514 seconds, Stopping threads took: 0.0002964 seconds
2016-10-28T02:32:47.255-0400: 95.015: Total time for which application threads were stopped: 0.0003957 seconds, Stopping threads took: 0.0002412 seconds
2016-10-28T02:32:47.266-0400: 95.026: Total time for which application threads were stopped: 0.0005876 seconds, Stopping threads took: 0.0003942 seconds
2016-10-28T02:32:47.554-0400: 95.314: Total time for which application threads were stopped: 0.0001653 seconds, Stopping threads took: 0.0000979 seconds
2016-10-28T02:32:47.587-0400: 95.347: Total time for which application threads were stopped: 0.0003281 seconds, Stopping threads took: 0.0001441 seconds
2016-10-28T02:32:48.588-0400: 96.348: Total time for which application threads were stopped: 0.0001475 seconds, Stopping threads took: 0.0000945 seconds
2016-10-28T02:33:07.602-0400: 115.362: Total time for which application threads were stopped: 0.0004840 seconds, Stopping threads took: 0.0003041 seconds
2016-10-28T02:33:08.455-0400: 116.215: Total time for which application threads were stopped: 0.0005492 seconds, Stopping threads took: 0.0004012 seconds
2016-10-28T02:33:08.456-0400: 116.216: Total time for which application threads were stopped: 0.0003612 seconds, Stopping threads took: 0.0002472 seconds
2016-10-28T02:33:08.632-0400: 116.392: Total time for which application threads were stopped: 0.0003022 seconds, Stopping threads took: 0.0002250 seconds
2016-10-28T02:33:08.632-0400: 116.392: Total time for which application threads were stopped: 0.0000559 seconds, Stopping threads took: 0.0000280 seconds
2016-10-28T02:33:08.632-0400: 116.392: Total time for which application threads were stopped: 0.0000310 seconds, Stopping threads took: 0.0000077 seconds
2016-10-28T02:33:08.633-0400: 116.393: Total time for which application threads were stopped: 0.0002680 seconds, Stopping threads took: 0.0001792 seconds
2016-10-28T02:33:08.633-0400: 116.393: Total time for which application threads were stopped: 0.0000559 seconds, Stopping threads took: 0.0000301 seconds
2016-10-28T02:33:08.633-0400: 116.393: Total time for which application threads were stopped: 0.0000517 seconds, Stopping threads took: 0.0000078 seconds
2016-10-28T02:33:08.633-0400: 116.393: Total time for which application threads were stopped: 0.0000316 seconds, Stopping threads took: 0.0000075 seconds
2016-10-28T02:33:08.787-0400: 116.547: Total time for which application threads were stopped: 0.0003598 seconds, Stopping threads took: 0.0001432 seconds
2016-10-28T02:33:08.985-0400: 116.745: Total time for which application threads were stopped: 0.0004281 seconds, Stopping threads took: 0.0002763 seconds
2016-10-28T02:33:09.986-0400: 117.746: Total time for which application threads were stopped: 0.0002490 seconds, Stopping threads took: 0.0001830 seconds
2016-10-28T02:33:14.609-0400: 122.369: Total time for which application threads were stopped: 0.0003541 seconds, Stopping threads took: 0.0001625 seconds
2016-10-28T02:33:15.610-0400: 123.370: Total time for which application threads were stopped: 0.0002544 seconds, Stopping threads took: 0.0001195 seconds
2016-10-28T02:33:29.311-0400: 137.072: Total time for which application threads were stopped: 0.0001094 seconds, Stopping threads took: 0.0000515 seconds
2016-10-28T02:33:29.313-0400: 137.073: Total time for which application threads were stopped: 0.0006970 seconds, Stopping threads took: 0.0005217 seconds
2016-10-28T02:33:29.313-0400: 137.073: Total time for which application threads were stopped: 0.0002877 seconds, Stopping threads took: 0.0001551 seconds
2016-10-28T02:33:29.325-0400: 137.085: Total time for which application threads were stopped: 0.0005968 seconds, Stopping threads took: 0.0004911 seconds
2016-10-28T02:33:29.327-0400: 137.087: Total time for which application threads were stopped: 0.0005259 seconds, Stopping threads took: 0.0003898 seconds
2016-10-28T02:33:29.507-0400: 137.267: Total time for which application threads were stopped: 0.0002923 seconds, Stopping threads took: 0.0001158 seconds
2016-10-28T02:33:29.507-0400: 137.267: Total time for which application threads were stopped: 0.0001914 seconds, Stopping threads took: 0.0000929 seconds
2016-10-28T02:33:29.511-0400: 137.272: Total time for which application threads were stopped: 0.0044302 seconds, Stopping threads took: 0.0043030 seconds
2016-10-28T02:33:29.512-0400: 137.272: Total time for which application threads were stopped: 0.0001095 seconds, Stopping threads took: 0.0000670 seconds
2016-10-28T02:33:59.227-0400: 166.987: Total time for which application threads were stopped: 0.0001121 seconds, Stopping threads took: 0.0000290 seconds
2016-10-28T02:33:59.230-0400: 166.990: Total time for which application threads were stopped: 0.0001862 seconds, Stopping threads took: 0.0000964 seconds
2016-10-28T02:33:59.233-0400: 166.993: Total time for which application threads were stopped: 0.0000778 seconds, Stopping threads took: 0.0000170 seconds
2016-10-28T02:33:59.236-0400: 166.996: Total time for which application threads were stopped: 0.0001581 seconds, Stopping threads took: 0.0000847 seconds
2016-10-28T02:33:59.237-0400: 166.997: Total time for which application threads were stopped: 0.0003573 seconds, Stopping threads took: 0.0002708 seconds
2016-10-28T02:33:59.237-0400: 166.997: Total time for which application threads were stopped: 0.0001575 seconds, Stopping threads took: 0.0001017 seconds
2016-10-28T02:33:59.238-0400: 166.998: Total time for which application threads were stopped: 0.0000643 seconds, Stopping threads took: 0.0000343 seconds
2016-10-28T02:33:59.238-0400: 166.998: Total time for which application threads were stopped: 0.0000540 seconds, Stopping threads took: 0.0000284 seconds
2016-10-28T02:33:59.238-0400: 166.998: Total time for which application threads were stopped: 0.0000526 seconds, Stopping threads took: 0.0000286 seconds
2016-10-28T02:33:59.238-0400: 166.998: Total time for which application threads were stopped: 0.0000508 seconds, Stopping threads took: 0.0000281 seconds
2016-10-28T02:33:59.238-0400: 166.998: Total time for which application threads were stopped: 0.0000514 seconds, Stopping threads took: 0.0000275 seconds
2016-10-28T02:33:59.238-0400: 166.998: Total time for which application threads were stopped: 0.0000709 seconds, Stopping threads took: 0.0000473 seconds
2016-10-28T02:33:59.238-0400: 166.999: Total time for which application threads were stopped: 0.0000506 seconds, Stopping threads took: 0.0000282 seconds
2016-10-28T02:33:59.239-0400: 166.999: Total time for which application threads were stopped: 0.0000654 seconds, Stopping threads took: 0.0000446 seconds
2016-10-28T02:33:59.239-0400: 166.999: Total time for which application threads were stopped: 0.0000534 seconds, Stopping threads took: 0.0000311 seconds
2016-10-28T02:33:59.239-0400: 166.999: Total time for which application threads were stopped: 0.0000551 seconds, Stopping threads took: 0.0000321 seconds
2016-10-28T02:33:59.239-0400: 166.999: Total time for which application threads were stopped: 0.0000479 seconds, Stopping threads took: 0.0000279 seconds
2016-10-28T02:33:59.239-0400: 166.999: Total time for which application threads were stopped: 0.0000477 seconds, Stopping threads took: 0.0000278 seconds
2016-10-28T02:33:59.239-0400: 166.999: Total time for which application threads were stopped: 0.0000480 seconds, Stopping threads took: 0.0000281 seconds
2016-10-28T02:33:59.239-0400: 167.000: Total time for which application threads were stopped: 0.0000481 seconds, Stopping threads took: 0.0000278 seconds
2016-10-28T02:33:59.240-0400: 167.000: Total time for which application threads were stopped: 0.0002121 seconds, Stopping threads took: 0.0001860 seconds
2016-10-28T02:33:59.240-0400: 167.000: Total time for which application threads were stopped: 0.0001630 seconds, Stopping threads took: 0.0000138 seconds
2016-10-28T02:33:59.244-0400: 167.004: Total time for which application threads were stopped: 0.0002538 seconds, Stopping threads took: 0.0001692 seconds
Heap
 par new generation   total 109248K, used 88676K [0x00000000e0000000, 0x00000000e8000000, 0x00000000e8000000)
  eden space 87424K,  98% used [0x00000000e0000000, 0x00000000e54047f0, 0x00000000e5560000)
  from space 21824K,  12% used [0x00000000e5560000, 0x00000000e57f4910, 0x00000000e6ab0000)
  to   space 21824K,   0% used [0x00000000e6ab0000, 0x00000000e6ab0000, 0x00000000e8000000)
 concurrent mark-sweep generation total 393216K, used 178318K [0x00000000e8000000, 0x0000000100000000, 0x0000000100000000)
 Metaspace       used 34388K, capacity 34818K, committed 35144K, reserved 1081344K
  class space    used 3936K, capacity 4066K, committed 4168K, reserved 1048576K
